[2021-05-05T16:20:08.666+0000][7][gc] Using G1
[2021-05-05T16:20:09.090+0000][7][gc,init] Version: 16+36 (release)
[2021-05-05T16:20:09.090+0000][7][gc,init] CPUs: 2 total, 2 available
[2021-05-05T16:20:09.090+0000][7][gc,init] Memory: 3935M
[2021-05-05T16:20:09.090+0000][7][gc,init] Large Page Support: Disabled
[2021-05-05T16:20:09.090+0000][7][gc,init] NUMA Support: Disabled
[2021-05-05T16:20:09.090+0000][7][gc,init] Compressed Oops: Enabled (32-bit)
[2021-05-05T16:20:09.090+0000][7][gc,init] Heap Region Size: 4M
[2021-05-05T16:20:09.090+0000][7][gc,init] Heap Min Capacity: 1968M
[2021-05-05T16:20:09.090+0000][7][gc,init] Heap Initial Capacity: 1968M
[2021-05-05T16:20:09.090+0000][7][gc,init] Heap Max Capacity: 1968M
[2021-05-05T16:20:09.090+0000][7][gc,init] Pre-touch: Enabled
[2021-05-05T16:20:09.090+0000][7][gc,init] Parallel Workers: 2
[2021-05-05T16:20:09.090+0000][7][gc,init] Concurrent Workers: 1
[2021-05-05T16:20:09.090+0000][7][gc,init] Concurrent Refinement Workers: 2
[2021-05-05T16:20:09.090+0000][7][gc,init] Periodic GC: Disabled
[2021-05-05T16:20:09.091+0000][7][gc,metaspace] CDS archive(s) mapped at: [0x0000000800000000-0x0000000800bea000-0x0000000800bea000), size 12492800, SharedBaseAddress: 0x0000000800000000, ArchiveRelocationMode: 0.
[2021-05-05T16:20:09.091+0000][7][gc,metaspace] Compressed class space mapped at: 0x0000000800c00000-0x0000000840c00000, reserved size: 1073741824
[2021-05-05T16:20:09.091+0000][7][gc,metaspace] Narrow klass base: 0x0000000800000000, Narrow klass shift: 3, Narrow klass range: 0x100000000
[2021-05-05T16:20:09.900+0000][7][safepoint   ] Safepoint "ICBufferFull", Time since last: 803514773 ns, Reaching safepoint: 78547 ns, At safepoint: 2747 ns, Total: 81294 ns
[2021-05-05T16:20:10.862+0000][7][safepoint   ] Safepoint "ICBufferFull", Time since last: 961516347 ns, Reaching safepoint: 183525 ns, At safepoint: 5402 ns, Total: 188927 ns
[2021-05-05T16:20:11.475+0000][7][safepoint   ] Safepoint "ICBufferFull", Time since last: 612265421 ns, Reaching safepoint: 201049 ns, At safepoint: 4656 ns, Total: 205705 ns
[2021-05-05T16:20:11.537+0000][7][gc,start    ] GC(0) Pause Young (Normal) (G1 Evacuation Pause)
[2021-05-05T16:20:11.537+0000][7][gc,task     ] GC(0) Using 2 workers of 2 for evacuation
[2021-05-05T16:20:11.537+0000][7][gc,age      ] GC(0) Desired survivor size 6291456 bytes, new threshold 15 (max threshold 15)
[2021-05-05T16:20:11.545+0000][7][gc,age      ] GC(0) Age table with threshold 15 (max threshold 15)
[2021-05-05T16:20:11.545+0000][7][gc,age      ] GC(0) - age   1:    7440608 bytes,    7440608 total
[2021-05-05T16:20:11.545+0000][7][gc,phases   ] GC(0)   Pre Evacuate Collection Set: 0.1ms
[2021-05-05T16:20:11.545+0000][7][gc,phases   ] GC(0)   Merge Heap Roots: 0.0ms
[2021-05-05T16:20:11.545+0000][7][gc,phases   ] GC(0)   Evacuate Collection Set: 6.9ms
[2021-05-05T16:20:11.545+0000][7][gc,phases   ] GC(0)   Post Evacuate Collection Set: 0.6ms
[2021-05-05T16:20:11.545+0000][7][gc,phases   ] GC(0)   Other: 0.1ms
[2021-05-05T16:20:11.545+0000][7][gc,heap     ] GC(0) Eden regions: 24->0(22)
[2021-05-05T16:20:11.545+0000][7][gc,heap     ] GC(0) Survivor regions: 0->2(3)
[2021-05-05T16:20:11.545+0000][7][gc,heap     ] GC(0) Old regions: 0->0
[2021-05-05T16:20:11.545+0000][7][gc,heap     ] GC(0) Archive regions: 2->2
[2021-05-05T16:20:11.545+0000][7][gc,heap     ] GC(0) Humongous regions: 0->0
[2021-05-05T16:20:11.545+0000][7][gc,metaspace] GC(0) Metaspace: 14578K(14848K)->14578K(14848K) NonClass: 12921K(13056K)->12921K(13056K) Class: 1657K(1792K)->1657K(1792K)
[2021-05-05T16:20:11.545+0000][7][gc          ] GC(0) Pause Young (Normal) (G1 Evacuation Pause) 99M->11M(1968M) 7.785ms
[2021-05-05T16:20:11.545+0000][7][gc,cpu      ] GC(0) User=0.02s Sys=0.00s Real=0.01s
[2021-05-05T16:20:11.545+0000][7][safepoint   ] Safepoint "G1CollectForAllocation", Time since last: 62476629 ns, Reaching safepoint: 150723 ns, At safepoint: 7855861 ns, Total: 8006584 ns
[2021-05-05T16:20:11.684+0000][7][safepoint   ] Safepoint "ICBufferFull", Time since last: 138682022 ns, Reaching safepoint: 94126 ns, At safepoint: 3096 ns, Total: 97222 ns
[2021-05-05T16:20:11.689+0000][7][safepoint   ] Safepoint "ICBufferFull", Time since last: 5059396 ns, Reaching safepoint: 23951 ns, At safepoint: 2420 ns, Total: 26371 ns
[2021-05-05T16:20:11.691+0000][7][safepoint   ] Safepoint "ICBufferFull", Time since last: 2150523 ns, Reaching safepoint: 26479 ns, At safepoint: 2737 ns, Total: 29216 ns
[2021-05-05T16:20:11.694+0000][7][safepoint   ] Safepoint "ICBufferFull", Time since last: 2372136 ns, Reaching safepoint: 26519 ns, At safepoint: 2448 ns, Total: 28967 ns
[2021-05-05T16:20:11.698+0000][7][safepoint   ] Safepoint "ICBufferFull", Time since last: 4733022 ns, Reaching safepoint: 25879 ns, At safepoint: 2507 ns, Total: 28386 ns
[2021-05-05T16:20:11.701+0000][7][safepoint   ] Safepoint "ICBufferFull", Time since last: 2538730 ns, Reaching safepoint: 23642 ns, At safepoint: 2258 ns, Total: 25900 ns
[2021-05-05T16:20:11.705+0000][7][safepoint   ] Safepoint "ICBufferFull", Time since last: 3396091 ns, Reaching safepoint: 143295 ns, At safepoint: 99522 ns, Total: 242817 ns
[2021-05-05T16:20:11.706+0000][7][safepoint   ] Safepoint "ICBufferFull", Time since last: 1633709 ns, Reaching safepoint: 21741 ns, At safepoint: 2078 ns, Total: 23819 ns
[2021-05-05T16:20:11.709+0000][7][safepoint   ] Safepoint "ICBufferFull", Time since last: 2914056 ns, Reaching safepoint: 136061 ns, At safepoint: 2895 ns, Total: 138956 ns
[2021-05-05T16:20:11.712+0000][7][safepoint   ] Safepoint "ICBufferFull", Time since last: 2994875 ns, Reaching safepoint: 180445 ns, At safepoint: 2991 ns, Total: 183436 ns
[2021-05-05T16:20:11.715+0000][7][safepoint   ] Safepoint "ICBufferFull", Time since last: 2046257 ns, Reaching safepoint: 23892 ns, At safepoint: 4177 ns, Total: 28069 ns
[2021-05-05T16:20:11.717+0000][7][safepoint   ] Safepoint "ICBufferFull", Time since last: 2662077 ns, Reaching safepoint: 26673 ns, At safepoint: 23726 ns, Total: 50399 ns
[2021-05-05T16:20:11.720+0000][7][safepoint   ] Safepoint "ICBufferFull", Time since last: 2785851 ns, Reaching safepoint: 23872 ns, At safepoint: 2618 ns, Total: 26490 ns
[2021-05-05T16:20:11.724+0000][7][safepoint   ] Safepoint "ICBufferFull", Time since last: 3929067 ns, Reaching safepoint: 23598 ns, At safepoint: 2454 ns, Total: 26052 ns
[2021-05-05T16:20:11.726+0000][7][safepoint   ] Safepoint "ICBufferFull", Time since last: 2271737 ns, Reaching safepoint: 26300 ns, At safepoint: 2625 ns, Total: 28925 ns
[2021-05-05T16:20:11.729+0000][7][safepoint   ] Safepoint "ICBufferFull", Time since last: 2348623 ns, Reaching safepoint: 24306 ns, At safepoint: 2445 ns, Total: 26751 ns
[2021-05-05T16:20:11.731+0000][7][safepoint   ] Safepoint "ICBufferFull", Time since last: 2703671 ns, Reaching safepoint: 24093 ns, At safepoint: 2558 ns, Total: 26651 ns
[2021-05-05T16:20:11.735+0000][7][safepoint   ] Safepoint "ICBufferFull", Time since last: 3514371 ns, Reaching safepoint: 25322 ns, At safepoint: 2302 ns, Total: 27624 ns
[2021-05-05T16:20:11.741+0000][7][safepoint   ] Safepoint "ICBufferFull", Time since last: 5522500 ns, Reaching safepoint: 28555 ns, At safepoint: 2446 ns, Total: 31001 ns
[2021-05-05T16:20:11.741+0000][7][safepoint   ] Safepoint "ICBufferFull", Time since last: 617930 ns, Reaching safepoint: 22874 ns, At safepoint: 2399 ns, Total: 25273 ns
[2021-05-05T16:20:11.742+0000][7][safepoint   ] Safepoint "ICBufferFull", Time since last: 1073544 ns, Reaching safepoint: 128230 ns, At safepoint: 3758 ns, Total: 131988 ns
[2021-05-05T16:20:11.743+0000][7][safepoint   ] Safepoint "ICBufferFull", Time since last: 586151 ns, Reaching safepoint: 21126 ns, At safepoint: 2794 ns, Total: 23920 ns
[2021-05-05T16:20:11.744+0000][7][safepoint   ] Safepoint "ICBufferFull", Time since last: 1296372 ns, Reaching safepoint: 21706 ns, At safepoint: 1806 ns, Total: 23512 ns
[2021-05-05T16:20:11.745+0000][7][safepoint   ] Safepoint "ICBufferFull", Time since last: 543238 ns, Reaching safepoint: 15157 ns, At safepoint: 1329 ns, Total: 16486 ns
[2021-05-05T16:20:11.745+0000][7][safepoint   ] Safepoint "ICBufferFull", Time since last: 629379 ns, Reaching safepoint: 16691 ns, At safepoint: 1785 ns, Total: 18476 ns
[2021-05-05T16:20:11.746+0000][7][safepoint   ] Safepoint "ICBufferFull", Time since last: 489969 ns, Reaching safepoint: 14877 ns, At safepoint: 1348 ns, Total: 16225 ns
[2021-05-05T16:20:11.746+0000][7][safepoint   ] Safepoint "ICBufferFull", Time since last: 481758 ns, Reaching safepoint: 14235 ns, At safepoint: 1197 ns, Total: 15432 ns
[2021-05-05T16:20:11.747+0000][7][safepoint   ] Safepoint "ICBufferFull", Time since last: 481242 ns, Reaching safepoint: 13663 ns, At safepoint: 1236 ns, Total: 14899 ns
[2021-05-05T16:20:11.748+0000][7][safepoint   ] Safepoint "ICBufferFull", Time since last: 996631 ns, Reaching safepoint: 19706 ns, At safepoint: 2363 ns, Total: 22069 ns
[2021-05-05T16:20:11.749+0000][7][safepoint   ] Safepoint "ICBufferFull", Time since last: 616461 ns, Reaching safepoint: 18604 ns, At safepoint: 1694 ns, Total: 20298 ns
[2021-05-05T16:20:11.749+0000][7][safepoint   ] Safepoint "ICBufferFull", Time since last: 550067 ns, Reaching safepoint: 16784 ns, At safepoint: 1936 ns, Total: 18720 ns
[2021-05-05T16:20:11.750+0000][7][safepoint   ] Safepoint "ICBufferFull", Time since last: 1012266 ns, Reaching safepoint: 19934 ns, At safepoint: 1669 ns, Total: 21603 ns
[2021-05-05T16:20:11.751+0000][7][safepoint   ] Safepoint "ICBufferFull", Time since last: 482561 ns, Reaching safepoint: 15680 ns, At safepoint: 1415 ns, Total: 17095 ns
[2021-05-05T16:20:11.751+0000][7][safepoint   ] Safepoint "ICBufferFull", Time since last: 507834 ns, Reaching safepoint: 15345 ns, At safepoint: 1452 ns, Total: 16797 ns
[2021-05-05T16:20:11.752+0000][7][safepoint   ] Safepoint "ICBufferFull", Time since last: 477322 ns, Reaching safepoint: 13754 ns, At safepoint: 1188 ns, Total: 14942 ns
[2021-05-05T16:20:11.752+0000][7][safepoint   ] Safepoint "ICBufferFull", Time since last: 635808 ns, Reaching safepoint: 17175 ns, At safepoint: 2034 ns, Total: 19209 ns
[2021-05-05T16:20:11.758+0000][7][safepoint   ] Safepoint "ICBufferFull", Time since last: 5473717 ns, Reaching safepoint: 26956 ns, At safepoint: 3280 ns, Total: 30236 ns
[2021-05-05T16:20:11.761+0000][7][safepoint   ] Safepoint "ICBufferFull", Time since last: 3018239 ns, Reaching safepoint: 23641 ns, At safepoint: 2541 ns, Total: 26182 ns
[2021-05-05T16:20:11.765+0000][7][safepoint   ] Safepoint "ICBufferFull", Time since last: 4306587 ns, Reaching safepoint: 23409 ns, At safepoint: 3003 ns, Total: 26412 ns
[2021-05-05T16:20:11.801+0000][7][safepoint   ] Safepoint "ICBufferFull", Time since last: 35737980 ns, Reaching safepoint: 30526 ns, At safepoint: 2663 ns, Total: 33189 ns
[2021-05-05T16:20:11.802+0000][7][safepoint   ] Safepoint "ICBufferFull", Time since last: 1047547 ns, Reaching safepoint: 20735 ns, At safepoint: 2042 ns, Total: 22777 ns
[2021-05-05T16:20:11.804+0000][7][safepoint   ] Safepoint "ICBufferFull", Time since last: 1401660 ns, Reaching safepoint: 19561 ns, At safepoint: 1961 ns, Total: 21522 ns
[2021-05-05T16:20:11.804+0000][7][safepoint   ] Safepoint "ICBufferFull", Time since last: 541367 ns, Reaching safepoint: 15466 ns, At safepoint: 1457 ns, Total: 16923 ns
[2021-05-05T16:20:11.805+0000][7][safepoint   ] Safepoint "ICBufferFull", Time since last: 491927 ns, Reaching safepoint: 13421 ns, At safepoint: 1125 ns, Total: 14546 ns
[2021-05-05T16:20:11.805+0000][7][safepoint   ] Safepoint "ICBufferFull", Time since last: 458750 ns, Reaching safepoint: 12928 ns, At safepoint: 1131 ns, Total: 14059 ns
[2021-05-05T16:20:11.806+0000][7][safepoint   ] Safepoint "ICBufferFull", Time since last: 480596 ns, Reaching safepoint: 14850 ns, At safepoint: 1397 ns, Total: 16247 ns
[2021-05-05T16:20:11.806+0000][7][safepoint   ] Safepoint "ICBufferFull", Time since last: 632411 ns, Reaching safepoint: 18618 ns, At safepoint: 2930 ns, Total: 21548 ns
[2021-05-05T16:20:11.807+0000][7][safepoint   ] Safepoint "ICBufferFull", Time since last: 470450 ns, Reaching safepoint: 14608 ns, At safepoint: 1397 ns, Total: 16005 ns
[2021-05-05T16:20:11.807+0000][7][safepoint   ] Safepoint "ICBufferFull", Time since last: 528093 ns, Reaching safepoint: 17961 ns, At safepoint: 1587 ns, Total: 19548 ns
[2021-05-05T16:20:11.808+0000][7][safepoint   ] Safepoint "ICBufferFull", Time since last: 674406 ns, Reaching safepoint: 19388 ns, At safepoint: 2247 ns, Total: 21635 ns
[2021-05-05T16:20:11.809+0000][7][safepoint   ] Safepoint "ICBufferFull", Time since last: 563966 ns, Reaching safepoint: 18557 ns, At safepoint: 1557 ns, Total: 20114 ns
[2021-05-05T16:20:11.809+0000][7][safepoint   ] Safepoint "ICBufferFull", Time since last: 472442 ns, Reaching safepoint: 14844 ns, At safepoint: 1263 ns, Total: 16107 ns
[2021-05-05T16:20:11.810+0000][7][safepoint   ] Safepoint "ICBufferFull", Time since last: 596155 ns, Reaching safepoint: 20057 ns, At safepoint: 2202 ns, Total: 22259 ns
[2021-05-05T16:20:11.810+0000][7][safepoint   ] Safepoint "ICBufferFull", Time since last: 640535 ns, Reaching safepoint: 17546 ns, At safepoint: 1898 ns, Total: 19444 ns
[2021-05-05T16:20:11.811+0000][7][safepoint   ] Safepoint "ICBufferFull", Time since last: 551103 ns, Reaching safepoint: 13857 ns, At safepoint: 2037 ns, Total: 15894 ns
[2021-05-05T16:20:11.812+0000][7][safepoint   ] Safepoint "ICBufferFull", Time since last: 821086 ns, Reaching safepoint: 22347 ns, At safepoint: 2159 ns, Total: 24506 ns
[2021-05-05T16:20:11.812+0000][7][safepoint   ] Safepoint "ICBufferFull", Time since last: 523584 ns, Reaching safepoint: 15428 ns, At safepoint: 1370 ns, Total: 16798 ns
[2021-05-05T16:20:11.813+0000][7][safepoint   ] Safepoint "ICBufferFull", Time since last: 963198 ns, Reaching safepoint: 18388 ns, At safepoint: 1656 ns, Total: 20044 ns
[2021-05-05T16:20:11.814+0000][7][safepoint   ] Safepoint "ICBufferFull", Time since last: 1047812 ns, Reaching safepoint: 20474 ns, At safepoint: 1931 ns, Total: 22405 ns
[2021-05-05T16:20:11.950+0000][7][safepoint   ] Safepoint "ICBufferFull", Time since last: 135576988 ns, Reaching safepoint: 40480 ns, At safepoint: 5730 ns, Total: 46210 ns
[2021-05-05T16:20:11.951+0000][7][safepoint   ] Safepoint "ICBufferFull", Time since last: 874892 ns, Reaching safepoint: 19995 ns, At safepoint: 1878 ns, Total: 21873 ns
[2021-05-05T16:20:11.951+0000][7][safepoint   ] Safepoint "ICBufferFull", Time since last: 472793 ns, Reaching safepoint: 14198 ns, At safepoint: 1485 ns, Total: 15683 ns
[2021-05-05T16:20:11.952+0000][7][safepoint   ] Safepoint "ICBufferFull", Time since last: 493170 ns, Reaching safepoint: 50006 ns, At safepoint: 1718 ns, Total: 51724 ns
[2021-05-05T16:20:11.952+0000][7][safepoint   ] Safepoint "ICBufferFull", Time since last: 482361 ns, Reaching safepoint: 13927 ns, At safepoint: 1294 ns, Total: 15221 ns
[2021-05-05T16:20:11.953+0000][7][safepoint   ] Safepoint "ICBufferFull", Time since last: 439361 ns, Reaching safepoint: 13862 ns, At safepoint: 1137 ns, Total: 14999 ns
[2021-05-05T16:20:11.953+0000][7][safepoint   ] Safepoint "ICBufferFull", Time since last: 454641 ns, Reaching safepoint: 138482 ns, At safepoint: 3119 ns, Total: 141601 ns
[2021-05-05T16:20:11.954+0000][7][safepoint   ] Safepoint "ICBufferFull", Time since last: 459814 ns, Reaching safepoint: 13815 ns, At safepoint: 1159 ns, Total: 14974 ns
[2021-05-05T16:20:11.954+0000][7][safepoint   ] Safepoint "ICBufferFull", Time since last: 442163 ns, Reaching safepoint: 13360 ns, At safepoint: 1099 ns, Total: 14459 ns
[2021-05-05T16:20:11.955+0000][7][safepoint   ] Safepoint "ICBufferFull", Time since last: 454228 ns, Reaching safepoint: 13933 ns, At safepoint: 1169 ns, Total: 15102 ns
[2021-05-05T16:20:11.955+0000][7][safepoint   ] Safepoint "ICBufferFull", Time since last: 453499 ns, Reaching safepoint: 12407 ns, At safepoint: 1048 ns, Total: 13455 ns
[2021-05-05T16:20:11.957+0000][7][safepoint   ] Safepoint "ICBufferFull", Time since last: 1376752 ns, Reaching safepoint: 285849 ns, At safepoint: 9533 ns, Total: 295382 ns
[2021-05-05T16:20:11.958+0000][7][safepoint   ] Safepoint "ICBufferFull", Time since last: 1412910 ns, Reaching safepoint: 23586 ns, At safepoint: 2729 ns, Total: 26315 ns
[2021-05-05T16:20:11.959+0000][7][safepoint   ] Safepoint "ICBufferFull", Time since last: 600134 ns, Reaching safepoint: 17736 ns, At safepoint: 2146 ns, Total: 19882 ns
[2021-05-05T16:20:11.960+0000][7][safepoint   ] Safepoint "ICBufferFull", Time since last: 479663 ns, Reaching safepoint: 13228 ns, At safepoint: 1202 ns, Total: 14430 ns
[2021-05-05T16:20:11.960+0000][7][safepoint   ] Safepoint "ICBufferFull", Time since last: 512846 ns, Reaching safepoint: 15257 ns, At safepoint: 1255 ns, Total: 16512 ns
[2021-05-05T16:20:11.961+0000][7][safepoint   ] Safepoint "ICBufferFull", Time since last: 448526 ns, Reaching safepoint: 45309 ns, At safepoint: 1955 ns, Total: 47264 ns
[2021-05-05T16:20:11.961+0000][7][safepoint   ] Safepoint "ICBufferFull", Time since last: 576938 ns, Reaching safepoint: 15002 ns, At safepoint: 1462 ns, Total: 16464 ns
[2021-05-05T16:20:11.962+0000][7][safepoint   ] Safepoint "ICBufferFull", Time since last: 532920 ns, Reaching safepoint: 17711 ns, At safepoint: 1475 ns, Total: 19186 ns
[2021-05-05T16:20:11.963+0000][7][safepoint   ] Safepoint "ICBufferFull", Time since last: 1495249 ns, Reaching safepoint: 24659 ns, At safepoint: 2118 ns, Total: 26777 ns
[2021-05-05T16:20:12.038+0000][7][safepoint   ] Safepoint "ICBufferFull", Time since last: 74958072 ns, Reaching safepoint: 35496 ns, At safepoint: 2448 ns, Total: 37944 ns
[2021-05-05T16:20:12.121+0000][7][gc,start    ] GC(1) Pause Young (Normal) (G1 Evacuation Pause)
[2021-05-05T16:20:12.121+0000][7][gc,task     ] GC(1) Using 2 workers of 2 for evacuation
[2021-05-05T16:20:12.121+0000][7][gc,age      ] GC(1) Desired survivor size 6291456 bytes, new threshold 1 (max threshold 15)
[2021-05-05T16:20:12.130+0000][7][gc,age      ] GC(1) Age table with threshold 1 (max threshold 15)
[2021-05-05T16:20:12.130+0000][7][gc,age      ] GC(1) - age   1:    2801496 bytes,    2801496 total
[2021-05-05T16:20:12.130+0000][7][gc,phases   ] GC(1)   Pre Evacuate Collection Set: 0.1ms
[2021-05-05T16:20:12.130+0000][7][gc,phases   ] GC(1)   Merge Heap Roots: 0.0ms
[2021-05-05T16:20:12.130+0000][7][gc,phases   ] GC(1)   Evacuate Collection Set: 8.5ms
[2021-05-05T16:20:12.130+0000][7][gc,phases   ] GC(1)   Post Evacuate Collection Set: 0.4ms
[2021-05-05T16:20:12.130+0000][7][gc,phases   ] GC(1)   Other: 0.1ms
[2021-05-05T16:20:12.130+0000][7][gc,heap     ] GC(1) Eden regions: 22->0(23)
[2021-05-05T16:20:12.130+0000][7][gc,heap     ] GC(1) Survivor regions: 2->1(3)
[2021-05-05T16:20:12.130+0000][7][gc,heap     ] GC(1) Old regions: 0->2
[2021-05-05T16:20:12.130+0000][7][gc,heap     ] GC(1) Archive regions: 2->2
[2021-05-05T16:20:12.130+0000][7][gc,heap     ] GC(1) Humongous regions: 0->0
[2021-05-05T16:20:12.130+0000][7][gc,metaspace] GC(1) Metaspace: 17699K(17920K)->17699K(17920K) NonClass: 15610K(15744K)->15610K(15744K) Class: 2089K(2176K)->2089K(2176K)
[2021-05-05T16:20:12.130+0000][7][gc          ] GC(1) Pause Young (Normal) (G1 Evacuation Pause) 99M->14M(1968M) 9.201ms
[2021-05-05T16:20:12.130+0000][7][gc,cpu      ] GC(1) User=0.02s Sys=0.00s Real=0.01s
[2021-05-05T16:20:12.130+0000][7][safepoint   ] Safepoint "G1CollectForAllocation", Time since last: 82484752 ns, Reaching safepoint: 38857 ns, At safepoint: 9249328 ns, Total: 9288185 ns
[2021-05-05T16:20:12.383+0000][7][gc,start    ] GC(2) Pause Young (Normal) (G1 Evacuation Pause)
[2021-05-05T16:20:12.383+0000][7][gc,task     ] GC(2) Using 2 workers of 2 for evacuation
[2021-05-05T16:20:12.383+0000][7][gc,age      ] GC(2) Desired survivor size 6291456 bytes, new threshold 15 (max threshold 15)
[2021-05-05T16:20:12.391+0000][7][gc,age      ] GC(2) Age table with threshold 15 (max threshold 15)
[2021-05-05T16:20:12.391+0000][7][gc,age      ] GC(2) - age   1:    2090728 bytes,    2090728 total
[2021-05-05T16:20:12.391+0000][7][gc,age      ] GC(2) - age   2:    2764288 bytes,    4855016 total
[2021-05-05T16:20:12.391+0000][7][gc,phases   ] GC(2)   Pre Evacuate Collection Set: 0.1ms
[2021-05-05T16:20:12.391+0000][7][gc,phases   ] GC(2)   Merge Heap Roots: 0.0ms
[2021-05-05T16:20:12.391+0000][7][gc,phases   ] GC(2)   Evacuate Collection Set: 6.9ms
[2021-05-05T16:20:12.391+0000][7][gc,phases   ] GC(2)   Post Evacuate Collection Set: 0.4ms
[2021-05-05T16:20:12.391+0000][7][gc,phases   ] GC(2)   Other: 0.1ms
[2021-05-05T16:20:12.391+0000][7][gc,heap     ] GC(2) Eden regions: 23->0(22)
[2021-05-05T16:20:12.391+0000][7][gc,heap     ] GC(2) Survivor regions: 1->2(3)
[2021-05-05T16:20:12.391+0000][7][gc,heap     ] GC(2) Old regions: 2->2
[2021-05-05T16:20:12.391+0000][7][gc,heap     ] GC(2) Archive regions: 2->2
[2021-05-05T16:20:12.391+0000][7][gc,heap     ] GC(2) Humongous regions: 0->0
[2021-05-05T16:20:12.391+0000][7][gc,metaspace] GC(2) Metaspace: 18118K(18368K)->18118K(18368K) NonClass: 15976K(16128K)->15976K(16128K) Class: 2142K(2240K)->2142K(2240K)
[2021-05-05T16:20:12.391+0000][7][gc          ] GC(2) Pause Young (Normal) (G1 Evacuation Pause) 106M->15M(1968M) 7.712ms
[2021-05-05T16:20:12.391+0000][7][gc,cpu      ] GC(2) User=0.00s Sys=0.00s Real=0.01s
[2021-05-05T16:20:12.391+0000][7][safepoint   ] Safepoint "G1CollectForAllocation", Time since last: 253158012 ns, Reaching safepoint: 100583 ns, At safepoint: 7761107 ns, Total: 7861690 ns
[2021-05-05T16:20:12.581+0000][7][gc,start    ] GC(3) Pause Young (Normal) (G1 Evacuation Pause)
[2021-05-05T16:20:12.581+0000][7][gc,task     ] GC(3) Using 2 workers of 2 for evacuation
[2021-05-05T16:20:12.581+0000][7][gc,age      ] GC(3) Desired survivor size 6291456 bytes, new threshold 15 (max threshold 15)
[2021-05-05T16:20:12.589+0000][7][gc,age      ] GC(3) Age table with threshold 15 (max threshold 15)
[2021-05-05T16:20:12.590+0000][7][gc,age      ] GC(3) - age   1:     904632 bytes,     904632 total
[2021-05-05T16:20:12.590+0000][7][gc,age      ] GC(3) - age   2:    1624848 bytes,    2529480 total
[2021-05-05T16:20:12.590+0000][7][gc,age      ] GC(3) - age   3:    2764256 bytes,    5293736 total
[2021-05-05T16:20:12.590+0000][7][gc,phases   ] GC(3)   Pre Evacuate Collection Set: 0.1ms
[2021-05-05T16:20:12.590+0000][7][gc,phases   ] GC(3)   Merge Heap Roots: 0.0ms
[2021-05-05T16:20:12.590+0000][7][gc,phases   ] GC(3)   Evacuate Collection Set: 7.2ms
[2021-05-05T16:20:12.590+0000][7][gc,phases   ] GC(3)   Post Evacuate Collection Set: 0.8ms
[2021-05-05T16:20:12.590+0000][7][gc,phases   ] GC(3)   Other: 0.3ms
[2021-05-05T16:20:12.590+0000][7][gc,heap     ] GC(3) Eden regions: 22->0(25)
[2021-05-05T16:20:12.590+0000][7][gc,heap     ] GC(3) Survivor regions: 2->2(3)
[2021-05-05T16:20:12.590+0000][7][gc,heap     ] GC(3) Old regions: 2->2
[2021-05-05T16:20:12.590+0000][7][gc,heap     ] GC(3) Archive regions: 2->2
[2021-05-05T16:20:12.590+0000][7][gc,heap     ] GC(3) Humongous regions: 0->0
[2021-05-05T16:20:12.590+0000][7][gc,metaspace] GC(3) Metaspace: 18237K(18496K)->18237K(18496K) NonClass: 16080K(16256K)->16080K(16256K) Class: 2156K(2240K)->2156K(2240K)
[2021-05-05T16:20:12.590+0000][7][gc          ] GC(3) Pause Young (Normal) (G1 Evacuation Pause) 103M->16M(1968M) 8.681ms
[2021-05-05T16:20:12.590+0000][7][gc,cpu      ] GC(3) User=0.01s Sys=0.00s Real=0.01s
[2021-05-05T16:20:12.590+0000][7][safepoint   ] Safepoint "G1CollectForAllocation", Time since last: 190162821 ns, Reaching safepoint: 35415 ns, At safepoint: 8729663 ns, Total: 8765078 ns
[2021-05-05T16:20:12.793+0000][7][gc,start    ] GC(4) Pause Young (Normal) (G1 Evacuation Pause)
[2021-05-05T16:20:12.793+0000][7][gc,task     ] GC(4) Using 2 workers of 2 for evacuation
[2021-05-05T16:20:12.793+0000][7][gc,age      ] GC(4) Desired survivor size 8388608 bytes, new threshold 15 (max threshold 15)
[2021-05-05T16:20:12.797+0000][7][gc,age      ] GC(4) Age table with threshold 15 (max threshold 15)
[2021-05-05T16:20:12.797+0000][7][gc,age      ] GC(4) - age   1:    1069752 bytes,    1069752 total
[2021-05-05T16:20:12.797+0000][7][gc,age      ] GC(4) - age   2:     303440 bytes,    1373192 total
[2021-05-05T16:20:12.797+0000][7][gc,age      ] GC(4) - age   3:    1624536 bytes,    2997728 total
[2021-05-05T16:20:12.797+0000][7][gc,age      ] GC(4) - age   4:    2764040 bytes,    5761768 total
[2021-05-05T16:20:12.797+0000][7][gc,phases   ] GC(4)   Pre Evacuate Collection Set: 0.1ms
[2021-05-05T16:20:12.797+0000][7][gc,phases   ] GC(4)   Merge Heap Roots: 0.0ms
[2021-05-05T16:20:12.797+0000][7][gc,phases   ] GC(4)   Evacuate Collection Set: 2.7ms
[2021-05-05T16:20:12.797+0000][7][gc,phases   ] GC(4)   Post Evacuate Collection Set: 0.3ms
[2021-05-05T16:20:12.797+0000][7][gc,phases   ] GC(4)   Other: 0.1ms
[2021-05-05T16:20:12.797+0000][7][gc,heap     ] GC(4) Eden regions: 25->0(293)
[2021-05-05T16:20:12.797+0000][7][gc,heap     ] GC(4) Survivor regions: 2->2(4)
[2021-05-05T16:20:12.797+0000][7][gc,heap     ] GC(4) Old regions: 2->2
[2021-05-05T16:20:12.797+0000][7][gc,heap     ] GC(4) Archive regions: 2->2
[2021-05-05T16:20:12.797+0000][7][gc,heap     ] GC(4) Humongous regions: 0->0
[2021-05-05T16:20:12.797+0000][7][gc,metaspace] GC(4) Metaspace: 18653K(19008K)->18653K(19008K) NonClass: 16431K(16640K)->16431K(16640K) Class: 2222K(2368K)->2222K(2368K)
[2021-05-05T16:20:12.797+0000][7][gc          ] GC(4) Pause Young (Normal) (G1 Evacuation Pause) 116M->17M(1968M) 3.322ms
[2021-05-05T16:20:12.797+0000][7][gc,cpu      ] GC(4) User=0.00s Sys=0.00s Real=0.00s
[2021-05-05T16:20:12.797+0000][7][safepoint   ] Safepoint "G1CollectForAllocation", Time since last: 203378664 ns, Reaching safepoint: 32489 ns, At safepoint: 3369284 ns, Total: 3401773 ns
[2021-05-05T16:20:13.765+0000][7][safepoint   ] Safepoint "ICBufferFull", Time since last: 967695781 ns, Reaching safepoint: 177051 ns, At safepoint: 6243 ns, Total: 183294 ns
[2021-05-05T16:20:14.341+0000][7][gc,start    ] GC(5) Pause Young (Concurrent Start) (Metadata GC Threshold)
[2021-05-05T16:20:14.341+0000][7][gc,task     ] GC(5) Using 2 workers of 2 for evacuation
[2021-05-05T16:20:14.341+0000][7][gc,age      ] GC(5) Desired survivor size 77594624 bytes, new threshold 15 (max threshold 15)
[2021-05-05T16:20:14.348+0000][7][gc,age      ] GC(5) Age table with threshold 15 (max threshold 15)
[2021-05-05T16:20:14.348+0000][7][gc,age      ] GC(5) - age   1:    5909856 bytes,    5909856 total
[2021-05-05T16:20:14.348+0000][7][gc,age      ] GC(5) - age   2:     508408 bytes,    6418264 total
[2021-05-05T16:20:14.348+0000][7][gc,age      ] GC(5) - age   3:     303280 bytes,    6721544 total
[2021-05-05T16:20:14.348+0000][7][gc,age      ] GC(5) - age   4:    1624056 bytes,    8345600 total
[2021-05-05T16:20:14.348+0000][7][gc,age      ] GC(5) - age   5:    2758944 bytes,   11104544 total
[2021-05-05T16:20:14.348+0000][7][gc,phases   ] GC(5)   Pre Evacuate Collection Set: 0.1ms
[2021-05-05T16:20:14.348+0000][7][gc,phases   ] GC(5)   Merge Heap Roots: 0.0ms
[2021-05-05T16:20:14.348+0000][7][gc,phases   ] GC(5)   Evacuate Collection Set: 5.5ms
[2021-05-05T16:20:14.348+0000][7][gc,phases   ] GC(5)   Post Evacuate Collection Set: 0.7ms
[2021-05-05T16:20:14.348+0000][7][gc,phases   ] GC(5)   Other: 0.2ms
[2021-05-05T16:20:14.348+0000][7][gc,heap     ] GC(5) Eden regions: 249->0(217)
[2021-05-05T16:20:14.348+0000][7][gc,heap     ] GC(5) Survivor regions: 2->3(37)
[2021-05-05T16:20:14.348+0000][7][gc,heap     ] GC(5) Old regions: 2->2
[2021-05-05T16:20:14.348+0000][7][gc,heap     ] GC(5) Archive regions: 2->2
[2021-05-05T16:20:14.348+0000][7][gc,heap     ] GC(5) Humongous regions: 0->0
[2021-05-05T16:20:14.348+0000][7][gc,metaspace] GC(5) Metaspace: 20806K(21248K)->20806K(21248K) NonClass: 18287K(18560K)->18287K(18560K) Class: 2519K(2688K)->2519K(2688K)
[2021-05-05T16:20:14.348+0000][7][gc          ] GC(5) Pause Young (Concurrent Start) (Metadata GC Threshold) 1011M->22M(1968M) 6.749ms
[2021-05-05T16:20:14.348+0000][7][gc,cpu      ] GC(5) User=0.01s Sys=0.00s Real=0.01s
[2021-05-05T16:20:14.348+0000][7][safepoint   ] Safepoint "CollectForMetadataAllocation", Time since last: 576514585 ns, Reaching safepoint: 82454 ns, At safepoint: 6843255 ns, Total: 6925709 ns
[2021-05-05T16:20:14.348+0000][7][gc          ] GC(6) Concurrent Mark Cycle
[2021-05-05T16:20:14.348+0000][7][gc,marking  ] GC(6) Concurrent Clear Claimed Marks
[2021-05-05T16:20:14.348+0000][7][gc,marking  ] GC(6) Concurrent Clear Claimed Marks 0.028ms
[2021-05-05T16:20:14.348+0000][7][gc,marking  ] GC(6) Concurrent Scan Root Regions
[2021-05-05T16:20:14.352+0000][7][gc,marking  ] GC(6) Concurrent Scan Root Regions 4.128ms
[2021-05-05T16:20:14.352+0000][7][gc,marking  ] GC(6) Concurrent Mark
[2021-05-05T16:20:14.352+0000][7][gc,marking  ] GC(6) Concurrent Mark From Roots
[2021-05-05T16:20:14.352+0000][7][gc,task     ] GC(6) Using 1 workers of 1 for marking
[2021-05-05T16:20:14.362+0000][7][gc,marking  ] GC(6) Concurrent Mark From Roots 10.111ms
[2021-05-05T16:20:14.362+0000][7][gc,marking  ] GC(6) Concurrent Preclean
[2021-05-05T16:20:14.362+0000][7][gc,marking  ] GC(6) Concurrent Preclean 0.048ms
[2021-05-05T16:20:14.363+0000][7][gc,start    ] GC(6) Pause Remark
[2021-05-05T16:20:14.366+0000][7][gc          ] GC(6) Pause Remark 26M->26M(1968M) 2.972ms
[2021-05-05T16:20:14.366+0000][7][gc,cpu      ] GC(6) User=0.00s Sys=0.00s Real=0.00s
[2021-05-05T16:20:14.366+0000][7][safepoint   ] Safepoint "G1Concurrent", Time since last: 14508601 ns, Reaching safepoint: 170089 ns, At safepoint: 3021555 ns, Total: 3191644 ns
[2021-05-05T16:20:14.366+0000][7][gc,marking  ] GC(6) Concurrent Mark 13.524ms
[2021-05-05T16:20:14.366+0000][7][gc,marking  ] GC(6) Concurrent Rebuild Remembered Sets
[2021-05-05T16:20:14.371+0000][7][gc,marking  ] GC(6) Concurrent Rebuild Remembered Sets 4.745ms
[2021-05-05T16:20:14.371+0000][7][gc,start    ] GC(6) Pause Cleanup
[2021-05-05T16:20:14.371+0000][7][gc          ] GC(6) Pause Cleanup 32M->32M(1968M) 0.075ms
[2021-05-05T16:20:14.371+0000][7][gc,cpu      ] GC(6) User=0.00s Sys=0.00s Real=0.00s
[2021-05-05T16:20:14.371+0000][7][safepoint   ] Safepoint "G1Concurrent", Time since last: 4903242 ns, Reaching safepoint: 71116 ns, At safepoint: 99930 ns, Total: 171046 ns
[2021-05-05T16:20:14.371+0000][7][gc,marking  ] GC(6) Concurrent Cleanup for Next Mark
[2021-05-05T16:20:14.382+0000][7][gc,marking  ] GC(6) Concurrent Cleanup for Next Mark 11.101ms
[2021-05-05T16:20:14.382+0000][7][gc          ] GC(6) Concurrent Mark Cycle 34.395ms
[2021-05-05T16:20:14.858+0000][7][safepoint   ] Safepoint "ICBufferFull", Time since last: 486942752 ns, Reaching safepoint: 147184 ns, At safepoint: 3491 ns, Total: 150675 ns
[2021-05-05T16:20:15.474+0000][7][safepoint   ] Safepoint "ICBufferFull", Time since last: 615592334 ns, Reaching safepoint: 218292 ns, At safepoint: 4047 ns, Total: 222339 ns
[2021-05-05T16:20:16.683+0000][7][safepoint   ] Safepoint "ICBufferFull", Time since last: 1209418064 ns, Reaching safepoint: 100160 ns, At safepoint: 3108 ns, Total: 103268 ns
[2021-05-05T16:20:16.933+0000][7][gc,start    ] GC(7) Pause Young (Concurrent Start) (Metadata GC Threshold)
[2021-05-05T16:20:16.933+0000][7][gc,task     ] GC(7) Using 2 workers of 2 for evacuation
[2021-05-05T16:20:16.934+0000][7][gc,age      ] GC(7) Desired survivor size 67108864 bytes, new threshold 15 (max threshold 15)
[2021-05-05T16:20:16.981+0000][7][gc,age      ] GC(7) Age table with threshold 15 (max threshold 15)
[2021-05-05T16:20:16.981+0000][7][gc,age      ] GC(7) - age   1:   39462760 bytes,   39462760 total
[2021-05-05T16:20:16.981+0000][7][gc,age      ] GC(7) - age   2:    5815464 bytes,   45278224 total
[2021-05-05T16:20:16.981+0000][7][gc,age      ] GC(7) - age   3:     500584 bytes,   45778808 total
[2021-05-05T16:20:16.981+0000][7][gc,age      ] GC(7) - age   4:     299928 bytes,   46078736 total
[2021-05-05T16:20:16.981+0000][7][gc,age      ] GC(7) - age   5:    1611184 bytes,   47689920 total
[2021-05-05T16:20:16.981+0000][7][gc,age      ] GC(7) - age   6:    2730792 bytes,   50420712 total
[2021-05-05T16:20:16.981+0000][7][gc,phases   ] GC(7)   Pre Evacuate Collection Set: 0.2ms
[2021-05-05T16:20:16.981+0000][7][gc,phases   ] GC(7)   Merge Heap Roots: 0.0ms
[2021-05-05T16:20:16.981+0000][7][gc,phases   ] GC(7)   Evacuate Collection Set: 46.4ms
[2021-05-05T16:20:16.981+0000][7][gc,phases   ] GC(7)   Post Evacuate Collection Set: 1.1ms
[2021-05-05T16:20:16.981+0000][7][gc,phases   ] GC(7)   Other: 0.2ms
[2021-05-05T16:20:16.981+0000][7][gc,heap     ] GC(7) Eden regions: 129->0(44)
[2021-05-05T16:20:16.981+0000][7][gc,heap     ] GC(7) Survivor regions: 3->13(32)
[2021-05-05T16:20:16.981+0000][7][gc,heap     ] GC(7) Old regions: 2->2
[2021-05-05T16:20:16.981+0000][7][gc,heap     ] GC(7) Archive regions: 2->2
[2021-05-05T16:20:16.981+0000][7][gc,heap     ] GC(7) Humongous regions: 0->0
[2021-05-05T16:20:16.981+0000][7][gc,metaspace] GC(7) Metaspace: 34730K(35520K)->34730K(35520K) NonClass: 30261K(30720K)->30261K(30720K) Class: 4468K(4800K)->4468K(4800K)
[2021-05-05T16:20:16.981+0000][7][gc          ] GC(7) Pause Young (Concurrent Start) (Metadata GC Threshold) 538M->60M(1968M) 48.004ms
[2021-05-05T16:20:16.981+0000][7][gc,cpu      ] GC(7) User=0.10s Sys=0.00s Real=0.05s
[2021-05-05T16:20:16.982+0000][7][safepoint   ] Safepoint "CollectForMetadataAllocation", Time since last: 250135041 ns, Reaching safepoint: 47646 ns, At safepoint: 48106799 ns, Total: 48154445 ns
[2021-05-05T16:20:16.982+0000][7][gc          ] GC(8) Concurrent Mark Cycle
[2021-05-05T16:20:16.982+0000][7][gc,marking  ] GC(8) Concurrent Clear Claimed Marks
[2021-05-05T16:20:16.982+0000][7][gc,marking  ] GC(8) Concurrent Clear Claimed Marks 0.055ms
[2021-05-05T16:20:16.982+0000][7][gc,marking  ] GC(8) Concurrent Scan Root Regions
[2021-05-05T16:20:17.006+0000][7][safepoint   ] Safepoint "CollectForMetadataAllocation", Time since last: 24025837 ns, Reaching safepoint: 22562 ns, At safepoint: 88497 ns, Total: 111059 ns
[2021-05-05T16:20:17.030+0000][7][gc,marking  ] GC(8) Concurrent Scan Root Regions 48.198ms
[2021-05-05T16:20:17.030+0000][7][gc,marking  ] GC(8) Concurrent Mark
[2021-05-05T16:20:17.030+0000][7][gc,marking  ] GC(8) Concurrent Mark From Roots
[2021-05-05T16:20:17.030+0000][7][gc,task     ] GC(8) Using 1 workers of 1 for marking
[2021-05-05T16:20:17.038+0000][7][gc,marking  ] GC(8) Concurrent Mark From Roots 8.542ms
[2021-05-05T16:20:17.038+0000][7][gc,marking  ] GC(8) Concurrent Preclean
[2021-05-05T16:20:17.039+0000][7][gc,marking  ] GC(8) Concurrent Preclean 0.049ms
[2021-05-05T16:20:17.040+0000][7][gc,start    ] GC(8) Pause Remark
[2021-05-05T16:20:17.043+0000][7][gc          ] GC(8) Pause Remark 70M->70M(1968M) 3.187ms
[2021-05-05T16:20:17.043+0000][7][gc,cpu      ] GC(8) User=0.00s Sys=0.00s Real=0.01s
[2021-05-05T16:20:17.043+0000][7][safepoint   ] Safepoint "G1Concurrent", Time since last: 32887991 ns, Reaching safepoint: 937457 ns, At safepoint: 3250379 ns, Total: 4187836 ns
[2021-05-05T16:20:17.043+0000][7][gc,marking  ] GC(8) Concurrent Mark 12.927ms
[2021-05-05T16:20:17.043+0000][7][gc,marking  ] GC(8) Concurrent Rebuild Remembered Sets
[2021-05-05T16:20:17.057+0000][7][gc,marking  ] GC(8) Concurrent Rebuild Remembered Sets 13.836ms
[2021-05-05T16:20:17.058+0000][7][gc,start    ] GC(8) Pause Cleanup
[2021-05-05T16:20:17.058+0000][7][gc          ] GC(8) Pause Cleanup 88M->88M(1968M) 0.430ms
[2021-05-05T16:20:17.058+0000][7][gc,cpu      ] GC(8) User=0.00s Sys=0.00s Real=0.00s
[2021-05-05T16:20:17.058+0000][7][safepoint   ] Safepoint "G1Concurrent", Time since last: 13991427 ns, Reaching safepoint: 1072079 ns, At safepoint: 549035 ns, Total: 1621114 ns
[2021-05-05T16:20:17.058+0000][7][gc,marking  ] GC(8) Concurrent Cleanup for Next Mark
[2021-05-05T16:20:17.070+0000][7][gc,marking  ] GC(8) Concurrent Cleanup for Next Mark 12.038ms
[2021-05-05T16:20:17.071+0000][7][gc          ] GC(8) Concurrent Mark Cycle 88.959ms
[2021-05-05T16:20:18.069+0000][7][safepoint   ] Safepoint "ICBufferFull", Time since last: 1010196280 ns, Reaching safepoint: 137842 ns, At safepoint: 3191 ns, Total: 141033 ns
[2021-05-05T16:20:18.170+0000][7][gc,start    ] GC(9) Pause Young (Concurrent Start) (G1 Evacuation Pause)
[2021-05-05T16:20:18.170+0000][7][gc,task     ] GC(9) Using 2 workers of 2 for evacuation
[2021-05-05T16:20:18.170+0000][7][gc,age      ] GC(9) Desired survivor size 18874368 bytes, new threshold 1 (max threshold 15)
[2021-05-05T16:20:18.221+0000][7][gc,age      ] GC(9) Age table with threshold 1 (max threshold 15)
[2021-05-05T16:20:18.221+0000][7][gc,age      ] GC(9) - age   1:    6366264 bytes,    6366264 total
[2021-05-05T16:20:18.221+0000][7][gc,phases   ] GC(9)   Pre Evacuate Collection Set: 0.2ms
[2021-05-05T16:20:18.221+0000][7][gc,phases   ] GC(9)   Merge Heap Roots: 0.0ms
[2021-05-05T16:20:18.221+0000][7][gc,phases   ] GC(9)   Evacuate Collection Set: 48.8ms
[2021-05-05T16:20:18.221+0000][7][gc,phases   ] GC(9)   Post Evacuate Collection Set: 1.2ms
[2021-05-05T16:20:18.221+0000][7][gc,phases   ] GC(9)   Other: 0.2ms
[2021-05-05T16:20:18.221+0000][7][gc,heap     ] GC(9) Eden regions: 52->0(90)
[2021-05-05T16:20:18.221+0000][7][gc,heap     ] GC(9) Survivor regions: 13->2(9)
[2021-05-05T16:20:18.221+0000][7][gc,heap     ] GC(9) Old regions: 2->14
[2021-05-05T16:20:18.221+0000][7][gc,heap     ] GC(9) Archive regions: 2->2
[2021-05-05T16:20:18.221+0000][7][gc,heap     ] GC(9) Humongous regions: 0->0
[2021-05-05T16:20:18.221+0000][7][gc,metaspace] GC(9) Metaspace: 51245K(52352K)->51245K(52352K) NonClass: 44316K(44992K)->44316K(44992K) Class: 6929K(7360K)->6929K(7360K)
[2021-05-05T16:20:18.221+0000][7][gc          ] GC(9) Pause Young (Concurrent Start) (G1 Evacuation Pause) 268M->67M(1968M) 50.533ms
[2021-05-05T16:20:18.221+0000][7][gc,cpu      ] GC(9) User=0.10s Sys=0.00s Real=0.05s
[2021-05-05T16:20:18.221+0000][7][safepoint   ] Safepoint "G1CollectForAllocation", Time since last: 101569111 ns, Reaching safepoint: 41818 ns, At safepoint: 50626963 ns, Total: 50668781 ns
[2021-05-05T16:20:18.221+0000][7][gc          ] GC(10) Concurrent Mark Cycle
[2021-05-05T16:20:18.221+0000][7][gc,marking  ] GC(10) Concurrent Clear Claimed Marks
[2021-05-05T16:20:18.221+0000][7][gc,marking  ] GC(10) Concurrent Clear Claimed Marks 0.103ms
[2021-05-05T16:20:18.221+0000][7][gc,marking  ] GC(10) Concurrent Scan Root Regions
[2021-05-05T16:20:18.277+0000][7][gc,marking  ] GC(10) Concurrent Scan Root Regions 56.148ms
[2021-05-05T16:20:18.277+0000][7][gc,marking  ] GC(10) Concurrent Mark
[2021-05-05T16:20:18.277+0000][7][gc,marking  ] GC(10) Concurrent Mark From Roots
[2021-05-05T16:20:18.277+0000][7][gc,task     ] GC(10) Using 1 workers of 1 for marking
[2021-05-05T16:20:18.307+0000][7][gc,marking  ] GC(10) Concurrent Mark From Roots 29.610ms
[2021-05-05T16:20:18.307+0000][7][gc,marking  ] GC(10) Concurrent Preclean
[2021-05-05T16:20:18.307+0000][7][gc,marking  ] GC(10) Concurrent Preclean 0.048ms
[2021-05-05T16:20:18.308+0000][7][gc,start    ] GC(10) Pause Remark
[2021-05-05T16:20:18.311+0000][7][gc          ] GC(10) Pause Remark 81M->81M(1968M) 3.410ms
[2021-05-05T16:20:18.312+0000][7][gc,cpu      ] GC(10) User=0.00s Sys=0.00s Real=0.00s
[2021-05-05T16:20:18.312+0000][7][safepoint   ] Safepoint "G1Concurrent", Time since last: 86177109 ns, Reaching safepoint: 939534 ns, At safepoint: 3465216 ns, Total: 4404750 ns
[2021-05-05T16:20:18.312+0000][7][gc,marking  ] GC(10) Concurrent Mark 34.237ms
[2021-05-05T16:20:18.312+0000][7][gc,marking  ] GC(10) Concurrent Rebuild Remembered Sets
[2021-05-05T16:20:18.408+0000][7][gc,marking  ] GC(10) Concurrent Rebuild Remembered Sets 96.438ms
[2021-05-05T16:20:18.408+0000][7][gc,start    ] GC(10) Pause Cleanup
[2021-05-05T16:20:18.408+0000][7][gc          ] GC(10) Pause Cleanup 99M->99M(1968M) 0.102ms
[2021-05-05T16:20:18.408+0000][7][gc,cpu      ] GC(10) User=0.00s Sys=0.00s Real=0.00s
[2021-05-05T16:20:18.408+0000][7][safepoint   ] Safepoint "G1Concurrent", Time since last: 96643112 ns, Reaching safepoint: 193881 ns, At safepoint: 134687 ns, Total: 328568 ns
[2021-05-05T16:20:18.409+0000][7][gc,marking  ] GC(10) Concurrent Cleanup for Next Mark
[2021-05-05T16:20:18.411+0000][7][gc,marking  ] GC(10) Concurrent Cleanup for Next Mark 2.538ms
[2021-05-05T16:20:18.411+0000][7][gc          ] GC(10) Concurrent Mark Cycle 190.086ms
[2021-05-05T16:20:19.409+0000][7][safepoint   ] Safepoint "ICBufferFull", Time since last: 1000017408 ns, Reaching safepoint: 344426 ns, At safepoint: 4298 ns, Total: 348724 ns
[2021-05-05T16:20:20.150+0000][7][safepoint   ] Safepoint "ICBufferFull", Time since last: 740702121 ns, Reaching safepoint: 785053 ns, At safepoint: 4794 ns, Total: 789847 ns
[2021-05-05T16:20:20.844+0000][7][safepoint   ] Safepoint "ICBufferFull", Time since last: 686707118 ns, Reaching safepoint: 7180859 ns, At safepoint: 7211 ns, Total: 7188070 ns
[2021-05-05T16:20:21.446+0000][7][safepoint   ] Safepoint "ICBufferFull", Time since last: 601481285 ns, Reaching safepoint: 102871 ns, At safepoint: 7398 ns, Total: 110269 ns
[2021-05-05T16:20:21.548+0000][7][gc,start    ] GC(11) Pause Young (Concurrent Start) (Metadata GC Threshold)
[2021-05-05T16:20:21.548+0000][7][gc,task     ] GC(11) Using 2 workers of 2 for evacuation
[2021-05-05T16:20:21.548+0000][7][gc,age      ] GC(11) Desired survivor size 29360128 bytes, new threshold 15 (max threshold 15)
[2021-05-05T16:20:21.571+0000][7][gc,age      ] GC(11) Age table with threshold 15 (max threshold 15)
[2021-05-05T16:20:21.571+0000][7][gc,age      ] GC(11) - age   1:   14095976 bytes,   14095976 total
[2021-05-05T16:20:21.571+0000][7][gc,age      ] GC(11) - age   2:    6128184 bytes,   20224160 total
[2021-05-05T16:20:21.571+0000][7][gc,phases   ] GC(11)   Pre Evacuate Collection Set: 0.2ms
[2021-05-05T16:20:21.571+0000][7][gc,phases   ] GC(11)   Merge Heap Roots: 0.2ms
[2021-05-05T16:20:21.571+0000][7][gc,phases   ] GC(11)   Evacuate Collection Set: 21.0ms
[2021-05-05T16:20:21.571+0000][7][gc,phases   ] GC(11)   Post Evacuate Collection Set: 1.1ms
[2021-05-05T16:20:21.571+0000][7][gc,phases   ] GC(11)   Other: 0.3ms
[2021-05-05T16:20:21.571+0000][7][gc,heap     ] GC(11) Eden regions: 73->0(56)
[2021-05-05T16:20:21.571+0000][7][gc,heap     ] GC(11) Survivor regions: 2->5(14)
[2021-05-05T16:20:21.571+0000][7][gc,heap     ] GC(11) Old regions: 14->14
[2021-05-05T16:20:21.571+0000][7][gc,heap     ] GC(11) Archive regions: 2->2
[2021-05-05T16:20:21.571+0000][7][gc,heap     ] GC(11) Humongous regions: 2->2
[2021-05-05T16:20:21.571+0000][7][gc,metaspace] GC(11) Metaspace: 85916K(87296K)->85916K(87296K) NonClass: 74155K(74944K)->74155K(74944K) Class: 11760K(12352K)->11760K(12352K)
[2021-05-05T16:20:21.571+0000][7][gc          ] GC(11) Pause Young (Concurrent Start) (Metadata GC Threshold) 367M->87M(1968M) 22.721ms
[2021-05-05T16:20:21.571+0000][7][gc,cpu      ] GC(11) User=0.04s Sys=0.00s Real=0.03s
[2021-05-05T16:20:21.571+0000][7][safepoint   ] Safepoint "CollectForMetadataAllocation", Time since last: 101297563 ns, Reaching safepoint: 887156 ns, At safepoint: 22874484 ns, Total: 23761640 ns
[2021-05-05T16:20:21.571+0000][7][gc          ] GC(12) Concurrent Mark Cycle
[2021-05-05T16:20:21.571+0000][7][gc,marking  ] GC(12) Concurrent Clear Claimed Marks
[2021-05-05T16:20:21.571+0000][7][gc,marking  ] GC(12) Concurrent Clear Claimed Marks 0.059ms
[2021-05-05T16:20:21.571+0000][7][gc,marking  ] GC(12) Concurrent Scan Root Regions
[2021-05-05T16:20:21.597+0000][7][gc,marking  ] GC(12) Concurrent Scan Root Regions 25.941ms
[2021-05-05T16:20:21.597+0000][7][gc,marking  ] GC(12) Concurrent Mark
[2021-05-05T16:20:21.597+0000][7][gc,marking  ] GC(12) Concurrent Mark From Roots
[2021-05-05T16:20:21.597+0000][7][gc,task     ] GC(12) Using 1 workers of 1 for marking
[2021-05-05T16:20:21.616+0000][7][safepoint   ] Safepoint "CollectForMetadataAllocation", Time since last: 45022512 ns, Reaching safepoint: 67578 ns, At safepoint: 50423 ns, Total: 118001 ns
[2021-05-05T16:20:21.656+0000][7][safepoint   ] Safepoint "CollectForMetadataAllocation", Time since last: 39475934 ns, Reaching safepoint: 100957 ns, At safepoint: 51620 ns, Total: 152577 ns
[2021-05-05T16:20:21.675+0000][7][gc,marking  ] GC(12) Concurrent Mark From Roots 77.892ms
[2021-05-05T16:20:21.675+0000][7][gc,marking  ] GC(12) Concurrent Preclean
[2021-05-05T16:20:21.675+0000][7][gc,marking  ] GC(12) Concurrent Preclean 0.123ms
[2021-05-05T16:20:21.675+0000][7][gc,start    ] GC(12) Pause Remark
[2021-05-05T16:20:21.679+0000][7][gc          ] GC(12) Pause Remark 92M->92M(1968M) 3.772ms
[2021-05-05T16:20:21.679+0000][7][gc,cpu      ] GC(12) User=0.01s Sys=0.00s Real=0.00s
[2021-05-05T16:20:21.679+0000][7][safepoint   ] Safepoint "G1Concurrent", Time since last: 19371922 ns, Reaching safepoint: 349597 ns, At safepoint: 3830231 ns, Total: 4179828 ns
[2021-05-05T16:20:21.679+0000][7][gc,marking  ] GC(12) Concurrent Mark 82.274ms
[2021-05-05T16:20:21.679+0000][7][gc,marking  ] GC(12) Concurrent Rebuild Remembered Sets
[2021-05-05T16:20:21.775+0000][7][gc,marking  ] GC(12) Concurrent Rebuild Remembered Sets 96.022ms
[2021-05-05T16:20:21.777+0000][7][gc,start    ] GC(12) Pause Cleanup
[2021-05-05T16:20:21.777+0000][7][gc          ] GC(12) Pause Cleanup 100M->100M(1968M) 0.099ms
[2021-05-05T16:20:21.777+0000][7][gc,cpu      ] GC(12) User=0.00s Sys=0.00s Real=0.00s
[2021-05-05T16:20:21.777+0000][7][safepoint   ] Safepoint "G1Concurrent", Time since last: 96780122 ns, Reaching safepoint: 693267 ns, At safepoint: 136806 ns, Total: 830073 ns
[2021-05-05T16:20:21.777+0000][7][gc,marking  ] GC(12) Concurrent Cleanup for Next Mark
[2021-05-05T16:20:21.786+0000][7][gc,marking  ] GC(12) Concurrent Cleanup for Next Mark 9.172ms
[2021-05-05T16:20:21.786+0000][7][gc          ] GC(12) Concurrent Mark Cycle 215.140ms
[2021-05-05T16:20:22.153+0000][7][safepoint   ] Safepoint "ICBufferFull", Time since last: 376366174 ns, Reaching safepoint: 99918 ns, At safepoint: 7888 ns, Total: 107806 ns
[2021-05-05T16:20:22.346+0000][7][safepoint   ] Safepoint "ICBufferFull", Time since last: 192975247 ns, Reaching safepoint: 131185 ns, At safepoint: 8024 ns, Total: 139209 ns
[2021-05-05T16:20:22.765+0000][7][safepoint   ] Safepoint "ICBufferFull", Time since last: 418765773 ns, Reaching safepoint: 276329 ns, At safepoint: 6118 ns, Total: 282447 ns
[2021-05-05T16:20:23.768+0000][7][safepoint   ] Safepoint "Cleanup", Time since last: 1002812699 ns, Reaching safepoint: 99750 ns, At safepoint: 10239 ns, Total: 109989 ns
[2021-05-05T16:20:24.772+0000][7][safepoint   ] Safepoint "Cleanup", Time since last: 1003161563 ns, Reaching safepoint: 293977 ns, At safepoint: 13324 ns, Total: 307301 ns
[2021-05-05T16:20:25.773+0000][7][safepoint   ] Safepoint "Cleanup", Time since last: 1000441038 ns, Reaching safepoint: 214480 ns, At safepoint: 8571 ns, Total: 223051 ns
[2021-05-05T16:20:28.794+0000][7][safepoint   ] Safepoint "Cleanup", Time since last: 3021133908 ns, Reaching safepoint: 98517 ns, At safepoint: 6306 ns, Total: 104823 ns
[2021-05-05T16:20:30.798+0000][7][safepoint   ] Safepoint "Cleanup", Time since last: 2004458172 ns, Reaching safepoint: 53047 ns, At safepoint: 4720 ns, Total: 57767 ns
[2021-05-05T16:20:31.800+0000][7][safepoint   ] Safepoint "Cleanup", Time since last: 1002001300 ns, Reaching safepoint: 46191 ns, At safepoint: 4838 ns, Total: 51029 ns
[2021-05-05T16:20:32.803+0000][7][safepoint   ] Safepoint "Cleanup", Time since last: 1002740072 ns, Reaching safepoint: 171849 ns, At safepoint: 9886 ns, Total: 181735 ns
[2021-05-05T16:20:33.804+0000][7][safepoint   ] Safepoint "Cleanup", Time since last: 1000421051 ns, Reaching safepoint: 224278 ns, At safepoint: 6216 ns, Total: 230494 ns
[2021-05-05T16:20:36.811+0000][7][safepoint   ] Safepoint "Cleanup", Time since last: 3006664653 ns, Reaching safepoint: 49939 ns, At safepoint: 4493 ns, Total: 54432 ns
[2021-05-05T16:20:48.864+0000][7][safepoint   ] Safepoint "Cleanup", Time since last: 12053357642 ns, Reaching safepoint: 79329 ns, At safepoint: 4722 ns, Total: 84051 ns
[2021-05-05T16:20:51.865+0000][7][safepoint   ] Safepoint "Cleanup", Time since last: 3001369449 ns, Reaching safepoint: 57413 ns, At safepoint: 5559 ns, Total: 62972 ns
[2021-05-05T16:21:06.951+0000][7][safepoint   ] Safepoint "Cleanup", Time since last: 15085703427 ns, Reaching safepoint: 48898 ns, At safepoint: 4682 ns, Total: 53580 ns
[2021-05-05T16:21:10.954+0000][7][safepoint   ] Safepoint "Cleanup", Time since last: 4002252982 ns, Reaching safepoint: 50276 ns, At safepoint: 4825 ns, Total: 55101 ns
[2021-05-05T16:21:13.955+0000][7][safepoint   ] Safepoint "Cleanup", Time since last: 3001731840 ns, Reaching safepoint: 76135 ns, At safepoint: 4942 ns, Total: 81077 ns
[2021-05-05T16:21:16.967+0000][7][safepoint   ] Safepoint "Cleanup", Time since last: 3011247072 ns, Reaching safepoint: 50197 ns, At safepoint: 4772 ns, Total: 54969 ns
[2021-05-05T16:21:21.994+0000][7][safepoint   ] Safepoint "Cleanup", Time since last: 5027546077 ns, Reaching safepoint: 53941 ns, At safepoint: 3789 ns, Total: 57730 ns
[2021-05-05T16:21:28.016+0000][7][safepoint   ] Safepoint "Cleanup", Time since last: 6021905397 ns, Reaching safepoint: 66551 ns, At safepoint: 5743 ns, Total: 72294 ns
[2021-05-05T16:21:41.030+0000][7][safepoint   ] Safepoint "Cleanup", Time since last: 13012993571 ns, Reaching safepoint: 253394 ns, At safepoint: 10480 ns, Total: 263874 ns
[2021-05-05T16:22:02.191+0000][7][safepoint   ] Safepoint "Cleanup", Time since last: 21161765914 ns, Reaching safepoint: 87618 ns, At safepoint: 5448 ns, Total: 93066 ns
[2021-05-05T16:22:08.195+0000][7][safepoint   ] Safepoint "Cleanup", Time since last: 6003111278 ns, Reaching safepoint: 52062 ns, At safepoint: 4708 ns, Total: 56770 ns
[2021-05-05T16:22:11.196+0000][7][safepoint   ] Safepoint "Cleanup", Time since last: 3001530790 ns, Reaching safepoint: 46588 ns, At safepoint: 4522 ns, Total: 51110 ns
[2021-05-05T16:22:27.212+0000][7][safepoint   ] Safepoint "Cleanup", Time since last: 16015819933 ns, Reaching safepoint: 147578 ns, At safepoint: 5571 ns, Total: 153149 ns
[2021-05-05T16:22:28.212+0000][7][safepoint   ] Safepoint "Cleanup", Time since last: 1000346442 ns, Reaching safepoint: 53162 ns, At safepoint: 3831 ns, Total: 56993 ns
[2021-05-05T16:22:51.415+0000][7][safepoint   ] Safepoint "Cleanup", Time since last: 23202495834 ns, Reaching safepoint: 40968 ns, At safepoint: 3349 ns, Total: 44317 ns
[2021-05-05T16:22:52.416+0000][7][safepoint   ] Safepoint "Cleanup", Time since last: 1000655026 ns, Reaching safepoint: 99040 ns, At safepoint: 8099 ns, Total: 107139 ns
[2021-05-05T16:22:58.425+0000][7][safepoint   ] Safepoint "Cleanup", Time since last: 6008775752 ns, Reaching safepoint: 53421 ns, At safepoint: 4423 ns, Total: 57844 ns
[2021-05-05T16:22:59.425+0000][7][safepoint   ] Safepoint "Cleanup", Time since last: 1000195528 ns, Reaching safepoint: 51446 ns, At safepoint: 4452 ns, Total: 55898 ns
[2021-05-05T16:23:02.428+0000][7][safepoint   ] Safepoint "Cleanup", Time since last: 3001602402 ns, Reaching safepoint: 1257005 ns, At safepoint: 12404 ns, Total: 1269409 ns
[2021-05-05T16:23:03.432+0000][7][safepoint   ] Safepoint "Cleanup", Time since last: 1004388962 ns, Reaching safepoint: 55529 ns, At safepoint: 5239 ns, Total: 60768 ns
[2021-05-05T16:23:06.437+0000][7][safepoint   ] Safepoint "Cleanup", Time since last: 3004307624 ns, Reaching safepoint: 53210 ns, At safepoint: 4838 ns, Total: 58048 ns
[2021-05-05T16:23:09.437+0000][7][safepoint   ] Safepoint "Cleanup", Time since last: 3000276934 ns, Reaching safepoint: 74089 ns, At safepoint: 5192 ns, Total: 79281 ns
[2021-05-05T16:23:32.462+0000][7][safepoint   ] Safepoint "Cleanup", Time since last: 23024837012 ns, Reaching safepoint: 76205 ns, At safepoint: 8002 ns, Total: 84207 ns
[2021-05-05T16:23:37.484+0000][7][safepoint   ] Safepoint "Cleanup", Time since last: 5022049333 ns, Reaching safepoint: 52510 ns, At safepoint: 4527 ns, Total: 57037 ns
[2021-05-05T16:23:48.505+0000][7][safepoint   ] Safepoint "Cleanup", Time since last: 11021478339 ns, Reaching safepoint: 60456 ns, At safepoint: 4356 ns, Total: 64812 ns
[2021-05-05T16:24:21.529+0000][7][safepoint   ] Safepoint "Cleanup", Time since last: 33022602851 ns, Reaching safepoint: 69956 ns, At safepoint: 4478 ns, Total: 74434 ns
[2021-05-05T16:24:26.530+0000][7][safepoint   ] Safepoint "Cleanup", Time since last: 5001624800 ns, Reaching safepoint: 54689 ns, At safepoint: 5151 ns, Total: 59840 ns
[2021-05-05T16:25:19.562+0000][7][safepoint   ] Safepoint "Cleanup", Time since last: 53028657235 ns, Reaching safepoint: 3162131 ns, At safepoint: 119989 ns, Total: 3282120 ns
[2021-05-05T16:25:21.569+0000][7][safepoint   ] Safepoint "Cleanup", Time since last: 2006721836 ns, Reaching safepoint: 81164 ns, At safepoint: 5168 ns, Total: 86332 ns
[2021-05-05T16:25:24.574+0000][7][safepoint   ] Safepoint "Cleanup", Time since last: 3005769100 ns, Reaching safepoint: 55595 ns, At safepoint: 5634 ns, Total: 61229 ns
[2021-05-05T16:25:51.618+0000][7][safepoint   ] Safepoint "Cleanup", Time since last: 27042419347 ns, Reaching safepoint: 768166 ns, At safepoint: 5738 ns, Total: 773904 ns
[2021-05-05T16:25:54.619+0000][7][safepoint   ] Safepoint "Cleanup", Time since last: 3001072614 ns, Reaching safepoint: 58014 ns, At safepoint: 4696 ns, Total: 62710 ns
[2021-05-05T16:26:08.627+0000][7][safepoint   ] Safepoint "Cleanup", Time since last: 14007856057 ns, Reaching safepoint: 70706 ns, At safepoint: 5027 ns, Total: 75733 ns
[2021-05-05T16:26:17.631+0000][7][safepoint   ] Safepoint "Cleanup", Time since last: 9004130138 ns, Reaching safepoint: 56966 ns, At safepoint: 5173 ns, Total: 62139 ns
[2021-05-05T16:26:41.663+0000][7][safepoint   ] Safepoint "Cleanup", Time since last: 24032322696 ns, Reaching safepoint: 85205 ns, At safepoint: 6202 ns, Total: 91407 ns
[2021-05-05T16:26:52.670+0000][7][safepoint   ] Safepoint "Cleanup", Time since last: 11006805266 ns, Reaching safepoint: 142675 ns, At safepoint: 10983 ns, Total: 153658 ns
[2021-05-05T16:27:22.714+0000][7][safepoint   ] Safepoint "Cleanup", Time since last: 30040818400 ns, Reaching safepoint: 2603071 ns, At safepoint: 13435 ns, Total: 2616506 ns
[2021-05-05T16:27:48.758+0000][7][safepoint   ] Safepoint "Cleanup", Time since last: 26043709637 ns, Reaching safepoint: 117610 ns, At safepoint: 6624 ns, Total: 124234 ns
[2021-05-05T16:27:51.774+0000][7][safepoint   ] Safepoint "Cleanup", Time since last: 3016718785 ns, Reaching safepoint: 101850 ns, At safepoint: 9517 ns, Total: 111367 ns
[2021-05-05T16:28:01.778+0000][7][safepoint   ] Safepoint "Cleanup", Time since last: 10003302503 ns, Reaching safepoint: 143080 ns, At safepoint: 7297 ns, Total: 150377 ns
[2021-05-05T16:28:03.778+0000][7][safepoint   ] Safepoint "Cleanup", Time since last: 2000357157 ns, Reaching safepoint: 54786 ns, At safepoint: 4510 ns, Total: 59296 ns
[2021-05-05T16:28:21.833+0000][7][safepoint   ] Safepoint "Cleanup", Time since last: 18050956955 ns, Reaching safepoint: 3345596 ns, At safepoint: 47692 ns, Total: 3393288 ns
[2021-05-05T16:28:22.846+0000][7][safepoint   ] Safepoint "Cleanup", Time since last: 1011662625 ns, Reaching safepoint: 2153054 ns, At safepoint: 8730 ns, Total: 2161784 ns
[2021-05-05T16:28:23.849+0000][7][safepoint   ] Safepoint "Cleanup", Time since last: 1001955588 ns, Reaching safepoint: 813434 ns, At safepoint: 10008 ns, Total: 823442 ns
[2021-05-05T16:28:33.886+0000][7][safepoint   ] Safepoint "Cleanup", Time since last: 10026131031 ns, Reaching safepoint: 9588964 ns, At safepoint: 710042 ns, Total: 10299006 ns
[2021-05-05T16:28:51.954+0000][7][safepoint   ] Safepoint "Cleanup", Time since last: 18057484409 ns, Reaching safepoint: 9380792 ns, At safepoint: 528187 ns, Total: 9908979 ns
[2021-05-05T16:29:24.960+0000][7][safepoint   ] Safepoint "Cleanup", Time since last: 32651647489 ns, Reaching safepoint: 306491607 ns, At safepoint: 6215167 ns, Total: 312706774 ns
[2021-05-05T16:30:58.910+0000][7][safepoint   ] Safepoint "Cleanup", Time since last: 93973163898 ns, Reaching safepoint: 12870286 ns, At safepoint: 3620097 ns, Total: 16490383 ns
[2021-05-05T16:31:53.139+0000][7][safepoint   ] Safepoint "Cleanup", Time since last: 51363091021 ns, Reaching safepoint: 1648262856 ns, At safepoint: 342854524 ns, Total: 1991117380 ns
