[2021-05-05T16:12:28.137+0000][7][gc] Using G1
[2021-05-05T16:12:30.381+0000][7][gc,init] Version: 16+36 (release)
[2021-05-05T16:12:30.381+0000][7][gc,init] CPUs: 2 total, 2 available
[2021-05-05T16:12:30.381+0000][7][gc,init] Memory: 3935M
[2021-05-05T16:12:30.382+0000][7][gc,init] Large Page Support: Disabled
[2021-05-05T16:12:30.382+0000][7][gc,init] NUMA Support: Disabled
[2021-05-05T16:12:30.382+0000][7][gc,init] Compressed Oops: Enabled (32-bit)
[2021-05-05T16:12:30.382+0000][7][gc,init] Heap Region Size: 4M
[2021-05-05T16:12:30.382+0000][7][gc,init] Heap Min Capacity: 1968M
[2021-05-05T16:12:30.382+0000][7][gc,init] Heap Initial Capacity: 1968M
[2021-05-05T16:12:30.382+0000][7][gc,init] Heap Max Capacity: 1968M
[2021-05-05T16:12:30.382+0000][7][gc,init] Pre-touch: Enabled
[2021-05-05T16:12:30.382+0000][7][gc,init] Parallel Workers: 2
[2021-05-05T16:12:30.382+0000][7][gc,init] Concurrent Workers: 1
[2021-05-05T16:12:30.382+0000][7][gc,init] Concurrent Refinement Workers: 2
[2021-05-05T16:12:30.382+0000][7][gc,init] Periodic GC: Disabled
[2021-05-05T16:12:30.382+0000][7][gc,metaspace] CDS archive(s) mapped at: [0x0000000800000000-0x0000000800bea000-0x0000000800bea000), size 12492800, SharedBaseAddress: 0x0000000800000000, ArchiveRelocationMode: 0.
[2021-05-05T16:12:30.382+0000][7][gc,metaspace] Compressed class space mapped at: 0x0000000800c00000-0x0000000840c00000, reserved size: 1073741824
[2021-05-05T16:12:30.382+0000][7][gc,metaspace] Narrow klass base: 0x0000000800000000, Narrow klass shift: 3, Narrow klass range: 0x100000000
[2021-05-05T16:12:30.989+0000][7][safepoint   ] Safepoint "ICBufferFull", Time since last: 577746833 ns, Reaching safepoint: 123034 ns, At safepoint: 2460 ns, Total: 125494 ns
[2021-05-05T16:12:31.820+0000][7][safepoint   ] Safepoint "ICBufferFull", Time since last: 830635262 ns, Reaching safepoint: 205295 ns, At safepoint: 4056 ns, Total: 209351 ns
[2021-05-05T16:12:32.373+0000][7][safepoint   ] Safepoint "ICBufferFull", Time since last: 552583901 ns, Reaching safepoint: 625918 ns, At safepoint: 9678 ns, Total: 635596 ns
[2021-05-05T16:12:32.758+0000][7][gc,start    ] GC(0) Pause Young (Normal) (G1 Evacuation Pause)
[2021-05-05T16:12:32.758+0000][7][gc,task     ] GC(0) Using 2 workers of 2 for evacuation
[2021-05-05T16:12:32.758+0000][7][gc,age      ] GC(0) Desired survivor size 6291456 bytes, new threshold 15 (max threshold 15)
[2021-05-05T16:12:32.765+0000][7][gc,age      ] GC(0) Age table with threshold 15 (max threshold 15)
[2021-05-05T16:12:32.765+0000][7][gc,age      ] GC(0) - age   1:    7431504 bytes,    7431504 total
[2021-05-05T16:12:32.766+0000][7][gc,phases   ] GC(0)   Pre Evacuate Collection Set: 0.1ms
[2021-05-05T16:12:32.766+0000][7][gc,phases   ] GC(0)   Merge Heap Roots: 0.0ms
[2021-05-05T16:12:32.766+0000][7][gc,phases   ] GC(0)   Evacuate Collection Set: 5.7ms
[2021-05-05T16:12:32.766+0000][7][gc,phases   ] GC(0)   Post Evacuate Collection Set: 1.3ms
[2021-05-05T16:12:32.766+0000][7][gc,phases   ] GC(0)   Other: 0.1ms
[2021-05-05T16:12:32.766+0000][7][gc,heap     ] GC(0) Eden regions: 24->0(22)
[2021-05-05T16:12:32.766+0000][7][gc,heap     ] GC(0) Survivor regions: 0->2(3)
[2021-05-05T16:12:32.766+0000][7][gc,heap     ] GC(0) Old regions: 0->0
[2021-05-05T16:12:32.766+0000][7][gc,heap     ] GC(0) Archive regions: 2->2
[2021-05-05T16:12:32.766+0000][7][gc,heap     ] GC(0) Humongous regions: 0->0
[2021-05-05T16:12:32.766+0000][7][gc,metaspace] GC(0) Metaspace: 14737K(14912K)->14737K(14912K) NonClass: 13085K(13184K)->13085K(13184K) Class: 1652K(1728K)->1652K(1728K)
[2021-05-05T16:12:32.766+0000][7][gc          ] GC(0) Pause Young (Normal) (G1 Evacuation Pause) 99M->11M(1968M) 7.311ms
[2021-05-05T16:12:32.766+0000][7][gc,cpu      ] GC(0) User=0.01s Sys=0.00s Real=0.01s
[2021-05-05T16:12:32.766+0000][7][safepoint   ] Safepoint "G1CollectForAllocation", Time since last: 384933474 ns, Reaching safepoint: 129699 ns, At safepoint: 7376581 ns, Total: 7506280 ns
[2021-05-05T16:12:32.918+0000][7][safepoint   ] Safepoint "ICBufferFull", Time since last: 152428032 ns, Reaching safepoint: 43116 ns, At safepoint: 2830 ns, Total: 45946 ns
[2021-05-05T16:12:32.930+0000][7][safepoint   ] Safepoint "ICBufferFull", Time since last: 12253461 ns, Reaching safepoint: 26993 ns, At safepoint: 3212 ns, Total: 30205 ns
[2021-05-05T16:12:32.938+0000][7][safepoint   ] Safepoint "ICBufferFull", Time since last: 7309154 ns, Reaching safepoint: 29433 ns, At safepoint: 2518 ns, Total: 31951 ns
[2021-05-05T16:12:32.957+0000][7][safepoint   ] Safepoint "ICBufferFull", Time since last: 18789079 ns, Reaching safepoint: 30752 ns, At safepoint: 2944 ns, Total: 33696 ns
[2021-05-05T16:12:32.965+0000][7][safepoint   ] Safepoint "ICBufferFull", Time since last: 8354500 ns, Reaching safepoint: 23136 ns, At safepoint: 2499 ns, Total: 25635 ns
[2021-05-05T16:12:32.972+0000][7][safepoint   ] Safepoint "ICBufferFull", Time since last: 7064106 ns, Reaching safepoint: 21711 ns, At safepoint: 2797 ns, Total: 24508 ns
[2021-05-05T16:12:32.984+0000][7][safepoint   ] Safepoint "ICBufferFull", Time since last: 11946450 ns, Reaching safepoint: 60792 ns, At safepoint: 3207 ns, Total: 63999 ns
[2021-05-05T16:12:32.988+0000][7][safepoint   ] Safepoint "ICBufferFull", Time since last: 3994691 ns, Reaching safepoint: 20732 ns, At safepoint: 2516 ns, Total: 23248 ns
[2021-05-05T16:12:32.993+0000][7][safepoint   ] Safepoint "ICBufferFull", Time since last: 4902855 ns, Reaching safepoint: 21399 ns, At safepoint: 2313 ns, Total: 23712 ns
[2021-05-05T16:12:33.001+0000][7][safepoint   ] Safepoint "ICBufferFull", Time since last: 7953208 ns, Reaching safepoint: 20831 ns, At safepoint: 2405 ns, Total: 23236 ns
[2021-05-05T16:12:33.008+0000][7][safepoint   ] Safepoint "ICBufferFull", Time since last: 7432584 ns, Reaching safepoint: 22065 ns, At safepoint: 2408 ns, Total: 24473 ns
[2021-05-05T16:12:33.013+0000][7][safepoint   ] Safepoint "ICBufferFull", Time since last: 4362511 ns, Reaching safepoint: 23122 ns, At safepoint: 2244 ns, Total: 25366 ns
[2021-05-05T16:12:33.015+0000][7][safepoint   ] Safepoint "ICBufferFull", Time since last: 2631391 ns, Reaching safepoint: 44343 ns, At safepoint: 2487 ns, Total: 46830 ns
[2021-05-05T16:12:33.021+0000][7][safepoint   ] Safepoint "ICBufferFull", Time since last: 5435285 ns, Reaching safepoint: 22547 ns, At safepoint: 40350 ns, Total: 62897 ns
[2021-05-05T16:12:33.025+0000][7][safepoint   ] Safepoint "ICBufferFull", Time since last: 3551299 ns, Reaching safepoint: 20733 ns, At safepoint: 2746 ns, Total: 23479 ns
[2021-05-05T16:12:33.026+0000][7][safepoint   ] Safepoint "ICBufferFull", Time since last: 1734042 ns, Reaching safepoint: 19431 ns, At safepoint: 2005 ns, Total: 21436 ns
[2021-05-05T16:12:33.029+0000][7][safepoint   ] Safepoint "ICBufferFull", Time since last: 3030136 ns, Reaching safepoint: 22684 ns, At safepoint: 2042 ns, Total: 24726 ns
[2021-05-05T16:12:33.036+0000][7][safepoint   ] Safepoint "ICBufferFull", Time since last: 6828045 ns, Reaching safepoint: 25002 ns, At safepoint: 2965 ns, Total: 27967 ns
[2021-05-05T16:12:33.048+0000][7][safepoint   ] Safepoint "ICBufferFull", Time since last: 11419187 ns, Reaching safepoint: 25767 ns, At safepoint: 2327 ns, Total: 28094 ns
[2021-05-05T16:12:33.050+0000][7][safepoint   ] Safepoint "ICBufferFull", Time since last: 2213432 ns, Reaching safepoint: 22984 ns, At safepoint: 2230 ns, Total: 25214 ns
[2021-05-05T16:12:33.050+0000][7][safepoint   ] Safepoint "ICBufferFull", Time since last: 504239 ns, Reaching safepoint: 16767 ns, At safepoint: 1571 ns, Total: 18338 ns
[2021-05-05T16:12:33.051+0000][7][safepoint   ] Safepoint "ICBufferFull", Time since last: 953891 ns, Reaching safepoint: 18412 ns, At safepoint: 25847 ns, Total: 44259 ns
[2021-05-05T16:12:33.052+0000][7][safepoint   ] Safepoint "ICBufferFull", Time since last: 567336 ns, Reaching safepoint: 18686 ns, At safepoint: 1564 ns, Total: 20250 ns
[2021-05-05T16:12:33.053+0000][7][safepoint   ] Safepoint "ICBufferFull", Time since last: 555959 ns, Reaching safepoint: 65335 ns, At safepoint: 2494 ns, Total: 67829 ns
[2021-05-05T16:12:33.055+0000][7][safepoint   ] Safepoint "ICBufferFull", Time since last: 2277780 ns, Reaching safepoint: 21853 ns, At safepoint: 2193 ns, Total: 24046 ns
[2021-05-05T16:12:33.056+0000][7][safepoint   ] Safepoint "ICBufferFull", Time since last: 807062 ns, Reaching safepoint: 18889 ns, At safepoint: 1813 ns, Total: 20702 ns
[2021-05-05T16:12:33.056+0000][7][safepoint   ] Safepoint "ICBufferFull", Time since last: 671411 ns, Reaching safepoint: 17242 ns, At safepoint: 2187 ns, Total: 19429 ns
[2021-05-05T16:12:33.057+0000][7][safepoint   ] Safepoint "ICBufferFull", Time since last: 531275 ns, Reaching safepoint: 14224 ns, At safepoint: 1289 ns, Total: 15513 ns
[2021-05-05T16:12:33.058+0000][7][safepoint   ] Safepoint "ICBufferFull", Time since last: 1005968 ns, Reaching safepoint: 25362 ns, At safepoint: 1951 ns, Total: 27313 ns
[2021-05-05T16:12:33.059+0000][7][safepoint   ] Safepoint "ICBufferFull", Time since last: 794274 ns, Reaching safepoint: 20223 ns, At safepoint: 1721 ns, Total: 21944 ns
[2021-05-05T16:12:33.059+0000][7][safepoint   ] Safepoint "ICBufferFull", Time since last: 491618 ns, Reaching safepoint: 14223 ns, At safepoint: 1522 ns, Total: 15745 ns
[2021-05-05T16:12:33.060+0000][7][safepoint   ] Safepoint "ICBufferFull", Time since last: 1098806 ns, Reaching safepoint: 18324 ns, At safepoint: 1714 ns, Total: 20038 ns
[2021-05-05T16:12:33.061+0000][7][safepoint   ] Safepoint "ICBufferFull", Time since last: 541354 ns, Reaching safepoint: 15163 ns, At safepoint: 1370 ns, Total: 16533 ns
[2021-05-05T16:12:33.061+0000][7][safepoint   ] Safepoint "ICBufferFull", Time since last: 475447 ns, Reaching safepoint: 14573 ns, At safepoint: 1114 ns, Total: 15687 ns
[2021-05-05T16:12:33.062+0000][7][safepoint   ] Safepoint "ICBufferFull", Time since last: 456639 ns, Reaching safepoint: 13855 ns, At safepoint: 1068 ns, Total: 14923 ns
[2021-05-05T16:12:33.063+0000][7][safepoint   ] Safepoint "ICBufferFull", Time since last: 690737 ns, Reaching safepoint: 17864 ns, At safepoint: 2358 ns, Total: 20222 ns
[2021-05-05T16:12:33.071+0000][7][safepoint   ] Safepoint "ICBufferFull", Time since last: 8138912 ns, Reaching safepoint: 21917 ns, At safepoint: 2482 ns, Total: 24399 ns
[2021-05-05T16:12:33.079+0000][7][safepoint   ] Safepoint "ICBufferFull", Time since last: 8192593 ns, Reaching safepoint: 40703 ns, At safepoint: 2568 ns, Total: 43271 ns
[2021-05-05T16:12:33.085+0000][7][safepoint   ] Safepoint "ICBufferFull", Time since last: 6186938 ns, Reaching safepoint: 24002 ns, At safepoint: 2271 ns, Total: 26273 ns
[2021-05-05T16:12:33.091+0000][7][safepoint   ] Safepoint "ICBufferFull", Time since last: 5700245 ns, Reaching safepoint: 22039 ns, At safepoint: 2193 ns, Total: 24232 ns
[2021-05-05T16:12:33.831+0000][7][gc,start    ] GC(1) Pause Young (Normal) (G1 Evacuation Pause)
[2021-05-05T16:12:33.831+0000][7][gc,task     ] GC(1) Using 2 workers of 2 for evacuation
[2021-05-05T16:12:33.831+0000][7][gc,age      ] GC(1) Desired survivor size 6291456 bytes, new threshold 1 (max threshold 15)
[2021-05-05T16:12:33.909+0000][7][gc,age      ] GC(1) Age table with threshold 1 (max threshold 15)
[2021-05-05T16:12:33.909+0000][7][gc,age      ] GC(1) - age   1:    3102352 bytes,    3102352 total
[2021-05-05T16:12:33.909+0000][7][gc,phases   ] GC(1)   Pre Evacuate Collection Set: 0.1ms
[2021-05-05T16:12:33.909+0000][7][gc,phases   ] GC(1)   Merge Heap Roots: 0.0ms
[2021-05-05T16:12:33.909+0000][7][gc,phases   ] GC(1)   Evacuate Collection Set: 72.8ms
[2021-05-05T16:12:33.909+0000][7][gc,phases   ] GC(1)   Post Evacuate Collection Set: 5.0ms
[2021-05-05T16:12:33.909+0000][7][gc,phases   ] GC(1)   Other: 0.2ms
[2021-05-05T16:12:33.909+0000][7][gc,heap     ] GC(1) Eden regions: 22->0(23)
[2021-05-05T16:12:33.909+0000][7][gc,heap     ] GC(1) Survivor regions: 2->1(3)
[2021-05-05T16:12:33.909+0000][7][gc,heap     ] GC(1) Old regions: 0->2
[2021-05-05T16:12:33.909+0000][7][gc,heap     ] GC(1) Archive regions: 2->2
[2021-05-05T16:12:33.909+0000][7][gc,heap     ] GC(1) Humongous regions: 0->0
[2021-05-05T16:12:33.909+0000][7][gc,metaspace] GC(1) Metaspace: 17838K(18112K)->17838K(18112K) NonClass: 15753K(15936K)->15753K(15936K) Class: 2085K(2176K)->2085K(2176K)
[2021-05-05T16:12:33.909+0000][7][gc          ] GC(1) Pause Young (Normal) (G1 Evacuation Pause) 99M->14M(1968M) 78.208ms
[2021-05-05T16:12:33.909+0000][7][gc,cpu      ] GC(1) User=0.02s Sys=0.00s Real=0.08s
[2021-05-05T16:12:33.909+0000][7][safepoint   ] Safepoint "G1CollectForAllocation", Time since last: 739453216 ns, Reaching safepoint: 82657 ns, At safepoint: 78267844 ns, Total: 78350501 ns
[2021-05-05T16:12:34.558+0000][7][gc,start    ] GC(2) Pause Young (Normal) (G1 Evacuation Pause)
[2021-05-05T16:12:34.558+0000][7][gc,task     ] GC(2) Using 2 workers of 2 for evacuation
[2021-05-05T16:12:34.558+0000][7][gc,age      ] GC(2) Desired survivor size 6291456 bytes, new threshold 15 (max threshold 15)
[2021-05-05T16:12:34.568+0000][7][gc,age      ] GC(2) Age table with threshold 15 (max threshold 15)
[2021-05-05T16:12:34.568+0000][7][gc,age      ] GC(2) - age   1:    2383216 bytes,    2383216 total
[2021-05-05T16:12:34.568+0000][7][gc,age      ] GC(2) - age   2:    2766832 bytes,    5150048 total
[2021-05-05T16:12:34.568+0000][7][gc,phases   ] GC(2)   Pre Evacuate Collection Set: 0.1ms
[2021-05-05T16:12:34.568+0000][7][gc,phases   ] GC(2)   Merge Heap Roots: 0.0ms
[2021-05-05T16:12:34.568+0000][7][gc,phases   ] GC(2)   Evacuate Collection Set: 9.0ms
[2021-05-05T16:12:34.568+0000][7][gc,phases   ] GC(2)   Post Evacuate Collection Set: 0.3ms
[2021-05-05T16:12:34.568+0000][7][gc,phases   ] GC(2)   Other: 0.1ms
[2021-05-05T16:12:34.568+0000][7][gc,heap     ] GC(2) Eden regions: 23->0(22)
[2021-05-05T16:12:34.568+0000][7][gc,heap     ] GC(2) Survivor regions: 1->2(3)
[2021-05-05T16:12:34.568+0000][7][gc,heap     ] GC(2) Old regions: 2->2
[2021-05-05T16:12:34.568+0000][7][gc,heap     ] GC(2) Archive regions: 2->2
[2021-05-05T16:12:34.568+0000][7][gc,heap     ] GC(2) Humongous regions: 0->0
[2021-05-05T16:12:34.568+0000][7][gc,metaspace] GC(2) Metaspace: 18245K(18496K)->18245K(18496K) NonClass: 16109K(16256K)->16109K(16256K) Class: 2135K(2240K)->2135K(2240K)
[2021-05-05T16:12:34.568+0000][7][gc          ] GC(2) Pause Young (Normal) (G1 Evacuation Pause) 106M->16M(1968M) 9.610ms
[2021-05-05T16:12:34.568+0000][7][gc,cpu      ] GC(2) User=0.01s Sys=0.00s Real=0.01s
[2021-05-05T16:12:34.568+0000][7][safepoint   ] Safepoint "G1CollectForAllocation", Time since last: 649333389 ns, Reaching safepoint: 64619 ns, At safepoint: 9713297 ns, Total: 9777916 ns
[2021-05-05T16:12:34.811+0000][7][gc,start    ] GC(3) Pause Young (Normal) (G1 Evacuation Pause)
[2021-05-05T16:12:34.811+0000][7][gc,task     ] GC(3) Using 2 workers of 2 for evacuation
[2021-05-05T16:12:34.811+0000][7][gc,age      ] GC(3) Desired survivor size 6291456 bytes, new threshold 15 (max threshold 15)
[2021-05-05T16:12:34.825+0000][7][gc,age      ] GC(3) Age table with threshold 15 (max threshold 15)
[2021-05-05T16:12:34.825+0000][7][gc,age      ] GC(3) - age   1:    1262056 bytes,    1262056 total
[2021-05-05T16:12:34.825+0000][7][gc,age      ] GC(3) - age   2:    1623424 bytes,    2885480 total
[2021-05-05T16:12:34.825+0000][7][gc,age      ] GC(3) - age   3:    2766800 bytes,    5652280 total
[2021-05-05T16:12:34.825+0000][7][gc,phases   ] GC(3)   Pre Evacuate Collection Set: 0.2ms
[2021-05-05T16:12:34.825+0000][7][gc,phases   ] GC(3)   Merge Heap Roots: 0.0ms
[2021-05-05T16:12:34.825+0000][7][gc,phases   ] GC(3)   Evacuate Collection Set: 8.4ms
[2021-05-05T16:12:34.825+0000][7][gc,phases   ] GC(3)   Post Evacuate Collection Set: 5.4ms
[2021-05-05T16:12:34.825+0000][7][gc,phases   ] GC(3)   Other: 0.1ms
[2021-05-05T16:12:34.825+0000][7][gc,heap     ] GC(3) Eden regions: 22->0(24)
[2021-05-05T16:12:34.825+0000][7][gc,heap     ] GC(3) Survivor regions: 2->2(3)
[2021-05-05T16:12:34.825+0000][7][gc,heap     ] GC(3) Old regions: 2->2
[2021-05-05T16:12:34.825+0000][7][gc,heap     ] GC(3) Archive regions: 2->2
[2021-05-05T16:12:34.825+0000][7][gc,heap     ] GC(3) Humongous regions: 0->0
[2021-05-05T16:12:34.825+0000][7][gc,metaspace] GC(3) Metaspace: 18363K(18688K)->18363K(18688K) NonClass: 16212K(16384K)->16212K(16384K) Class: 2151K(2304K)->2151K(2304K)
[2021-05-05T16:12:34.825+0000][7][gc          ] GC(3) Pause Young (Normal) (G1 Evacuation Pause) 104M->16M(1968M) 14.221ms
[2021-05-05T16:12:34.825+0000][7][gc,cpu      ] GC(3) User=0.01s Sys=0.00s Real=0.01s
[2021-05-05T16:12:34.825+0000][7][safepoint   ] Safepoint "G1CollectForAllocation", Time since last: 242529625 ns, Reaching safepoint: 36826 ns, At safepoint: 14273287 ns, Total: 14310113 ns
[2021-05-05T16:12:35.254+0000][7][gc,start    ] GC(4) Pause Young (Normal) (G1 Evacuation Pause)
[2021-05-05T16:12:35.254+0000][7][gc,task     ] GC(4) Using 2 workers of 2 for evacuation
[2021-05-05T16:12:35.254+0000][7][gc,age      ] GC(4) Desired survivor size 8388608 bytes, new threshold 15 (max threshold 15)
[2021-05-05T16:12:35.264+0000][7][gc,age      ] GC(4) Age table with threshold 15 (max threshold 15)
[2021-05-05T16:12:35.264+0000][7][gc,age      ] GC(4) - age   1:     799984 bytes,     799984 total
[2021-05-05T16:12:35.264+0000][7][gc,age      ] GC(4) - age   2:     303144 bytes,    1103128 total
[2021-05-05T16:12:35.264+0000][7][gc,age      ] GC(4) - age   3:    1623112 bytes,    2726240 total
[2021-05-05T16:12:35.264+0000][7][gc,age      ] GC(4) - age   4:    2766584 bytes,    5492824 total
[2021-05-05T16:12:35.264+0000][7][gc,phases   ] GC(4)   Pre Evacuate Collection Set: 0.2ms
[2021-05-05T16:12:35.264+0000][7][gc,phases   ] GC(4)   Merge Heap Roots: 0.1ms
[2021-05-05T16:12:35.264+0000][7][gc,phases   ] GC(4)   Evacuate Collection Set: 8.2ms
[2021-05-05T16:12:35.264+0000][7][gc,phases   ] GC(4)   Post Evacuate Collection Set: 1.4ms
[2021-05-05T16:12:35.264+0000][7][gc,phases   ] GC(4)   Other: 0.2ms
[2021-05-05T16:12:35.264+0000][7][gc,heap     ] GC(4) Eden regions: 24->0(31)
[2021-05-05T16:12:35.264+0000][7][gc,heap     ] GC(4) Survivor regions: 2->2(4)
[2021-05-05T16:12:35.264+0000][7][gc,heap     ] GC(4) Old regions: 2->2
[2021-05-05T16:12:35.264+0000][7][gc,heap     ] GC(4) Archive regions: 2->2
[2021-05-05T16:12:35.264+0000][7][gc,heap     ] GC(4) Humongous regions: 0->0
[2021-05-05T16:12:35.264+0000][7][gc,metaspace] GC(4) Metaspace: 18748K(19136K)->18748K(19136K) NonClass: 16533K(16768K)->16533K(16768K) Class: 2215K(2368K)->2215K(2368K)
[2021-05-05T16:12:35.264+0000][7][gc          ] GC(4) Pause Young (Normal) (G1 Evacuation Pause) 112M->16M(1968M) 9.994ms
[2021-05-05T16:12:35.264+0000][7][gc,cpu      ] GC(4) User=0.01s Sys=0.00s Real=0.01s
[2021-05-05T16:12:35.264+0000][7][safepoint   ] Safepoint "G1CollectForAllocation", Time since last: 428808236 ns, Reaching safepoint: 100975 ns, At safepoint: 10038105 ns, Total: 10139080 ns
[2021-05-05T16:12:35.632+0000][7][gc,start    ] GC(5) Pause Young (Normal) (G1 Evacuation Pause)
[2021-05-05T16:12:35.632+0000][7][gc,task     ] GC(5) Using 2 workers of 2 for evacuation
[2021-05-05T16:12:35.632+0000][7][gc,age      ] GC(5) Desired survivor size 10485760 bytes, new threshold 15 (max threshold 15)
[2021-05-05T16:12:35.637+0000][7][gc,age      ] GC(5) Age table with threshold 15 (max threshold 15)
[2021-05-05T16:12:35.637+0000][7][gc,age      ] GC(5) - age   1:     620320 bytes,     620320 total
[2021-05-05T16:12:35.637+0000][7][gc,age      ] GC(5) - age   2:     509656 bytes,    1129976 total
[2021-05-05T16:12:35.637+0000][7][gc,age      ] GC(5) - age   3:     303144 bytes,    1433120 total
[2021-05-05T16:12:35.637+0000][7][gc,age      ] GC(5) - age   4:    1623112 bytes,    3056232 total
[2021-05-05T16:12:35.637+0000][7][gc,age      ] GC(5) - age   5:    2765704 bytes,    5821936 total
[2021-05-05T16:12:35.637+0000][7][gc,phases   ] GC(5)   Pre Evacuate Collection Set: 0.3ms
[2021-05-05T16:12:35.637+0000][7][gc,phases   ] GC(5)   Merge Heap Roots: 0.0ms
[2021-05-05T16:12:35.637+0000][7][gc,phases   ] GC(5)   Evacuate Collection Set: 4.3ms
[2021-05-05T16:12:35.637+0000][7][gc,phases   ] GC(5)   Post Evacuate Collection Set: 0.5ms
[2021-05-05T16:12:35.637+0000][7][gc,phases   ] GC(5)   Other: 0.3ms
[2021-05-05T16:12:35.637+0000][7][gc,heap     ] GC(5) Eden regions: 31->0(293)
[2021-05-05T16:12:35.637+0000][7][gc,heap     ] GC(5) Survivor regions: 2->2(5)
[2021-05-05T16:12:35.637+0000][7][gc,heap     ] GC(5) Old regions: 2->2
[2021-05-05T16:12:35.637+0000][7][gc,heap     ] GC(5) Archive regions: 2->2
[2021-05-05T16:12:35.637+0000][7][gc,heap     ] GC(5) Humongous regions: 0->0
[2021-05-05T16:12:35.637+0000][7][gc,metaspace] GC(5) Metaspace: 18936K(19264K)->18936K(19264K) NonClass: 16706K(16896K)->16706K(16896K) Class: 2229K(2368K)->2229K(2368K)
[2021-05-05T16:12:35.637+0000][7][gc          ] GC(5) Pause Young (Normal) (G1 Evacuation Pause) 140M->17M(1968M) 5.447ms
[2021-05-05T16:12:35.637+0000][7][gc,cpu      ] GC(5) User=0.00s Sys=0.01s Real=0.00s
[2021-05-05T16:12:35.637+0000][7][safepoint   ] Safepoint "G1CollectForAllocation", Time since last: 365185448 ns, Reaching safepoint: 2653383 ns, At safepoint: 5524081 ns, Total: 8177464 ns
[2021-05-05T16:12:36.816+0000][7][safepoint   ] Safepoint "Cleanup", Time since last: 1178336828 ns, Reaching safepoint: 302408 ns, At safepoint: 4043 ns, Total: 306451 ns
[2021-05-05T16:12:37.825+0000][7][safepoint   ] Safepoint "Cleanup", Time since last: 1008497572 ns, Reaching safepoint: 916206 ns, At safepoint: 6607 ns, Total: 922813 ns
[2021-05-05T16:12:38.474+0000][7][gc,start    ] GC(6) Pause Young (Concurrent Start) (Metadata GC Threshold)
[2021-05-05T16:12:38.474+0000][7][gc,task     ] GC(6) Using 2 workers of 2 for evacuation
[2021-05-05T16:12:38.474+0000][7][gc,age      ] GC(6) Desired survivor size 77594624 bytes, new threshold 15 (max threshold 15)
[2021-05-05T16:12:38.502+0000][7][gc,age      ] GC(6) Age table with threshold 15 (max threshold 15)
[2021-05-05T16:12:38.502+0000][7][gc,age      ] GC(6) - age   1:    4836992 bytes,    4836992 total
[2021-05-05T16:12:38.502+0000][7][gc,age      ] GC(6) - age   2:     599304 bytes,    5436296 total
[2021-05-05T16:12:38.502+0000][7][gc,age      ] GC(6) - age   3:     508408 bytes,    5944704 total
[2021-05-05T16:12:38.502+0000][7][gc,age      ] GC(6) - age   4:     302984 bytes,    6247688 total
[2021-05-05T16:12:38.502+0000][7][gc,age      ] GC(6) - age   5:    1622632 bytes,    7870320 total
[2021-05-05T16:12:38.502+0000][7][gc,age      ] GC(6) - age   6:    2761488 bytes,   10631808 total
[2021-05-05T16:12:38.502+0000][7][gc,phases   ] GC(6)   Pre Evacuate Collection Set: 0.3ms
[2021-05-05T16:12:38.502+0000][7][gc,phases   ] GC(6)   Merge Heap Roots: 0.2ms
[2021-05-05T16:12:38.502+0000][7][gc,phases   ] GC(6)   Evacuate Collection Set: 18.1ms
[2021-05-05T16:12:38.502+0000][7][gc,phases   ] GC(6)   Post Evacuate Collection Set: 4.9ms
[2021-05-05T16:12:38.502+0000][7][gc,phases   ] GC(6)   Other: 4.8ms
[2021-05-05T16:12:38.502+0000][7][gc,heap     ] GC(6) Eden regions: 195->0(196)
[2021-05-05T16:12:38.502+0000][7][gc,heap     ] GC(6) Survivor regions: 2->3(37)
[2021-05-05T16:12:38.502+0000][7][gc,heap     ] GC(6) Old regions: 2->2
[2021-05-05T16:12:38.502+0000][7][gc,heap     ] GC(6) Archive regions: 2->2
[2021-05-05T16:12:38.502+0000][7][gc,heap     ] GC(6) Humongous regions: 0->0
[2021-05-05T16:12:38.502+0000][7][gc,metaspace] GC(6) Metaspace: 20800K(21248K)->20800K(21248K) NonClass: 18295K(18560K)->18295K(18560K) Class: 2504K(2688K)->2504K(2688K)
[2021-05-05T16:12:38.507+0000][7][gc          ] GC(6) Pause Young (Concurrent Start) (Metadata GC Threshold) 797M->21M(1968M) 33.432ms
[2021-05-05T16:12:38.507+0000][7][gc,cpu      ] GC(6) User=0.02s Sys=0.00s Real=0.03s
[2021-05-05T16:12:38.508+0000][7][safepoint   ] Safepoint "CollectForMetadataAllocation", Time since last: 648786173 ns, Reaching safepoint: 72322 ns, At safepoint: 33561927 ns, Total: 33634249 ns
[2021-05-05T16:12:38.508+0000][7][gc          ] GC(7) Concurrent Mark Cycle
[2021-05-05T16:12:38.508+0000][7][gc,marking  ] GC(7) Concurrent Clear Claimed Marks
[2021-05-05T16:12:38.508+0000][7][gc,marking  ] GC(7) Concurrent Clear Claimed Marks 0.030ms
[2021-05-05T16:12:38.508+0000][7][gc,marking  ] GC(7) Concurrent Scan Root Regions
[2021-05-05T16:12:38.518+0000][7][gc,marking  ] GC(7) Concurrent Scan Root Regions 10.811ms
[2021-05-05T16:12:38.518+0000][7][gc,marking  ] GC(7) Concurrent Mark
[2021-05-05T16:12:38.518+0000][7][gc,marking  ] GC(7) Concurrent Mark From Roots
[2021-05-05T16:12:38.519+0000][7][gc,task     ] GC(7) Using 1 workers of 1 for marking
[2021-05-05T16:12:38.623+0000][7][gc,marking  ] GC(7) Concurrent Mark From Roots 104.190ms
[2021-05-05T16:12:38.623+0000][7][gc,marking  ] GC(7) Concurrent Preclean
[2021-05-05T16:12:38.623+0000][7][gc,marking  ] GC(7) Concurrent Preclean 0.072ms
[2021-05-05T16:12:38.624+0000][7][gc,start    ] GC(7) Pause Remark
[2021-05-05T16:12:38.676+0000][7][gc          ] GC(7) Pause Remark 33M->33M(1968M) 52.045ms
[2021-05-05T16:12:38.676+0000][7][gc,cpu      ] GC(7) User=0.01s Sys=0.00s Real=0.05s
[2021-05-05T16:12:38.676+0000][7][safepoint   ] Safepoint "G1Concurrent", Time since last: 115253984 ns, Reaching safepoint: 639412 ns, At safepoint: 52231815 ns, Total: 52871227 ns
[2021-05-05T16:12:38.676+0000][7][gc,marking  ] GC(7) Concurrent Mark 157.271ms
[2021-05-05T16:12:38.676+0000][7][gc,marking  ] GC(7) Concurrent Rebuild Remembered Sets
[2021-05-05T16:12:38.700+0000][7][gc,marking  ] GC(7) Concurrent Rebuild Remembered Sets 24.708ms
[2021-05-05T16:12:38.702+0000][7][gc,start    ] GC(7) Pause Cleanup
[2021-05-05T16:12:38.703+0000][7][gc          ] GC(7) Pause Cleanup 35M->35M(1968M) 0.737ms
[2021-05-05T16:12:38.703+0000][7][gc,cpu      ] GC(7) User=0.00s Sys=0.00s Real=0.00s
[2021-05-05T16:12:38.703+0000][7][safepoint   ] Safepoint "G1Concurrent", Time since last: 24877921 ns, Reaching safepoint: 1376841 ns, At safepoint: 784841 ns, Total: 2161682 ns
[2021-05-05T16:12:38.703+0000][7][gc,marking  ] GC(7) Concurrent Cleanup for Next Mark
[2021-05-05T16:12:38.707+0000][7][gc,marking  ] GC(7) Concurrent Cleanup for Next Mark 3.940ms
[2021-05-05T16:12:38.707+0000][7][gc          ] GC(7) Concurrent Mark Cycle 199.142ms
[2021-05-05T16:12:39.709+0000][7][safepoint   ] Safepoint "Cleanup", Time since last: 1005239810 ns, Reaching safepoint: 566871 ns, At safepoint: 4895 ns, Total: 571766 ns
[2021-05-05T16:12:40.711+0000][7][safepoint   ] Safepoint "Cleanup", Time since last: 1001634134 ns, Reaching safepoint: 1247593 ns, At safepoint: 9794 ns, Total: 1257387 ns
[2021-05-05T16:12:41.712+0000][7][safepoint   ] Safepoint "Cleanup", Time since last: 1000182383 ns, Reaching safepoint: 453269 ns, At safepoint: 5539 ns, Total: 458808 ns
[2021-05-05T16:12:42.952+0000][7][safepoint   ] Safepoint "Cleanup", Time since last: 1239818885 ns, Reaching safepoint: 268539 ns, At safepoint: 6256 ns, Total: 274795 ns
[2021-05-05T16:12:43.964+0000][7][safepoint   ] Safepoint "Cleanup", Time since last: 1004187392 ns, Reaching safepoint: 7731173 ns, At safepoint: 9922 ns, Total: 7741095 ns
[2021-05-05T16:12:45.914+0000][7][safepoint   ] Safepoint "Cleanup", Time since last: 1949624468 ns, Reaching safepoint: 349812 ns, At safepoint: 5996 ns, Total: 355808 ns
[2021-05-05T16:12:46.920+0000][7][safepoint   ] Safepoint "Cleanup", Time since last: 1005878201 ns, Reaching safepoint: 68762 ns, At safepoint: 3417 ns, Total: 72179 ns
[2021-05-05T16:12:47.709+0000][7][gc,start    ] GC(8) Pause Young (Concurrent Start) (Metadata GC Threshold)
[2021-05-05T16:12:47.709+0000][7][gc,task     ] GC(8) Using 2 workers of 2 for evacuation
[2021-05-05T16:12:47.709+0000][7][gc,age      ] GC(8) Desired survivor size 52428800 bytes, new threshold 15 (max threshold 15)
[2021-05-05T16:12:47.834+0000][7][gc,age      ] GC(8) Age table with threshold 15 (max threshold 15)
[2021-05-05T16:12:47.834+0000][7][gc,age      ] GC(8) - age   1:   39834576 bytes,   39834576 total
[2021-05-05T16:12:47.834+0000][7][gc,age      ] GC(8) - age   2:    4756440 bytes,   44591016 total
[2021-05-05T16:12:47.834+0000][7][gc,age      ] GC(8) - age   3:     592536 bytes,   45183552 total
[2021-05-05T16:12:47.834+0000][7][gc,age      ] GC(8) - age   4:     500520 bytes,   45684072 total
[2021-05-05T16:12:47.834+0000][7][gc,age      ] GC(8) - age   5:     299632 bytes,   45983704 total
[2021-05-05T16:12:47.834+0000][7][gc,age      ] GC(8) - age   6:    1610592 bytes,   47594296 total
[2021-05-05T16:12:47.834+0000][7][gc,age      ] GC(8) - age   7:    2732120 bytes,   50326416 total
[2021-05-05T16:12:47.834+0000][7][gc,phases   ] GC(8)   Pre Evacuate Collection Set: 0.2ms
[2021-05-05T16:12:47.834+0000][7][gc,phases   ] GC(8)   Merge Heap Roots: 0.1ms
[2021-05-05T16:12:47.834+0000][7][gc,phases   ] GC(8)   Evacuate Collection Set: 118.6ms
[2021-05-05T16:12:47.834+0000][7][gc,phases   ] GC(8)   Post Evacuate Collection Set: 5.5ms
[2021-05-05T16:12:47.834+0000][7][gc,phases   ] GC(8)   Other: 0.3ms
[2021-05-05T16:12:47.834+0000][7][gc,heap     ] GC(8) Eden regions: 152->0(49)
[2021-05-05T16:12:47.834+0000][7][gc,heap     ] GC(8) Survivor regions: 3->13(25)
[2021-05-05T16:12:47.834+0000][7][gc,heap     ] GC(8) Old regions: 2->2
[2021-05-05T16:12:47.834+0000][7][gc,heap     ] GC(8) Archive regions: 2->2
[2021-05-05T16:12:47.834+0000][7][gc,heap     ] GC(8) Humongous regions: 0->0
[2021-05-05T16:12:47.834+0000][7][gc,metaspace] GC(8) Metaspace: 34675K(35520K)->34675K(35520K) NonClass: 30228K(30720K)->30228K(30720K) Class: 4446K(4800K)->4446K(4800K)
[2021-05-05T16:12:47.834+0000][7][gc          ] GC(8) Pause Young (Concurrent Start) (Metadata GC Threshold) 629M->59M(1968M) 124.672ms
[2021-05-05T16:12:47.834+0000][7][gc,cpu      ] GC(8) User=0.09s Sys=0.00s Real=0.12s
[2021-05-05T16:12:47.834+0000][7][safepoint   ] Safepoint "CollectForMetadataAllocation", Time since last: 788982099 ns, Reaching safepoint: 39015 ns, At safepoint: 124774396 ns, Total: 124813411 ns
[2021-05-05T16:12:47.835+0000][7][gc          ] GC(9) Concurrent Mark Cycle
[2021-05-05T16:12:47.835+0000][7][gc,marking  ] GC(9) Concurrent Clear Claimed Marks
[2021-05-05T16:12:47.835+0000][7][gc,marking  ] GC(9) Concurrent Clear Claimed Marks 0.061ms
[2021-05-05T16:12:47.835+0000][7][gc,marking  ] GC(9) Concurrent Scan Root Regions
[2021-05-05T16:12:47.975+0000][7][safepoint   ] Safepoint "CollectForMetadataAllocation", Time since last: 141322434 ns, Reaching safepoint: 29072 ns, At safepoint: 39432 ns, Total: 68504 ns
[2021-05-05T16:12:47.986+0000][7][gc,marking  ] GC(9) Concurrent Scan Root Regions 151.026ms
[2021-05-05T16:12:47.986+0000][7][gc,marking  ] GC(9) Concurrent Mark
[2021-05-05T16:12:47.986+0000][7][gc,marking  ] GC(9) Concurrent Mark From Roots
[2021-05-05T16:12:47.986+0000][7][gc,task     ] GC(9) Using 1 workers of 1 for marking
[2021-05-05T16:12:48.028+0000][7][gc,marking  ] GC(9) Concurrent Mark From Roots 41.648ms
[2021-05-05T16:12:48.028+0000][7][gc,marking  ] GC(9) Concurrent Preclean
[2021-05-05T16:12:48.028+0000][7][gc,marking  ] GC(9) Concurrent Preclean 0.240ms
[2021-05-05T16:12:48.028+0000][7][gc,start    ] GC(9) Pause Remark
[2021-05-05T16:12:48.036+0000][7][gc          ] GC(9) Pause Remark 63M->63M(1968M) 7.785ms
[2021-05-05T16:12:48.036+0000][7][gc,cpu      ] GC(9) User=0.00s Sys=0.00s Real=0.00s
[2021-05-05T16:12:48.036+0000][7][safepoint   ] Safepoint "G1Concurrent", Time since last: 52705761 ns, Reaching safepoint: 264361 ns, At safepoint: 7850846 ns, Total: 8115207 ns
[2021-05-05T16:12:48.039+0000][7][gc,marking  ] GC(9) Concurrent Mark 53.071ms
[2021-05-05T16:12:48.039+0000][7][gc,marking  ] GC(9) Concurrent Rebuild Remembered Sets
[2021-05-05T16:12:48.067+0000][7][gc,marking  ] GC(9) Concurrent Rebuild Remembered Sets 27.716ms
[2021-05-05T16:12:48.068+0000][7][gc,start    ] GC(9) Pause Cleanup
[2021-05-05T16:12:48.068+0000][7][gc          ] GC(9) Pause Cleanup 63M->63M(1968M) 0.087ms
[2021-05-05T16:12:48.068+0000][7][gc,cpu      ] GC(9) User=0.00s Sys=0.00s Real=0.00s
[2021-05-05T16:12:48.068+0000][7][safepoint   ] Safepoint "G1Concurrent", Time since last: 31883663 ns, Reaching safepoint: 26852 ns, At safepoint: 115835 ns, Total: 142687 ns
[2021-05-05T16:12:48.068+0000][7][gc,marking  ] GC(9) Concurrent Cleanup for Next Mark
[2021-05-05T16:12:48.083+0000][7][gc,marking  ] GC(9) Concurrent Cleanup for Next Mark 15.013ms
[2021-05-05T16:12:48.083+0000][7][gc          ] GC(9) Concurrent Mark Cycle 248.563ms
[2021-05-05T16:12:49.890+0000][7][safepoint   ] Safepoint "Cleanup", Time since last: 1822039425 ns, Reaching safepoint: 87907 ns, At safepoint: 5581 ns, Total: 93488 ns
[2021-05-05T16:12:51.125+0000][7][safepoint   ] Safepoint "Cleanup", Time since last: 1230965200 ns, Reaching safepoint: 3987375 ns, At safepoint: 10046 ns, Total: 3997421 ns
[2021-05-05T16:12:52.126+0000][7][safepoint   ] Safepoint "Cleanup", Time since last: 1000298673 ns, Reaching safepoint: 115008 ns, At safepoint: 6600 ns, Total: 121608 ns
[2021-05-05T16:12:53.051+0000][7][gc,start    ] GC(10) Pause Young (Concurrent Start) (G1 Evacuation Pause)
[2021-05-05T16:12:53.051+0000][7][gc,task     ] GC(10) Using 2 workers of 2 for evacuation
[2021-05-05T16:12:53.051+0000][7][gc,age      ] GC(10) Desired survivor size 18874368 bytes, new threshold 1 (max threshold 15)
[2021-05-05T16:12:53.761+0000][7][gc,age      ] GC(10) Age table with threshold 1 (max threshold 15)
[2021-05-05T16:12:53.761+0000][7][gc,age      ] GC(10) - age   1:    6494176 bytes,    6494176 total
[2021-05-05T16:12:53.761+0000][7][gc,mmu      ] GC(10) MMU target violated: 201.0ms (200.0ms/201.0ms)
[2021-05-05T16:12:53.761+0000][7][gc,phases   ] GC(10)   Pre Evacuate Collection Set: 0.2ms
[2021-05-05T16:12:53.761+0000][7][gc,phases   ] GC(10)   Merge Heap Roots: 0.1ms
[2021-05-05T16:12:53.761+0000][7][gc,phases   ] GC(10)   Evacuate Collection Set: 702.6ms
[2021-05-05T16:12:53.761+0000][7][gc,phases   ] GC(10)   Post Evacuate Collection Set: 6.9ms
[2021-05-05T16:12:53.761+0000][7][gc,phases   ] GC(10)   Other: 0.6ms
[2021-05-05T16:12:53.761+0000][7][gc,heap     ] GC(10) Eden regions: 56->0(37)
[2021-05-05T16:12:53.761+0000][7][gc,heap     ] GC(10) Survivor regions: 13->2(9)
[2021-05-05T16:12:53.761+0000][7][gc,heap     ] GC(10) Old regions: 2->14
[2021-05-05T16:12:53.761+0000][7][gc,heap     ] GC(10) Archive regions: 2->2
[2021-05-05T16:12:53.761+0000][7][gc,heap     ] GC(10) Humongous regions: 0->0
[2021-05-05T16:12:53.761+0000][7][gc,metaspace] GC(10) Metaspace: 52089K(53184K)->52089K(53184K) NonClass: 45094K(45760K)->45094K(45760K) Class: 6995K(7424K)->6995K(7424K)
[2021-05-05T16:12:53.761+0000][7][gc          ] GC(10) Pause Young (Concurrent Start) (G1 Evacuation Pause) 283M->67M(1968M) 710.436ms
[2021-05-05T16:12:53.761+0000][7][gc,cpu      ] GC(10) User=0.26s Sys=0.12s Real=0.71s
[2021-05-05T16:12:53.761+0000][7][safepoint   ] Safepoint "G1CollectForAllocation", Time since last: 925010360 ns, Reaching safepoint: 58319 ns, At safepoint: 710512163 ns, Total: 710570482 ns
[2021-05-05T16:12:53.761+0000][7][gc          ] GC(11) Concurrent Mark Cycle
[2021-05-05T16:12:53.761+0000][7][gc,marking  ] GC(11) Concurrent Clear Claimed Marks
[2021-05-05T16:12:53.761+0000][7][gc,marking  ] GC(11) Concurrent Clear Claimed Marks 0.111ms
[2021-05-05T16:12:53.761+0000][7][gc,marking  ] GC(11) Concurrent Scan Root Regions
[2021-05-05T16:12:53.925+0000][7][gc,marking  ] GC(11) Concurrent Scan Root Regions 163.730ms
[2021-05-05T16:12:53.932+0000][7][gc,marking  ] GC(11) Concurrent Mark
[2021-05-05T16:12:53.932+0000][7][gc,marking  ] GC(11) Concurrent Mark From Roots
[2021-05-05T16:12:53.932+0000][7][gc,task     ] GC(11) Using 1 workers of 1 for marking
[2021-05-05T16:12:53.979+0000][7][gc,marking  ] GC(11) Concurrent Mark From Roots 47.302ms
[2021-05-05T16:12:53.979+0000][7][gc,marking  ] GC(11) Concurrent Preclean
[2021-05-05T16:12:53.979+0000][7][gc,marking  ] GC(11) Concurrent Preclean 0.084ms
[2021-05-05T16:12:53.996+0000][7][gc,start    ] GC(11) Pause Remark
[2021-05-05T16:12:54.006+0000][7][gc          ] GC(11) Pause Remark 81M->81M(1968M) 9.907ms
[2021-05-05T16:12:54.006+0000][7][gc,cpu      ] GC(11) User=0.01s Sys=0.00s Real=0.01s
[2021-05-05T16:12:54.006+0000][7][safepoint   ] Safepoint "G1Concurrent", Time since last: 218775725 ns, Reaching safepoint: 16025033 ns, At safepoint: 10008382 ns, Total: 26033415 ns
[2021-05-05T16:12:54.007+0000][7][gc,marking  ] GC(11) Concurrent Mark 75.343ms
[2021-05-05T16:12:54.007+0000][7][gc,marking  ] GC(11) Concurrent Rebuild Remembered Sets
[2021-05-05T16:12:54.158+0000][7][gc,marking  ] GC(11) Concurrent Rebuild Remembered Sets 150.870ms
[2021-05-05T16:12:54.175+0000][7][gc,start    ] GC(11) Pause Cleanup
[2021-05-05T16:12:54.175+0000][7][gc          ] GC(11) Pause Cleanup 95M->95M(1968M) 0.220ms
[2021-05-05T16:12:54.175+0000][7][gc,cpu      ] GC(11) User=0.01s Sys=0.00s Real=0.00s
[2021-05-05T16:12:54.175+0000][7][safepoint   ] Safepoint "G1Concurrent", Time since last: 165970664 ns, Reaching safepoint: 3045265 ns, At safepoint: 278000 ns, Total: 3323265 ns
[2021-05-05T16:12:54.177+0000][7][gc,marking  ] GC(11) Concurrent Cleanup for Next Mark
[2021-05-05T16:12:54.183+0000][7][gc,marking  ] GC(11) Concurrent Cleanup for Next Mark 6.042ms
[2021-05-05T16:12:54.183+0000][7][gc          ] GC(11) Concurrent Mark Cycle 421.782ms
[2021-05-05T16:12:55.862+0000][7][safepoint   ] Safepoint "Cleanup", Time since last: 1686731815 ns, Reaching safepoint: 313186 ns, At safepoint: 6976 ns, Total: 320162 ns
[2021-05-05T16:12:57.061+0000][7][safepoint   ] Safepoint "Cleanup", Time since last: 1196331605 ns, Reaching safepoint: 2163812 ns, At safepoint: 10287 ns, Total: 2174099 ns
[2021-05-05T16:12:58.745+0000][7][safepoint   ] Safepoint "Cleanup", Time since last: 1684249766 ns, Reaching safepoint: 240401 ns, At safepoint: 4291 ns, Total: 244692 ns
[2021-05-05T16:12:59.597+0000][7][gc,start    ] GC(12) Pause Young (Normal) (G1 Evacuation Pause)
[2021-05-05T16:12:59.599+0000][7][gc,task     ] GC(12) Using 2 workers of 2 for evacuation
[2021-05-05T16:12:59.601+0000][7][gc,age      ] GC(12) Desired survivor size 10485760 bytes, new threshold 15 (max threshold 15)
[2021-05-05T16:12:59.630+0000][7][gc,age      ] GC(12) Age table with threshold 15 (max threshold 15)
[2021-05-05T16:12:59.630+0000][7][gc,age      ] GC(12) - age   1:    6581368 bytes,    6581368 total
[2021-05-05T16:12:59.630+0000][7][gc,age      ] GC(12) - age   2:    6312280 bytes,   12893648 total
[2021-05-05T16:12:59.631+0000][7][gc,phases   ] GC(12)   Pre Evacuate Collection Set: 0.6ms
[2021-05-05T16:12:59.631+0000][7][gc,phases   ] GC(12)   Merge Heap Roots: 0.1ms
[2021-05-05T16:12:59.632+0000][7][gc,phases   ] GC(12)   Evacuate Collection Set: 19.3ms
[2021-05-05T16:12:59.632+0000][7][gc,phases   ] GC(12)   Post Evacuate Collection Set: 8.5ms
[2021-05-05T16:12:59.632+0000][7][gc,phases   ] GC(12)   Other: 12.3ms
[2021-05-05T16:12:59.632+0000][7][gc,heap     ] GC(12) Eden regions: 38->0(30)
[2021-05-05T16:12:59.632+0000][7][gc,heap     ] GC(12) Survivor regions: 2->4(5)
[2021-05-05T16:12:59.632+0000][7][gc,heap     ] GC(12) Old regions: 14->14
[2021-05-05T16:12:59.632+0000][7][gc,heap     ] GC(12) Archive regions: 2->2
[2021-05-05T16:12:59.632+0000][7][gc,heap     ] GC(12) Humongous regions: 0->0
[2021-05-05T16:12:59.632+0000][7][gc,metaspace] GC(12) Metaspace: 70184K(71488K)->70184K(71488K) NonClass: 60693K(61440K)->60693K(61440K) Class: 9491K(10048K)->9491K(10048K)
[2021-05-05T16:12:59.633+0000][7][gc          ] GC(12) Pause Young (Normal) (G1 Evacuation Pause) 219M->74M(1968M) 34.967ms
[2021-05-05T16:12:59.633+0000][7][gc,cpu      ] GC(12) User=0.03s Sys=0.01s Real=0.04s
[2021-05-05T16:12:59.633+0000][7][safepoint   ] Safepoint "G1CollectForAllocation", Time since last: 842667533 ns, Reaching safepoint: 51159 ns, At safepoint: 44652799 ns, Total: 44703958 ns
[2021-05-05T16:13:01.207+0000][7][safepoint   ] Safepoint "ICBufferFull", Time since last: 1572340711 ns, Reaching safepoint: 2275077 ns, At safepoint: 10086 ns, Total: 2285163 ns
[2021-05-05T16:13:02.326+0000][7][safepoint   ] Safepoint "Cleanup", Time since last: 1118263500 ns, Reaching safepoint: 284930 ns, At safepoint: 7145 ns, Total: 292075 ns
[2021-05-05T16:13:03.095+0000][7][safepoint   ] Safepoint "ICBufferFull", Time since last: 769138952 ns, Reaching safepoint: 313567 ns, At safepoint: 5442 ns, Total: 319009 ns
[2021-05-05T16:13:03.674+0000][7][gc,start    ] GC(13) Pause Young (Normal) (G1 Evacuation Pause)
[2021-05-05T16:13:03.674+0000][7][gc,task     ] GC(13) Using 2 workers of 2 for evacuation
[2021-05-05T16:13:03.674+0000][7][gc,age      ] GC(13) Desired survivor size 8388608 bytes, new threshold 2 (max threshold 15)
[2021-05-05T16:13:03.808+0000][7][gc,age      ] GC(13) Age table with threshold 2 (max threshold 15)
[2021-05-05T16:13:03.809+0000][7][gc,age      ] GC(13) - age   1:    6309280 bytes,    6309280 total
[2021-05-05T16:13:03.809+0000][7][gc,age      ] GC(13) - age   2:    6401056 bytes,   12710336 total
[2021-05-05T16:13:03.809+0000][7][gc,phases   ] GC(13)   Pre Evacuate Collection Set: 0.4ms
[2021-05-05T16:13:03.809+0000][7][gc,phases   ] GC(13)   Merge Heap Roots: 0.1ms
[2021-05-05T16:13:03.809+0000][7][gc,phases   ] GC(13)   Evacuate Collection Set: 131.8ms
[2021-05-05T16:13:03.809+0000][7][gc,phases   ] GC(13)   Post Evacuate Collection Set: 1.8ms
[2021-05-05T16:13:03.809+0000][7][gc,phases   ] GC(13)   Other: 0.9ms
[2021-05-05T16:13:03.809+0000][7][gc,heap     ] GC(13) Eden regions: 25->0(33)
[2021-05-05T16:13:03.809+0000][7][gc,heap     ] GC(13) Survivor regions: 4->4(4)
[2021-05-05T16:13:03.809+0000][7][gc,heap     ] GC(13) Old regions: 14->16
[2021-05-05T16:13:03.809+0000][7][gc,heap     ] GC(13) Archive regions: 2->2
[2021-05-05T16:13:03.809+0000][7][gc,heap     ] GC(13) Humongous regions: 0->0
[2021-05-05T16:13:03.809+0000][7][gc,metaspace] GC(13) Metaspace: 85918K(87296K)->85918K(87296K) NonClass: 74166K(74944K)->74166K(74944K) Class: 11752K(12352K)->11752K(12352K)
[2021-05-05T16:13:03.809+0000][7][gc          ] GC(13) Pause Young (Normal) (G1 Evacuation Pause) 174M->79M(1968M) 135.137ms
[2021-05-05T16:13:03.809+0000][7][gc,cpu      ] GC(13) User=0.10s Sys=0.04s Real=0.14s
[2021-05-05T16:13:03.809+0000][7][safepoint   ] Safepoint "G1CollectForAllocation", Time since last: 578095300 ns, Reaching safepoint: 77348 ns, At safepoint: 135203245 ns, Total: 135280593 ns
[2021-05-05T16:13:04.809+0000][7][safepoint   ] Safepoint "Cleanup", Time since last: 1000180380 ns, Reaching safepoint: 64927 ns, At safepoint: 7378 ns, Total: 72305 ns
[2021-05-05T16:13:06.810+0000][7][safepoint   ] Safepoint "Cleanup", Time since last: 2000739422 ns, Reaching safepoint: 47557 ns, At safepoint: 4658 ns, Total: 52215 ns
[2021-05-05T16:13:07.810+0000][7][safepoint   ] Safepoint "Cleanup", Time since last: 1000208196 ns, Reaching safepoint: 114838 ns, At safepoint: 4393 ns, Total: 119231 ns
[2021-05-05T16:13:09.812+0000][7][safepoint   ] Safepoint "Cleanup", Time since last: 2001489426 ns, Reaching safepoint: 66212 ns, At safepoint: 6232 ns, Total: 72444 ns
[2021-05-05T16:13:10.812+0000][7][safepoint   ] Safepoint "Cleanup", Time since last: 1000294291 ns, Reaching safepoint: 45887 ns, At safepoint: 3688 ns, Total: 49575 ns
[2021-05-05T16:13:11.814+0000][7][safepoint   ] Safepoint "Cleanup", Time since last: 1001951837 ns, Reaching safepoint: 111845 ns, At safepoint: 7352 ns, Total: 119197 ns
[2021-05-05T16:13:29.840+0000][7][safepoint   ] Safepoint "Cleanup", Time since last: 18025920791 ns, Reaching safepoint: 83645 ns, At safepoint: 9920 ns, Total: 93565 ns
[2021-05-05T16:13:31.841+0000][7][safepoint   ] Safepoint "Cleanup", Time since last: 2001206860 ns, Reaching safepoint: 94763 ns, At safepoint: 65229 ns, Total: 159992 ns
[2021-05-05T16:13:33.843+0000][7][safepoint   ] Safepoint "Cleanup", Time since last: 2001975220 ns, Reaching safepoint: 58107 ns, At safepoint: 5250 ns, Total: 63357 ns
[2021-05-05T16:13:34.844+0000][7][safepoint   ] Safepoint "Cleanup", Time since last: 1000479673 ns, Reaching safepoint: 49586 ns, At safepoint: 3814 ns, Total: 53400 ns
[2021-05-05T16:13:39.852+0000][7][safepoint   ] Safepoint "Cleanup", Time since last: 5007732914 ns, Reaching safepoint: 48381 ns, At safepoint: 4143 ns, Total: 52524 ns
[2021-05-05T16:13:49.871+0000][7][safepoint   ] Safepoint "Cleanup", Time since last: 10018821354 ns, Reaching safepoint: 161286 ns, At safepoint: 11280 ns, Total: 172566 ns
[2021-05-05T16:13:50.871+0000][7][safepoint   ] Safepoint "Cleanup", Time since last: 1000313991 ns, Reaching safepoint: 51082 ns, At safepoint: 4769 ns, Total: 55851 ns
[2021-05-05T16:13:51.871+0000][7][safepoint   ] Safepoint "Cleanup", Time since last: 1000211409 ns, Reaching safepoint: 47962 ns, At safepoint: 3924 ns, Total: 51886 ns
[2021-05-05T16:13:53.884+0000][7][safepoint   ] Safepoint "Cleanup", Time since last: 2012995798 ns, Reaching safepoint: 49104 ns, At safepoint: 4383 ns, Total: 53487 ns
[2021-05-05T16:13:55.886+0000][7][safepoint   ] Safepoint "Cleanup", Time since last: 2001291440 ns, Reaching safepoint: 48790 ns, At safepoint: 5116 ns, Total: 53906 ns
[2021-05-05T16:13:59.887+0000][7][safepoint   ] Safepoint "Cleanup", Time since last: 4000774870 ns, Reaching safepoint: 42805 ns, At safepoint: 3602 ns, Total: 46407 ns
[2021-05-05T16:14:00.887+0000][7][safepoint   ] Safepoint "Cleanup", Time since last: 1000200049 ns, Reaching safepoint: 38229 ns, At safepoint: 3571 ns, Total: 41800 ns
[2021-05-05T16:14:03.890+0000][7][safepoint   ] Safepoint "Cleanup", Time since last: 3002734416 ns, Reaching safepoint: 169456 ns, At safepoint: 7517 ns, Total: 176973 ns
[2021-05-05T16:14:12.895+0000][7][safepoint   ] Safepoint "Cleanup", Time since last: 9005629710 ns, Reaching safepoint: 69700 ns, At safepoint: 6516 ns, Total: 76216 ns
[2021-05-05T16:14:19.904+0000][7][safepoint   ] Safepoint "Cleanup", Time since last: 7008841538 ns, Reaching safepoint: 72881 ns, At safepoint: 6374 ns, Total: 79255 ns
[2021-05-05T16:14:30.682+0000][7][safepoint   ] Safepoint "Cleanup", Time since last: 10777185942 ns, Reaching safepoint: 43486 ns, At safepoint: 3165 ns, Total: 46651 ns
[2021-05-05T16:14:30.759+0000][7][gc,start    ] GC(14) Pause Young (Concurrent Start) (Metadata GC Threshold)
[2021-05-05T16:14:30.760+0000][7][gc,task     ] GC(14) Using 2 workers of 2 for evacuation
[2021-05-05T16:14:30.762+0000][7][gc,age      ] GC(14) Desired survivor size 8388608 bytes, new threshold 2 (max threshold 15)
[2021-05-05T16:14:30.929+0000][7][gc,age      ] GC(14) Age table with threshold 2 (max threshold 15)
[2021-05-05T16:14:30.929+0000][7][gc,age      ] GC(14) - age   1:    1473208 bytes,    1473208 total
[2021-05-05T16:14:30.929+0000][7][gc,age      ] GC(14) - age   2:    6044232 bytes,    7517440 total
[2021-05-05T16:14:30.929+0000][7][gc,phases   ] GC(14)   Pre Evacuate Collection Set: 2.1ms
[2021-05-05T16:14:30.929+0000][7][gc,phases   ] GC(14)   Merge Heap Roots: 0.1ms
[2021-05-05T16:14:30.929+0000][7][gc,phases   ] GC(14)   Evacuate Collection Set: 157.5ms
[2021-05-05T16:14:30.929+0000][7][gc,phases   ] GC(14)   Post Evacuate Collection Set: 8.2ms
[2021-05-05T16:14:30.929+0000][7][gc,phases   ] GC(14)   Other: 2.8ms
[2021-05-05T16:14:30.929+0000][7][gc,heap     ] GC(14) Eden regions: 4->0(31)
[2021-05-05T16:14:30.929+0000][7][gc,heap     ] GC(14) Survivor regions: 4->3(4)
[2021-05-05T16:14:30.929+0000][7][gc,heap     ] GC(14) Old regions: 16->18
[2021-05-05T16:14:30.929+0000][7][gc,heap     ] GC(14) Archive regions: 2->2
[2021-05-05T16:14:30.929+0000][7][gc,heap     ] GC(14) Humongous regions: 0->0
[2021-05-05T16:14:30.929+0000][7][gc,metaspace] GC(14) Metaspace: 87336K(88640K)->87336K(88640K) NonClass: 75413K(76160K)->75413K(76160K) Class: 11922K(12480K)->11922K(12480K)
[2021-05-05T16:14:30.929+0000][7][gc          ] GC(14) Pause Young (Concurrent Start) (Metadata GC Threshold) 94M->81M(1968M) 169.521ms
[2021-05-05T16:14:30.929+0000][7][gc,cpu      ] GC(14) User=0.03s Sys=0.02s Real=0.18s
[2021-05-05T16:14:30.929+0000][7][safepoint   ] Safepoint "CollectForMetadataAllocation", Time since last: 74952804 ns, Reaching safepoint: 35813 ns, At safepoint: 172283487 ns, Total: 172319300 ns
[2021-05-05T16:14:30.929+0000][7][gc          ] GC(15) Concurrent Mark Cycle
[2021-05-05T16:14:30.929+0000][7][gc,marking  ] GC(15) Concurrent Clear Claimed Marks
[2021-05-05T16:14:30.929+0000][7][gc,marking  ] GC(15) Concurrent Clear Claimed Marks 0.121ms
[2021-05-05T16:14:30.929+0000][7][gc,marking  ] GC(15) Concurrent Scan Root Regions
[2021-05-05T16:14:30.959+0000][7][gc,marking  ] GC(15) Concurrent Scan Root Regions 30.367ms
[2021-05-05T16:14:30.959+0000][7][gc,marking  ] GC(15) Concurrent Mark
[2021-05-05T16:14:30.959+0000][7][gc,marking  ] GC(15) Concurrent Mark From Roots
[2021-05-05T16:14:30.959+0000][7][gc,task     ] GC(15) Using 1 workers of 1 for marking
[2021-05-05T16:14:31.029+0000][7][safepoint   ] Safepoint "CollectForMetadataAllocation", Time since last: 99563158 ns, Reaching safepoint: 76113 ns, At safepoint: 71317 ns, Total: 147430 ns
[2021-05-05T16:14:31.240+0000][7][gc,marking  ] GC(15) Concurrent Mark From Roots 280.731ms
[2021-05-05T16:14:31.240+0000][7][gc,marking  ] GC(15) Concurrent Preclean
[2021-05-05T16:14:31.240+0000][7][gc,marking  ] GC(15) Concurrent Preclean 0.178ms
[2021-05-05T16:14:31.241+0000][7][gc,start    ] GC(15) Pause Remark
[2021-05-05T16:14:31.288+0000][7][gc          ] GC(15) Pause Remark 83M->83M(1968M) 47.908ms
[2021-05-05T16:14:31.288+0000][7][gc,cpu      ] GC(15) User=0.02s Sys=0.00s Real=0.05s
[2021-05-05T16:14:31.289+0000][7][safepoint   ] Safepoint "G1Concurrent", Time since last: 211867529 ns, Reaching safepoint: 31598 ns, At safepoint: 48020829 ns, Total: 48052427 ns
[2021-05-05T16:14:31.289+0000][7][gc,marking  ] GC(15) Concurrent Mark 329.082ms
[2021-05-05T16:14:31.289+0000][7][gc,marking  ] GC(15) Concurrent Rebuild Remembered Sets
[2021-05-05T16:14:31.499+0000][7][gc,marking  ] GC(15) Concurrent Rebuild Remembered Sets 210.734ms
[2021-05-05T16:14:31.500+0000][7][gc,start    ] GC(15) Pause Cleanup
[2021-05-05T16:14:31.500+0000][7][gc          ] GC(15) Pause Cleanup 83M->83M(1968M) 0.203ms
[2021-05-05T16:14:31.500+0000][7][gc,cpu      ] GC(15) User=0.00s Sys=0.00s Real=0.00s
[2021-05-05T16:14:31.500+0000][7][safepoint   ] Safepoint "G1Concurrent", Time since last: 210974586 ns, Reaching safepoint: 53528 ns, At safepoint: 433997 ns, Total: 487525 ns
[2021-05-05T16:14:31.500+0000][7][gc,marking  ] GC(15) Concurrent Cleanup for Next Mark
[2021-05-05T16:14:31.510+0000][7][gc,marking  ] GC(15) Concurrent Cleanup for Next Mark 10.354ms
[2021-05-05T16:14:31.510+0000][7][gc          ] GC(15) Concurrent Mark Cycle 581.503ms
[2021-05-05T16:14:32.500+0000][7][safepoint   ] Safepoint "Cleanup", Time since last: 1000250258 ns, Reaching safepoint: 58191 ns, At safepoint: 5704 ns, Total: 63895 ns
[2021-05-05T16:14:39.524+0000][7][safepoint   ] Safepoint "Cleanup", Time since last: 7024017996 ns, Reaching safepoint: 63963 ns, At safepoint: 5876 ns, Total: 69839 ns
[2021-05-05T16:14:44.527+0000][7][safepoint   ] Safepoint "Cleanup", Time since last: 5002120150 ns, Reaching safepoint: 49964 ns, At safepoint: 3980 ns, Total: 53944 ns
[2021-05-05T16:14:48.534+0000][7][safepoint   ] Safepoint "Cleanup", Time since last: 4006889808 ns, Reaching safepoint: 117220 ns, At safepoint: 4194 ns, Total: 121414 ns
[2021-05-05T16:14:49.534+0000][7][safepoint   ] Safepoint "Cleanup", Time since last: 1000230123 ns, Reaching safepoint: 65061 ns, At safepoint: 23890 ns, Total: 88951 ns
[2021-05-05T16:14:54.544+0000][7][safepoint   ] Safepoint "Cleanup", Time since last: 5009616969 ns, Reaching safepoint: 45544 ns, At safepoint: 4620 ns, Total: 50164 ns
[2021-05-05T16:14:56.547+0000][7][safepoint   ] Safepoint "Cleanup", Time since last: 2003366176 ns, Reaching safepoint: 70960 ns, At safepoint: 7441 ns, Total: 78401 ns
[2021-05-05T16:15:09.568+0000][7][safepoint   ] Safepoint "Cleanup", Time since last: 13020716773 ns, Reaching safepoint: 87763 ns, At safepoint: 4092 ns, Total: 91855 ns
[2021-05-05T16:15:11.572+0000][7][safepoint   ] Safepoint "Cleanup", Time since last: 2004503315 ns, Reaching safepoint: 50000 ns, At safepoint: 3986 ns, Total: 53986 ns
[2021-05-05T16:15:32.587+0000][7][safepoint   ] Safepoint "Cleanup", Time since last: 21014825113 ns, Reaching safepoint: 78480 ns, At safepoint: 4543 ns, Total: 83023 ns
[2021-05-05T16:15:33.107+0000][7][gc,heap,exit] Heap
[2021-05-05T16:15:33.107+0000][7][gc,heap,exit]  garbage-first heap   total 2015232K, used 98599K [0x0000000085000000, 0x0000000100000000)
[2021-05-05T16:15:33.107+0000][7][gc,heap,exit]   region size 4096K, 7 young (28672K), 3 survivors (12288K)
[2021-05-05T16:15:33.107+0000][7][gc,heap,exit]  Metaspace       used 87909K, committed 89344K, reserved 1130496K
[2021-05-05T16:15:33.107+0000][7][gc,heap,exit]   class space    used 12010K, committed 12608K, reserved 1048576K
