[2021-05-05T17:50:15.150+0000][7][gc] Using G1
[2021-05-05T17:50:16.304+0000][7][gc,init] Version: 16+36 (release)
[2021-05-05T17:50:16.304+0000][7][gc,init] CPUs: 2 total, 2 available
[2021-05-05T17:50:16.304+0000][7][gc,init] Memory: 4934M
[2021-05-05T17:50:16.304+0000][7][gc,init] Large Page Support: Disabled
[2021-05-05T17:50:16.304+0000][7][gc,init] NUMA Support: Disabled
[2021-05-05T17:50:16.304+0000][7][gc,init] Compressed Oops: Enabled (Zero based)
[2021-05-05T17:50:16.304+0000][7][gc,init] Heap Region Size: 4M
[2021-05-05T17:50:16.304+0000][7][gc,init] Heap Min Capacity: 2468M
[2021-05-05T17:50:16.304+0000][7][gc,init] Heap Initial Capacity: 2468M
[2021-05-05T17:50:16.304+0000][7][gc,init] Heap Max Capacity: 2468M
[2021-05-05T17:50:16.304+0000][7][gc,init] Pre-touch: Enabled
[2021-05-05T17:50:16.304+0000][7][gc,init] Parallel Workers: 2
[2021-05-05T17:50:16.304+0000][7][gc,init] Concurrent Workers: 1
[2021-05-05T17:50:16.304+0000][7][gc,init] Concurrent Refinement Workers: 2
[2021-05-05T17:50:16.304+0000][7][gc,init] Periodic GC: Disabled
[2021-05-05T17:50:16.305+0000][7][gc,metaspace] CDS archive(s) mapped at: [0x0000000800000000-0x0000000800bea000-0x0000000800bea000), size 12492800, SharedBaseAddress: 0x0000000800000000, ArchiveRelocationMode: 0.
[2021-05-05T17:50:16.305+0000][7][gc,metaspace] Compressed class space mapped at: 0x0000000800c00000-0x0000000840c00000, reserved size: 1073741824
[2021-05-05T17:50:16.305+0000][7][gc,metaspace] Narrow klass base: 0x0000000800000000, Narrow klass shift: 3, Narrow klass range: 0x100000000
[2021-05-05T17:50:17.353+0000][7][safepoint   ] Safepoint "ICBufferFull", Time since last: 1036201774 ns, Reaching safepoint: 202127 ns, At safepoint: 8303 ns, Total: 210430 ns
[2021-05-05T17:50:18.362+0000][7][safepoint   ] Safepoint "Cleanup", Time since last: 1008254796 ns, Reaching safepoint: 404559 ns, At safepoint: 20436 ns, Total: 424995 ns
[2021-05-05T17:50:19.528+0000][7][safepoint   ] Safepoint "Cleanup", Time since last: 1166383731 ns, Reaching safepoint: 167655 ns, At safepoint: 5778 ns, Total: 173433 ns
[2021-05-05T17:50:20.600+0000][7][safepoint   ] Safepoint "Cleanup", Time since last: 1071389647 ns, Reaching safepoint: 295017 ns, At safepoint: 14497 ns, Total: 309514 ns
[2021-05-05T17:50:20.955+0000][7][gc,start    ] GC(0) Pause Young (Normal) (G1 Evacuation Pause)
[2021-05-05T17:50:20.955+0000][7][gc,task     ] GC(0) Using 2 workers of 2 for evacuation
[2021-05-05T17:50:20.955+0000][7][gc,age      ] GC(0) Desired survivor size 8388608 bytes, new threshold 15 (max threshold 15)
[2021-05-05T17:50:20.974+0000][7][gc,age      ] GC(0) Age table with threshold 15 (max threshold 15)
[2021-05-05T17:50:20.974+0000][7][gc,age      ] GC(0) - age   1:    7546984 bytes,    7546984 total
[2021-05-05T17:50:20.974+0000][7][gc,phases   ] GC(0)   Pre Evacuate Collection Set: 0.4ms
[2021-05-05T17:50:20.974+0000][7][gc,phases   ] GC(0)   Merge Heap Roots: 0.1ms
[2021-05-05T17:50:20.974+0000][7][gc,phases   ] GC(0)   Evacuate Collection Set: 16.2ms
[2021-05-05T17:50:20.974+0000][7][gc,phases   ] GC(0)   Post Evacuate Collection Set: 1.6ms
[2021-05-05T17:50:20.974+0000][7][gc,phases   ] GC(0)   Other: 0.6ms
[2021-05-05T17:50:20.974+0000][7][gc,heap     ] GC(0) Eden regions: 30->0(28)
[2021-05-05T17:50:20.974+0000][7][gc,heap     ] GC(0) Survivor regions: 0->2(4)
[2021-05-05T17:50:20.974+0000][7][gc,heap     ] GC(0) Old regions: 0->0
[2021-05-05T17:50:20.974+0000][7][gc,heap     ] GC(0) Archive regions: 2->2
[2021-05-05T17:50:20.974+0000][7][gc,heap     ] GC(0) Humongous regions: 0->0
[2021-05-05T17:50:20.974+0000][7][gc,metaspace] GC(0) Metaspace: 14704K(14912K)->14704K(14912K) NonClass: 13029K(13120K)->13029K(13120K) Class: 1675K(1792K)->1675K(1792K)
[2021-05-05T17:50:20.974+0000][7][gc          ] GC(0) Pause Young (Normal) (G1 Evacuation Pause) 123M->11M(2468M) 18.981ms
[2021-05-05T17:50:20.974+0000][7][gc,cpu      ] GC(0) User=0.04s Sys=0.00s Real=0.02s
[2021-05-05T17:50:20.974+0000][7][safepoint   ] Safepoint "G1CollectForAllocation", Time since last: 354482903 ns, Reaching safepoint: 98504 ns, At safepoint: 19165914 ns, Total: 19264418 ns
[2021-05-05T17:50:21.123+0000][7][safepoint   ] Safepoint "ICBufferFull", Time since last: 149019839 ns, Reaching safepoint: 426990 ns, At safepoint: 14764 ns, Total: 441754 ns
[2021-05-05T17:50:21.132+0000][7][safepoint   ] Safepoint "ICBufferFull", Time since last: 8597228 ns, Reaching safepoint: 67321 ns, At safepoint: 6700 ns, Total: 74021 ns
[2021-05-05T17:50:21.151+0000][7][safepoint   ] Safepoint "ICBufferFull", Time since last: 18748769 ns, Reaching safepoint: 31408 ns, At safepoint: 2761 ns, Total: 34169 ns
[2021-05-05T17:50:21.156+0000][7][safepoint   ] Safepoint "ICBufferFull", Time since last: 4766396 ns, Reaching safepoint: 36660 ns, At safepoint: 4739 ns, Total: 41399 ns
[2021-05-05T17:50:21.165+0000][7][safepoint   ] Safepoint "ICBufferFull", Time since last: 9123289 ns, Reaching safepoint: 31728 ns, At safepoint: 2927 ns, Total: 34655 ns
[2021-05-05T17:50:21.167+0000][7][safepoint   ] Safepoint "ICBufferFull", Time since last: 2538027 ns, Reaching safepoint: 32505 ns, At safepoint: 3123 ns, Total: 35628 ns
[2021-05-05T17:50:21.174+0000][7][safepoint   ] Safepoint "ICBufferFull", Time since last: 6545126 ns, Reaching safepoint: 33968 ns, At safepoint: 2973 ns, Total: 36941 ns
[2021-05-05T17:50:21.179+0000][7][safepoint   ] Safepoint "ICBufferFull", Time since last: 5357704 ns, Reaching safepoint: 26200 ns, At safepoint: 2821 ns, Total: 29021 ns
[2021-05-05T17:50:21.185+0000][7][safepoint   ] Safepoint "ICBufferFull", Time since last: 5536904 ns, Reaching safepoint: 45281 ns, At safepoint: 3901 ns, Total: 49182 ns
[2021-05-05T17:50:21.204+0000][7][safepoint   ] Safepoint "ICBufferFull", Time since last: 18838208 ns, Reaching safepoint: 30109 ns, At safepoint: 3272 ns, Total: 33381 ns
[2021-05-05T17:50:21.207+0000][7][safepoint   ] Safepoint "ICBufferFull", Time since last: 2930462 ns, Reaching safepoint: 29204 ns, At safepoint: 3039 ns, Total: 32243 ns
[2021-05-05T17:50:21.210+0000][7][safepoint   ] Safepoint "ICBufferFull", Time since last: 3072155 ns, Reaching safepoint: 58126 ns, At safepoint: 2761 ns, Total: 60887 ns
[2021-05-05T17:50:21.216+0000][7][safepoint   ] Safepoint "ICBufferFull", Time since last: 5571769 ns, Reaching safepoint: 216393 ns, At safepoint: 27372 ns, Total: 243765 ns
[2021-05-05T17:50:21.223+0000][7][safepoint   ] Safepoint "ICBufferFull", Time since last: 7337242 ns, Reaching safepoint: 31207 ns, At safepoint: 2911 ns, Total: 34118 ns
[2021-05-05T17:50:21.226+0000][7][safepoint   ] Safepoint "ICBufferFull", Time since last: 3356532 ns, Reaching safepoint: 28154 ns, At safepoint: 2545 ns, Total: 30699 ns
[2021-05-05T17:50:21.232+0000][7][safepoint   ] Safepoint "ICBufferFull", Time since last: 5476683 ns, Reaching safepoint: 69327 ns, At safepoint: 7018 ns, Total: 76345 ns
[2021-05-05T17:50:21.251+0000][7][safepoint   ] Safepoint "ICBufferFull", Time since last: 18660682 ns, Reaching safepoint: 28331 ns, At safepoint: 5221 ns, Total: 33552 ns
[2021-05-05T17:50:21.258+0000][7][safepoint   ] Safepoint "ICBufferFull", Time since last: 6664951 ns, Reaching safepoint: 291010 ns, At safepoint: 10660 ns, Total: 301670 ns
[2021-05-05T17:50:21.270+0000][7][safepoint   ] Safepoint "ICBufferFull", Time since last: 12455144 ns, Reaching safepoint: 34633 ns, At safepoint: 2675 ns, Total: 37308 ns
[2021-05-05T17:50:21.271+0000][7][safepoint   ] Safepoint "ICBufferFull", Time since last: 711940 ns, Reaching safepoint: 21229 ns, At safepoint: 2528 ns, Total: 23757 ns
[2021-05-05T17:50:21.272+0000][7][safepoint   ] Safepoint "ICBufferFull", Time since last: 1196879 ns, Reaching safepoint: 24556 ns, At safepoint: 2447 ns, Total: 27003 ns
[2021-05-05T17:50:21.273+0000][7][safepoint   ] Safepoint "ICBufferFull", Time since last: 651037 ns, Reaching safepoint: 18752 ns, At safepoint: 1975 ns, Total: 20727 ns
[2021-05-05T17:50:21.274+0000][7][safepoint   ] Safepoint "ICBufferFull", Time since last: 688920 ns, Reaching safepoint: 17069 ns, At safepoint: 1644 ns, Total: 18713 ns
[2021-05-05T17:50:21.274+0000][7][safepoint   ] Safepoint "ICBufferFull", Time since last: 724006 ns, Reaching safepoint: 22583 ns, At safepoint: 2051 ns, Total: 24634 ns
[2021-05-05T17:50:21.275+0000][7][safepoint   ] Safepoint "ICBufferFull", Time since last: 669709 ns, Reaching safepoint: 246672 ns, At safepoint: 6382 ns, Total: 253054 ns
[2021-05-05T17:50:21.277+0000][7][safepoint   ] Safepoint "ICBufferFull", Time since last: 1722532 ns, Reaching safepoint: 26532 ns, At safepoint: 3019 ns, Total: 29551 ns
[2021-05-05T17:50:21.278+0000][7][safepoint   ] Safepoint "ICBufferFull", Time since last: 1059680 ns, Reaching safepoint: 23457 ns, At safepoint: 2155 ns, Total: 25612 ns
[2021-05-05T17:50:21.279+0000][7][safepoint   ] Safepoint "ICBufferFull", Time since last: 707090 ns, Reaching safepoint: 18880 ns, At safepoint: 1839 ns, Total: 20719 ns
[2021-05-05T17:50:21.280+0000][7][safepoint   ] Safepoint "ICBufferFull", Time since last: 887289 ns, Reaching safepoint: 27330 ns, At safepoint: 2730 ns, Total: 30060 ns
[2021-05-05T17:50:21.282+0000][7][safepoint   ] Safepoint "ICBufferFull", Time since last: 2109200 ns, Reaching safepoint: 220076 ns, At safepoint: 5257 ns, Total: 225333 ns
[2021-05-05T17:50:21.284+0000][7][safepoint   ] Safepoint "ICBufferFull", Time since last: 1586091 ns, Reaching safepoint: 28858 ns, At safepoint: 2637 ns, Total: 31495 ns
[2021-05-05T17:50:21.285+0000][7][safepoint   ] Safepoint "ICBufferFull", Time since last: 885033 ns, Reaching safepoint: 29094 ns, At safepoint: 2562 ns, Total: 31656 ns
[2021-05-05T17:50:21.299+0000][7][safepoint   ] Safepoint "ICBufferFull", Time since last: 14659880 ns, Reaching safepoint: 72805 ns, At safepoint: 129612 ns, Total: 202417 ns
[2021-05-05T17:50:21.301+0000][7][safepoint   ] Safepoint "ICBufferFull", Time since last: 1311643 ns, Reaching safepoint: 21384 ns, At safepoint: 2128 ns, Total: 23512 ns
[2021-05-05T17:50:21.302+0000][7][safepoint   ] Safepoint "ICBufferFull", Time since last: 758655 ns, Reaching safepoint: 18639 ns, At safepoint: 2178 ns, Total: 20817 ns
[2021-05-05T17:50:21.305+0000][7][safepoint   ] Safepoint "ICBufferFull", Time since last: 3185744 ns, Reaching safepoint: 123134 ns, At safepoint: 8402 ns, Total: 131536 ns
[2021-05-05T17:50:21.317+0000][7][safepoint   ] Safepoint "ICBufferFull", Time since last: 12191241 ns, Reaching safepoint: 88354 ns, At safepoint: 105524 ns, Total: 193878 ns
[2021-05-05T17:50:21.327+0000][7][safepoint   ] Safepoint "ICBufferFull", Time since last: 10215676 ns, Reaching safepoint: 34679 ns, At safepoint: 3403 ns, Total: 38082 ns
[2021-05-05T17:50:21.332+0000][7][safepoint   ] Safepoint "ICBufferFull", Time since last: 4301833 ns, Reaching safepoint: 234561 ns, At safepoint: 9223 ns, Total: 243784 ns
[2021-05-05T17:50:21.420+0000][7][safepoint   ] Safepoint "ICBufferFull", Time since last: 88094845 ns, Reaching safepoint: 80488 ns, At safepoint: 3488 ns, Total: 83976 ns
[2021-05-05T17:50:21.423+0000][7][safepoint   ] Safepoint "ICBufferFull", Time since last: 2608901 ns, Reaching safepoint: 123916 ns, At safepoint: 3645 ns, Total: 127561 ns
[2021-05-05T17:50:21.424+0000][7][safepoint   ] Safepoint "ICBufferFull", Time since last: 678387 ns, Reaching safepoint: 441507 ns, At safepoint: 4921 ns, Total: 446428 ns
[2021-05-05T17:50:21.425+0000][7][safepoint   ] Safepoint "ICBufferFull", Time since last: 1200380 ns, Reaching safepoint: 28376 ns, At safepoint: 3120 ns, Total: 31496 ns
[2021-05-05T17:50:21.426+0000][7][safepoint   ] Safepoint "ICBufferFull", Time since last: 701987 ns, Reaching safepoint: 50073 ns, At safepoint: 2299 ns, Total: 52372 ns
[2021-05-05T17:50:21.427+0000][7][safepoint   ] Safepoint "ICBufferFull", Time since last: 982904 ns, Reaching safepoint: 25894 ns, At safepoint: 2433 ns, Total: 28327 ns
[2021-05-05T17:50:21.429+0000][7][safepoint   ] Safepoint "ICBufferFull", Time since last: 1483833 ns, Reaching safepoint: 23412 ns, At safepoint: 2209 ns, Total: 25621 ns
[2021-05-05T17:50:21.429+0000][7][safepoint   ] Safepoint "ICBufferFull", Time since last: 599540 ns, Reaching safepoint: 89671 ns, At safepoint: 2563 ns, Total: 92234 ns
[2021-05-05T17:50:21.430+0000][7][safepoint   ] Safepoint "ICBufferFull", Time since last: 781394 ns, Reaching safepoint: 20306 ns, At safepoint: 2007 ns, Total: 22313 ns
[2021-05-05T17:50:21.431+0000][7][safepoint   ] Safepoint "ICBufferFull", Time since last: 952401 ns, Reaching safepoint: 24332 ns, At safepoint: 2334 ns, Total: 26666 ns
[2021-05-05T17:50:21.432+0000][7][safepoint   ] Safepoint "ICBufferFull", Time since last: 698507 ns, Reaching safepoint: 18394 ns, At safepoint: 1662 ns, Total: 20056 ns
[2021-05-05T17:50:21.432+0000][7][safepoint   ] Safepoint "ICBufferFull", Time since last: 579433 ns, Reaching safepoint: 15483 ns, At safepoint: 1472 ns, Total: 16955 ns
[2021-05-05T17:50:21.433+0000][7][safepoint   ] Safepoint "ICBufferFull", Time since last: 713108 ns, Reaching safepoint: 21019 ns, At safepoint: 1864 ns, Total: 22883 ns
[2021-05-05T17:50:21.434+0000][7][safepoint   ] Safepoint "ICBufferFull", Time since last: 702635 ns, Reaching safepoint: 111280 ns, At safepoint: 3489 ns, Total: 114769 ns
[2021-05-05T17:50:21.436+0000][7][safepoint   ] Safepoint "ICBufferFull", Time since last: 2052181 ns, Reaching safepoint: 59545 ns, At safepoint: 6060 ns, Total: 65605 ns
[2021-05-05T17:50:21.450+0000][7][safepoint   ] Safepoint "ICBufferFull", Time since last: 14229821 ns, Reaching safepoint: 24731 ns, At safepoint: 3227 ns, Total: 27958 ns
[2021-05-05T17:50:21.451+0000][7][safepoint   ] Safepoint "ICBufferFull", Time since last: 622002 ns, Reaching safepoint: 18605 ns, At safepoint: 1976 ns, Total: 20581 ns
[2021-05-05T17:50:21.452+0000][7][safepoint   ] Safepoint "ICBufferFull", Time since last: 714426 ns, Reaching safepoint: 18612 ns, At safepoint: 1749 ns, Total: 20361 ns
[2021-05-05T17:50:21.453+0000][7][safepoint   ] Safepoint "ICBufferFull", Time since last: 1232529 ns, Reaching safepoint: 44909 ns, At safepoint: 5881 ns, Total: 50790 ns
[2021-05-05T17:50:21.954+0000][7][gc,start    ] GC(1) Pause Young (Normal) (G1 Evacuation Pause)
[2021-05-05T17:50:21.954+0000][7][gc,task     ] GC(1) Using 2 workers of 2 for evacuation
[2021-05-05T17:50:21.954+0000][7][gc,age      ] GC(1) Desired survivor size 8388608 bytes, new threshold 15 (max threshold 15)
[2021-05-05T17:50:21.965+0000][7][gc,age      ] GC(1) Age table with threshold 15 (max threshold 15)
[2021-05-05T17:50:21.965+0000][7][gc,age      ] GC(1) - age   1:    4068224 bytes,    4068224 total
[2021-05-05T17:50:21.965+0000][7][gc,age      ] GC(1) - age   2:    7482384 bytes,   11550608 total
[2021-05-05T17:50:21.965+0000][7][gc,phases   ] GC(1)   Pre Evacuate Collection Set: 0.3ms
[2021-05-05T17:50:21.965+0000][7][gc,phases   ] GC(1)   Merge Heap Roots: 0.0ms
[2021-05-05T17:50:21.965+0000][7][gc,phases   ] GC(1)   Evacuate Collection Set: 10.2ms
[2021-05-05T17:50:21.965+0000][7][gc,phases   ] GC(1)   Post Evacuate Collection Set: 0.8ms
[2021-05-05T17:50:21.965+0000][7][gc,phases   ] GC(1)   Other: 0.3ms
[2021-05-05T17:50:21.965+0000][7][gc,heap     ] GC(1) Eden regions: 28->0(27)
[2021-05-05T17:50:21.965+0000][7][gc,heap     ] GC(1) Survivor regions: 2->3(4)
[2021-05-05T17:50:21.965+0000][7][gc,heap     ] GC(1) Old regions: 0->0
[2021-05-05T17:50:21.965+0000][7][gc,heap     ] GC(1) Archive regions: 2->2
[2021-05-05T17:50:21.965+0000][7][gc,heap     ] GC(1) Humongous regions: 0->0
[2021-05-05T17:50:21.965+0000][7][gc,metaspace] GC(1) Metaspace: 17710K(17984K)->17710K(17984K) NonClass: 15609K(15744K)->15609K(15744K) Class: 2101K(2240K)->2101K(2240K)
[2021-05-05T17:50:21.965+0000][7][gc          ] GC(1) Pause Young (Normal) (G1 Evacuation Pause) 123M->15M(2468M) 11.669ms
[2021-05-05T17:50:21.965+0000][7][gc,cpu      ] GC(1) User=0.03s Sys=0.00s Real=0.01s
[2021-05-05T17:50:21.965+0000][7][safepoint   ] Safepoint "G1CollectForAllocation", Time since last: 500484724 ns, Reaching safepoint: 149795 ns, At safepoint: 11776647 ns, Total: 11926442 ns
[2021-05-05T17:50:22.478+0000][7][gc,start    ] GC(2) Pause Young (Normal) (G1 Evacuation Pause)
[2021-05-05T17:50:22.478+0000][7][gc,task     ] GC(2) Using 2 workers of 2 for evacuation
[2021-05-05T17:50:22.479+0000][7][gc,age      ] GC(2) Desired survivor size 8388608 bytes, new threshold 2 (max threshold 15)
[2021-05-05T17:50:22.511+0000][7][gc,age      ] GC(2) Age table with threshold 2 (max threshold 15)
[2021-05-05T17:50:22.511+0000][7][gc,age      ] GC(2) - age   1:    2097664 bytes,    2097664 total
[2021-05-05T17:50:22.511+0000][7][gc,age      ] GC(2) - age   2:    2724552 bytes,    4822216 total
[2021-05-05T17:50:22.511+0000][7][gc,phases   ] GC(2)   Pre Evacuate Collection Set: 0.3ms
[2021-05-05T17:50:22.511+0000][7][gc,phases   ] GC(2)   Merge Heap Roots: 0.2ms
[2021-05-05T17:50:22.511+0000][7][gc,phases   ] GC(2)   Evacuate Collection Set: 30.7ms
[2021-05-05T17:50:22.511+0000][7][gc,phases   ] GC(2)   Post Evacuate Collection Set: 1.2ms
[2021-05-05T17:50:22.511+0000][7][gc,phases   ] GC(2)   Other: 1.1ms
[2021-05-05T17:50:22.512+0000][7][gc,heap     ] GC(2) Eden regions: 27->0(28)
[2021-05-05T17:50:22.512+0000][7][gc,heap     ] GC(2) Survivor regions: 3->2(4)
[2021-05-05T17:50:22.512+0000][7][gc,heap     ] GC(2) Old regions: 0->2
[2021-05-05T17:50:22.512+0000][7][gc,heap     ] GC(2) Archive regions: 2->2
[2021-05-05T17:50:22.512+0000][7][gc,heap     ] GC(2) Humongous regions: 0->0
[2021-05-05T17:50:22.512+0000][7][gc,metaspace] GC(2) Metaspace: 18194K(18496K)->18194K(18496K) NonClass: 16035K(16192K)->16035K(16192K) Class: 2158K(2304K)->2158K(2304K)
[2021-05-05T17:50:22.512+0000][7][gc          ] GC(2) Pause Young (Normal) (G1 Evacuation Pause) 123M->16M(2468M) 33.511ms
[2021-05-05T17:50:22.512+0000][7][gc,cpu      ] GC(2) User=0.06s Sys=0.01s Real=0.04s
[2021-05-05T17:50:22.512+0000][7][safepoint   ] Safepoint "G1CollectForAllocation", Time since last: 512440066 ns, Reaching safepoint: 192321 ns, At safepoint: 33582862 ns, Total: 33775183 ns
[2021-05-05T17:50:23.007+0000][7][gc,start    ] GC(3) Pause Young (Normal) (G1 Evacuation Pause)
[2021-05-05T17:50:23.007+0000][7][gc,task     ] GC(3) Using 2 workers of 2 for evacuation
[2021-05-05T17:50:23.008+0000][7][gc,age      ] GC(3) Desired survivor size 8388608 bytes, new threshold 15 (max threshold 15)
[2021-05-05T17:50:23.013+0000][7][gc,age      ] GC(3) Age table with threshold 15 (max threshold 15)
[2021-05-05T17:50:23.013+0000][7][gc,age      ] GC(3) - age   1:    2193312 bytes,    2193312 total
[2021-05-05T17:50:23.013+0000][7][gc,age      ] GC(3) - age   2:    1836384 bytes,    4029696 total
[2021-05-05T17:50:23.013+0000][7][gc,age      ] GC(3) - age   3:    2724496 bytes,    6754192 total
[2021-05-05T17:50:23.013+0000][7][gc,phases   ] GC(3)   Pre Evacuate Collection Set: 0.3ms
[2021-05-05T17:50:23.013+0000][7][gc,phases   ] GC(3)   Merge Heap Roots: 0.1ms
[2021-05-05T17:50:23.013+0000][7][gc,phases   ] GC(3)   Evacuate Collection Set: 4.2ms
[2021-05-05T17:50:23.013+0000][7][gc,phases   ] GC(3)   Post Evacuate Collection Set: 0.5ms
[2021-05-05T17:50:23.013+0000][7][gc,phases   ] GC(3)   Other: 0.5ms
[2021-05-05T17:50:23.013+0000][7][gc,heap     ] GC(3) Eden regions: 28->0(29)
[2021-05-05T17:50:23.013+0000][7][gc,heap     ] GC(3) Survivor regions: 2->2(4)
[2021-05-05T17:50:23.013+0000][7][gc,heap     ] GC(3) Old regions: 2->2
[2021-05-05T17:50:23.013+0000][7][gc,heap     ] GC(3) Archive regions: 2->2
[2021-05-05T17:50:23.013+0000][7][gc,heap     ] GC(3) Humongous regions: 0->0
[2021-05-05T17:50:23.013+0000][7][gc,metaspace] GC(3) Metaspace: 18502K(18816K)->18502K(18816K) NonClass: 16282K(16448K)->16282K(16448K) Class: 2220K(2368K)->2220K(2368K)
[2021-05-05T17:50:23.013+0000][7][gc          ] GC(3) Pause Young (Normal) (G1 Evacuation Pause) 128M->18M(2468M) 5.459ms
[2021-05-05T17:50:23.013+0000][7][gc,cpu      ] GC(3) User=0.01s Sys=0.00s Real=0.01s
[2021-05-05T17:50:23.013+0000][7][safepoint   ] Safepoint "G1CollectForAllocation", Time since last: 495527830 ns, Reaching safepoint: 44060 ns, At safepoint: 5664246 ns, Total: 5708306 ns
[2021-05-05T17:50:23.362+0000][7][gc,start    ] GC(4) Pause Young (Normal) (G1 Evacuation Pause)
[2021-05-05T17:50:23.362+0000][7][gc,task     ] GC(4) Using 2 workers of 2 for evacuation
[2021-05-05T17:50:23.362+0000][7][gc,age      ] GC(4) Desired survivor size 8388608 bytes, new threshold 15 (max threshold 15)
[2021-05-05T17:50:23.368+0000][7][gc,age      ] GC(4) Age table with threshold 15 (max threshold 15)
[2021-05-05T17:50:23.368+0000][7][gc,age      ] GC(4) - age   1:    2037776 bytes,    2037776 total
[2021-05-05T17:50:23.368+0000][7][gc,age      ] GC(4) - age   2:     498928 bytes,    2536704 total
[2021-05-05T17:50:23.368+0000][7][gc,age      ] GC(4) - age   3:    1836384 bytes,    4373088 total
[2021-05-05T17:50:23.368+0000][7][gc,age      ] GC(4) - age   4:    2723536 bytes,    7096624 total
[2021-05-05T17:50:23.368+0000][7][gc,phases   ] GC(4)   Pre Evacuate Collection Set: 0.1ms
[2021-05-05T17:50:23.368+0000][7][gc,phases   ] GC(4)   Merge Heap Roots: 0.0ms
[2021-05-05T17:50:23.368+0000][7][gc,phases   ] GC(4)   Evacuate Collection Set: 4.9ms
[2021-05-05T17:50:23.368+0000][7][gc,phases   ] GC(4)   Post Evacuate Collection Set: 0.6ms
[2021-05-05T17:50:23.368+0000][7][gc,phases   ] GC(4)   Other: 0.3ms
[2021-05-05T17:50:23.368+0000][7][gc,heap     ] GC(4) Eden regions: 29->0(35)
[2021-05-05T17:50:23.368+0000][7][gc,heap     ] GC(4) Survivor regions: 2->2(4)
[2021-05-05T17:50:23.368+0000][7][gc,heap     ] GC(4) Old regions: 2->2
[2021-05-05T17:50:23.368+0000][7][gc,heap     ] GC(4) Archive regions: 2->2
[2021-05-05T17:50:23.368+0000][7][gc,heap     ] GC(4) Humongous regions: 0->0
[2021-05-05T17:50:23.368+0000][7][gc,metaspace] GC(4) Metaspace: 18796K(19136K)->18796K(19136K) NonClass: 16553K(16768K)->16553K(16768K) Class: 2242K(2368K)->2242K(2368K)
[2021-05-05T17:50:23.368+0000][7][gc          ] GC(4) Pause Young (Normal) (G1 Evacuation Pause) 134M->18M(2468M) 6.020ms
[2021-05-05T17:50:23.368+0000][7][gc,cpu      ] GC(4) User=0.01s Sys=0.00s Real=0.00s
[2021-05-05T17:50:23.368+0000][7][safepoint   ] Safepoint "G1CollectForAllocation", Time since last: 348889555 ns, Reaching safepoint: 35934 ns, At safepoint: 6079186 ns, Total: 6115120 ns
[2021-05-05T17:50:23.820+0000][7][gc,start    ] GC(5) Pause Young (Normal) (G1 Evacuation Pause)
[2021-05-05T17:50:23.820+0000][7][gc,task     ] GC(5) Using 2 workers of 2 for evacuation
[2021-05-05T17:50:23.820+0000][7][gc,age      ] GC(5) Desired survivor size 10485760 bytes, new threshold 15 (max threshold 15)
[2021-05-05T17:50:23.829+0000][7][gc,age      ] GC(5) Age table with threshold 15 (max threshold 15)
[2021-05-05T17:50:23.830+0000][7][gc,age      ] GC(5) - age   1:    1831904 bytes,    1831904 total
[2021-05-05T17:50:23.830+0000][7][gc,age      ] GC(5) - age   2:     594824 bytes,    2426728 total
[2021-05-05T17:50:23.830+0000][7][gc,age      ] GC(5) - age   3:     498800 bytes,    2925528 total
[2021-05-05T17:50:23.830+0000][7][gc,age      ] GC(5) - age   4:    1836384 bytes,    4761912 total
[2021-05-05T17:50:23.830+0000][7][gc,age      ] GC(5) - age   5:    2723536 bytes,    7485448 total
[2021-05-05T17:50:23.830+0000][7][gc,phases   ] GC(5)   Pre Evacuate Collection Set: 0.1ms
[2021-05-05T17:50:23.830+0000][7][gc,phases   ] GC(5)   Merge Heap Roots: 0.0ms
[2021-05-05T17:50:23.830+0000][7][gc,phases   ] GC(5)   Evacuate Collection Set: 8.2ms
[2021-05-05T17:50:23.830+0000][7][gc,phases   ] GC(5)   Post Evacuate Collection Set: 0.9ms
[2021-05-05T17:50:23.830+0000][7][gc,phases   ] GC(5)   Other: 0.3ms
[2021-05-05T17:50:23.830+0000][7][gc,heap     ] GC(5) Eden regions: 35->0(368)
[2021-05-05T17:50:23.830+0000][7][gc,heap     ] GC(5) Survivor regions: 2->2(5)
[2021-05-05T17:50:23.830+0000][7][gc,heap     ] GC(5) Old regions: 2->2
[2021-05-05T17:50:23.830+0000][7][gc,heap     ] GC(5) Archive regions: 2->2
[2021-05-05T17:50:23.830+0000][7][gc,heap     ] GC(5) Humongous regions: 0->0
[2021-05-05T17:50:23.830+0000][7][gc,metaspace] GC(5) Metaspace: 19001K(19392K)->19001K(19392K) NonClass: 16732K(16960K)->16732K(16960K) Class: 2269K(2432K)->2269K(2432K)
[2021-05-05T17:50:23.830+0000][7][gc          ] GC(5) Pause Young (Normal) (G1 Evacuation Pause) 158M->18M(2468M) 9.765ms
[2021-05-05T17:50:23.830+0000][7][gc,cpu      ] GC(5) User=0.02s Sys=0.00s Real=0.00s
[2021-05-05T17:50:23.830+0000][7][safepoint   ] Safepoint "G1CollectForAllocation", Time since last: 452194292 ns, Reaching safepoint: 33862 ns, At safepoint: 9819342 ns, Total: 9853204 ns
[2021-05-05T17:50:24.831+0000][7][safepoint   ] Safepoint "Cleanup", Time since last: 1000175683 ns, Reaching safepoint: 567199 ns, At safepoint: 7460 ns, Total: 574659 ns
[2021-05-05T17:50:25.667+0000][7][safepoint   ] Safepoint "ICBufferFull", Time since last: 835830599 ns, Reaching safepoint: 610458 ns, At safepoint: 18612 ns, Total: 629070 ns
[2021-05-05T17:50:25.756+0000][7][gc,start    ] GC(6) Pause Young (Concurrent Start) (Metadata GC Threshold)
[2021-05-05T17:50:25.756+0000][7][gc,task     ] GC(6) Using 2 workers of 2 for evacuation
[2021-05-05T17:50:25.756+0000][7][gc,age      ] GC(6) Desired survivor size 98566144 bytes, new threshold 15 (max threshold 15)
[2021-05-05T17:50:25.764+0000][7][gc,age      ] GC(6) Age table with threshold 15 (max threshold 15)
[2021-05-05T17:50:25.764+0000][7][gc,age      ] GC(6) - age   1:    3102368 bytes,    3102368 total
[2021-05-05T17:50:25.764+0000][7][gc,age      ] GC(6) - age   2:    1813488 bytes,    4915856 total
[2021-05-05T17:50:25.764+0000][7][gc,age      ] GC(6) - age   3:     593504 bytes,    5509360 total
[2021-05-05T17:50:25.764+0000][7][gc,age      ] GC(6) - age   4:     497696 bytes,    6007056 total
[2021-05-05T17:50:25.764+0000][7][gc,age      ] GC(6) - age   5:    1835776 bytes,    7842832 total
[2021-05-05T17:50:25.764+0000][7][gc,age      ] GC(6) - age   6:    2719288 bytes,   10562120 total
[2021-05-05T17:50:25.764+0000][7][gc,phases   ] GC(6)   Pre Evacuate Collection Set: 0.2ms
[2021-05-05T17:50:25.764+0000][7][gc,phases   ] GC(6)   Merge Heap Roots: 0.1ms
[2021-05-05T17:50:25.764+0000][7][gc,phases   ] GC(6)   Evacuate Collection Set: 7.5ms
[2021-05-05T17:50:25.764+0000][7][gc,phases   ] GC(6)   Post Evacuate Collection Set: 0.6ms
[2021-05-05T17:50:25.764+0000][7][gc,phases   ] GC(6)   Other: 0.3ms
[2021-05-05T17:50:25.764+0000][7][gc,heap     ] GC(6) Eden regions: 166->0(176)
[2021-05-05T17:50:25.764+0000][7][gc,heap     ] GC(6) Survivor regions: 2->3(47)
[2021-05-05T17:50:25.764+0000][7][gc,heap     ] GC(6) Old regions: 2->2
[2021-05-05T17:50:25.764+0000][7][gc,heap     ] GC(6) Archive regions: 2->2
[2021-05-05T17:50:25.764+0000][7][gc,heap     ] GC(6) Humongous regions: 0->0
[2021-05-05T17:50:25.764+0000][7][gc,metaspace] GC(6) Metaspace: 20734K(21248K)->20734K(21248K) NonClass: 18215K(18496K)->18215K(18496K) Class: 2519K(2752K)->2519K(2752K)
[2021-05-05T17:50:25.764+0000][7][gc          ] GC(6) Pause Young (Concurrent Start) (Metadata GC Threshold) 680M->22M(2468M) 8.768ms
[2021-05-05T17:50:25.764+0000][7][gc,cpu      ] GC(6) User=0.02s Sys=0.00s Real=0.01s
[2021-05-05T17:50:25.765+0000][7][safepoint   ] Safepoint "CollectForMetadataAllocation", Time since last: 88519682 ns, Reaching safepoint: 42085 ns, At safepoint: 8891255 ns, Total: 8933340 ns
[2021-05-05T17:50:25.765+0000][7][gc          ] GC(7) Concurrent Mark Cycle
[2021-05-05T17:50:25.765+0000][7][gc,marking  ] GC(7) Concurrent Clear Claimed Marks
[2021-05-05T17:50:25.765+0000][7][gc,marking  ] GC(7) Concurrent Clear Claimed Marks 0.024ms
[2021-05-05T17:50:25.765+0000][7][gc,marking  ] GC(7) Concurrent Scan Root Regions
[2021-05-05T17:50:25.769+0000][7][gc,marking  ] GC(7) Concurrent Scan Root Regions 4.841ms
[2021-05-05T17:50:25.769+0000][7][gc,marking  ] GC(7) Concurrent Mark
[2021-05-05T17:50:25.769+0000][7][gc,marking  ] GC(7) Concurrent Mark From Roots
[2021-05-05T17:50:25.770+0000][7][gc,task     ] GC(7) Using 1 workers of 1 for marking
[2021-05-05T17:50:25.810+0000][7][gc,marking  ] GC(7) Concurrent Mark From Roots 40.973ms
[2021-05-05T17:50:25.811+0000][7][gc,marking  ] GC(7) Concurrent Preclean
[2021-05-05T17:50:25.811+0000][7][gc,marking  ] GC(7) Concurrent Preclean 0.133ms
[2021-05-05T17:50:25.811+0000][7][gc,start    ] GC(7) Pause Remark
[2021-05-05T17:50:25.817+0000][7][gc          ] GC(7) Pause Remark 30M->30M(2468M) 5.688ms
[2021-05-05T17:50:25.817+0000][7][gc,cpu      ] GC(7) User=0.01s Sys=0.00s Real=0.01s
[2021-05-05T17:50:25.817+0000][7][safepoint   ] Safepoint "G1Concurrent", Time since last: 46129110 ns, Reaching safepoint: 122676 ns, At safepoint: 5794836 ns, Total: 5917512 ns
[2021-05-05T17:50:25.817+0000][7][gc,marking  ] GC(7) Concurrent Mark 47.166ms
[2021-05-05T17:50:25.817+0000][7][gc,marking  ] GC(7) Concurrent Rebuild Remembered Sets
[2021-05-05T17:50:25.827+0000][7][gc,marking  ] GC(7) Concurrent Rebuild Remembered Sets 10.690ms
[2021-05-05T17:50:25.828+0000][7][gc,start    ] GC(7) Pause Cleanup
[2021-05-05T17:50:25.828+0000][7][gc          ] GC(7) Pause Cleanup 30M->30M(2468M) 0.109ms
[2021-05-05T17:50:25.828+0000][7][gc,cpu      ] GC(7) User=0.00s Sys=0.00s Real=0.00s
[2021-05-05T17:50:25.828+0000][7][safepoint   ] Safepoint "G1Concurrent", Time since last: 10902794 ns, Reaching safepoint: 291046 ns, At safepoint: 145274 ns, Total: 436320 ns
[2021-05-05T17:50:25.828+0000][7][gc,marking  ] GC(7) Concurrent Cleanup for Next Mark
[2021-05-05T17:50:25.855+0000][7][gc,marking  ] GC(7) Concurrent Cleanup for Next Mark 27.351ms
[2021-05-05T17:50:25.855+0000][7][gc          ] GC(7) Concurrent Mark Cycle 90.791ms
[2021-05-05T17:50:26.829+0000][7][safepoint   ] Safepoint "Cleanup", Time since last: 1000426406 ns, Reaching safepoint: 527436 ns, At safepoint: 13354 ns, Total: 540790 ns
[2021-05-05T17:50:27.951+0000][7][safepoint   ] Safepoint "Cleanup", Time since last: 1120913669 ns, Reaching safepoint: 1441280 ns, At safepoint: 58495 ns, Total: 1499775 ns
[2021-05-05T17:50:29.126+0000][7][safepoint   ] Safepoint "Cleanup", Time since last: 1173588145 ns, Reaching safepoint: 836695 ns, At safepoint: 26961 ns, Total: 863656 ns
[2021-05-05T17:50:30.126+0000][7][safepoint   ] Safepoint "Cleanup", Time since last: 1000191250 ns, Reaching safepoint: 468147 ns, At safepoint: 13416 ns, Total: 481563 ns
[2021-05-05T17:50:31.127+0000][7][safepoint   ] Safepoint "Cleanup", Time since last: 1000211524 ns, Reaching safepoint: 434291 ns, At safepoint: 6069 ns, Total: 440360 ns
[2021-05-05T17:50:32.128+0000][7][safepoint   ] Safepoint "Cleanup", Time since last: 1000361819 ns, Reaching safepoint: 846275 ns, At safepoint: 9153 ns, Total: 855428 ns
[2021-05-05T17:50:32.705+0000][7][gc,start    ] GC(8) Pause Young (Concurrent Start) (Metadata GC Threshold)
[2021-05-05T17:50:32.705+0000][7][gc,task     ] GC(8) Using 2 workers of 2 for evacuation
[2021-05-05T17:50:32.705+0000][7][gc,age      ] GC(8) Desired survivor size 50331648 bytes, new threshold 15 (max threshold 15)
[2021-05-05T17:50:32.807+0000][7][gc,age      ] GC(8) Age table with threshold 15 (max threshold 15)
[2021-05-05T17:50:32.807+0000][7][gc,age      ] GC(8) - age   1:   39836000 bytes,   39836000 total
[2021-05-05T17:50:32.807+0000][7][gc,age      ] GC(8) - age   2:    3047768 bytes,   42883768 total
[2021-05-05T17:50:32.807+0000][7][gc,age      ] GC(8) - age   3:    1813064 bytes,   44696832 total
[2021-05-05T17:50:32.807+0000][7][gc,age      ] GC(8) - age   4:     588008 bytes,   45284840 total
[2021-05-05T17:50:32.807+0000][7][gc,age      ] GC(8) - age   5:     495728 bytes,   45780568 total
[2021-05-05T17:50:32.807+0000][7][gc,age      ] GC(8) - age   6:    1826312 bytes,   47606880 total
[2021-05-05T17:50:32.807+0000][7][gc,age      ] GC(8) - age   7:    2692776 bytes,   50299656 total
[2021-05-05T17:50:32.807+0000][7][gc,phases   ] GC(8)   Pre Evacuate Collection Set: 0.2ms
[2021-05-05T17:50:32.807+0000][7][gc,phases   ] GC(8)   Merge Heap Roots: 0.1ms
[2021-05-05T17:50:32.807+0000][7][gc,phases   ] GC(8)   Evacuate Collection Set: 100.4ms
[2021-05-05T17:50:32.807+0000][7][gc,phases   ] GC(8)   Post Evacuate Collection Set: 1.4ms
[2021-05-05T17:50:32.807+0000][7][gc,phases   ] GC(8)   Other: 0.3ms
[2021-05-05T17:50:32.807+0000][7][gc,heap     ] GC(8) Eden regions: 152->0(54)
[2021-05-05T17:50:32.807+0000][7][gc,heap     ] GC(8) Survivor regions: 3->13(24)
[2021-05-05T17:50:32.807+0000][7][gc,heap     ] GC(8) Old regions: 2->2
[2021-05-05T17:50:32.807+0000][7][gc,heap     ] GC(8) Archive regions: 2->2
[2021-05-05T17:50:32.807+0000][7][gc,heap     ] GC(8) Humongous regions: 0->0
[2021-05-05T17:50:32.807+0000][7][gc,metaspace] GC(8) Metaspace: 34705K(35520K)->34705K(35520K) NonClass: 30247K(30720K)->30247K(30720K) Class: 4457K(4800K)->4457K(4800K)
[2021-05-05T17:50:32.807+0000][7][gc          ] GC(8) Pause Young (Concurrent Start) (Metadata GC Threshold) 630M->60M(2468M) 102.374ms
[2021-05-05T17:50:32.807+0000][7][gc,cpu      ] GC(8) User=0.20s Sys=0.00s Real=0.10s
[2021-05-05T17:50:32.807+0000][7][safepoint   ] Safepoint "CollectForMetadataAllocation", Time since last: 576041947 ns, Reaching safepoint: 110287 ns, At safepoint: 102567581 ns, Total: 102677868 ns
[2021-05-05T17:50:32.807+0000][7][gc          ] GC(9) Concurrent Mark Cycle
[2021-05-05T17:50:32.807+0000][7][gc,marking  ] GC(9) Concurrent Clear Claimed Marks
[2021-05-05T17:50:32.807+0000][7][gc,marking  ] GC(9) Concurrent Clear Claimed Marks 0.061ms
[2021-05-05T17:50:32.807+0000][7][gc,marking  ] GC(9) Concurrent Scan Root Regions
[2021-05-05T17:50:32.910+0000][7][safepoint   ] Safepoint "CollectForMetadataAllocation", Time since last: 102874524 ns, Reaching safepoint: 44179 ns, At safepoint: 65369 ns, Total: 109548 ns
[2021-05-05T17:50:32.929+0000][7][gc,marking  ] GC(9) Concurrent Scan Root Regions 122.072ms
[2021-05-05T17:50:32.929+0000][7][gc,marking  ] GC(9) Concurrent Mark
[2021-05-05T17:50:32.929+0000][7][gc,marking  ] GC(9) Concurrent Mark From Roots
[2021-05-05T17:50:32.929+0000][7][gc,task     ] GC(9) Using 1 workers of 1 for marking
[2021-05-05T17:50:32.933+0000][7][safepoint   ] Safepoint "CollectForMetadataAllocation", Time since last: 22833857 ns, Reaching safepoint: 112629 ns, At safepoint: 123298 ns, Total: 235927 ns
[2021-05-05T17:50:32.959+0000][7][gc,marking  ] GC(9) Concurrent Mark From Roots 29.525ms
[2021-05-05T17:50:32.959+0000][7][gc,marking  ] GC(9) Concurrent Preclean
[2021-05-05T17:50:32.959+0000][7][gc,marking  ] GC(9) Concurrent Preclean 0.076ms
[2021-05-05T17:50:32.959+0000][7][gc,start    ] GC(9) Pause Remark
[2021-05-05T17:50:32.964+0000][7][gc          ] GC(9) Pause Remark 64M->64M(2468M) 4.625ms
[2021-05-05T17:50:32.964+0000][7][gc,cpu      ] GC(9) User=0.01s Sys=0.00s Real=0.00s
[2021-05-05T17:50:32.964+0000][7][safepoint   ] Safepoint "G1Concurrent", Time since last: 25826303 ns, Reaching safepoint: 528726 ns, At safepoint: 4734040 ns, Total: 5262766 ns
[2021-05-05T17:50:32.964+0000][7][gc,marking  ] GC(9) Concurrent Mark 34.957ms
[2021-05-05T17:50:32.964+0000][7][gc,marking  ] GC(9) Concurrent Rebuild Remembered Sets
[2021-05-05T17:50:32.976+0000][7][gc,marking  ] GC(9) Concurrent Rebuild Remembered Sets 11.360ms
[2021-05-05T17:50:32.976+0000][7][gc,start    ] GC(9) Pause Cleanup
[2021-05-05T17:50:32.976+0000][7][gc          ] GC(9) Pause Cleanup 64M->64M(2468M) 0.168ms
[2021-05-05T17:50:32.976+0000][7][gc,cpu      ] GC(9) User=0.00s Sys=0.00s Real=0.00s
[2021-05-05T17:50:32.976+0000][7][safepoint   ] Safepoint "G1Concurrent", Time since last: 11500042 ns, Reaching safepoint: 406780 ns, At safepoint: 227054 ns, Total: 633834 ns
[2021-05-05T17:50:32.976+0000][7][gc,marking  ] GC(9) Concurrent Cleanup for Next Mark
[2021-05-05T17:50:33.004+0000][7][gc,marking  ] GC(9) Concurrent Cleanup for Next Mark 27.404ms
[2021-05-05T17:50:33.004+0000][7][gc          ] GC(9) Concurrent Mark Cycle 196.741ms
[2021-05-05T17:50:33.882+0000][7][safepoint   ] Safepoint "ICBufferFull", Time since last: 905599195 ns, Reaching safepoint: 208171 ns, At safepoint: 5368 ns, Total: 213539 ns
[2021-05-05T17:50:35.421+0000][7][safepoint   ] Safepoint "Cleanup", Time since last: 1538234580 ns, Reaching safepoint: 1037935 ns, At safepoint: 34480 ns, Total: 1072415 ns
[2021-05-05T17:50:36.422+0000][7][safepoint   ] Safepoint "Cleanup", Time since last: 1000352932 ns, Reaching safepoint: 502551 ns, At safepoint: 8783 ns, Total: 511334 ns
[2021-05-05T17:50:36.451+0000][7][gc,start    ] GC(10) Pause Young (Concurrent Start) (G1 Evacuation Pause)
[2021-05-05T17:50:36.451+0000][7][gc,task     ] GC(10) Using 2 workers of 2 for evacuation
[2021-05-05T17:50:36.451+0000][7][gc,age      ] GC(10) Desired survivor size 20971520 bytes, new threshold 1 (max threshold 15)
[2021-05-05T17:50:36.584+0000][7][gc,age      ] GC(10) Age table with threshold 1 (max threshold 15)
[2021-05-05T17:50:36.584+0000][7][gc,age      ] GC(10) - age   1:    6529128 bytes,    6529128 total
[2021-05-05T17:50:36.584+0000][7][gc,phases   ] GC(10)   Pre Evacuate Collection Set: 0.5ms
[2021-05-05T17:50:36.584+0000][7][gc,phases   ] GC(10)   Merge Heap Roots: 0.2ms
[2021-05-05T17:50:36.584+0000][7][gc,phases   ] GC(10)   Evacuate Collection Set: 129.5ms
[2021-05-05T17:50:36.584+0000][7][gc,phases   ] GC(10)   Post Evacuate Collection Set: 2.0ms
[2021-05-05T17:50:36.584+0000][7][gc,phases   ] GC(10)   Other: 0.5ms
[2021-05-05T17:50:36.584+0000][7][gc,heap     ] GC(10) Eden regions: 61->0(112)
[2021-05-05T17:50:36.584+0000][7][gc,heap     ] GC(10) Survivor regions: 13->2(10)
[2021-05-05T17:50:36.584+0000][7][gc,heap     ] GC(10) Old regions: 2->14
[2021-05-05T17:50:36.584+0000][7][gc,heap     ] GC(10) Archive regions: 2->2
[2021-05-05T17:50:36.584+0000][7][gc,heap     ] GC(10) Humongous regions: 0->0
[2021-05-05T17:50:36.584+0000][7][gc,metaspace] GC(10) Metaspace: 52113K(53248K)->52113K(53248K) NonClass: 45099K(45760K)->45099K(45760K) Class: 7013K(7488K)->7013K(7488K)
[2021-05-05T17:50:36.584+0000][7][gc          ] GC(10) Pause Young (Concurrent Start) (G1 Evacuation Pause) 304M->67M(2468M) 132.898ms
[2021-05-05T17:50:36.584+0000][7][gc,cpu      ] GC(10) User=0.26s Sys=0.00s Real=0.14s
[2021-05-05T17:50:36.584+0000][7][safepoint   ] Safepoint "G1CollectForAllocation", Time since last: 28954650 ns, Reaching safepoint: 34854 ns, At safepoint: 133030538 ns, Total: 133065392 ns
[2021-05-05T17:50:36.584+0000][7][gc          ] GC(11) Concurrent Mark Cycle
[2021-05-05T17:50:36.585+0000][7][gc,marking  ] GC(11) Concurrent Clear Claimed Marks
[2021-05-05T17:50:36.585+0000][7][gc,marking  ] GC(11) Concurrent Clear Claimed Marks 0.109ms
[2021-05-05T17:50:36.585+0000][7][gc,marking  ] GC(11) Concurrent Scan Root Regions
[2021-05-05T17:50:36.752+0000][7][gc,marking  ] GC(11) Concurrent Scan Root Regions 167.162ms
[2021-05-05T17:50:36.752+0000][7][gc,marking  ] GC(11) Concurrent Mark
[2021-05-05T17:50:36.752+0000][7][gc,marking  ] GC(11) Concurrent Mark From Roots
[2021-05-05T17:50:36.752+0000][7][gc,task     ] GC(11) Using 1 workers of 1 for marking
[2021-05-05T17:50:36.772+0000][7][gc,marking  ] GC(11) Concurrent Mark From Roots 19.600ms
[2021-05-05T17:50:36.772+0000][7][gc,marking  ] GC(11) Concurrent Preclean
[2021-05-05T17:50:36.772+0000][7][gc,marking  ] GC(11) Concurrent Preclean 0.092ms
[2021-05-05T17:50:36.774+0000][7][gc,start    ] GC(11) Pause Remark
[2021-05-05T17:50:36.782+0000][7][gc          ] GC(11) Pause Remark 91M->91M(2468M) 8.243ms
[2021-05-05T17:50:36.783+0000][7][gc,cpu      ] GC(11) User=0.02s Sys=0.00s Real=0.01s
[2021-05-05T17:50:36.783+0000][7][safepoint   ] Safepoint "G1Concurrent", Time since last: 187414021 ns, Reaching safepoint: 2443941 ns, At safepoint: 8387986 ns, Total: 10831927 ns
[2021-05-05T17:50:36.783+0000][7][gc,marking  ] GC(11) Concurrent Mark 30.693ms
[2021-05-05T17:50:36.783+0000][7][gc,marking  ] GC(11) Concurrent Rebuild Remembered Sets
[2021-05-05T17:50:36.914+0000][7][gc,marking  ] GC(11) Concurrent Rebuild Remembered Sets 131.010ms
[2021-05-05T17:50:36.914+0000][7][gc,start    ] GC(11) Pause Cleanup
[2021-05-05T17:50:36.914+0000][7][gc          ] GC(11) Pause Cleanup 99M->99M(2468M) 0.158ms
[2021-05-05T17:50:36.914+0000][7][gc,cpu      ] GC(11) User=0.00s Sys=0.00s Real=0.00s
[2021-05-05T17:50:36.914+0000][7][safepoint   ] Safepoint "G1Concurrent", Time since last: 131154752 ns, Reaching safepoint: 416721 ns, At safepoint: 195868 ns, Total: 612589 ns
[2021-05-05T17:50:36.914+0000][7][gc,marking  ] GC(11) Concurrent Cleanup for Next Mark
[2021-05-05T17:50:36.918+0000][7][gc,marking  ] GC(11) Concurrent Cleanup for Next Mark 3.926ms
[2021-05-05T17:50:36.918+0000][7][gc          ] GC(11) Concurrent Mark Cycle 333.816ms
[2021-05-05T17:50:38.874+0000][7][safepoint   ] Safepoint "Cleanup", Time since last: 1958267030 ns, Reaching safepoint: 1210456 ns, At safepoint: 29082 ns, Total: 1239538 ns
[2021-05-05T17:50:39.874+0000][7][safepoint   ] Safepoint "Cleanup", Time since last: 1000222988 ns, Reaching safepoint: 192320 ns, At safepoint: 5737 ns, Total: 198057 ns
[2021-05-05T17:50:41.376+0000][7][safepoint   ] Safepoint "Cleanup", Time since last: 1501560317 ns, Reaching safepoint: 232396 ns, At safepoint: 6088 ns, Total: 238484 ns
[2021-05-05T17:50:42.377+0000][7][safepoint   ] Safepoint "Cleanup", Time since last: 1000122368 ns, Reaching safepoint: 1260122 ns, At safepoint: 20843 ns, Total: 1280965 ns
[2021-05-05T17:50:43.364+0000][7][safepoint   ] Safepoint "ICBufferFull", Time since last: 986554042 ns, Reaching safepoint: 414041 ns, At safepoint: 14668 ns, Total: 428709 ns
[2021-05-05T17:50:44.102+0000][7][safepoint   ] Safepoint "ICBufferFull", Time since last: 736750149 ns, Reaching safepoint: 528777 ns, At safepoint: 22517 ns, Total: 551294 ns
[2021-05-05T17:50:45.105+0000][7][safepoint   ] Safepoint "Cleanup", Time since last: 1003122159 ns, Reaching safepoint: 284235 ns, At safepoint: 10410 ns, Total: 294645 ns
[2021-05-05T17:50:47.113+0000][7][safepoint   ] Safepoint "Cleanup", Time since last: 2007406736 ns, Reaching safepoint: 158338 ns, At safepoint: 8244 ns, Total: 166582 ns
[2021-05-05T17:50:48.114+0000][7][safepoint   ] Safepoint "Cleanup", Time since last: 1000966794 ns, Reaching safepoint: 64477 ns, At safepoint: 4787 ns, Total: 69264 ns
[2021-05-05T17:50:51.119+0000][7][safepoint   ] Safepoint "Cleanup", Time since last: 3002616660 ns, Reaching safepoint: 1789259 ns, At safepoint: 529747 ns, Total: 2319006 ns
[2021-05-05T17:50:54.130+0000][7][safepoint   ] Safepoint "Cleanup", Time since last: 3011505336 ns, Reaching safepoint: 46794 ns, At safepoint: 4199 ns, Total: 50993 ns
[2021-05-05T17:51:00.132+0000][7][safepoint   ] Safepoint "Cleanup", Time since last: 6001663311 ns, Reaching safepoint: 112248 ns, At safepoint: 8514 ns, Total: 120762 ns
[2021-05-05T17:51:01.132+0000][7][safepoint   ] Safepoint "Cleanup", Time since last: 1000296004 ns, Reaching safepoint: 45788 ns, At safepoint: 3655 ns, Total: 49443 ns
[2021-05-05T17:51:08.154+0000][7][safepoint   ] Safepoint "Cleanup", Time since last: 7021536932 ns, Reaching safepoint: 149837 ns, At safepoint: 8367 ns, Total: 158204 ns
[2021-05-05T17:51:10.156+0000][7][safepoint   ] Safepoint "Cleanup", Time since last: 2001069476 ns, Reaching safepoint: 802764 ns, At safepoint: 17895 ns, Total: 820659 ns
[2021-05-05T17:51:10.728+0000][7][gc,start    ] GC(12) Pause Young (Concurrent Start) (Metadata GC Threshold)
[2021-05-05T17:51:10.729+0000][7][gc,task     ] GC(12) Using 2 workers of 2 for evacuation
[2021-05-05T17:51:10.729+0000][7][gc,age      ] GC(12) Desired survivor size 35651584 bytes, new threshold 15 (max threshold 15)
[2021-05-05T17:51:11.019+0000][7][gc,age      ] GC(12) Age table with threshold 15 (max threshold 15)
[2021-05-05T17:51:11.019+0000][7][gc,age      ] GC(12) - age   1:   14088864 bytes,   14088864 total
[2021-05-05T17:51:11.019+0000][7][gc,age      ] GC(12) - age   2:    6299472 bytes,   20388336 total
[2021-05-05T17:51:11.019+0000][7][gc,mmu      ] GC(12) MMU target violated: 201.0ms (200.0ms/201.0ms)
[2021-05-05T17:51:11.021+0000][7][gc,phases   ] GC(12)   Pre Evacuate Collection Set: 1.3ms
[2021-05-05T17:51:11.021+0000][7][gc,phases   ] GC(12)   Merge Heap Roots: 1.0ms
[2021-05-05T17:51:11.021+0000][7][gc,phases   ] GC(12)   Evacuate Collection Set: 282.1ms
[2021-05-05T17:51:11.021+0000][7][gc,phases   ] GC(12)   Post Evacuate Collection Set: 3.8ms
[2021-05-05T17:51:11.021+0000][7][gc,phases   ] GC(12)   Other: 4.2ms
[2021-05-05T17:51:11.021+0000][7][gc,heap     ] GC(12) Eden regions: 66->0(24)
[2021-05-05T17:51:11.021+0000][7][gc,heap     ] GC(12) Survivor regions: 2->6(17)
[2021-05-05T17:51:11.021+0000][7][gc,heap     ] GC(12) Old regions: 14->14
[2021-05-05T17:51:11.021+0000][7][gc,heap     ] GC(12) Archive regions: 2->2
[2021-05-05T17:51:11.021+0000][7][gc,heap     ] GC(12) Humongous regions: 0->0
[2021-05-05T17:51:11.021+0000][7][gc,metaspace] GC(12) Metaspace: 87434K(88768K)->87434K(88768K) NonClass: 75473K(76224K)->75473K(76224K) Class: 11961K(12544K)->11961K(12544K)
[2021-05-05T17:51:11.021+0000][7][gc          ] GC(12) Pause Young (Concurrent Start) (Metadata GC Threshold) 329M->80M(2468M) 292.472ms
[2021-05-05T17:51:11.021+0000][7][gc,cpu      ] GC(12) User=0.13s Sys=0.03s Real=0.30s
[2021-05-05T17:51:11.021+0000][7][safepoint   ] Safepoint "CollectForMetadataAllocation", Time since last: 572348498 ns, Reaching safepoint: 97668 ns, At safepoint: 292679376 ns, Total: 292777044 ns
[2021-05-05T17:51:11.026+0000][7][gc          ] GC(13) Concurrent Mark Cycle
[2021-05-05T17:51:11.027+0000][7][gc,marking  ] GC(13) Concurrent Clear Claimed Marks
[2021-05-05T17:51:11.027+0000][7][gc,marking  ] GC(13) Concurrent Clear Claimed Marks 0.148ms
[2021-05-05T17:51:11.027+0000][7][gc,marking  ] GC(13) Concurrent Scan Root Regions
[2021-05-05T17:51:11.265+0000][7][gc,marking  ] GC(13) Concurrent Scan Root Regions 238.630ms
[2021-05-05T17:51:11.265+0000][7][gc,marking  ] GC(13) Concurrent Mark
[2021-05-05T17:51:11.265+0000][7][gc,marking  ] GC(13) Concurrent Mark From Roots
[2021-05-05T17:51:11.265+0000][7][gc,task     ] GC(13) Using 1 workers of 1 for marking
[2021-05-05T17:51:11.902+0000][7][gc,marking  ] GC(13) Concurrent Mark From Roots 636.605ms
[2021-05-05T17:51:11.902+0000][7][gc,marking  ] GC(13) Concurrent Preclean
[2021-05-05T17:51:11.902+0000][7][gc,marking  ] GC(13) Concurrent Preclean 0.129ms
[2021-05-05T17:51:11.902+0000][7][gc,start    ] GC(13) Pause Remark
[2021-05-05T17:51:11.970+0000][7][gc          ] GC(13) Pause Remark 82M->82M(2468M) 68.141ms
[2021-05-05T17:51:11.971+0000][7][gc,cpu      ] GC(13) User=0.04s Sys=0.01s Real=0.06s
[2021-05-05T17:51:11.971+0000][7][safepoint   ] Safepoint "G1Concurrent", Time since last: 881085811 ns, Reaching safepoint: 44570 ns, At safepoint: 68358611 ns, Total: 68403181 ns
[2021-05-05T17:51:11.971+0000][7][gc,marking  ] GC(13) Concurrent Mark 706.006ms
[2021-05-05T17:51:11.971+0000][7][gc,marking  ] GC(13) Concurrent Rebuild Remembered Sets
[2021-05-05T17:51:12.173+0000][7][gc,marking  ] GC(13) Concurrent Rebuild Remembered Sets 201.964ms
[2021-05-05T17:51:12.174+0000][7][gc,start    ] GC(13) Pause Cleanup
[2021-05-05T17:51:12.174+0000][7][gc          ] GC(13) Pause Cleanup 82M->82M(2468M) 0.465ms
[2021-05-05T17:51:12.174+0000][7][gc,cpu      ] GC(13) User=0.00s Sys=0.00s Real=0.00s
[2021-05-05T17:51:12.174+0000][7][safepoint   ] Safepoint "G1Concurrent", Time since last: 202937054 ns, Reaching safepoint: 264269 ns, At safepoint: 584086 ns, Total: 848355 ns
[2021-05-05T17:51:12.174+0000][7][gc,marking  ] GC(13) Concurrent Cleanup for Next Mark
[2021-05-05T17:51:12.180+0000][7][gc,marking  ] GC(13) Concurrent Cleanup for Next Mark 5.271ms
[2021-05-05T17:51:12.180+0000][7][gc          ] GC(13) Concurrent Mark Cycle 1153.417ms
[2021-05-05T17:51:13.175+0000][7][safepoint   ] Safepoint "Cleanup", Time since last: 1000125586 ns, Reaching safepoint: 312698 ns, At safepoint: 20336 ns, Total: 333034 ns
[2021-05-05T17:51:14.176+0000][7][safepoint   ] Safepoint "Cleanup", Time since last: 1000596950 ns, Reaching safepoint: 256869 ns, At safepoint: 20382 ns, Total: 277251 ns
[2021-05-05T17:51:15.177+0000][7][safepoint   ] Safepoint "Cleanup", Time since last: 1000697630 ns, Reaching safepoint: 461403 ns, At safepoint: 25527 ns, Total: 486930 ns
[2021-05-05T17:51:20.218+0000][7][safepoint   ] Safepoint "Cleanup", Time since last: 5041271737 ns, Reaching safepoint: 274062 ns, At safepoint: 31727 ns, Total: 305789 ns
[2021-05-05T17:51:24.254+0000][7][safepoint   ] Safepoint "Cleanup", Time since last: 4035565966 ns, Reaching safepoint: 122926 ns, At safepoint: 8527 ns, Total: 131453 ns
[2021-05-05T17:51:30.255+0000][7][safepoint   ] Safepoint "Cleanup", Time since last: 6000578518 ns, Reaching safepoint: 96868 ns, At safepoint: 6836 ns, Total: 103704 ns
[2021-05-05T17:51:31.255+0000][7][safepoint   ] Safepoint "Cleanup", Time since last: 1000166924 ns, Reaching safepoint: 51584 ns, At safepoint: 4853 ns, Total: 56437 ns
[2021-05-05T17:51:32.260+0000][7][safepoint   ] Safepoint "Cleanup", Time since last: 1004564214 ns, Reaching safepoint: 55072 ns, At safepoint: 3858 ns, Total: 58930 ns
[2021-05-05T17:51:33.260+0000][7][safepoint   ] Safepoint "Cleanup", Time since last: 1000122117 ns, Reaching safepoint: 48360 ns, At safepoint: 3461 ns, Total: 51821 ns
[2021-05-05T17:51:37.260+0000][7][safepoint   ] Safepoint "Cleanup", Time since last: 4000461975 ns, Reaching safepoint: 47230 ns, At safepoint: 3706 ns, Total: 50936 ns
[2021-05-05T17:51:38.262+0000][7][safepoint   ] Safepoint "Cleanup", Time since last: 1001090120 ns, Reaching safepoint: 61765 ns, At safepoint: 4098 ns, Total: 65863 ns
[2021-05-05T17:51:40.262+0000][7][safepoint   ] Safepoint "Cleanup", Time since last: 2000142437 ns, Reaching safepoint: 105961 ns, At safepoint: 6244 ns, Total: 112205 ns
[2021-05-05T17:51:44.263+0000][7][safepoint   ] Safepoint "Cleanup", Time since last: 4001426446 ns, Reaching safepoint: 48813 ns, At safepoint: 3026 ns, Total: 51839 ns
[2021-05-05T17:51:53.267+0000][7][safepoint   ] Safepoint "Cleanup", Time since last: 9003644952 ns, Reaching safepoint: 48101 ns, At safepoint: 3819 ns, Total: 51920 ns
[2021-05-05T17:52:01.272+0000][7][safepoint   ] Safepoint "Cleanup", Time since last: 8004560368 ns, Reaching safepoint: 46158 ns, At safepoint: 3848 ns, Total: 50006 ns
[2021-05-05T17:52:02.272+0000][7][safepoint   ] Safepoint "Cleanup", Time since last: 1000114198 ns, Reaching safepoint: 70299 ns, At safepoint: 3705 ns, Total: 74004 ns
[2021-05-05T17:52:14.331+0000][7][safepoint   ] Safepoint "Cleanup", Time since last: 12059340684 ns, Reaching safepoint: 45794 ns, At safepoint: 3247 ns, Total: 49041 ns
[2021-05-05T17:52:21.969+0000][7][gc,heap,exit] Heap
[2021-05-05T17:52:21.969+0000][7][gc,heap,exit]  garbage-first heap   total 2527232K, used 93572K [0x0000000765c00000, 0x0000000800000000)
[2021-05-05T17:52:21.969+0000][7][gc,heap,exit]   region size 4096K, 9 young (36864K), 6 survivors (24576K)
[2021-05-05T17:52:21.969+0000][7][gc,heap,exit]  Metaspace       used 87976K, committed 89344K, reserved 1130496K
[2021-05-05T17:52:21.969+0000][7][gc,heap,exit]   class space    used 12036K, committed 12608K, reserved 1048576K
