[2021-05-05T17:38:25.121+0000][10][gc] Using G1
[2021-05-05T17:38:26.060+0000][10][gc,init] Version: 16+36 (release)
[2021-05-05T17:38:26.061+0000][10][gc,init] CPUs: 2 total, 2 available
[2021-05-05T17:38:26.061+0000][10][gc,init] Memory: 4934M
[2021-05-05T17:38:26.061+0000][10][gc,init] Large Page Support: Disabled
[2021-05-05T17:38:26.061+0000][10][gc,init] NUMA Support: Disabled
[2021-05-05T17:38:26.061+0000][10][gc,init] Compressed Oops: Enabled (Zero based)
[2021-05-05T17:38:26.061+0000][10][gc,init] Heap Region Size: 4M
[2021-05-05T17:38:26.061+0000][10][gc,init] Heap Min Capacity: 2468M
[2021-05-05T17:38:26.061+0000][10][gc,init] Heap Initial Capacity: 2468M
[2021-05-05T17:38:26.061+0000][10][gc,init] Heap Max Capacity: 2468M
[2021-05-05T17:38:26.061+0000][10][gc,init] Pre-touch: Enabled
[2021-05-05T17:38:26.061+0000][10][gc,init] Parallel Workers: 2
[2021-05-05T17:38:26.061+0000][10][gc,init] Concurrent Workers: 1
[2021-05-05T17:38:26.061+0000][10][gc,init] Concurrent Refinement Workers: 2
[2021-05-05T17:38:26.061+0000][10][gc,init] Periodic GC: Disabled
[2021-05-05T17:38:26.062+0000][10][gc,metaspace] CDS archive(s) mapped at: [0x0000000800000000-0x0000000800bea000-0x0000000800bea000), size 12492800, SharedBaseAddress: 0x0000000800000000, ArchiveRelocationMode: 0.
[2021-05-05T17:38:26.062+0000][10][gc,metaspace] Compressed class space mapped at: 0x0000000800c00000-0x0000000840c00000, reserved size: 1073741824
[2021-05-05T17:38:26.062+0000][10][gc,metaspace] Narrow klass base: 0x0000000800000000, Narrow klass shift: 3, Narrow klass range: 0x100000000
[2021-05-05T17:38:27.005+0000][10][safepoint   ] Safepoint "ICBufferFull", Time since last: 931430741 ns, Reaching safepoint: 86894 ns, At safepoint: 3114 ns, Total: 90008 ns
[2021-05-05T17:38:28.116+0000][10][safepoint   ] Safepoint "Cleanup", Time since last: 1111380851 ns, Reaching safepoint: 159366 ns, At safepoint: 6082 ns, Total: 165448 ns
[2021-05-05T17:38:29.517+0000][10][safepoint   ] Safepoint "Cleanup", Time since last: 1400877482 ns, Reaching safepoint: 92198 ns, At safepoint: 2382 ns, Total: 94580 ns
[2021-05-05T17:38:30.549+0000][10][safepoint   ] Safepoint "Cleanup", Time since last: 1031165212 ns, Reaching safepoint: 594707 ns, At safepoint: 22186 ns, Total: 616893 ns
[2021-05-05T17:38:30.908+0000][10][gc,start    ] GC(0) Pause Young (Normal) (G1 Evacuation Pause)
[2021-05-05T17:38:30.908+0000][10][gc,task     ] GC(0) Using 2 workers of 2 for evacuation
[2021-05-05T17:38:30.908+0000][10][gc,age      ] GC(0) Desired survivor size 8388608 bytes, new threshold 15 (max threshold 15)
[2021-05-05T17:38:30.924+0000][10][gc,age      ] GC(0) Age table with threshold 15 (max threshold 15)
[2021-05-05T17:38:30.924+0000][10][gc,age      ] GC(0) - age   1:    9324792 bytes,    9324792 total
[2021-05-05T17:38:30.924+0000][10][gc,phases   ] GC(0)   Pre Evacuate Collection Set: 0.2ms
[2021-05-05T17:38:30.924+0000][10][gc,phases   ] GC(0)   Merge Heap Roots: 0.0ms
[2021-05-05T17:38:30.924+0000][10][gc,phases   ] GC(0)   Evacuate Collection Set: 14.7ms
[2021-05-05T17:38:30.924+0000][10][gc,phases   ] GC(0)   Post Evacuate Collection Set: 1.6ms
[2021-05-05T17:38:30.925+0000][10][gc,phases   ] GC(0)   Other: 0.2ms
[2021-05-05T17:38:30.925+0000][10][gc,heap     ] GC(0) Eden regions: 30->0(27)
[2021-05-05T17:38:30.925+0000][10][gc,heap     ] GC(0) Survivor regions: 0->3(4)
[2021-05-05T17:38:30.925+0000][10][gc,heap     ] GC(0) Old regions: 0->0
[2021-05-05T17:38:30.925+0000][10][gc,heap     ] GC(0) Archive regions: 2->2
[2021-05-05T17:38:30.925+0000][10][gc,heap     ] GC(0) Humongous regions: 0->0
[2021-05-05T17:38:30.925+0000][10][gc,metaspace] GC(0) Metaspace: 14566K(14720K)->14566K(14720K) NonClass: 12912K(12992K)->12912K(12992K) Class: 1654K(1728K)->1654K(1728K)
[2021-05-05T17:38:30.925+0000][10][gc          ] GC(0) Pause Young (Normal) (G1 Evacuation Pause) 123M->12M(2468M) 16.903ms
[2021-05-05T17:38:30.925+0000][10][gc,cpu      ] GC(0) User=0.03s Sys=0.00s Real=0.02s
[2021-05-05T17:38:30.925+0000][10][safepoint   ] Safepoint "G1CollectForAllocation", Time since last: 358393385 ns, Reaching safepoint: 48513 ns, At safepoint: 16985217 ns, Total: 17033730 ns
[2021-05-05T17:38:31.111+0000][10][safepoint   ] Safepoint "ICBufferFull", Time since last: 186710958 ns, Reaching safepoint: 36852 ns, At safepoint: 2827 ns, Total: 39679 ns
[2021-05-05T17:38:31.120+0000][10][safepoint   ] Safepoint "ICBufferFull", Time since last: 8166364 ns, Reaching safepoint: 31891 ns, At safepoint: 3028 ns, Total: 34919 ns
[2021-05-05T17:38:31.124+0000][10][safepoint   ] Safepoint "ICBufferFull", Time since last: 4248764 ns, Reaching safepoint: 47760 ns, At safepoint: 2551 ns, Total: 50311 ns
[2021-05-05T17:38:31.126+0000][10][safepoint   ] Safepoint "ICBufferFull", Time since last: 2335772 ns, Reaching safepoint: 120460 ns, At safepoint: 3343 ns, Total: 123803 ns
[2021-05-05T17:38:31.151+0000][10][safepoint   ] Safepoint "ICBufferFull", Time since last: 24471547 ns, Reaching safepoint: 49718 ns, At safepoint: 4482 ns, Total: 54200 ns
[2021-05-05T17:38:31.158+0000][10][safepoint   ] Safepoint "ICBufferFull", Time since last: 6814466 ns, Reaching safepoint: 30696 ns, At safepoint: 2473 ns, Total: 33169 ns
[2021-05-05T17:38:31.164+0000][10][safepoint   ] Safepoint "ICBufferFull", Time since last: 5788826 ns, Reaching safepoint: 99227 ns, At safepoint: 2706 ns, Total: 101933 ns
[2021-05-05T17:38:31.168+0000][10][safepoint   ] Safepoint "ICBufferFull", Time since last: 4411047 ns, Reaching safepoint: 32008 ns, At safepoint: 2838 ns, Total: 34846 ns
[2021-05-05T17:38:31.171+0000][10][safepoint   ] Safepoint "ICBufferFull", Time since last: 2939273 ns, Reaching safepoint: 31219 ns, At safepoint: 2682 ns, Total: 33901 ns
[2021-05-05T17:38:31.175+0000][10][safepoint   ] Safepoint "ICBufferFull", Time since last: 4132450 ns, Reaching safepoint: 33078 ns, At safepoint: 3046 ns, Total: 36124 ns
[2021-05-05T17:38:31.179+0000][10][safepoint   ] Safepoint "ICBufferFull", Time since last: 3561525 ns, Reaching safepoint: 32338 ns, At safepoint: 2757 ns, Total: 35095 ns
[2021-05-05T17:38:31.200+0000][10][safepoint   ] Safepoint "ICBufferFull", Time since last: 21301627 ns, Reaching safepoint: 35053 ns, At safepoint: 2849 ns, Total: 37902 ns
[2021-05-05T17:38:31.206+0000][10][safepoint   ] Safepoint "ICBufferFull", Time since last: 5947044 ns, Reaching safepoint: 31065 ns, At safepoint: 2329 ns, Total: 33394 ns
[2021-05-05T17:38:31.210+0000][10][safepoint   ] Safepoint "ICBufferFull", Time since last: 4103098 ns, Reaching safepoint: 28554 ns, At safepoint: 2746 ns, Total: 31300 ns
[2021-05-05T17:38:31.215+0000][10][safepoint   ] Safepoint "ICBufferFull", Time since last: 4413011 ns, Reaching safepoint: 30397 ns, At safepoint: 3069 ns, Total: 33466 ns
[2021-05-05T17:38:31.221+0000][10][safepoint   ] Safepoint "ICBufferFull", Time since last: 6436888 ns, Reaching safepoint: 31370 ns, At safepoint: 2856 ns, Total: 34226 ns
[2021-05-05T17:38:31.225+0000][10][safepoint   ] Safepoint "ICBufferFull", Time since last: 3925379 ns, Reaching safepoint: 31088 ns, At safepoint: 2423 ns, Total: 33511 ns
[2021-05-05T17:38:31.249+0000][10][safepoint   ] Safepoint "ICBufferFull", Time since last: 23479721 ns, Reaching safepoint: 79251 ns, At safepoint: 6647 ns, Total: 85898 ns
[2021-05-05T17:38:31.260+0000][10][safepoint   ] Safepoint "ICBufferFull", Time since last: 11482240 ns, Reaching safepoint: 37441 ns, At safepoint: 3183 ns, Total: 40624 ns
[2021-05-05T17:38:31.262+0000][10][safepoint   ] Safepoint "ICBufferFull", Time since last: 1780875 ns, Reaching safepoint: 145003 ns, At safepoint: 4572 ns, Total: 149575 ns
[2021-05-05T17:38:31.263+0000][10][safepoint   ] Safepoint "ICBufferFull", Time since last: 1292334 ns, Reaching safepoint: 25754 ns, At safepoint: 2369 ns, Total: 28123 ns
[2021-05-05T17:38:31.265+0000][10][safepoint   ] Safepoint "ICBufferFull", Time since last: 1830561 ns, Reaching safepoint: 18840 ns, At safepoint: 1738 ns, Total: 20578 ns
[2021-05-05T17:38:31.266+0000][10][safepoint   ] Safepoint "ICBufferFull", Time since last: 1102964 ns, Reaching safepoint: 26936 ns, At safepoint: 2404 ns, Total: 29340 ns
[2021-05-05T17:38:31.267+0000][10][safepoint   ] Safepoint "ICBufferFull", Time since last: 772351 ns, Reaching safepoint: 99839 ns, At safepoint: 3016 ns, Total: 102855 ns
[2021-05-05T17:38:31.269+0000][10][safepoint   ] Safepoint "ICBufferFull", Time since last: 1532644 ns, Reaching safepoint: 24660 ns, At safepoint: 2435 ns, Total: 27095 ns
[2021-05-05T17:38:31.270+0000][10][safepoint   ] Safepoint "ICBufferFull", Time since last: 1471626 ns, Reaching safepoint: 21843 ns, At safepoint: 1733 ns, Total: 23576 ns
[2021-05-05T17:38:31.272+0000][10][safepoint   ] Safepoint "ICBufferFull", Time since last: 1681703 ns, Reaching safepoint: 24325 ns, At safepoint: 2256 ns, Total: 26581 ns
[2021-05-05T17:38:31.273+0000][10][safepoint   ] Safepoint "ICBufferFull", Time since last: 859462 ns, Reaching safepoint: 26176 ns, At safepoint: 2053 ns, Total: 28229 ns
[2021-05-05T17:38:31.274+0000][10][safepoint   ] Safepoint "ICBufferFull", Time since last: 1318223 ns, Reaching safepoint: 27297 ns, At safepoint: 2792 ns, Total: 30089 ns
[2021-05-05T17:38:31.276+0000][10][safepoint   ] Safepoint "ICBufferFull", Time since last: 2109977 ns, Reaching safepoint: 56661 ns, At safepoint: 4823 ns, Total: 61484 ns
[2021-05-05T17:38:31.277+0000][10][safepoint   ] Safepoint "ICBufferFull", Time since last: 1009678 ns, Reaching safepoint: 16381 ns, At safepoint: 1653 ns, Total: 18034 ns
[2021-05-05T17:38:31.294+0000][10][safepoint   ] Safepoint "ICBufferFull", Time since last: 15724142 ns, Reaching safepoint: 395608 ns, At safepoint: 10771 ns, Total: 406379 ns
[2021-05-05T17:38:31.300+0000][10][safepoint   ] Safepoint "ICBufferFull", Time since last: 5956424 ns, Reaching safepoint: 355689 ns, At safepoint: 18754 ns, Total: 374443 ns
[2021-05-05T17:38:31.302+0000][10][safepoint   ] Safepoint "ICBufferFull", Time since last: 1859683 ns, Reaching safepoint: 255308 ns, At safepoint: 18340 ns, Total: 273648 ns
[2021-05-05T17:38:31.303+0000][10][safepoint   ] Safepoint "ICBufferFull", Time since last: 1119984 ns, Reaching safepoint: 273227 ns, At safepoint: 10226 ns, Total: 283453 ns
[2021-05-05T17:38:31.305+0000][10][safepoint   ] Safepoint "ICBufferFull", Time since last: 1513840 ns, Reaching safepoint: 30284 ns, At safepoint: 2493 ns, Total: 32777 ns
[2021-05-05T17:38:31.310+0000][10][safepoint   ] Safepoint "ICBufferFull", Time since last: 5174954 ns, Reaching safepoint: 124499 ns, At safepoint: 5890 ns, Total: 130389 ns
[2021-05-05T17:38:31.321+0000][10][safepoint   ] Safepoint "ICBufferFull", Time since last: 10816106 ns, Reaching safepoint: 38384 ns, At safepoint: 3790 ns, Total: 42174 ns
[2021-05-05T17:38:31.326+0000][10][safepoint   ] Safepoint "ICBufferFull", Time since last: 4423050 ns, Reaching safepoint: 368969 ns, At safepoint: 10152 ns, Total: 379121 ns
[2021-05-05T17:38:31.417+0000][10][safepoint   ] Safepoint "ICBufferFull", Time since last: 91373552 ns, Reaching safepoint: 116496 ns, At safepoint: 5054 ns, Total: 121550 ns
[2021-05-05T17:38:31.420+0000][10][safepoint   ] Safepoint "ICBufferFull", Time since last: 2648885 ns, Reaching safepoint: 68635 ns, At safepoint: 6484 ns, Total: 75119 ns
[2021-05-05T17:38:31.421+0000][10][safepoint   ] Safepoint "ICBufferFull", Time since last: 1157360 ns, Reaching safepoint: 25902 ns, At safepoint: 2512 ns, Total: 28414 ns
[2021-05-05T17:38:31.422+0000][10][safepoint   ] Safepoint "ICBufferFull", Time since last: 873825 ns, Reaching safepoint: 188499 ns, At safepoint: 3721 ns, Total: 192220 ns
[2021-05-05T17:38:31.424+0000][10][safepoint   ] Safepoint "ICBufferFull", Time since last: 1329128 ns, Reaching safepoint: 20533 ns, At safepoint: 2012 ns, Total: 22545 ns
[2021-05-05T17:38:31.424+0000][10][safepoint   ] Safepoint "ICBufferFull", Time since last: 569588 ns, Reaching safepoint: 20182 ns, At safepoint: 2394 ns, Total: 22576 ns
[2021-05-05T17:38:31.425+0000][10][safepoint   ] Safepoint "ICBufferFull", Time since last: 696691 ns, Reaching safepoint: 21726 ns, At safepoint: 1983 ns, Total: 23709 ns
[2021-05-05T17:38:31.426+0000][10][safepoint   ] Safepoint "ICBufferFull", Time since last: 1231959 ns, Reaching safepoint: 43045 ns, At safepoint: 4319 ns, Total: 47364 ns
[2021-05-05T17:38:31.428+0000][10][safepoint   ] Safepoint "ICBufferFull", Time since last: 1808462 ns, Reaching safepoint: 126028 ns, At safepoint: 4592 ns, Total: 130620 ns
[2021-05-05T17:38:31.445+0000][10][safepoint   ] Safepoint "ICBufferFull", Time since last: 16176300 ns, Reaching safepoint: 37527 ns, At safepoint: 4338 ns, Total: 41865 ns
[2021-05-05T17:38:31.446+0000][10][safepoint   ] Safepoint "ICBufferFull", Time since last: 944510 ns, Reaching safepoint: 29116 ns, At safepoint: 2428 ns, Total: 31544 ns
[2021-05-05T17:38:31.448+0000][10][safepoint   ] Safepoint "ICBufferFull", Time since last: 1920250 ns, Reaching safepoint: 47545 ns, At safepoint: 4554 ns, Total: 52099 ns
[2021-05-05T17:38:31.450+0000][10][safepoint   ] Safepoint "ICBufferFull", Time since last: 1974304 ns, Reaching safepoint: 31167 ns, At safepoint: 3126 ns, Total: 34293 ns
[2021-05-05T17:38:31.451+0000][10][safepoint   ] Safepoint "ICBufferFull", Time since last: 1326070 ns, Reaching safepoint: 35426 ns, At safepoint: 3230 ns, Total: 38656 ns
[2021-05-05T17:38:31.453+0000][10][safepoint   ] Safepoint "ICBufferFull", Time since last: 2068259 ns, Reaching safepoint: 127798 ns, At safepoint: 7054 ns, Total: 134852 ns
[2021-05-05T17:38:31.454+0000][10][safepoint   ] Safepoint "ICBufferFull", Time since last: 888322 ns, Reaching safepoint: 19834 ns, At safepoint: 1935 ns, Total: 21769 ns
[2021-05-05T17:38:31.455+0000][10][safepoint   ] Safepoint "ICBufferFull", Time since last: 858050 ns, Reaching safepoint: 31236 ns, At safepoint: 2745 ns, Total: 33981 ns
[2021-05-05T17:38:31.457+0000][10][safepoint   ] Safepoint "ICBufferFull", Time since last: 1612117 ns, Reaching safepoint: 67317 ns, At safepoint: 3352 ns, Total: 70669 ns
[2021-05-05T17:38:31.459+0000][10][safepoint   ] Safepoint "ICBufferFull", Time since last: 1716757 ns, Reaching safepoint: 285264 ns, At safepoint: 9748 ns, Total: 295012 ns
[2021-05-05T17:38:31.462+0000][10][safepoint   ] Safepoint "ICBufferFull", Time since last: 3101602 ns, Reaching safepoint: 59445 ns, At safepoint: 3183 ns, Total: 62628 ns
[2021-05-05T17:38:31.675+0000][10][safepoint   ] Safepoint "ICBufferFull", Time since last: 213631998 ns, Reaching safepoint: 48463 ns, At safepoint: 3269 ns, Total: 51732 ns
[2021-05-05T17:38:31.677+0000][10][safepoint   ] Safepoint "ICBufferFull", Time since last: 1426961 ns, Reaching safepoint: 42002 ns, At safepoint: 2395 ns, Total: 44397 ns
[2021-05-05T17:38:31.678+0000][10][safepoint   ] Safepoint "ICBufferFull", Time since last: 1263470 ns, Reaching safepoint: 70861 ns, At safepoint: 6842 ns, Total: 77703 ns
[2021-05-05T17:38:31.679+0000][10][safepoint   ] Safepoint "ICBufferFull", Time since last: 600597 ns, Reaching safepoint: 16284 ns, At safepoint: 1435 ns, Total: 17719 ns
[2021-05-05T17:38:31.694+0000][10][safepoint   ] Safepoint "ICBufferFull", Time since last: 14883922 ns, Reaching safepoint: 28620 ns, At safepoint: 2986 ns, Total: 31606 ns
[2021-05-05T17:38:31.694+0000][10][safepoint   ] Safepoint "ICBufferFull", Time since last: 597218 ns, Reaching safepoint: 17479 ns, At safepoint: 1509 ns, Total: 18988 ns
[2021-05-05T17:38:31.695+0000][10][safepoint   ] Safepoint "ICBufferFull", Time since last: 560122 ns, Reaching safepoint: 16088 ns, At safepoint: 1387 ns, Total: 17475 ns
[2021-05-05T17:38:31.696+0000][10][safepoint   ] Safepoint "ICBufferFull", Time since last: 843573 ns, Reaching safepoint: 46731 ns, At safepoint: 4034 ns, Total: 50765 ns
[2021-05-05T17:38:31.697+0000][10][safepoint   ] Safepoint "ICBufferFull", Time since last: 1475816 ns, Reaching safepoint: 41027 ns, At safepoint: 3913 ns, Total: 44940 ns
[2021-05-05T17:38:31.700+0000][10][safepoint   ] Safepoint "ICBufferFull", Time since last: 2448902 ns, Reaching safepoint: 175111 ns, At safepoint: 7739 ns, Total: 182850 ns
[2021-05-05T17:38:31.701+0000][10][safepoint   ] Safepoint "ICBufferFull", Time since last: 898945 ns, Reaching safepoint: 113687 ns, At safepoint: 4146 ns, Total: 117833 ns
[2021-05-05T17:38:31.702+0000][10][safepoint   ] Safepoint "ICBufferFull", Time since last: 1258806 ns, Reaching safepoint: 29818 ns, At safepoint: 3110 ns, Total: 32928 ns
[2021-05-05T17:38:31.703+0000][10][safepoint   ] Safepoint "ICBufferFull", Time since last: 700357 ns, Reaching safepoint: 20372 ns, At safepoint: 1688 ns, Total: 22060 ns
[2021-05-05T17:38:31.704+0000][10][safepoint   ] Safepoint "ICBufferFull", Time since last: 676504 ns, Reaching safepoint: 16979 ns, At safepoint: 1540 ns, Total: 18519 ns
[2021-05-05T17:38:31.704+0000][10][safepoint   ] Safepoint "ICBufferFull", Time since last: 712619 ns, Reaching safepoint: 18830 ns, At safepoint: 1486 ns, Total: 20316 ns
[2021-05-05T17:38:31.705+0000][10][safepoint   ] Safepoint "ICBufferFull", Time since last: 768422 ns, Reaching safepoint: 17362 ns, At safepoint: 1636 ns, Total: 18998 ns
[2021-05-05T17:38:31.706+0000][10][safepoint   ] Safepoint "ICBufferFull", Time since last: 698593 ns, Reaching safepoint: 30231 ns, At safepoint: 2396 ns, Total: 32627 ns
[2021-05-05T17:38:31.707+0000][10][safepoint   ] Safepoint "ICBufferFull", Time since last: 607847 ns, Reaching safepoint: 16633 ns, At safepoint: 1591 ns, Total: 18224 ns
[2021-05-05T17:38:31.707+0000][10][safepoint   ] Safepoint "ICBufferFull", Time since last: 802377 ns, Reaching safepoint: 19118 ns, At safepoint: 1844 ns, Total: 20962 ns
[2021-05-05T17:38:31.710+0000][10][safepoint   ] Safepoint "ICBufferFull", Time since last: 2535599 ns, Reaching safepoint: 31969 ns, At safepoint: 3506 ns, Total: 35475 ns
[2021-05-05T17:38:31.969+0000][10][safepoint   ] Safepoint "ICBufferFull", Time since last: 258472325 ns, Reaching safepoint: 346297 ns, At safepoint: 10752 ns, Total: 357049 ns
[2021-05-05T17:38:32.149+0000][10][gc,start    ] GC(1) Pause Young (Normal) (G1 Evacuation Pause)
[2021-05-05T17:38:32.149+0000][10][gc,task     ] GC(1) Using 2 workers of 2 for evacuation
[2021-05-05T17:38:32.149+0000][10][gc,age      ] GC(1) Desired survivor size 8388608 bytes, new threshold 1 (max threshold 15)
[2021-05-05T17:38:32.162+0000][10][gc,age      ] GC(1) Age table with threshold 1 (max threshold 15)
[2021-05-05T17:38:32.162+0000][10][gc,age      ] GC(1) - age   1:    3314944 bytes,    3314944 total
[2021-05-05T17:38:32.163+0000][10][gc,phases   ] GC(1)   Pre Evacuate Collection Set: 0.4ms
[2021-05-05T17:38:32.163+0000][10][gc,phases   ] GC(1)   Merge Heap Roots: 0.1ms
[2021-05-05T17:38:32.163+0000][10][gc,phases   ] GC(1)   Evacuate Collection Set: 12.2ms
[2021-05-05T17:38:32.163+0000][10][gc,phases   ] GC(1)   Post Evacuate Collection Set: 0.7ms
[2021-05-05T17:38:32.163+0000][10][gc,phases   ] GC(1)   Other: 0.8ms
[2021-05-05T17:38:32.163+0000][10][gc,heap     ] GC(1) Eden regions: 27->0(29)
[2021-05-05T17:38:32.163+0000][10][gc,heap     ] GC(1) Survivor regions: 3->1(4)
[2021-05-05T17:38:32.163+0000][10][gc,heap     ] GC(1) Old regions: 0->2
[2021-05-05T17:38:32.163+0000][10][gc,heap     ] GC(1) Archive regions: 2->2
[2021-05-05T17:38:32.163+0000][10][gc,heap     ] GC(1) Humongous regions: 0->0
[2021-05-05T17:38:32.163+0000][10][gc,metaspace] GC(1) Metaspace: 17646K(17920K)->17646K(17920K) NonClass: 15558K(15680K)->15558K(15680K) Class: 2087K(2240K)->2087K(2240K)
[2021-05-05T17:38:32.163+0000][10][gc          ] GC(1) Pause Young (Normal) (G1 Evacuation Pause) 120M->14M(2468M) 14.150ms
[2021-05-05T17:38:32.163+0000][10][gc,cpu      ] GC(1) User=0.02s Sys=0.00s Real=0.02s
[2021-05-05T17:38:32.163+0000][10][safepoint   ] Safepoint "G1CollectForAllocation", Time since last: 178757057 ns, Reaching safepoint: 795954 ns, At safepoint: 14238407 ns, Total: 15034361 ns
[2021-05-05T17:38:32.751+0000][10][gc,start    ] GC(2) Pause Young (Normal) (G1 Evacuation Pause)
[2021-05-05T17:38:32.751+0000][10][gc,task     ] GC(2) Using 2 workers of 2 for evacuation
[2021-05-05T17:38:32.751+0000][10][gc,age      ] GC(2) Desired survivor size 8388608 bytes, new threshold 15 (max threshold 15)
[2021-05-05T17:38:32.762+0000][10][gc,age      ] GC(2) Age table with threshold 15 (max threshold 15)
[2021-05-05T17:38:32.762+0000][10][gc,age      ] GC(2) - age   1:    2119296 bytes,    2119296 total
[2021-05-05T17:38:32.762+0000][10][gc,age      ] GC(2) - age   2:    2742872 bytes,    4862168 total
[2021-05-05T17:38:32.762+0000][10][gc,phases   ] GC(2)   Pre Evacuate Collection Set: 0.5ms
[2021-05-05T17:38:32.762+0000][10][gc,phases   ] GC(2)   Merge Heap Roots: 0.1ms
[2021-05-05T17:38:32.762+0000][10][gc,phases   ] GC(2)   Evacuate Collection Set: 9.8ms
[2021-05-05T17:38:32.762+0000][10][gc,phases   ] GC(2)   Post Evacuate Collection Set: 0.7ms
[2021-05-05T17:38:32.762+0000][10][gc,phases   ] GC(2)   Other: 0.3ms
[2021-05-05T17:38:32.762+0000][10][gc,heap     ] GC(2) Eden regions: 29->0(28)
[2021-05-05T17:38:32.762+0000][10][gc,heap     ] GC(2) Survivor regions: 1->2(4)
[2021-05-05T17:38:32.762+0000][10][gc,heap     ] GC(2) Old regions: 2->2
[2021-05-05T17:38:32.762+0000][10][gc,heap     ] GC(2) Archive regions: 2->2
[2021-05-05T17:38:32.762+0000][10][gc,heap     ] GC(2) Humongous regions: 0->0
[2021-05-05T17:38:32.762+0000][10][gc,metaspace] GC(2) Metaspace: 18116K(18368K)->18116K(18368K) NonClass: 15972K(16128K)->15972K(16128K) Class: 2143K(2240K)->2143K(2240K)
[2021-05-05T17:38:32.762+0000][10][gc          ] GC(2) Pause Young (Normal) (G1 Evacuation Pause) 130M->16M(2468M) 11.579ms
[2021-05-05T17:38:32.762+0000][10][gc,cpu      ] GC(2) User=0.01s Sys=0.00s Real=0.02s
[2021-05-05T17:38:32.762+0000][10][safepoint   ] Safepoint "G1CollectForAllocation", Time since last: 587852889 ns, Reaching safepoint: 98369 ns, At safepoint: 11704487 ns, Total: 11802856 ns
[2021-05-05T17:38:33.244+0000][10][gc,start    ] GC(3) Pause Young (Normal) (G1 Evacuation Pause)
[2021-05-05T17:38:33.244+0000][10][gc,task     ] GC(3) Using 2 workers of 2 for evacuation
[2021-05-05T17:38:33.244+0000][10][gc,age      ] GC(3) Desired survivor size 8388608 bytes, new threshold 15 (max threshold 15)
[2021-05-05T17:38:33.251+0000][10][gc,age      ] GC(3) Age table with threshold 15 (max threshold 15)
[2021-05-05T17:38:33.251+0000][10][gc,age      ] GC(3) - age   1:    2214408 bytes,    2214408 total
[2021-05-05T17:38:33.251+0000][10][gc,age      ] GC(3) - age   2:    1836304 bytes,    4050712 total
[2021-05-05T17:38:33.251+0000][10][gc,age      ] GC(3) - age   3:    2742816 bytes,    6793528 total
[2021-05-05T17:38:33.251+0000][10][gc,phases   ] GC(3)   Pre Evacuate Collection Set: 0.3ms
[2021-05-05T17:38:33.251+0000][10][gc,phases   ] GC(3)   Merge Heap Roots: 0.1ms
[2021-05-05T17:38:33.251+0000][10][gc,phases   ] GC(3)   Evacuate Collection Set: 6.1ms
[2021-05-05T17:38:33.251+0000][10][gc,phases   ] GC(3)   Post Evacuate Collection Set: 0.5ms
[2021-05-05T17:38:33.251+0000][10][gc,phases   ] GC(3)   Other: 0.3ms
[2021-05-05T17:38:33.251+0000][10][gc,heap     ] GC(3) Eden regions: 28->0(29)
[2021-05-05T17:38:33.252+0000][10][gc,heap     ] GC(3) Survivor regions: 2->2(4)
[2021-05-05T17:38:33.252+0000][10][gc,heap     ] GC(3) Old regions: 2->2
[2021-05-05T17:38:33.252+0000][10][gc,heap     ] GC(3) Archive regions: 2->2
[2021-05-05T17:38:33.252+0000][10][gc,heap     ] GC(3) Humongous regions: 0->0
[2021-05-05T17:38:33.252+0000][10][gc,metaspace] GC(3) Metaspace: 18440K(18816K)->18440K(18816K) NonClass: 16234K(16448K)->16234K(16448K) Class: 2206K(2368K)->2206K(2368K)
[2021-05-05T17:38:33.252+0000][10][gc          ] GC(3) Pause Young (Normal) (G1 Evacuation Pause) 128M->17M(2468M) 7.586ms
[2021-05-05T17:38:33.252+0000][10][gc,cpu      ] GC(3) User=0.02s Sys=0.00s Real=0.01s
[2021-05-05T17:38:33.252+0000][10][safepoint   ] Safepoint "G1CollectForAllocation", Time since last: 481742607 ns, Reaching safepoint: 36101 ns, At safepoint: 7638189 ns, Total: 7674290 ns
[2021-05-05T17:38:33.770+0000][10][gc,start    ] GC(4) Pause Young (Normal) (G1 Evacuation Pause)
[2021-05-05T17:38:33.770+0000][10][gc,task     ] GC(4) Using 2 workers of 2 for evacuation
[2021-05-05T17:38:33.770+0000][10][gc,age      ] GC(4) Desired survivor size 8388608 bytes, new threshold 15 (max threshold 15)
[2021-05-05T17:38:33.775+0000][10][gc,age      ] GC(4) Age table with threshold 15 (max threshold 15)
[2021-05-05T17:38:33.775+0000][10][gc,age      ] GC(4) - age   1:    2081944 bytes,    2081944 total
[2021-05-05T17:38:33.775+0000][10][gc,age      ] GC(4) - age   2:     498928 bytes,    2580872 total
[2021-05-05T17:38:33.775+0000][10][gc,age      ] GC(4) - age   3:    1836304 bytes,    4417176 total
[2021-05-05T17:38:33.775+0000][10][gc,age      ] GC(4) - age   4:    2741856 bytes,    7159032 total
[2021-05-05T17:38:33.775+0000][10][gc,phases   ] GC(4)   Pre Evacuate Collection Set: 0.2ms
[2021-05-05T17:38:33.775+0000][10][gc,phases   ] GC(4)   Merge Heap Roots: 0.0ms
[2021-05-05T17:38:33.775+0000][10][gc,phases   ] GC(4)   Evacuate Collection Set: 4.1ms
[2021-05-05T17:38:33.775+0000][10][gc,phases   ] GC(4)   Post Evacuate Collection Set: 0.5ms
[2021-05-05T17:38:33.776+0000][10][gc,phases   ] GC(4)   Other: 0.3ms
[2021-05-05T17:38:33.776+0000][10][gc,heap     ] GC(4) Eden regions: 29->0(35)
[2021-05-05T17:38:33.776+0000][10][gc,heap     ] GC(4) Survivor regions: 2->2(4)
[2021-05-05T17:38:33.776+0000][10][gc,heap     ] GC(4) Old regions: 2->2
[2021-05-05T17:38:33.776+0000][10][gc,heap     ] GC(4) Archive regions: 2->2
[2021-05-05T17:38:33.776+0000][10][gc,heap     ] GC(4) Humongous regions: 0->0
[2021-05-05T17:38:33.776+0000][10][gc,metaspace] GC(4) Metaspace: 18738K(19072K)->18738K(19072K) NonClass: 16510K(16704K)->16510K(16704K) Class: 2228K(2368K)->2228K(2368K)
[2021-05-05T17:38:33.776+0000][10][gc          ] GC(4) Pause Young (Normal) (G1 Evacuation Pause) 133M->18M(2468M) 5.274ms
[2021-05-05T17:38:33.776+0000][10][gc,cpu      ] GC(4) User=0.01s Sys=0.00s Real=0.01s
[2021-05-05T17:38:33.776+0000][10][safepoint   ] Safepoint "G1CollectForAllocation", Time since last: 518585890 ns, Reaching safepoint: 40822 ns, At safepoint: 5362794 ns, Total: 5403616 ns
[2021-05-05T17:38:34.242+0000][10][gc,start    ] GC(5) Pause Young (Normal) (G1 Evacuation Pause)
[2021-05-05T17:38:34.242+0000][10][gc,task     ] GC(5) Using 2 workers of 2 for evacuation
[2021-05-05T17:38:34.242+0000][10][gc,age      ] GC(5) Desired survivor size 10485760 bytes, new threshold 15 (max threshold 15)
[2021-05-05T17:38:34.260+0000][10][gc,age      ] GC(5) Age table with threshold 15 (max threshold 15)
[2021-05-05T17:38:34.260+0000][10][gc,age      ] GC(5) - age   1:    1849432 bytes,    1849432 total
[2021-05-05T17:38:34.260+0000][10][gc,age      ] GC(5) - age   2:     594824 bytes,    2444256 total
[2021-05-05T17:38:34.260+0000][10][gc,age      ] GC(5) - age   3:     498800 bytes,    2943056 total
[2021-05-05T17:38:34.260+0000][10][gc,age      ] GC(5) - age   4:    1836304 bytes,    4779360 total
[2021-05-05T17:38:34.260+0000][10][gc,age      ] GC(5) - age   5:    2741856 bytes,    7521216 total
[2021-05-05T17:38:34.260+0000][10][gc,phases   ] GC(5)   Pre Evacuate Collection Set: 0.3ms
[2021-05-05T17:38:34.260+0000][10][gc,phases   ] GC(5)   Merge Heap Roots: 0.1ms
[2021-05-05T17:38:34.260+0000][10][gc,phases   ] GC(5)   Evacuate Collection Set: 17.4ms
[2021-05-05T17:38:34.260+0000][10][gc,phases   ] GC(5)   Post Evacuate Collection Set: 0.4ms
[2021-05-05T17:38:34.260+0000][10][gc,phases   ] GC(5)   Other: 0.3ms
[2021-05-05T17:38:34.260+0000][10][gc,heap     ] GC(5) Eden regions: 35->0(368)
[2021-05-05T17:38:34.260+0000][10][gc,heap     ] GC(5) Survivor regions: 2->2(5)
[2021-05-05T17:38:34.260+0000][10][gc,heap     ] GC(5) Old regions: 2->2
[2021-05-05T17:38:34.260+0000][10][gc,heap     ] GC(5) Archive regions: 2->2
[2021-05-05T17:38:34.260+0000][10][gc,heap     ] GC(5) Humongous regions: 0->0
[2021-05-05T17:38:34.260+0000][10][gc,metaspace] GC(5) Metaspace: 18932K(19200K)->18932K(19200K) NonClass: 16677K(16832K)->16677K(16832K) Class: 2255K(2368K)->2255K(2368K)
[2021-05-05T17:38:34.260+0000][10][gc          ] GC(5) Pause Young (Normal) (G1 Evacuation Pause) 158M->18M(2468M) 18.538ms
[2021-05-05T17:38:34.260+0000][10][gc,cpu      ] GC(5) User=0.04s Sys=0.00s Real=0.02s
[2021-05-05T17:38:34.260+0000][10][safepoint   ] Safepoint "G1CollectForAllocation", Time since last: 465954568 ns, Reaching safepoint: 84908 ns, At safepoint: 18620754 ns, Total: 18705662 ns
[2021-05-05T17:38:36.153+0000][10][safepoint   ] Safepoint "Cleanup", Time since last: 1890860509 ns, Reaching safepoint: 1454531 ns, At safepoint: 21069 ns, Total: 1475600 ns
[2021-05-05T17:38:37.155+0000][10][safepoint   ] Safepoint "Cleanup", Time since last: 1001434100 ns, Reaching safepoint: 391160 ns, At safepoint: 11514 ns, Total: 402674 ns
[2021-05-05T17:38:37.604+0000][10][gc,start    ] GC(6) Pause Young (Concurrent Start) (Metadata GC Threshold)
[2021-05-05T17:38:37.604+0000][10][gc,task     ] GC(6) Using 2 workers of 2 for evacuation
[2021-05-05T17:38:37.604+0000][10][gc,age      ] GC(6) Desired survivor size 98566144 bytes, new threshold 15 (max threshold 15)
[2021-05-05T17:38:37.615+0000][10][gc,age      ] GC(6) Age table with threshold 15 (max threshold 15)
[2021-05-05T17:38:37.615+0000][10][gc,age      ] GC(6) - age   1:    4095144 bytes,    4095144 total
[2021-05-05T17:38:37.616+0000][10][gc,age      ] GC(6) - age   2:    1831992 bytes,    5927136 total
[2021-05-05T17:38:37.616+0000][10][gc,age      ] GC(6) - age   3:     593288 bytes,    6520424 total
[2021-05-05T17:38:37.616+0000][10][gc,age      ] GC(6) - age   4:     497576 bytes,    7018000 total
[2021-05-05T17:38:37.616+0000][10][gc,age      ] GC(6) - age   5:    1835400 bytes,    8853400 total
[2021-05-05T17:38:37.616+0000][10][gc,age      ] GC(6) - age   6:    2736600 bytes,   11590000 total
[2021-05-05T17:38:37.616+0000][10][gc,phases   ] GC(6)   Pre Evacuate Collection Set: 0.2ms
[2021-05-05T17:38:37.616+0000][10][gc,phases   ] GC(6)   Merge Heap Roots: 0.1ms
[2021-05-05T17:38:37.616+0000][10][gc,phases   ] GC(6)   Evacuate Collection Set: 10.5ms
[2021-05-05T17:38:37.616+0000][10][gc,phases   ] GC(6)   Post Evacuate Collection Set: 0.9ms
[2021-05-05T17:38:37.616+0000][10][gc,phases   ] GC(6)   Other: 0.4ms
[2021-05-05T17:38:37.616+0000][10][gc,heap     ] GC(6) Eden regions: 241->0(242)
[2021-05-05T17:38:37.616+0000][10][gc,heap     ] GC(6) Survivor regions: 2->3(47)
[2021-05-05T17:38:37.616+0000][10][gc,heap     ] GC(6) Old regions: 2->2
[2021-05-05T17:38:37.616+0000][10][gc,heap     ] GC(6) Archive regions: 2->2
[2021-05-05T17:38:37.616+0000][10][gc,heap     ] GC(6) Humongous regions: 0->0
[2021-05-05T17:38:37.616+0000][10][gc,metaspace] GC(6) Metaspace: 20815K(21248K)->20815K(21248K) NonClass: 18280K(18560K)->18280K(18560K) Class: 2535K(2688K)->2535K(2688K)
[2021-05-05T17:38:37.616+0000][10][gc          ] GC(6) Pause Young (Concurrent Start) (Metadata GC Threshold) 980M->22M(2468M) 12.125ms
[2021-05-05T17:38:37.616+0000][10][gc,cpu      ] GC(6) User=0.02s Sys=0.00s Real=0.01s
[2021-05-05T17:38:37.616+0000][10][safepoint   ] Safepoint "CollectForMetadataAllocation", Time since last: 448904401 ns, Reaching safepoint: 47476 ns, At safepoint: 12241008 ns, Total: 12288484 ns
[2021-05-05T17:38:37.616+0000][10][gc          ] GC(7) Concurrent Mark Cycle
[2021-05-05T17:38:37.616+0000][10][gc,marking  ] GC(7) Concurrent Clear Claimed Marks
[2021-05-05T17:38:37.616+0000][10][gc,marking  ] GC(7) Concurrent Clear Claimed Marks 0.033ms
[2021-05-05T17:38:37.616+0000][10][gc,marking  ] GC(7) Concurrent Scan Root Regions
[2021-05-05T17:38:37.623+0000][10][gc,marking  ] GC(7) Concurrent Scan Root Regions 6.963ms
[2021-05-05T17:38:37.623+0000][10][gc,marking  ] GC(7) Concurrent Mark
[2021-05-05T17:38:37.623+0000][10][gc,marking  ] GC(7) Concurrent Mark From Roots
[2021-05-05T17:38:37.623+0000][10][gc,task     ] GC(7) Using 1 workers of 1 for marking
[2021-05-05T17:38:37.678+0000][10][gc,marking  ] GC(7) Concurrent Mark From Roots 54.626ms
[2021-05-05T17:38:37.678+0000][10][gc,marking  ] GC(7) Concurrent Preclean
[2021-05-05T17:38:37.678+0000][10][gc,marking  ] GC(7) Concurrent Preclean 0.105ms
[2021-05-05T17:38:37.678+0000][10][gc,start    ] GC(7) Pause Remark
[2021-05-05T17:38:37.699+0000][10][gc          ] GC(7) Pause Remark 24M->24M(2468M) 20.322ms
[2021-05-05T17:38:37.699+0000][10][gc,cpu      ] GC(7) User=0.02s Sys=0.00s Real=0.02s
[2021-05-05T17:38:37.699+0000][10][safepoint   ] Safepoint "G1Concurrent", Time since last: 62174699 ns, Reaching safepoint: 175749 ns, At safepoint: 20570979 ns, Total: 20746728 ns
[2021-05-05T17:38:37.702+0000][10][gc,marking  ] GC(7) Concurrent Mark 78.523ms
[2021-05-05T17:38:37.702+0000][10][gc,marking  ] GC(7) Concurrent Rebuild Remembered Sets
[2021-05-05T17:38:37.727+0000][10][gc,marking  ] GC(7) Concurrent Rebuild Remembered Sets 25.228ms
[2021-05-05T17:38:37.727+0000][10][gc,start    ] GC(7) Pause Cleanup
[2021-05-05T17:38:37.728+0000][10][gc          ] GC(7) Pause Cleanup 26M->26M(2468M) 0.315ms
[2021-05-05T17:38:37.728+0000][10][gc,cpu      ] GC(7) User=0.00s Sys=0.00s Real=0.00s
[2021-05-05T17:38:37.728+0000][10][safepoint   ] Safepoint "G1Concurrent", Time since last: 28353709 ns, Reaching safepoint: 199926 ns, At safepoint: 415841 ns, Total: 615767 ns
[2021-05-05T17:38:37.728+0000][10][gc,marking  ] GC(7) Concurrent Cleanup for Next Mark
[2021-05-05T17:38:37.748+0000][10][gc,marking  ] GC(7) Concurrent Cleanup for Next Mark 20.403ms
[2021-05-05T17:38:37.748+0000][10][gc          ] GC(7) Concurrent Mark Cycle 132.388ms
[2021-05-05T17:38:39.077+0000][10][safepoint   ] Safepoint "Cleanup", Time since last: 1349229624 ns, Reaching safepoint: 588107 ns, At safepoint: 12922 ns, Total: 601029 ns
[2021-05-05T17:38:40.405+0000][10][safepoint   ] Safepoint "Cleanup", Time since last: 1326507996 ns, Reaching safepoint: 664000 ns, At safepoint: 24363 ns, Total: 688363 ns
[2021-05-05T17:38:41.405+0000][10][safepoint   ] Safepoint "Cleanup", Time since last: 1000190565 ns, Reaching safepoint: 126940 ns, At safepoint: 4403 ns, Total: 131343 ns
[2021-05-05T17:38:42.405+0000][10][safepoint   ] Safepoint "Cleanup", Time since last: 1000222177 ns, Reaching safepoint: 104594 ns, At safepoint: 4410 ns, Total: 109004 ns
[2021-05-05T17:38:44.328+0000][10][safepoint   ] Safepoint "Cleanup", Time since last: 1922106085 ns, Reaching safepoint: 427473 ns, At safepoint: 10182 ns, Total: 437655 ns
[2021-05-05T17:38:44.700+0000][10][gc,start    ] GC(8) Pause Young (Concurrent Start) (Metadata GC Threshold)
[2021-05-05T17:38:44.700+0000][10][gc,task     ] GC(8) Using 2 workers of 2 for evacuation
[2021-05-05T17:38:44.700+0000][10][gc,age      ] GC(8) Desired survivor size 67108864 bytes, new threshold 15 (max threshold 15)
[2021-05-05T17:38:44.922+0000][10][gc,age      ] GC(8) Age table with threshold 15 (max threshold 15)
[2021-05-05T17:38:44.922+0000][10][gc,age      ] GC(8) - age   1:   38879128 bytes,   38879128 total
[2021-05-05T17:38:44.922+0000][10][gc,age      ] GC(8) - age   2:    4042872 bytes,   42922000 total
[2021-05-05T17:38:44.923+0000][10][gc,age      ] GC(8) - age   3:    1831568 bytes,   44753568 total
[2021-05-05T17:38:44.923+0000][10][gc,age      ] GC(8) - age   4:     588008 bytes,   45341576 total
[2021-05-05T17:38:44.923+0000][10][gc,age      ] GC(8) - age   5:     495728 bytes,   45837304 total
[2021-05-05T17:38:44.923+0000][10][gc,age      ] GC(8) - age   6:    1825944 bytes,   47663248 total
[2021-05-05T17:38:44.923+0000][10][gc,age      ] GC(8) - age   7:    2710680 bytes,   50373928 total
[2021-05-05T17:38:44.923+0000][10][gc,mmu      ] GC(8) MMU target violated: 201.0ms (200.0ms/201.0ms)
[2021-05-05T17:38:44.923+0000][10][gc,phases   ] GC(8)   Pre Evacuate Collection Set: 0.2ms
[2021-05-05T17:38:44.923+0000][10][gc,phases   ] GC(8)   Merge Heap Roots: 0.1ms
[2021-05-05T17:38:44.923+0000][10][gc,phases   ] GC(8)   Evacuate Collection Set: 219.9ms
[2021-05-05T17:38:44.923+0000][10][gc,phases   ] GC(8)   Post Evacuate Collection Set: 1.8ms
[2021-05-05T17:38:44.923+0000][10][gc,phases   ] GC(8)   Other: 0.5ms
[2021-05-05T17:38:44.923+0000][10][gc,heap     ] GC(8) Eden regions: 77->0(51)
[2021-05-05T17:38:44.923+0000][10][gc,heap     ] GC(8) Survivor regions: 3->13(32)
[2021-05-05T17:38:44.923+0000][10][gc,heap     ] GC(8) Old regions: 2->2
[2021-05-05T17:38:44.923+0000][10][gc,heap     ] GC(8) Archive regions: 2->2
[2021-05-05T17:38:44.923+0000][10][gc,heap     ] GC(8) Humongous regions: 0->0
[2021-05-05T17:38:44.923+0000][10][gc,metaspace] GC(8) Metaspace: 34692K(35520K)->34692K(35520K) NonClass: 30234K(30720K)->30234K(30720K) Class: 4457K(4800K)->4457K(4800K)
[2021-05-05T17:38:44.923+0000][10][gc          ] GC(8) Pause Young (Concurrent Start) (Metadata GC Threshold) 330M->60M(2468M) 222.488ms
[2021-05-05T17:38:44.923+0000][10][gc,cpu      ] GC(8) User=0.44s Sys=0.00s Real=0.22s
[2021-05-05T17:38:44.923+0000][10][safepoint   ] Safepoint "CollectForMetadataAllocation", Time since last: 372355957 ns, Reaching safepoint: 50334 ns, At safepoint: 222631731 ns, Total: 222682065 ns
[2021-05-05T17:38:44.923+0000][10][gc          ] GC(9) Concurrent Mark Cycle
[2021-05-05T17:38:44.923+0000][10][gc,marking  ] GC(9) Concurrent Clear Claimed Marks
[2021-05-05T17:38:44.923+0000][10][gc,marking  ] GC(9) Concurrent Clear Claimed Marks 0.075ms
[2021-05-05T17:38:44.923+0000][10][gc,marking  ] GC(9) Concurrent Scan Root Regions
[2021-05-05T17:38:45.013+0000][10][safepoint   ] Safepoint "CollectForMetadataAllocation", Time since last: 90454616 ns, Reaching safepoint: 24512 ns, At safepoint: 54205 ns, Total: 78717 ns
[2021-05-05T17:38:45.026+0000][10][gc,marking  ] GC(9) Concurrent Scan Root Regions 102.967ms
[2021-05-05T17:38:45.026+0000][10][gc,marking  ] GC(9) Concurrent Mark
[2021-05-05T17:38:45.026+0000][10][gc,marking  ] GC(9) Concurrent Mark From Roots
[2021-05-05T17:38:45.026+0000][10][gc,task     ] GC(9) Using 1 workers of 1 for marking
[2021-05-05T17:38:45.061+0000][10][gc,marking  ] GC(9) Concurrent Mark From Roots 35.446ms
[2021-05-05T17:38:45.061+0000][10][gc,marking  ] GC(9) Concurrent Preclean
[2021-05-05T17:38:45.062+0000][10][gc,marking  ] GC(9) Concurrent Preclean 0.062ms
[2021-05-05T17:38:45.062+0000][10][gc,start    ] GC(9) Pause Remark
[2021-05-05T17:38:45.069+0000][10][gc          ] GC(9) Pause Remark 64M->64M(2468M) 7.431ms
[2021-05-05T17:38:45.069+0000][10][gc,cpu      ] GC(9) User=0.02s Sys=0.00s Real=0.00s
[2021-05-05T17:38:45.069+0000][10][safepoint   ] Safepoint "G1Concurrent", Time since last: 48209698 ns, Reaching safepoint: 118529 ns, At safepoint: 7639248 ns, Total: 7757777 ns
[2021-05-05T17:38:45.069+0000][10][gc,marking  ] GC(9) Concurrent Mark 43.429ms
[2021-05-05T17:38:45.069+0000][10][gc,marking  ] GC(9) Concurrent Rebuild Remembered Sets
[2021-05-05T17:38:45.075+0000][10][gc,marking  ] GC(9) Concurrent Rebuild Remembered Sets 5.844ms
[2021-05-05T17:38:45.075+0000][10][gc,start    ] GC(9) Pause Cleanup
[2021-05-05T17:38:45.076+0000][10][gc          ] GC(9) Pause Cleanup 64M->64M(2468M) 0.083ms
[2021-05-05T17:38:45.076+0000][10][gc,cpu      ] GC(9) User=0.00s Sys=0.00s Real=0.00s
[2021-05-05T17:38:45.076+0000][10][safepoint   ] Safepoint "G1Concurrent", Time since last: 6002576 ns, Reaching safepoint: 72064 ns, At safepoint: 111518 ns, Total: 183582 ns
[2021-05-05T17:38:45.076+0000][10][gc,marking  ] GC(9) Concurrent Cleanup for Next Mark
[2021-05-05T17:38:45.115+0000][10][gc,marking  ] GC(9) Concurrent Cleanup for Next Mark 39.478ms
[2021-05-05T17:38:45.115+0000][10][gc          ] GC(9) Concurrent Mark Cycle 192.228ms
[2021-05-05T17:38:46.697+0000][10][safepoint   ] Safepoint "Cleanup", Time since last: 1621422063 ns, Reaching safepoint: 401084 ns, At safepoint: 18793 ns, Total: 419877 ns
[2021-05-05T17:38:47.919+0000][10][safepoint   ] Safepoint "Cleanup", Time since last: 1221625736 ns, Reaching safepoint: 207615 ns, At safepoint: 10188 ns, Total: 217803 ns
[2021-05-05T17:38:48.923+0000][10][safepoint   ] Safepoint "Cleanup", Time since last: 1000223433 ns, Reaching safepoint: 3448690 ns, At safepoint: 13074 ns, Total: 3461764 ns
[2021-05-05T17:38:49.214+0000][10][gc,start    ] GC(10) Pause Young (Concurrent Start) (G1 Evacuation Pause)
[2021-05-05T17:38:49.214+0000][10][gc,task     ] GC(10) Using 2 workers of 2 for evacuation
[2021-05-05T17:38:49.214+0000][10][gc,age      ] GC(10) Desired survivor size 18874368 bytes, new threshold 1 (max threshold 15)
[2021-05-05T17:38:49.361+0000][10][gc,age      ] GC(10) Age table with threshold 1 (max threshold 15)
[2021-05-05T17:38:49.361+0000][10][gc,age      ] GC(10) - age   1:    6462712 bytes,    6462712 total
[2021-05-05T17:38:49.361+0000][10][gc,phases   ] GC(10)   Pre Evacuate Collection Set: 0.2ms
[2021-05-05T17:38:49.361+0000][10][gc,phases   ] GC(10)   Merge Heap Roots: 0.1ms
[2021-05-05T17:38:49.361+0000][10][gc,phases   ] GC(10)   Evacuate Collection Set: 144.4ms
[2021-05-05T17:38:49.361+0000][10][gc,phases   ] GC(10)   Post Evacuate Collection Set: 2.1ms
[2021-05-05T17:38:49.361+0000][10][gc,phases   ] GC(10)   Other: 0.3ms
[2021-05-05T17:38:49.361+0000][10][gc,heap     ] GC(10) Eden regions: 58->0(85)
[2021-05-05T17:38:49.361+0000][10][gc,heap     ] GC(10) Survivor regions: 13->2(9)
[2021-05-05T17:38:49.361+0000][10][gc,heap     ] GC(10) Old regions: 2->14
[2021-05-05T17:38:49.361+0000][10][gc,heap     ] GC(10) Archive regions: 2->2
[2021-05-05T17:38:49.361+0000][10][gc,heap     ] GC(10) Humongous regions: 0->0
[2021-05-05T17:38:49.361+0000][10][gc,metaspace] GC(10) Metaspace: 52038K(53248K)->52038K(53248K) NonClass: 45042K(45760K)->45042K(45760K) Class: 6995K(7488K)->6995K(7488K)
[2021-05-05T17:38:49.361+0000][10][gc          ] GC(10) Pause Young (Concurrent Start) (G1 Evacuation Pause) 292M->67M(2468M) 147.263ms
[2021-05-05T17:38:49.361+0000][10][gc,cpu      ] GC(10) User=0.28s Sys=0.01s Real=0.15s
[2021-05-05T17:38:49.361+0000][10][safepoint   ] Safepoint "G1CollectForAllocation", Time since last: 290674514 ns, Reaching safepoint: 51119 ns, At safepoint: 147392507 ns, Total: 147443626 ns
[2021-05-05T17:38:49.361+0000][10][gc          ] GC(11) Concurrent Mark Cycle
[2021-05-05T17:38:49.361+0000][10][gc,marking  ] GC(11) Concurrent Clear Claimed Marks
[2021-05-05T17:38:49.361+0000][10][gc,marking  ] GC(11) Concurrent Clear Claimed Marks 0.118ms
[2021-05-05T17:38:49.361+0000][10][gc,marking  ] GC(11) Concurrent Scan Root Regions
[2021-05-05T17:38:49.453+0000][10][gc,marking  ] GC(11) Concurrent Scan Root Regions 91.656ms
[2021-05-05T17:38:49.453+0000][10][gc,marking  ] GC(11) Concurrent Mark
[2021-05-05T17:38:49.453+0000][10][gc,marking  ] GC(11) Concurrent Mark From Roots
[2021-05-05T17:38:49.453+0000][10][gc,task     ] GC(11) Using 1 workers of 1 for marking
[2021-05-05T17:38:49.468+0000][10][gc,marking  ] GC(11) Concurrent Mark From Roots 14.994ms
[2021-05-05T17:38:49.468+0000][10][gc,marking  ] GC(11) Concurrent Preclean
[2021-05-05T17:38:49.468+0000][10][gc,marking  ] GC(11) Concurrent Preclean 0.072ms
[2021-05-05T17:38:49.468+0000][10][gc,start    ] GC(11) Pause Remark
[2021-05-05T17:38:49.473+0000][10][gc          ] GC(11) Pause Remark 73M->73M(2468M) 4.902ms
[2021-05-05T17:38:49.474+0000][10][gc,cpu      ] GC(11) User=0.01s Sys=0.00s Real=0.01s
[2021-05-05T17:38:49.474+0000][10][safepoint   ] Safepoint "G1Concurrent", Time since last: 107271615 ns, Reaching safepoint: 111449 ns, At safepoint: 5114522 ns, Total: 5225971 ns
[2021-05-05T17:38:49.475+0000][10][gc,marking  ] GC(11) Concurrent Mark 22.376ms
[2021-05-05T17:38:49.476+0000][10][gc,marking  ] GC(11) Concurrent Rebuild Remembered Sets
[2021-05-05T17:38:49.612+0000][10][gc,marking  ] GC(11) Concurrent Rebuild Remembered Sets 136.123ms
[2021-05-05T17:38:49.612+0000][10][gc,start    ] GC(11) Pause Cleanup
[2021-05-05T17:38:49.612+0000][10][gc          ] GC(11) Pause Cleanup 83M->83M(2468M) 0.113ms
[2021-05-05T17:38:49.612+0000][10][gc,cpu      ] GC(11) User=0.00s Sys=0.00s Real=0.00s
[2021-05-05T17:38:49.612+0000][10][safepoint   ] Safepoint "G1Concurrent", Time since last: 138163095 ns, Reaching safepoint: 225491 ns, At safepoint: 155954 ns, Total: 381445 ns
[2021-05-05T17:38:49.612+0000][10][gc,marking  ] GC(11) Concurrent Cleanup for Next Mark
[2021-05-05T17:38:49.625+0000][10][gc,marking  ] GC(11) Concurrent Cleanup for Next Mark 12.659ms
[2021-05-05T17:38:49.625+0000][10][gc          ] GC(11) Concurrent Mark Cycle 263.818ms
[2021-05-05T17:38:50.810+0000][10][safepoint   ] Safepoint "Cleanup", Time since last: 1197115278 ns, Reaching safepoint: 620438 ns, At safepoint: 149925 ns, Total: 770363 ns
[2021-05-05T17:38:51.919+0000][10][safepoint   ] Safepoint "Cleanup", Time since last: 1107036473 ns, Reaching safepoint: 1544346 ns, At safepoint: 28887 ns, Total: 1573233 ns
[2021-05-05T17:38:53.353+0000][10][safepoint   ] Safepoint "Cleanup", Time since last: 1433824965 ns, Reaching safepoint: 245834 ns, At safepoint: 10918 ns, Total: 256752 ns
[2021-05-05T17:38:54.695+0000][10][safepoint   ] Safepoint "Cleanup", Time since last: 1342100457 ns, Reaching safepoint: 110245 ns, At safepoint: 2772 ns, Total: 113017 ns
[2021-05-05T17:38:55.696+0000][10][safepoint   ] Safepoint "Cleanup", Time since last: 1000264118 ns, Reaching safepoint: 787774 ns, At safepoint: 14729 ns, Total: 802503 ns
[2021-05-05T17:38:56.494+0000][10][safepoint   ] Safepoint "ICBufferFull", Time since last: 797579963 ns, Reaching safepoint: 424775 ns, At safepoint: 16042 ns, Total: 440817 ns
[2021-05-05T17:38:57.744+0000][10][safepoint   ] Safepoint "ICBufferFull", Time since last: 1249885456 ns, Reaching safepoint: 312983 ns, At safepoint: 11674 ns, Total: 324657 ns
[2021-05-05T17:38:58.745+0000][10][safepoint   ] Safepoint "Cleanup", Time since last: 1000315569 ns, Reaching safepoint: 186226 ns, At safepoint: 11785 ns, Total: 198011 ns
[2021-05-05T17:39:00.768+0000][10][safepoint   ] Safepoint "Cleanup", Time since last: 2023392562 ns, Reaching safepoint: 149529 ns, At safepoint: 6088 ns, Total: 155617 ns
[2021-05-05T17:39:01.769+0000][10][safepoint   ] Safepoint "Cleanup", Time since last: 1000236561 ns, Reaching safepoint: 56536 ns, At safepoint: 3888 ns, Total: 60424 ns
[2021-05-05T17:39:04.769+0000][10][safepoint   ] Safepoint "Cleanup", Time since last: 3000458423 ns, Reaching safepoint: 89470 ns, At safepoint: 4836 ns, Total: 94306 ns
[2021-05-05T17:39:09.786+0000][10][safepoint   ] Safepoint "Cleanup", Time since last: 5016120569 ns, Reaching safepoint: 448017 ns, At safepoint: 64860 ns, Total: 512877 ns
[2021-05-05T17:39:23.789+0000][10][safepoint   ] Safepoint "Cleanup", Time since last: 14003194373 ns, Reaching safepoint: 44597 ns, At safepoint: 4201 ns, Total: 48798 ns
[2021-05-05T17:39:26.789+0000][10][safepoint   ] Safepoint "Cleanup", Time since last: 3000408501 ns, Reaching safepoint: 48215 ns, At safepoint: 3968 ns, Total: 52183 ns
[2021-05-05T17:39:27.790+0000][10][safepoint   ] Safepoint "Cleanup", Time since last: 1000089363 ns, Reaching safepoint: 53730 ns, At safepoint: 3635 ns, Total: 57365 ns
[2021-05-05T17:39:30.790+0000][10][safepoint   ] Safepoint "Cleanup", Time since last: 3000338298 ns, Reaching safepoint: 156329 ns, At safepoint: 8618 ns, Total: 164947 ns
[2021-05-05T17:39:34.791+0000][10][safepoint   ] Safepoint "Cleanup", Time since last: 4000312932 ns, Reaching safepoint: 133913 ns, At safepoint: 8111 ns, Total: 142024 ns
[2021-05-05T17:39:44.896+0000][10][safepoint   ] Safepoint "Cleanup", Time since last: 10105255482 ns, Reaching safepoint: 54774 ns, At safepoint: 3429 ns, Total: 58203 ns
[2021-05-05T17:39:46.897+0000][10][safepoint   ] Safepoint "Cleanup", Time since last: 2000900496 ns, Reaching safepoint: 100229 ns, At safepoint: 8872 ns, Total: 109101 ns
[2021-05-05T17:39:48.899+0000][10][safepoint   ] Safepoint "Cleanup", Time since last: 2001549261 ns, Reaching safepoint: 103739 ns, At safepoint: 7101 ns, Total: 110840 ns
[2021-05-05T17:39:50.904+0000][10][safepoint   ] Safepoint "Cleanup", Time since last: 2005422292 ns, Reaching safepoint: 149559 ns, At safepoint: 8864 ns, Total: 158423 ns
[2021-05-05T17:39:51.905+0000][10][safepoint   ] Safepoint "Cleanup", Time since last: 1000257766 ns, Reaching safepoint: 177541 ns, At safepoint: 14916 ns, Total: 192457 ns
[2021-05-05T17:39:53.905+0000][10][safepoint   ] Safepoint "Cleanup", Time since last: 2000248470 ns, Reaching safepoint: 102316 ns, At safepoint: 7956 ns, Total: 110272 ns
[2021-05-05T17:39:57.905+0000][10][safepoint   ] Safepoint "Cleanup", Time since last: 4000411296 ns, Reaching safepoint: 102837 ns, At safepoint: 8285 ns, Total: 111122 ns
[2021-05-05T17:40:05.907+0000][10][safepoint   ] Safepoint "Cleanup", Time since last: 8001158353 ns, Reaching safepoint: 153110 ns, At safepoint: 8517 ns, Total: 161627 ns
[2021-05-05T17:40:13.094+0000][10][safepoint   ] Safepoint "Cleanup", Time since last: 7187430243 ns, Reaching safepoint: 96761 ns, At safepoint: 8580 ns, Total: 105341 ns
[2021-05-05T17:40:15.095+0000][10][safepoint   ] Safepoint "Cleanup", Time since last: 2000392346 ns, Reaching safepoint: 57496 ns, At safepoint: 4104 ns, Total: 61600 ns
[2021-05-05T17:40:19.106+0000][10][safepoint   ] Safepoint "Cleanup", Time since last: 4011108252 ns, Reaching safepoint: 83801 ns, At safepoint: 6598 ns, Total: 90399 ns
[2021-05-05T17:40:28.116+0000][10][safepoint   ] Safepoint "Cleanup", Time since last: 9010123869 ns, Reaching safepoint: 66021 ns, At safepoint: 3334 ns, Total: 69355 ns
[2021-05-05T17:40:35.117+0000][10][safepoint   ] Safepoint "Cleanup", Time since last: 7001189141 ns, Reaching safepoint: 75117 ns, At safepoint: 5827 ns, Total: 80944 ns
[2021-05-05T17:40:39.118+0000][10][safepoint   ] Safepoint "Cleanup", Time since last: 4000747077 ns, Reaching safepoint: 59457 ns, At safepoint: 4766 ns, Total: 64223 ns
[2021-05-05T17:40:43.135+0000][10][safepoint   ] Safepoint "Cleanup", Time since last: 4016750926 ns, Reaching safepoint: 68511 ns, At safepoint: 6517 ns, Total: 75028 ns
[2021-05-05T17:40:43.948+0000][10][gc,start    ] GC(12) Pause Young (Concurrent Start) (Metadata GC Threshold)
[2021-05-05T17:40:43.948+0000][10][gc,task     ] GC(12) Using 2 workers of 2 for evacuation
[2021-05-05T17:40:43.948+0000][10][gc,age      ] GC(12) Desired survivor size 27262976 bytes, new threshold 15 (max threshold 15)
[2021-05-05T17:40:44.035+0000][10][gc,age      ] GC(12) Age table with threshold 15 (max threshold 15)
[2021-05-05T17:40:44.035+0000][10][gc,age      ] GC(12) - age   1:   14142336 bytes,   14142336 total
[2021-05-05T17:40:44.035+0000][10][gc,age      ] GC(12) - age   2:    6266256 bytes,   20408592 total
[2021-05-05T17:40:44.035+0000][10][gc,phases   ] GC(12)   Pre Evacuate Collection Set: 0.3ms
[2021-05-05T17:40:44.035+0000][10][gc,phases   ] GC(12)   Merge Heap Roots: 0.2ms
[2021-05-05T17:40:44.035+0000][10][gc,phases   ] GC(12)   Evacuate Collection Set: 62.8ms
[2021-05-05T17:40:44.035+0000][10][gc,phases   ] GC(12)   Post Evacuate Collection Set: 23.0ms
[2021-05-05T17:40:44.035+0000][10][gc,phases   ] GC(12)   Other: 0.4ms
[2021-05-05T17:40:44.035+0000][10][gc,heap     ] GC(12) Eden regions: 69->0(41)
[2021-05-05T17:40:44.035+0000][10][gc,heap     ] GC(12) Survivor regions: 2->5(13)
[2021-05-05T17:40:44.035+0000][10][gc,heap     ] GC(12) Old regions: 14->14
[2021-05-05T17:40:44.035+0000][10][gc,heap     ] GC(12) Archive regions: 2->2
[2021-05-05T17:40:44.035+0000][10][gc,heap     ] GC(12) Humongous regions: 0->0
[2021-05-05T17:40:44.035+0000][10][gc,metaspace] GC(12) Metaspace: 87423K(88768K)->87423K(88768K) NonClass: 75476K(76224K)->75476K(76224K) Class: 11947K(12544K)->11947K(12544K)
[2021-05-05T17:40:44.035+0000][10][gc          ] GC(12) Pause Young (Concurrent Start) (Metadata GC Threshold) 343M->79M(2468M) 87.134ms
[2021-05-05T17:40:44.035+0000][10][gc,cpu      ] GC(12) User=0.09s Sys=0.00s Real=0.09s
[2021-05-05T17:40:44.035+0000][10][safepoint   ] Safepoint "CollectForMetadataAllocation", Time since last: 813064382 ns, Reaching safepoint: 59806 ns, At safepoint: 87289080 ns, Total: 87348886 ns
[2021-05-05T17:40:44.035+0000][10][gc          ] GC(13) Concurrent Mark Cycle
[2021-05-05T17:40:44.036+0000][10][gc,marking  ] GC(13) Concurrent Clear Claimed Marks
[2021-05-05T17:40:44.036+0000][10][gc,marking  ] GC(13) Concurrent Clear Claimed Marks 0.084ms
[2021-05-05T17:40:44.036+0000][10][gc,marking  ] GC(13) Concurrent Scan Root Regions
[2021-05-05T17:40:44.134+0000][10][safepoint   ] Safepoint "CollectForMetadataAllocation", Time since last: 79903318 ns, Reaching safepoint: 18954368 ns, At safepoint: 98389 ns, Total: 19052757 ns
[2021-05-05T17:40:44.203+0000][10][gc,marking  ] GC(13) Concurrent Scan Root Regions 167.581ms
[2021-05-05T17:40:44.203+0000][10][gc,marking  ] GC(13) Concurrent Mark
[2021-05-05T17:40:44.203+0000][10][gc,marking  ] GC(13) Concurrent Mark From Roots
[2021-05-05T17:40:44.203+0000][10][gc,task     ] GC(13) Using 1 workers of 1 for marking
[2021-05-05T17:40:44.591+0000][10][gc,marking  ] GC(13) Concurrent Mark From Roots 387.631ms
[2021-05-05T17:40:44.591+0000][10][gc,marking  ] GC(13) Concurrent Preclean
[2021-05-05T17:40:44.591+0000][10][gc,marking  ] GC(13) Concurrent Preclean 0.248ms
[2021-05-05T17:40:44.592+0000][10][gc,start    ] GC(13) Pause Remark
[2021-05-05T17:40:44.616+0000][10][gc          ] GC(13) Pause Remark 82M->82M(2468M) 24.366ms
[2021-05-05T17:40:44.616+0000][10][gc,cpu      ] GC(13) User=0.02s Sys=0.00s Real=0.02s
[2021-05-05T17:40:44.616+0000][10][safepoint   ] Safepoint "G1Concurrent", Time since last: 456977455 ns, Reaching safepoint: 102382 ns, At safepoint: 24450071 ns, Total: 24552453 ns
[2021-05-05T17:40:44.616+0000][10][gc,marking  ] GC(13) Concurrent Mark 412.666ms
[2021-05-05T17:40:44.616+0000][10][gc,marking  ] GC(13) Concurrent Rebuild Remembered Sets
[2021-05-05T17:40:44.815+0000][10][gc,marking  ] GC(13) Concurrent Rebuild Remembered Sets 198.549ms
[2021-05-05T17:40:44.815+0000][10][gc,start    ] GC(13) Pause Cleanup
[2021-05-05T17:40:44.816+0000][10][gc          ] GC(13) Pause Cleanup 82M->82M(2468M) 0.509ms
[2021-05-05T17:40:44.816+0000][10][gc,cpu      ] GC(13) User=0.00s Sys=0.00s Real=0.00s
[2021-05-05T17:40:44.816+0000][10][safepoint   ] Safepoint "G1Concurrent", Time since last: 198836872 ns, Reaching safepoint: 349888 ns, At safepoint: 602812 ns, Total: 952700 ns
[2021-05-05T17:40:44.816+0000][10][gc,marking  ] GC(13) Concurrent Cleanup for Next Mark
[2021-05-05T17:40:44.837+0000][10][gc,marking  ] GC(13) Concurrent Cleanup for Next Mark 20.752ms
[2021-05-05T17:40:44.837+0000][10][gc          ] GC(13) Concurrent Mark Cycle 801.095ms
[2021-05-05T17:40:50.817+0000][10][safepoint   ] Safepoint "Cleanup", Time since last: 6000911950 ns, Reaching safepoint: 211162 ns, At safepoint: 27970 ns, Total: 239132 ns
[2021-05-05T17:40:52.818+0000][10][safepoint   ] Safepoint "Cleanup", Time since last: 2001109165 ns, Reaching safepoint: 95907 ns, At safepoint: 4279 ns, Total: 100186 ns
[2021-05-05T17:40:57.889+0000][10][safepoint   ] Safepoint "Cleanup", Time since last: 5056320754 ns, Reaching safepoint: 15050432 ns, At safepoint: 14979 ns, Total: 15065411 ns
[2021-05-05T17:41:02.900+0000][10][safepoint   ] Safepoint "Cleanup", Time since last: 5010224113 ns, Reaching safepoint: 50848 ns, At safepoint: 4030 ns, Total: 54878 ns
[2021-05-05T17:41:03.900+0000][10][safepoint   ] Safepoint "Cleanup", Time since last: 1000131564 ns, Reaching safepoint: 158091 ns, At safepoint: 6890 ns, Total: 164981 ns
[2021-05-05T17:41:05.902+0000][10][safepoint   ] Safepoint "Cleanup", Time since last: 2000589819 ns, Reaching safepoint: 1080715 ns, At safepoint: 494170 ns, Total: 1574885 ns
[2021-05-05T17:41:23.906+0000][10][safepoint   ] Safepoint "Cleanup", Time since last: 18003497440 ns, Reaching safepoint: 81554 ns, At safepoint: 7638 ns, Total: 89192 ns
[2021-05-05T17:41:25.918+0000][10][safepoint   ] Safepoint "Cleanup", Time since last: 2012395972 ns, Reaching safepoint: 77570 ns, At safepoint: 8144 ns, Total: 85714 ns
[2021-05-05T17:41:27.922+0000][10][safepoint   ] Safepoint "Cleanup", Time since last: 2003632641 ns, Reaching safepoint: 51387 ns, At safepoint: 3294 ns, Total: 54681 ns
[2021-05-05T17:41:33.956+0000][10][safepoint   ] Safepoint "Cleanup", Time since last: 6034188495 ns, Reaching safepoint: 90499 ns, At safepoint: 6458 ns, Total: 96957 ns
[2021-05-05T17:41:42.972+0000][10][safepoint   ] Safepoint "Cleanup", Time since last: 9015218656 ns, Reaching safepoint: 134532 ns, At safepoint: 23998 ns, Total: 158530 ns
[2021-05-05T17:41:51.000+0000][10][safepoint   ] Safepoint "Cleanup", Time since last: 8028270310 ns, Reaching safepoint: 110717 ns, At safepoint: 8008 ns, Total: 118725 ns
[2021-05-05T17:41:57.006+0000][10][safepoint   ] Safepoint "Cleanup", Time since last: 6006402813 ns, Reaching safepoint: 51888 ns, At safepoint: 20607 ns, Total: 72495 ns
[2021-05-05T17:41:58.007+0000][10][safepoint   ] Safepoint "Cleanup", Time since last: 1000313079 ns, Reaching safepoint: 48429 ns, At safepoint: 3910 ns, Total: 52339 ns
[2021-05-05T17:42:08.009+0000][10][safepoint   ] Safepoint "Cleanup", Time since last: 10002370105 ns, Reaching safepoint: 47647 ns, At safepoint: 3277 ns, Total: 50924 ns
[2021-05-05T17:42:25.036+0000][10][safepoint   ] Safepoint "Cleanup", Time since last: 17026530297 ns, Reaching safepoint: 75629 ns, At safepoint: 3524 ns, Total: 79153 ns
[2021-05-05T17:42:41.304+0000][10][safepoint   ] Safepoint "Cleanup", Time since last: 16267792471 ns, Reaching safepoint: 75804 ns, At safepoint: 3378 ns, Total: 79182 ns
[2021-05-05T17:42:56.377+0000][10][safepoint   ] Safepoint "Cleanup", Time since last: 15073211993 ns, Reaching safepoint: 47393 ns, At safepoint: 3660 ns, Total: 51053 ns
[2021-05-05T17:42:57.377+0000][10][safepoint   ] Safepoint "Cleanup", Time since last: 1000129653 ns, Reaching safepoint: 74968 ns, At safepoint: 5798 ns, Total: 80766 ns
[2021-05-05T17:43:39.622+0000][10][safepoint   ] Safepoint "Cleanup", Time since last: 42244298830 ns, Reaching safepoint: 310635 ns, At safepoint: 10474 ns, Total: 321109 ns
[2021-05-05T17:43:57.749+0000][10][safepoint   ] Safepoint "Cleanup", Time since last: 18127218835 ns, Reaching safepoint: 63101 ns, At safepoint: 3364 ns, Total: 66465 ns
[2021-05-05T17:44:10.784+0000][10][safepoint   ] Safepoint "Cleanup", Time since last: 13035114846 ns, Reaching safepoint: 83572 ns, At safepoint: 4215 ns, Total: 87787 ns
[2021-05-05T17:44:12.832+0000][10][safepoint   ] Safepoint "Cleanup", Time since last: 2047601024 ns, Reaching safepoint: 132804 ns, At safepoint: 8872 ns, Total: 141676 ns
[2021-05-05T17:44:27.930+0000][10][safepoint   ] Safepoint "Cleanup", Time since last: 15097534380 ns, Reaching safepoint: 109589 ns, At safepoint: 8311 ns, Total: 117900 ns
[2021-05-05T17:44:56.100+0000][10][safepoint   ] Safepoint "Cleanup", Time since last: 28170336898 ns, Reaching safepoint: 158374 ns, At safepoint: 9960 ns, Total: 168334 ns
[2021-05-05T17:45:49.424+0000][10][safepoint   ] Safepoint "Cleanup", Time since last: 53323481215 ns, Reaching safepoint: 101995 ns, At safepoint: 4894 ns, Total: 106889 ns
[2021-05-05T17:45:57.435+0000][10][safepoint   ] Safepoint "Cleanup", Time since last: 8011279676 ns, Reaching safepoint: 140463 ns, At safepoint: 3969 ns, Total: 144432 ns
[2021-05-05T17:45:58.436+0000][10][safepoint   ] Safepoint "Cleanup", Time since last: 1000740217 ns, Reaching safepoint: 51747 ns, At safepoint: 3735 ns, Total: 55482 ns
[2021-05-05T17:46:16.508+0000][10][safepoint   ] Safepoint "Cleanup", Time since last: 18072006761 ns, Reaching safepoint: 53310 ns, At safepoint: 3897 ns, Total: 57207 ns
[2021-05-05T17:46:27.549+0000][10][safepoint   ] Safepoint "Cleanup", Time since last: 11041182525 ns, Reaching safepoint: 82280 ns, At safepoint: 4331 ns, Total: 86611 ns
[2021-05-05T17:46:31.564+0000][10][safepoint   ] Safepoint "Cleanup", Time since last: 4014374595 ns, Reaching safepoint: 107771 ns, At safepoint: 7567 ns, Total: 115338 ns
[2021-05-05T17:47:53.822+0000][10][safepoint   ] Safepoint "Cleanup", Time since last: 82258410693 ns, Reaching safepoint: 86251 ns, At safepoint: 5025 ns, Total: 91276 ns
[2021-05-05T17:49:06.304+0000][10][safepoint   ] Safepoint "Cleanup", Time since last: 72481700803 ns, Reaching safepoint: 389627 ns, At safepoint: 8085 ns, Total: 397712 ns
[2021-05-05T17:49:07.307+0000][10][safepoint   ] Safepoint "Cleanup", Time since last: 1002120152 ns, Reaching safepoint: 52243 ns, At safepoint: 4116 ns, Total: 56359 ns
[2021-05-05T17:49:09.309+0000][10][safepoint   ] Safepoint "Cleanup", Time since last: 2002127730 ns, Reaching safepoint: 97073 ns, At safepoint: 8748 ns, Total: 105821 ns
[2021-05-05T17:50:09.826+0000][10][gc,heap,exit] Heap
[2021-05-05T17:50:09.826+0000][10][gc,heap,exit]  garbage-first heap   total 2527232K, used 108170K [0x0000000765c00000, 0x0000000800000000)
[2021-05-05T17:50:09.826+0000][10][gc,heap,exit]   region size 4096K, 12 young (49152K), 5 survivors (20480K)
[2021-05-05T17:50:09.826+0000][10][gc,heap,exit]  Metaspace       used 88046K, committed 89472K, reserved 1130496K
[2021-05-05T17:50:09.826+0000][10][gc,heap,exit]   class space    used 12042K, committed 12672K, reserved 1048576K
