[2021-05-05T14:48:50.861+0000][9][gc] Using G1
[2021-05-05T14:48:51.691+0000][9][gc,init] Version: 16+36 (release)
[2021-05-05T14:48:51.691+0000][9][gc,init] CPUs: 1 total, 1 available
[2021-05-05T14:48:51.691+0000][9][gc,init] Memory: 3935M
[2021-05-05T14:48:51.691+0000][9][gc,init] Large Page Support: Disabled
[2021-05-05T14:48:51.691+0000][9][gc,init] NUMA Support: Disabled
[2021-05-05T14:48:51.691+0000][9][gc,init] Compressed Oops: Enabled (32-bit)
[2021-05-05T14:48:51.691+0000][9][gc,init] Heap Region Size: 4M
[2021-05-05T14:48:51.691+0000][9][gc,init] Heap Min Capacity: 1968M
[2021-05-05T14:48:51.691+0000][9][gc,init] Heap Initial Capacity: 1968M
[2021-05-05T14:48:51.691+0000][9][gc,init] Heap Max Capacity: 1968M
[2021-05-05T14:48:51.691+0000][9][gc,init] Pre-touch: Enabled
[2021-05-05T14:48:51.691+0000][9][gc,init] Parallel Workers: 1
[2021-05-05T14:48:51.691+0000][9][gc,init] Concurrent Workers: 1
[2021-05-05T14:48:51.691+0000][9][gc,init] Concurrent Refinement Workers: 1
[2021-05-05T14:48:51.691+0000][9][gc,init] Periodic GC: Disabled
[2021-05-05T14:48:51.692+0000][9][gc,metaspace] CDS archive(s) mapped at: [0x0000000800000000-0x0000000800bea000-0x0000000800bea000), size 12492800, SharedBaseAddress: 0x0000000800000000, ArchiveRelocationMode: 0.
[2021-05-05T14:48:51.692+0000][9][gc,metaspace] Compressed class space mapped at: 0x0000000800c00000-0x0000000840c00000, reserved size: 1073741824
[2021-05-05T14:48:51.692+0000][9][gc,metaspace] Narrow klass base: 0x0000000800000000, Narrow klass shift: 3, Narrow klass range: 0x100000000
[2021-05-05T14:48:52.679+0000][9][safepoint   ] Safepoint "ICBufferFull", Time since last: 974872951 ns, Reaching safepoint: 71843 ns, At safepoint: 1908 ns, Total: 73751 ns
[2021-05-05T14:48:53.816+0000][9][safepoint   ] Safepoint "ICBufferFull", Time since last: 1137476817 ns, Reaching safepoint: 71484 ns, At safepoint: 1917 ns, Total: 73401 ns
[2021-05-05T14:48:54.790+0000][9][safepoint   ] Safepoint "ICBufferFull", Time since last: 973032725 ns, Reaching safepoint: 94993 ns, At safepoint: 2236 ns, Total: 97229 ns
[2021-05-05T14:48:55.518+0000][9][gc,start    ] GC(0) Pause Young (Normal) (G1 Evacuation Pause)
[2021-05-05T14:48:55.518+0000][9][gc,task     ] GC(0) Using 1 workers of 1 for evacuation
[2021-05-05T14:48:55.518+0000][9][gc,age      ] GC(0) Desired survivor size 6291456 bytes, new threshold 15 (max threshold 15)
[2021-05-05T14:48:55.540+0000][9][gc,age      ] GC(0) Age table with threshold 15 (max threshold 15)
[2021-05-05T14:48:55.540+0000][9][gc,age      ] GC(0) - age   1:    7485472 bytes,    7485472 total
[2021-05-05T14:48:55.540+0000][9][gc,phases   ] GC(0)   Pre Evacuate Collection Set: 0.1ms
[2021-05-05T14:48:55.540+0000][9][gc,phases   ] GC(0)   Merge Heap Roots: 0.0ms
[2021-05-05T14:48:55.540+0000][9][gc,phases   ] GC(0)   Evacuate Collection Set: 21.1ms
[2021-05-05T14:48:55.540+0000][9][gc,phases   ] GC(0)   Post Evacuate Collection Set: 0.4ms
[2021-05-05T14:48:55.540+0000][9][gc,phases   ] GC(0)   Other: 0.1ms
[2021-05-05T14:48:55.540+0000][9][gc,heap     ] GC(0) Eden regions: 24->0(22)
[2021-05-05T14:48:55.540+0000][9][gc,heap     ] GC(0) Survivor regions: 0->2(3)
[2021-05-05T14:48:55.540+0000][9][gc,heap     ] GC(0) Old regions: 0->0
[2021-05-05T14:48:55.540+0000][9][gc,heap     ] GC(0) Archive regions: 2->2
[2021-05-05T14:48:55.540+0000][9][gc,heap     ] GC(0) Humongous regions: 0->0
[2021-05-05T14:48:55.540+0000][9][gc,metaspace] GC(0) Metaspace: 14750K(14976K)->14750K(14976K) NonClass: 13084K(13184K)->13084K(13184K) Class: 1666K(1792K)->1666K(1792K)
[2021-05-05T14:48:55.540+0000][9][gc          ] GC(0) Pause Young (Normal) (G1 Evacuation Pause) 99M->11M(1968M) 21.813ms
[2021-05-05T14:48:55.540+0000][9][gc,cpu      ] GC(0) User=0.01s Sys=0.00s Real=0.02s
[2021-05-05T14:48:55.540+0000][9][safepoint   ] Safepoint "G1CollectForAllocation", Time since last: 728141593 ns, Reaching safepoint: 53944 ns, At safepoint: 21880093 ns, Total: 21934037 ns
[2021-05-05T14:48:55.776+0000][9][safepoint   ] Safepoint "ICBufferFull", Time since last: 236391315 ns, Reaching safepoint: 27750 ns, At safepoint: 2671 ns, Total: 30421 ns
[2021-05-05T14:48:55.789+0000][9][safepoint   ] Safepoint "ICBufferFull", Time since last: 12447734 ns, Reaching safepoint: 20812 ns, At safepoint: 2596 ns, Total: 23408 ns
[2021-05-05T14:48:55.793+0000][9][safepoint   ] Safepoint "ICBufferFull", Time since last: 4627194 ns, Reaching safepoint: 15635 ns, At safepoint: 3116 ns, Total: 18751 ns
[2021-05-05T14:48:55.795+0000][9][safepoint   ] Safepoint "ICBufferFull", Time since last: 2065557 ns, Reaching safepoint: 13702 ns, At safepoint: 1733 ns, Total: 15435 ns
[2021-05-05T14:48:55.801+0000][9][safepoint   ] Safepoint "ICBufferFull", Time since last: 5693899 ns, Reaching safepoint: 22581 ns, At safepoint: 2329 ns, Total: 24910 ns
[2021-05-05T14:48:55.805+0000][9][safepoint   ] Safepoint "ICBufferFull", Time since last: 3680525 ns, Reaching safepoint: 17804 ns, At safepoint: 2526 ns, Total: 20330 ns
[2021-05-05T14:48:55.810+0000][9][safepoint   ] Safepoint "ICBufferFull", Time since last: 4934629 ns, Reaching safepoint: 77282 ns, At safepoint: 2216 ns, Total: 79498 ns
[2021-05-05T14:48:55.814+0000][9][safepoint   ] Safepoint "ICBufferFull", Time since last: 4623421 ns, Reaching safepoint: 15645 ns, At safepoint: 2361 ns, Total: 18006 ns
[2021-05-05T14:48:55.818+0000][9][safepoint   ] Safepoint "ICBufferFull", Time since last: 3978235 ns, Reaching safepoint: 17024 ns, At safepoint: 2400 ns, Total: 19424 ns
[2021-05-05T14:48:55.822+0000][9][safepoint   ] Safepoint "ICBufferFull", Time since last: 3318411 ns, Reaching safepoint: 17167 ns, At safepoint: 2887 ns, Total: 20054 ns
[2021-05-05T14:48:55.832+0000][9][safepoint   ] Safepoint "ICBufferFull", Time since last: 10022774 ns, Reaching safepoint: 16604 ns, At safepoint: 2989 ns, Total: 19593 ns
[2021-05-05T14:48:55.835+0000][9][safepoint   ] Safepoint "ICBufferFull", Time since last: 2795382 ns, Reaching safepoint: 15242 ns, At safepoint: 2039 ns, Total: 17281 ns
[2021-05-05T14:48:55.842+0000][9][safepoint   ] Safepoint "ICBufferFull", Time since last: 7657225 ns, Reaching safepoint: 16501 ns, At safepoint: 2370 ns, Total: 18871 ns
[2021-05-05T14:48:55.847+0000][9][safepoint   ] Safepoint "ICBufferFull", Time since last: 4449989 ns, Reaching safepoint: 18613 ns, At safepoint: 2294 ns, Total: 20907 ns
[2021-05-05T14:48:55.855+0000][9][safepoint   ] Safepoint "ICBufferFull", Time since last: 8341613 ns, Reaching safepoint: 16403 ns, At safepoint: 2154 ns, Total: 18557 ns
[2021-05-05T14:48:55.860+0000][9][safepoint   ] Safepoint "ICBufferFull", Time since last: 4659339 ns, Reaching safepoint: 16578 ns, At safepoint: 2719 ns, Total: 19297 ns
[2021-05-05T14:48:55.862+0000][9][safepoint   ] Safepoint "ICBufferFull", Time since last: 2656679 ns, Reaching safepoint: 13848 ns, At safepoint: 1688 ns, Total: 15536 ns
[2021-05-05T14:48:55.870+0000][9][safepoint   ] Safepoint "ICBufferFull", Time since last: 7483339 ns, Reaching safepoint: 17848 ns, At safepoint: 3101 ns, Total: 20949 ns
[2021-05-05T14:48:55.882+0000][9][safepoint   ] Safepoint "ICBufferFull", Time since last: 12152694 ns, Reaching safepoint: 21444 ns, At safepoint: 2274 ns, Total: 23718 ns
[2021-05-05T14:48:55.883+0000][9][safepoint   ] Safepoint "ICBufferFull", Time since last: 965668 ns, Reaching safepoint: 15443 ns, At safepoint: 2611 ns, Total: 18054 ns
[2021-05-05T14:48:55.884+0000][9][safepoint   ] Safepoint "ICBufferFull", Time since last: 524420 ns, Reaching safepoint: 9334 ns, At safepoint: 1209 ns, Total: 10543 ns
[2021-05-05T14:48:55.885+0000][9][safepoint   ] Safepoint "ICBufferFull", Time since last: 1154790 ns, Reaching safepoint: 12537 ns, At safepoint: 1841 ns, Total: 14378 ns
[2021-05-05T14:48:55.890+0000][9][safepoint   ] Safepoint "ICBufferFull", Time since last: 4822079 ns, Reaching safepoint: 19913 ns, At safepoint: 3265 ns, Total: 23178 ns
[2021-05-05T14:48:55.891+0000][9][safepoint   ] Safepoint "ICBufferFull", Time since last: 1111892 ns, Reaching safepoint: 13559 ns, At safepoint: 1910 ns, Total: 15469 ns
[2021-05-05T14:48:55.892+0000][9][safepoint   ] Safepoint "ICBufferFull", Time since last: 813411 ns, Reaching safepoint: 13469 ns, At safepoint: 2054 ns, Total: 15523 ns
[2021-05-05T14:48:55.892+0000][9][safepoint   ] Safepoint "ICBufferFull", Time since last: 521363 ns, Reaching safepoint: 8511 ns, At safepoint: 1292 ns, Total: 9803 ns
[2021-05-05T14:48:55.893+0000][9][safepoint   ] Safepoint "ICBufferFull", Time since last: 478214 ns, Reaching safepoint: 8380 ns, At safepoint: 1295 ns, Total: 9675 ns
[2021-05-05T14:48:55.893+0000][9][safepoint   ] Safepoint "ICBufferFull", Time since last: 657293 ns, Reaching safepoint: 9594 ns, At safepoint: 1214 ns, Total: 10808 ns
[2021-05-05T14:48:55.894+0000][9][safepoint   ] Safepoint "ICBufferFull", Time since last: 767241 ns, Reaching safepoint: 9312 ns, At safepoint: 1328 ns, Total: 10640 ns
[2021-05-05T14:48:55.895+0000][9][safepoint   ] Safepoint "ICBufferFull", Time since last: 501685 ns, Reaching safepoint: 8204 ns, At safepoint: 1066 ns, Total: 9270 ns
[2021-05-05T14:48:55.897+0000][9][safepoint   ] Safepoint "ICBufferFull", Time since last: 2137371 ns, Reaching safepoint: 18307 ns, At safepoint: 2113 ns, Total: 20420 ns
[2021-05-05T14:48:55.898+0000][9][safepoint   ] Safepoint "ICBufferFull", Time since last: 1048190 ns, Reaching safepoint: 12151 ns, At safepoint: 1358 ns, Total: 13509 ns
[2021-05-05T14:48:55.898+0000][9][safepoint   ] Safepoint "ICBufferFull", Time since last: 512040 ns, Reaching safepoint: 8694 ns, At safepoint: 1133 ns, Total: 9827 ns
[2021-05-05T14:48:55.900+0000][9][safepoint   ] Safepoint "ICBufferFull", Time since last: 1756815 ns, Reaching safepoint: 15022 ns, At safepoint: 1679 ns, Total: 16701 ns
[2021-05-05T14:48:55.901+0000][9][safepoint   ] Safepoint "ICBufferFull", Time since last: 521989 ns, Reaching safepoint: 9142 ns, At safepoint: 1240 ns, Total: 10382 ns
[2021-05-05T14:48:55.907+0000][9][safepoint   ] Safepoint "ICBufferFull", Time since last: 6087524 ns, Reaching safepoint: 24371 ns, At safepoint: 2553 ns, Total: 26924 ns
[2021-05-05T14:48:55.911+0000][9][safepoint   ] Safepoint "ICBufferFull", Time since last: 3984661 ns, Reaching safepoint: 16102 ns, At safepoint: 2407 ns, Total: 18509 ns
[2021-05-05T14:48:55.917+0000][9][safepoint   ] Safepoint "ICBufferFull", Time since last: 6607482 ns, Reaching safepoint: 17862 ns, At safepoint: 2954 ns, Total: 20816 ns
[2021-05-05T14:48:55.923+0000][9][safepoint   ] Safepoint "ICBufferFull", Time since last: 5799296 ns, Reaching safepoint: 17351 ns, At safepoint: 2076 ns, Total: 19427 ns
[2021-05-05T14:48:55.930+0000][9][safepoint   ] Safepoint "ICBufferFull", Time since last: 7038234 ns, Reaching safepoint: 18349 ns, At safepoint: 1905 ns, Total: 20254 ns
[2021-05-05T14:48:56.008+0000][9][safepoint   ] Safepoint "ICBufferFull", Time since last: 77854774 ns, Reaching safepoint: 21598 ns, At safepoint: 2373 ns, Total: 23971 ns
[2021-05-05T14:48:56.014+0000][9][safepoint   ] Safepoint "ICBufferFull", Time since last: 5517612 ns, Reaching safepoint: 24336 ns, At safepoint: 3451 ns, Total: 27787 ns
[2021-05-05T14:48:56.014+0000][9][safepoint   ] Safepoint "ICBufferFull", Time since last: 581894 ns, Reaching safepoint: 9489 ns, At safepoint: 1366 ns, Total: 10855 ns
[2021-05-05T14:48:56.015+0000][9][safepoint   ] Safepoint "ICBufferFull", Time since last: 989476 ns, Reaching safepoint: 15293 ns, At safepoint: 2274 ns, Total: 17567 ns
[2021-05-05T14:48:56.016+0000][9][safepoint   ] Safepoint "ICBufferFull", Time since last: 507651 ns, Reaching safepoint: 9328 ns, At safepoint: 1789 ns, Total: 11117 ns
[2021-05-05T14:48:56.016+0000][9][safepoint   ] Safepoint "ICBufferFull", Time since last: 493339 ns, Reaching safepoint: 8644 ns, At safepoint: 1223 ns, Total: 9867 ns
[2021-05-05T14:48:56.017+0000][9][safepoint   ] Safepoint "ICBufferFull", Time since last: 552308 ns, Reaching safepoint: 9466 ns, At safepoint: 1299 ns, Total: 10765 ns
[2021-05-05T14:48:56.021+0000][9][safepoint   ] Safepoint "ICBufferFull", Time since last: 4578575 ns, Reaching safepoint: 23018 ns, At safepoint: 2613 ns, Total: 25631 ns
[2021-05-05T14:48:56.022+0000][9][safepoint   ] Safepoint "ICBufferFull", Time since last: 541312 ns, Reaching safepoint: 9142 ns, At safepoint: 1502 ns, Total: 10644 ns
[2021-05-05T14:48:56.022+0000][9][safepoint   ] Safepoint "ICBufferFull", Time since last: 484080 ns, Reaching safepoint: 9981 ns, At safepoint: 1356 ns, Total: 11337 ns
[2021-05-05T14:48:56.023+0000][9][safepoint   ] Safepoint "ICBufferFull", Time since last: 446209 ns, Reaching safepoint: 8081 ns, At safepoint: 1025 ns, Total: 9106 ns
[2021-05-05T14:48:56.024+0000][9][safepoint   ] Safepoint "ICBufferFull", Time since last: 901267 ns, Reaching safepoint: 13783 ns, At safepoint: 2114 ns, Total: 15897 ns
[2021-05-05T14:48:56.025+0000][9][safepoint   ] Safepoint "ICBufferFull", Time since last: 666118 ns, Reaching safepoint: 10184 ns, At safepoint: 1746 ns, Total: 11930 ns
[2021-05-05T14:48:56.025+0000][9][safepoint   ] Safepoint "ICBufferFull", Time since last: 639262 ns, Reaching safepoint: 10679 ns, At safepoint: 1446 ns, Total: 12125 ns
[2021-05-05T14:48:56.030+0000][9][safepoint   ] Safepoint "ICBufferFull", Time since last: 4858966 ns, Reaching safepoint: 21328 ns, At safepoint: 2661 ns, Total: 23989 ns
[2021-05-05T14:48:56.031+0000][9][safepoint   ] Safepoint "ICBufferFull", Time since last: 568598 ns, Reaching safepoint: 10462 ns, At safepoint: 1352 ns, Total: 11814 ns
[2021-05-05T14:48:56.031+0000][9][safepoint   ] Safepoint "ICBufferFull", Time since last: 517168 ns, Reaching safepoint: 11582 ns, At safepoint: 1379 ns, Total: 12961 ns
[2021-05-05T14:48:56.032+0000][9][safepoint   ] Safepoint "ICBufferFull", Time since last: 1271313 ns, Reaching safepoint: 12830 ns, At safepoint: 1756 ns, Total: 14586 ns
[2021-05-05T14:48:56.034+0000][9][safepoint   ] Safepoint "ICBufferFull", Time since last: 1079725 ns, Reaching safepoint: 11435 ns, At safepoint: 1666 ns, Total: 13101 ns
[2021-05-05T14:48:56.173+0000][9][safepoint   ] Safepoint "ICBufferFull", Time since last: 139663294 ns, Reaching safepoint: 28931 ns, At safepoint: 2379 ns, Total: 31310 ns
[2021-05-05T14:48:56.665+0000][9][gc,start    ] GC(1) Pause Young (Normal) (G1 Evacuation Pause)
[2021-05-05T14:48:56.665+0000][9][gc,task     ] GC(1) Using 1 workers of 1 for evacuation
[2021-05-05T14:48:56.665+0000][9][gc,age      ] GC(1) Desired survivor size 6291456 bytes, new threshold 1 (max threshold 15)
[2021-05-05T14:48:56.708+0000][9][gc,age      ] GC(1) Age table with threshold 1 (max threshold 15)
[2021-05-05T14:48:56.708+0000][9][gc,age      ] GC(1) - age   1:    2799072 bytes,    2799072 total
[2021-05-05T14:48:56.708+0000][9][gc,phases   ] GC(1)   Pre Evacuate Collection Set: 0.1ms
[2021-05-05T14:48:56.708+0000][9][gc,phases   ] GC(1)   Merge Heap Roots: 0.0ms
[2021-05-05T14:48:56.708+0000][9][gc,phases   ] GC(1)   Evacuate Collection Set: 41.8ms
[2021-05-05T14:48:56.708+0000][9][gc,phases   ] GC(1)   Post Evacuate Collection Set: 0.6ms
[2021-05-05T14:48:56.708+0000][9][gc,phases   ] GC(1)   Other: 0.2ms
[2021-05-05T14:48:56.708+0000][9][gc,heap     ] GC(1) Eden regions: 22->0(23)
[2021-05-05T14:48:56.708+0000][9][gc,heap     ] GC(1) Survivor regions: 2->1(3)
[2021-05-05T14:48:56.708+0000][9][gc,heap     ] GC(1) Old regions: 0->2
[2021-05-05T14:48:56.708+0000][9][gc,heap     ] GC(1) Archive regions: 2->2
[2021-05-05T14:48:56.708+0000][9][gc,heap     ] GC(1) Humongous regions: 0->0
[2021-05-05T14:48:56.708+0000][9][gc,metaspace] GC(1) Metaspace: 17824K(18112K)->17824K(18112K) NonClass: 15725K(15872K)->15725K(15872K) Class: 2098K(2240K)->2098K(2240K)
[2021-05-05T14:48:56.708+0000][9][gc          ] GC(1) Pause Young (Normal) (G1 Evacuation Pause) 99M->14M(1968M) 42.849ms
[2021-05-05T14:48:56.708+0000][9][gc,cpu      ] GC(1) User=0.02s Sys=0.00s Real=0.04s
[2021-05-05T14:48:56.708+0000][9][safepoint   ] Safepoint "G1CollectForAllocation", Time since last: 491558229 ns, Reaching safepoint: 91272 ns, At safepoint: 42906207 ns, Total: 42997479 ns
[2021-05-05T14:48:57.269+0000][9][gc,start    ] GC(2) Pause Young (Normal) (G1 Evacuation Pause)
[2021-05-05T14:48:57.269+0000][9][gc,task     ] GC(2) Using 1 workers of 1 for evacuation
[2021-05-05T14:48:57.269+0000][9][gc,age      ] GC(2) Desired survivor size 6291456 bytes, new threshold 15 (max threshold 15)
[2021-05-05T14:48:57.276+0000][9][gc,age      ] GC(2) Age table with threshold 15 (max threshold 15)
[2021-05-05T14:48:57.276+0000][9][gc,age      ] GC(2) - age   1:    2101896 bytes,    2101896 total
[2021-05-05T14:48:57.276+0000][9][gc,age      ] GC(2) - age   2:    2761608 bytes,    4863504 total
[2021-05-05T14:48:57.276+0000][9][gc,phases   ] GC(2)   Pre Evacuate Collection Set: 0.1ms
[2021-05-05T14:48:57.276+0000][9][gc,phases   ] GC(2)   Merge Heap Roots: 0.0ms
[2021-05-05T14:48:57.276+0000][9][gc,phases   ] GC(2)   Evacuate Collection Set: 6.5ms
[2021-05-05T14:48:57.276+0000][9][gc,phases   ] GC(2)   Post Evacuate Collection Set: 0.9ms
[2021-05-05T14:48:57.276+0000][9][gc,phases   ] GC(2)   Other: 0.2ms
[2021-05-05T14:48:57.276+0000][9][gc,heap     ] GC(2) Eden regions: 23->0(22)
[2021-05-05T14:48:57.276+0000][9][gc,heap     ] GC(2) Survivor regions: 1->2(3)
[2021-05-05T14:48:57.276+0000][9][gc,heap     ] GC(2) Old regions: 2->2
[2021-05-05T14:48:57.276+0000][9][gc,heap     ] GC(2) Archive regions: 2->2
[2021-05-05T14:48:57.276+0000][9][gc,heap     ] GC(2) Humongous regions: 0->0
[2021-05-05T14:48:57.276+0000][9][gc,metaspace] GC(2) Metaspace: 18240K(18496K)->18240K(18496K) NonClass: 16090K(16256K)->16090K(16256K) Class: 2149K(2240K)->2149K(2240K)
[2021-05-05T14:48:57.276+0000][9][gc          ] GC(2) Pause Young (Normal) (G1 Evacuation Pause) 106M->16M(1968M) 7.780ms
[2021-05-05T14:48:57.276+0000][9][gc,cpu      ] GC(2) User=0.01s Sys=0.00s Real=0.01s
[2021-05-05T14:48:57.276+0000][9][safepoint   ] Safepoint "G1CollectForAllocation", Time since last: 560682009 ns, Reaching safepoint: 56411 ns, At safepoint: 7827927 ns, Total: 7884338 ns
[2021-05-05T14:48:57.502+0000][9][gc,start    ] GC(3) Pause Young (Normal) (G1 Evacuation Pause)
[2021-05-05T14:48:57.502+0000][9][gc,task     ] GC(3) Using 1 workers of 1 for evacuation
[2021-05-05T14:48:57.502+0000][9][gc,age      ] GC(3) Desired survivor size 6291456 bytes, new threshold 15 (max threshold 15)
[2021-05-05T14:48:57.507+0000][9][gc,age      ] GC(3) Age table with threshold 15 (max threshold 15)
[2021-05-05T14:48:57.507+0000][9][gc,age      ] GC(3) - age   1:     911880 bytes,     911880 total
[2021-05-05T14:48:57.507+0000][9][gc,age      ] GC(3) - age   2:    1624904 bytes,    2536784 total
[2021-05-05T14:48:57.507+0000][9][gc,age      ] GC(3) - age   3:    2761576 bytes,    5298360 total
[2021-05-05T14:48:57.507+0000][9][gc,phases   ] GC(3)   Pre Evacuate Collection Set: 0.1ms
[2021-05-05T14:48:57.507+0000][9][gc,phases   ] GC(3)   Merge Heap Roots: 0.0ms
[2021-05-05T14:48:57.507+0000][9][gc,phases   ] GC(3)   Evacuate Collection Set: 4.4ms
[2021-05-05T14:48:57.507+0000][9][gc,phases   ] GC(3)   Post Evacuate Collection Set: 0.2ms
[2021-05-05T14:48:57.507+0000][9][gc,phases   ] GC(3)   Other: 0.1ms
[2021-05-05T14:48:57.507+0000][9][gc,heap     ] GC(3) Eden regions: 22->0(22)
[2021-05-05T14:48:57.507+0000][9][gc,heap     ] GC(3) Survivor regions: 2->2(3)
[2021-05-05T14:48:57.507+0000][9][gc,heap     ] GC(3) Old regions: 2->2
[2021-05-05T14:48:57.507+0000][9][gc,heap     ] GC(3) Archive regions: 2->2
[2021-05-05T14:48:57.507+0000][9][gc,heap     ] GC(3) Humongous regions: 0->0
[2021-05-05T14:48:57.507+0000][9][gc,metaspace] GC(3) Metaspace: 18358K(18688K)->18358K(18688K) NonClass: 16194K(16384K)->16194K(16384K) Class: 2164K(2304K)->2164K(2304K)
[2021-05-05T14:48:57.507+0000][9][gc          ] GC(3) Pause Young (Normal) (G1 Evacuation Pause) 104M->16M(1968M) 4.955ms
[2021-05-05T14:48:57.507+0000][9][gc,cpu      ] GC(3) User=0.00s Sys=0.00s Real=0.00s
[2021-05-05T14:48:57.507+0000][9][safepoint   ] Safepoint "G1CollectForAllocation", Time since last: 225320213 ns, Reaching safepoint: 33363 ns, At safepoint: 5000838 ns, Total: 5034201 ns
[2021-05-05T14:48:57.837+0000][9][gc,start    ] GC(4) Pause Young (Normal) (G1 Evacuation Pause)
[2021-05-05T14:48:57.837+0000][9][gc,task     ] GC(4) Using 1 workers of 1 for evacuation
[2021-05-05T14:48:57.837+0000][9][gc,age      ] GC(4) Desired survivor size 6291456 bytes, new threshold 15 (max threshold 15)
[2021-05-05T14:48:57.855+0000][9][gc,age      ] GC(4) Age table with threshold 15 (max threshold 15)
[2021-05-05T14:48:57.855+0000][9][gc,age      ] GC(4) - age   1:    2258360 bytes,    2258360 total
[2021-05-05T14:48:57.855+0000][9][gc,age      ] GC(4) - age   2:     303208 bytes,    2561568 total
[2021-05-05T14:48:57.855+0000][9][gc,age      ] GC(4) - age   3:    1624536 bytes,    4186104 total
[2021-05-05T14:48:57.855+0000][9][gc,age      ] GC(4) - age   4:    2761440 bytes,    6947544 total
[2021-05-05T14:48:57.855+0000][9][gc,phases   ] GC(4)   Pre Evacuate Collection Set: 0.4ms
[2021-05-05T14:48:57.855+0000][9][gc,phases   ] GC(4)   Merge Heap Roots: 0.0ms
[2021-05-05T14:48:57.855+0000][9][gc,phases   ] GC(4)   Evacuate Collection Set: 11.6ms
[2021-05-05T14:48:57.855+0000][9][gc,phases   ] GC(4)   Post Evacuate Collection Set: 6.3ms
[2021-05-05T14:48:57.855+0000][9][gc,phases   ] GC(4)   Other: 0.2ms
[2021-05-05T14:48:57.855+0000][9][gc,heap     ] GC(4) Eden regions: 22->0(22)
[2021-05-05T14:48:57.855+0000][9][gc,heap     ] GC(4) Survivor regions: 2->2(3)
[2021-05-05T14:48:57.855+0000][9][gc,heap     ] GC(4) Old regions: 2->2
[2021-05-05T14:48:57.855+0000][9][gc,heap     ] GC(4) Archive regions: 2->2
[2021-05-05T14:48:57.855+0000][9][gc,heap     ] GC(4) Humongous regions: 0->0
[2021-05-05T14:48:57.855+0000][9][gc,metaspace] GC(4) Metaspace: 18643K(18944K)->18643K(18944K) NonClass: 16423K(16576K)->16423K(16576K) Class: 2220K(2368K)->2220K(2368K)
[2021-05-05T14:48:57.855+0000][9][gc          ] GC(4) Pause Young (Normal) (G1 Evacuation Pause) 104M->18M(1968M) 18.488ms
[2021-05-05T14:48:57.855+0000][9][gc,cpu      ] GC(4) User=0.02s Sys=0.00s Real=0.02s
[2021-05-05T14:48:57.855+0000][9][safepoint   ] Safepoint "G1CollectForAllocation", Time since last: 329793404 ns, Reaching safepoint: 23123 ns, At safepoint: 18534277 ns, Total: 18557400 ns
[2021-05-05T14:48:58.055+0000][9][gc,start    ] GC(5) Pause Young (Normal) (G1 Evacuation Pause)
[2021-05-05T14:48:58.055+0000][9][gc,task     ] GC(5) Using 1 workers of 1 for evacuation
[2021-05-05T14:48:58.055+0000][9][gc,age      ] GC(5) Desired survivor size 6291456 bytes, new threshold 4 (max threshold 15)
[2021-05-05T14:48:58.061+0000][9][gc,age      ] GC(5) Age table with threshold 4 (max threshold 15)
[2021-05-05T14:48:58.061+0000][9][gc,age      ] GC(5) - age   1:    1691776 bytes,    1691776 total
[2021-05-05T14:48:58.061+0000][9][gc,age      ] GC(5) - age   2:     445344 bytes,    2137120 total
[2021-05-05T14:48:58.061+0000][9][gc,age      ] GC(5) - age   3:     303208 bytes,    2440328 total
[2021-05-05T14:48:58.061+0000][9][gc,age      ] GC(5) - age   4:    1624536 bytes,    4064864 total
[2021-05-05T14:48:58.061+0000][9][gc,phases   ] GC(5)   Pre Evacuate Collection Set: 0.1ms
[2021-05-05T14:48:58.061+0000][9][gc,phases   ] GC(5)   Merge Heap Roots: 0.0ms
[2021-05-05T14:48:58.061+0000][9][gc,phases   ] GC(5)   Evacuate Collection Set: 6.1ms
[2021-05-05T14:48:58.061+0000][9][gc,phases   ] GC(5)   Post Evacuate Collection Set: 0.2ms
[2021-05-05T14:48:58.061+0000][9][gc,phases   ] GC(5)   Other: 0.1ms
[2021-05-05T14:48:58.061+0000][9][gc,heap     ] GC(5) Eden regions: 22->0(29)
[2021-05-05T14:48:58.061+0000][9][gc,heap     ] GC(5) Survivor regions: 2->1(3)
[2021-05-05T14:48:58.061+0000][9][gc,heap     ] GC(5) Old regions: 2->3
[2021-05-05T14:48:58.061+0000][9][gc,heap     ] GC(5) Archive regions: 2->2
[2021-05-05T14:48:58.061+0000][9][gc,heap     ] GC(5) Humongous regions: 0->0
[2021-05-05T14:48:58.061+0000][9][gc,metaspace] GC(5) Metaspace: 18839K(19200K)->18839K(19200K) NonClass: 16602K(16832K)->16602K(16832K) Class: 2237K(2368K)->2237K(2368K)
[2021-05-05T14:48:58.061+0000][9][gc          ] GC(5) Pause Young (Normal) (G1 Evacuation Pause) 106M->17M(1968M) 6.567ms
[2021-05-05T14:48:58.061+0000][9][gc,cpu      ] GC(5) User=0.00s Sys=0.00s Real=0.00s
[2021-05-05T14:48:58.061+0000][9][safepoint   ] Safepoint "G1CollectForAllocation", Time since last: 199531246 ns, Reaching safepoint: 27252 ns, At safepoint: 6610496 ns, Total: 6637748 ns
[2021-05-05T14:48:58.370+0000][9][gc,start    ] GC(6) Pause Young (Normal) (G1 Evacuation Pause)
[2021-05-05T14:48:58.370+0000][9][gc,task     ] GC(6) Using 1 workers of 1 for evacuation
[2021-05-05T14:48:58.370+0000][9][gc,age      ] GC(6) Desired survivor size 8388608 bytes, new threshold 15 (max threshold 15)
[2021-05-05T14:48:58.380+0000][9][gc,age      ] GC(6) Age table with threshold 15 (max threshold 15)
[2021-05-05T14:48:58.380+0000][9][gc,age      ] GC(6) - age   1:    2008872 bytes,    2008872 total
[2021-05-05T14:48:58.380+0000][9][gc,age      ] GC(6) - age   2:     556536 bytes,    2565408 total
[2021-05-05T14:48:58.380+0000][9][gc,age      ] GC(6) - age   3:     445224 bytes,    3010632 total
[2021-05-05T14:48:58.380+0000][9][gc,age      ] GC(6) - age   4:     303208 bytes,    3313840 total
[2021-05-05T14:48:58.380+0000][9][gc,age      ] GC(6) - age   5:    1624536 bytes,    4938376 total
[2021-05-05T14:48:58.380+0000][9][gc,phases   ] GC(6)   Pre Evacuate Collection Set: 0.1ms
[2021-05-05T14:48:58.380+0000][9][gc,phases   ] GC(6)   Merge Heap Roots: 0.0ms
[2021-05-05T14:48:58.380+0000][9][gc,phases   ] GC(6)   Evacuate Collection Set: 4.3ms
[2021-05-05T14:48:58.380+0000][9][gc,phases   ] GC(6)   Post Evacuate Collection Set: 5.2ms
[2021-05-05T14:48:58.380+0000][9][gc,phases   ] GC(6)   Other: 0.1ms
[2021-05-05T14:48:58.380+0000][9][gc,heap     ] GC(6) Eden regions: 29->0(293)
[2021-05-05T14:48:58.380+0000][9][gc,heap     ] GC(6) Survivor regions: 1->2(4)
[2021-05-05T14:48:58.380+0000][9][gc,heap     ] GC(6) Old regions: 3->3
[2021-05-05T14:48:58.380+0000][9][gc,heap     ] GC(6) Archive regions: 2->2
[2021-05-05T14:48:58.380+0000][9][gc,heap     ] GC(6) Humongous regions: 0->0
[2021-05-05T14:48:58.380+0000][9][gc,metaspace] GC(6) Metaspace: 19009K(19328K)->19009K(19328K) NonClass: 16756K(16960K)->16756K(16960K) Class: 2253K(2368K)->2253K(2368K)
[2021-05-05T14:48:58.380+0000][9][gc          ] GC(6) Pause Young (Normal) (G1 Evacuation Pause) 133M->18M(1968M) 9.802ms
[2021-05-05T14:48:58.380+0000][9][gc,cpu      ] GC(6) User=0.01s Sys=0.00s Real=0.00s
[2021-05-05T14:48:58.380+0000][9][safepoint   ] Safepoint "G1CollectForAllocation", Time since last: 308733944 ns, Reaching safepoint: 26501 ns, At safepoint: 9847090 ns, Total: 9873591 ns
[2021-05-05T14:48:59.380+0000][9][safepoint   ] Safepoint "Cleanup", Time since last: 1000061080 ns, Reaching safepoint: 354161 ns, At safepoint: 3790 ns, Total: 357951 ns
[2021-05-05T14:48:59.910+0000][9][safepoint   ] Safepoint "ICBufferFull", Time since last: 530042444 ns, Reaching safepoint: 101491 ns, At safepoint: 2336 ns, Total: 103827 ns
[2021-05-05T14:49:00.095+0000][9][gc,start    ] GC(7) Pause Young (Concurrent Start) (Metadata GC Threshold)
[2021-05-05T14:49:00.095+0000][9][gc,task     ] GC(7) Using 1 workers of 1 for evacuation
[2021-05-05T14:49:00.095+0000][9][gc,age      ] GC(7) Desired survivor size 77594624 bytes, new threshold 15 (max threshold 15)
[2021-05-05T14:49:00.103+0000][9][gc,age      ] GC(7) Age table with threshold 15 (max threshold 15)
[2021-05-05T14:49:00.103+0000][9][gc,age      ] GC(7) - age   1:    3276328 bytes,    3276328 total
[2021-05-05T14:49:00.103+0000][9][gc,age      ] GC(7) - age   2:    1602128 bytes,    4878456 total
[2021-05-05T14:49:00.103+0000][9][gc,age      ] GC(7) - age   3:     555216 bytes,    5433672 total
[2021-05-05T14:49:00.103+0000][9][gc,age      ] GC(7) - age   4:     444216 bytes,    5877888 total
[2021-05-05T14:49:00.103+0000][9][gc,age      ] GC(7) - age   5:     303112 bytes,    6181000 total
[2021-05-05T14:49:00.103+0000][9][gc,age      ] GC(7) - age   6:    1624088 bytes,    7805088 total
[2021-05-05T14:49:00.103+0000][9][gc,phases   ] GC(7)   Pre Evacuate Collection Set: 0.1ms
[2021-05-05T14:49:00.103+0000][9][gc,phases   ] GC(7)   Merge Heap Roots: 0.0ms
[2021-05-05T14:49:00.103+0000][9][gc,phases   ] GC(7)   Evacuate Collection Set: 7.5ms
[2021-05-05T14:49:00.103+0000][9][gc,phases   ] GC(7)   Post Evacuate Collection Set: 0.4ms
[2021-05-05T14:49:00.103+0000][9][gc,phases   ] GC(7)   Other: 0.2ms
[2021-05-05T14:49:00.103+0000][9][gc,heap     ] GC(7) Eden regions: 164->0(293)
[2021-05-05T14:49:00.103+0000][9][gc,heap     ] GC(7) Survivor regions: 2->2(37)
[2021-05-05T14:49:00.103+0000][9][gc,heap     ] GC(7) Old regions: 3->3
[2021-05-05T14:49:00.103+0000][9][gc,heap     ] GC(7) Archive regions: 2->2
[2021-05-05T14:49:00.103+0000][9][gc,heap     ] GC(7) Humongous regions: 0->0
[2021-05-05T14:49:00.103+0000][9][gc,metaspace] GC(7) Metaspace: 20807K(21248K)->20807K(21248K) NonClass: 18293K(18496K)->18293K(18496K) Class: 2513K(2752K)->2513K(2752K)
[2021-05-05T14:49:00.103+0000][9][gc          ] GC(7) Pause Young (Concurrent Start) (Metadata GC Threshold) 674M->21M(1968M) 8.380ms
[2021-05-05T14:49:00.103+0000][9][gc,cpu      ] GC(7) User=0.01s Sys=0.00s Real=0.01s
[2021-05-05T14:49:00.103+0000][9][safepoint   ] Safepoint "CollectForMetadataAllocation", Time since last: 184492015 ns, Reaching safepoint: 28457 ns, At safepoint: 8467574 ns, Total: 8496031 ns
[2021-05-05T14:49:00.104+0000][9][gc          ] GC(8) Concurrent Mark Cycle
[2021-05-05T14:49:00.104+0000][9][gc,marking  ] GC(8) Concurrent Clear Claimed Marks
[2021-05-05T14:49:00.104+0000][9][gc,marking  ] GC(8) Concurrent Clear Claimed Marks 0.022ms
[2021-05-05T14:49:00.104+0000][9][gc,marking  ] GC(8) Concurrent Scan Root Regions
[2021-05-05T14:49:00.106+0000][9][gc,marking  ] GC(8) Concurrent Scan Root Regions 2.510ms
[2021-05-05T14:49:00.106+0000][9][gc,marking  ] GC(8) Concurrent Mark
[2021-05-05T14:49:00.107+0000][9][gc,marking  ] GC(8) Concurrent Mark From Roots
[2021-05-05T14:49:00.107+0000][9][gc,task     ] GC(8) Using 1 workers of 1 for marking
[2021-05-05T14:49:00.150+0000][9][gc,marking  ] GC(8) Concurrent Mark From Roots 43.868ms
[2021-05-05T14:49:00.150+0000][9][gc,marking  ] GC(8) Concurrent Preclean
[2021-05-05T14:49:00.150+0000][9][gc,marking  ] GC(8) Concurrent Preclean 0.043ms
[2021-05-05T14:49:00.157+0000][9][gc,start    ] GC(8) Pause Remark
[2021-05-05T14:49:00.171+0000][9][gc          ] GC(8) Pause Remark 43M->43M(1968M) 13.574ms
[2021-05-05T14:49:00.171+0000][9][gc,cpu      ] GC(8) User=0.01s Sys=0.00s Real=0.02s
[2021-05-05T14:49:00.171+0000][9][safepoint   ] Safepoint "G1Concurrent", Time since last: 47043692 ns, Reaching safepoint: 6772854 ns, At safepoint: 13630944 ns, Total: 20403798 ns
[2021-05-05T14:49:00.173+0000][9][gc,marking  ] GC(8) Concurrent Mark 66.498ms
[2021-05-05T14:49:00.173+0000][9][gc,marking  ] GC(8) Concurrent Rebuild Remembered Sets
[2021-05-05T14:49:00.183+0000][9][gc,marking  ] GC(8) Concurrent Rebuild Remembered Sets 9.718ms
[2021-05-05T14:49:00.188+0000][9][gc,start    ] GC(8) Pause Cleanup
[2021-05-05T14:49:00.188+0000][9][gc          ] GC(8) Pause Cleanup 49M->49M(1968M) 0.189ms
[2021-05-05T14:49:00.188+0000][9][gc,cpu      ] GC(8) User=0.00s Sys=0.00s Real=0.00s
[2021-05-05T14:49:00.188+0000][9][safepoint   ] Safepoint "G1Concurrent", Time since last: 11916021 ns, Reaching safepoint: 4878818 ns, At safepoint: 218525 ns, Total: 5097343 ns
[2021-05-05T14:49:00.190+0000][9][gc,marking  ] GC(8) Concurrent Cleanup for Next Mark
[2021-05-05T14:49:00.195+0000][9][gc,marking  ] GC(8) Concurrent Cleanup for Next Mark 5.097ms
[2021-05-05T14:49:00.195+0000][9][gc          ] GC(8) Concurrent Mark Cycle 90.911ms
[2021-05-05T14:49:01.684+0000][9][safepoint   ] Safepoint "ICBufferFull", Time since last: 1495545835 ns, Reaching safepoint: 193173 ns, At safepoint: 3327 ns, Total: 196500 ns
[2021-05-05T14:49:02.718+0000][9][safepoint   ] Safepoint "Cleanup", Time since last: 1033862057 ns, Reaching safepoint: 376728 ns, At safepoint: 4298 ns, Total: 381026 ns
[2021-05-05T14:49:03.723+0000][9][safepoint   ] Safepoint "Cleanup", Time since last: 1001205063 ns, Reaching safepoint: 3717124 ns, At safepoint: 7152 ns, Total: 3724276 ns
[2021-05-05T14:49:04.724+0000][9][safepoint   ] Safepoint "Cleanup", Time since last: 1000270163 ns, Reaching safepoint: 583502 ns, At safepoint: 4959 ns, Total: 588461 ns
[2021-05-05T14:49:05.373+0000][9][gc,start    ] GC(9) Pause Young (Concurrent Start) (Metadata GC Threshold)
[2021-05-05T14:49:05.373+0000][9][gc,task     ] GC(9) Using 1 workers of 1 for evacuation
[2021-05-05T14:49:05.373+0000][9][gc,age      ] GC(9) Desired survivor size 77594624 bytes, new threshold 15 (max threshold 15)
[2021-05-05T14:49:05.455+0000][9][gc,age      ] GC(9) Age table with threshold 15 (max threshold 15)
[2021-05-05T14:49:05.455+0000][9][gc,age      ] GC(9) - age   1:   39929464 bytes,   39929464 total
[2021-05-05T14:49:05.455+0000][9][gc,age      ] GC(9) - age   2:    3223680 bytes,   43153144 total
[2021-05-05T14:49:05.455+0000][9][gc,age      ] GC(9) - age   3:    1601720 bytes,   44754864 total
[2021-05-05T14:49:05.455+0000][9][gc,age      ] GC(9) - age   4:     549928 bytes,   45304792 total
[2021-05-05T14:49:05.455+0000][9][gc,age      ] GC(9) - age   5:     442528 bytes,   45747320 total
[2021-05-05T14:49:05.455+0000][9][gc,age      ] GC(9) - age   6:     302592 bytes,   46049912 total
[2021-05-05T14:49:05.455+0000][9][gc,age      ] GC(9) - age   7:    1615120 bytes,   47665032 total
[2021-05-05T14:49:05.455+0000][9][gc,phases   ] GC(9)   Pre Evacuate Collection Set: 0.2ms
[2021-05-05T14:49:05.455+0000][9][gc,phases   ] GC(9)   Merge Heap Roots: 0.1ms
[2021-05-05T14:49:05.455+0000][9][gc,phases   ] GC(9)   Evacuate Collection Set: 80.5ms
[2021-05-05T14:49:05.455+0000][9][gc,phases   ] GC(9)   Post Evacuate Collection Set: 0.9ms
[2021-05-05T14:49:05.455+0000][9][gc,phases   ] GC(9)   Other: 0.3ms
[2021-05-05T14:49:05.455+0000][9][gc,heap     ] GC(9) Eden regions: 165->0(36)
[2021-05-05T14:49:05.455+0000][9][gc,heap     ] GC(9) Survivor regions: 2->12(37)
[2021-05-05T14:49:05.455+0000][9][gc,heap     ] GC(9) Old regions: 3->3
[2021-05-05T14:49:05.455+0000][9][gc,heap     ] GC(9) Archive regions: 2->2
[2021-05-05T14:49:05.455+0000][9][gc,heap     ] GC(9) Humongous regions: 0->0
[2021-05-05T14:49:05.455+0000][9][gc,metaspace] GC(9) Metaspace: 34670K(35520K)->34670K(35520K) NonClass: 30223K(30720K)->30223K(30720K) Class: 4447K(4800K)->4447K(4800K)
[2021-05-05T14:49:05.455+0000][9][gc          ] GC(9) Pause Young (Concurrent Start) (Metadata GC Threshold) 681M->60M(1968M) 82.145ms
[2021-05-05T14:49:05.455+0000][9][gc,cpu      ] GC(9) User=0.08s Sys=0.00s Real=0.08s
[2021-05-05T14:49:05.455+0000][9][safepoint   ] Safepoint "CollectForMetadataAllocation", Time since last: 649412178 ns, Reaching safepoint: 79974 ns, At safepoint: 82240042 ns, Total: 82320016 ns
[2021-05-05T14:49:05.455+0000][9][gc          ] GC(10) Concurrent Mark Cycle
[2021-05-05T14:49:05.455+0000][9][gc,marking  ] GC(10) Concurrent Clear Claimed Marks
[2021-05-05T14:49:05.455+0000][9][gc,marking  ] GC(10) Concurrent Clear Claimed Marks 0.052ms
[2021-05-05T14:49:05.455+0000][9][gc,marking  ] GC(10) Concurrent Scan Root Regions
[2021-05-05T14:49:05.507+0000][9][safepoint   ] Safepoint "CollectForMetadataAllocation", Time since last: 51874443 ns, Reaching safepoint: 21507 ns, At safepoint: 46797 ns, Total: 68304 ns
[2021-05-05T14:49:05.514+0000][9][gc,marking  ] GC(10) Concurrent Scan Root Regions 58.553ms
[2021-05-05T14:49:05.514+0000][9][gc,marking  ] GC(10) Concurrent Mark
[2021-05-05T14:49:05.514+0000][9][gc,marking  ] GC(10) Concurrent Mark From Roots
[2021-05-05T14:49:05.514+0000][9][gc,task     ] GC(10) Using 1 workers of 1 for marking
[2021-05-05T14:49:05.545+0000][9][gc,marking  ] GC(10) Concurrent Mark From Roots 30.936ms
[2021-05-05T14:49:05.545+0000][9][gc,marking  ] GC(10) Concurrent Preclean
[2021-05-05T14:49:05.545+0000][9][gc,marking  ] GC(10) Concurrent Preclean 0.037ms
[2021-05-05T14:49:05.546+0000][9][gc,start    ] GC(10) Pause Remark
[2021-05-05T14:49:05.553+0000][9][gc          ] GC(10) Pause Remark 64M->64M(1968M) 6.552ms
[2021-05-05T14:49:05.553+0000][9][gc,cpu      ] GC(10) User=0.01s Sys=0.00s Real=0.01s
[2021-05-05T14:49:05.553+0000][9][safepoint   ] Safepoint "G1Concurrent", Time since last: 37756979 ns, Reaching safepoint: 902774 ns, At safepoint: 6605553 ns, Total: 7508327 ns
[2021-05-05T14:49:05.554+0000][9][gc,marking  ] GC(10) Concurrent Mark 40.060ms
[2021-05-05T14:49:05.554+0000][9][gc,marking  ] GC(10) Concurrent Rebuild Remembered Sets
[2021-05-05T14:49:05.579+0000][9][gc,marking  ] GC(10) Concurrent Rebuild Remembered Sets 24.564ms
[2021-05-05T14:49:05.579+0000][9][gc,start    ] GC(10) Pause Cleanup
[2021-05-05T14:49:05.579+0000][9][gc          ] GC(10) Pause Cleanup 64M->64M(1968M) 0.064ms
[2021-05-05T14:49:05.579+0000][9][gc,cpu      ] GC(10) User=0.00s Sys=0.00s Real=0.00s
[2021-05-05T14:49:05.579+0000][9][safepoint   ] Safepoint "G1Concurrent", Time since last: 26236638 ns, Reaching safepoint: 111696 ns, At safepoint: 87895 ns, Total: 199591 ns
[2021-05-05T14:49:05.579+0000][9][gc,marking  ] GC(10) Concurrent Cleanup for Next Mark
[2021-05-05T14:49:05.586+0000][9][gc,marking  ] GC(10) Concurrent Cleanup for Next Mark 6.483ms
[2021-05-05T14:49:05.586+0000][9][gc          ] GC(10) Concurrent Mark Cycle 130.153ms
[2021-05-05T14:49:06.589+0000][9][safepoint   ] Safepoint "Cleanup", Time since last: 1010194343 ns, Reaching safepoint: 101768 ns, At safepoint: 1826 ns, Total: 103594 ns
[2021-05-05T14:49:07.079+0000][9][gc,start    ] GC(11) Pause Young (Concurrent Start) (G1 Evacuation Pause)
[2021-05-05T14:49:07.079+0000][9][gc,task     ] GC(11) Using 1 workers of 1 for evacuation
[2021-05-05T14:49:07.079+0000][9][gc,age      ] GC(11) Desired survivor size 14680064 bytes, new threshold 1 (max threshold 15)
[2021-05-05T14:49:07.175+0000][9][gc,age      ] GC(11) Age table with threshold 1 (max threshold 15)
[2021-05-05T14:49:07.175+0000][9][gc,age      ] GC(11) - age   1:    4826520 bytes,    4826520 total
[2021-05-05T14:49:07.175+0000][9][gc,phases   ] GC(11)   Pre Evacuate Collection Set: 0.3ms
[2021-05-05T14:49:07.175+0000][9][gc,phases   ] GC(11)   Merge Heap Roots: 0.1ms
[2021-05-05T14:49:07.175+0000][9][gc,phases   ] GC(11)   Evacuate Collection Set: 94.6ms
[2021-05-05T14:49:07.175+0000][9][gc,phases   ] GC(11)   Post Evacuate Collection Set: 1.0ms
[2021-05-05T14:49:07.175+0000][9][gc,phases   ] GC(11)   Other: 0.2ms
[2021-05-05T14:49:07.175+0000][9][gc,heap     ] GC(11) Eden regions: 42->0(56)
[2021-05-05T14:49:07.175+0000][9][gc,heap     ] GC(11) Survivor regions: 12->2(7)
[2021-05-05T14:49:07.175+0000][9][gc,heap     ] GC(11) Old regions: 3->14
[2021-05-05T14:49:07.175+0000][9][gc,heap     ] GC(11) Archive regions: 2->2
[2021-05-05T14:49:07.175+0000][9][gc,heap     ] GC(11) Humongous regions: 0->0
[2021-05-05T14:49:07.175+0000][9][gc,metaspace] GC(11) Metaspace: 46870K(48000K)->46870K(48000K) NonClass: 40709K(41408K)->40709K(41408K) Class: 6160K(6592K)->6160K(6592K)
[2021-05-05T14:49:07.175+0000][9][gc          ] GC(11) Pause Young (Concurrent Start) (G1 Evacuation Pause) 228M->65M(1968M) 96.089ms
[2021-05-05T14:49:07.175+0000][9][gc,cpu      ] GC(11) User=0.10s Sys=0.00s Real=0.10s
[2021-05-05T14:49:07.175+0000][9][safepoint   ] Safepoint "G1CollectForAllocation", Time since last: 489751506 ns, Reaching safepoint: 44689 ns, At safepoint: 96143357 ns, Total: 96188046 ns
[2021-05-05T14:49:07.175+0000][9][gc          ] GC(12) Concurrent Mark Cycle
[2021-05-05T14:49:07.175+0000][9][gc,marking  ] GC(12) Concurrent Clear Claimed Marks
[2021-05-05T14:49:07.175+0000][9][gc,marking  ] GC(12) Concurrent Clear Claimed Marks 0.044ms
[2021-05-05T14:49:07.175+0000][9][gc,marking  ] GC(12) Concurrent Scan Root Regions
[2021-05-05T14:49:07.248+0000][9][gc,marking  ] GC(12) Concurrent Scan Root Regions 72.526ms
[2021-05-05T14:49:07.248+0000][9][gc,marking  ] GC(12) Concurrent Mark
[2021-05-05T14:49:07.248+0000][9][gc,marking  ] GC(12) Concurrent Mark From Roots
[2021-05-05T14:49:07.248+0000][9][gc,task     ] GC(12) Using 1 workers of 1 for marking
[2021-05-05T14:49:07.283+0000][9][gc,marking  ] GC(12) Concurrent Mark From Roots 34.996ms
[2021-05-05T14:49:07.283+0000][9][gc,marking  ] GC(12) Concurrent Preclean
[2021-05-05T14:49:07.283+0000][9][gc,marking  ] GC(12) Concurrent Preclean 0.122ms
[2021-05-05T14:49:07.284+0000][9][gc,start    ] GC(12) Pause Remark
[2021-05-05T14:49:07.298+0000][9][gc          ] GC(12) Pause Remark 69M->69M(1968M) 13.923ms
[2021-05-05T14:49:07.298+0000][9][gc,cpu      ] GC(12) User=0.01s Sys=0.00s Real=0.01s
[2021-05-05T14:49:07.298+0000][9][safepoint   ] Safepoint "G1Concurrent", Time since last: 107948649 ns, Reaching safepoint: 545346 ns, At safepoint: 13984512 ns, Total: 14529858 ns
[2021-05-05T14:49:07.304+0000][9][gc,marking  ] GC(12) Concurrent Mark 56.101ms
[2021-05-05T14:49:07.304+0000][9][gc,marking  ] GC(12) Concurrent Rebuild Remembered Sets
[2021-05-05T14:49:07.395+0000][9][gc,marking  ] GC(12) Concurrent Rebuild Remembered Sets 90.452ms
[2021-05-05T14:49:07.396+0000][9][gc,start    ] GC(12) Pause Cleanup
[2021-05-05T14:49:07.396+0000][9][gc          ] GC(12) Pause Cleanup 73M->73M(1968M) 0.072ms
[2021-05-05T14:49:07.396+0000][9][gc,cpu      ] GC(12) User=0.00s Sys=0.00s Real=0.00s
[2021-05-05T14:49:07.396+0000][9][safepoint   ] Safepoint "G1Concurrent", Time since last: 96808617 ns, Reaching safepoint: 1370277 ns, At safepoint: 98009 ns, Total: 1468286 ns
[2021-05-05T14:49:07.398+0000][9][gc,marking  ] GC(12) Concurrent Cleanup for Next Mark
[2021-05-05T14:49:07.409+0000][9][gc,marking  ] GC(12) Concurrent Cleanup for Next Mark 10.643ms
[2021-05-05T14:49:07.409+0000][9][gc          ] GC(12) Concurrent Mark Cycle 233.666ms
[2021-05-05T14:49:08.402+0000][9][safepoint   ] Safepoint "Cleanup", Time since last: 1004337389 ns, Reaching safepoint: 1889455 ns, At safepoint: 3628 ns, Total: 1893083 ns
[2021-05-05T14:49:09.957+0000][9][safepoint   ] Safepoint "Cleanup", Time since last: 1553440656 ns, Reaching safepoint: 1246409 ns, At safepoint: 5381 ns, Total: 1251790 ns
[2021-05-05T14:49:10.741+0000][9][safepoint   ] Safepoint "ICBufferFull", Time since last: 783982384 ns, Reaching safepoint: 161309 ns, At safepoint: 2691 ns, Total: 164000 ns
[2021-05-05T14:49:11.284+0000][9][gc,start    ] GC(13) Pause Young (Normal) (G1 Evacuation Pause)
[2021-05-05T14:49:11.284+0000][9][gc,task     ] GC(13) Using 1 workers of 1 for evacuation
[2021-05-05T14:49:11.284+0000][9][gc,age      ] GC(13) Desired survivor size 16777216 bytes, new threshold 15 (max threshold 15)
[2021-05-05T14:49:11.340+0000][9][gc,age      ] GC(13) Age table with threshold 15 (max threshold 15)
[2021-05-05T14:49:11.341+0000][9][gc,age      ] GC(13) - age   1:   11088832 bytes,   11088832 total
[2021-05-05T14:49:11.341+0000][9][gc,age      ] GC(13) - age   2:    4670704 bytes,   15759536 total
[2021-05-05T14:49:11.341+0000][9][gc,phases   ] GC(13)   Pre Evacuate Collection Set: 0.3ms
[2021-05-05T14:49:11.341+0000][9][gc,phases   ] GC(13)   Merge Heap Roots: 0.2ms
[2021-05-05T14:49:11.341+0000][9][gc,phases   ] GC(13)   Evacuate Collection Set: 54.3ms
[2021-05-05T14:49:11.341+0000][9][gc,phases   ] GC(13)   Post Evacuate Collection Set: 1.3ms
[2021-05-05T14:49:11.341+0000][9][gc,phases   ] GC(13)   Other: 0.4ms
[2021-05-05T14:49:11.341+0000][9][gc,heap     ] GC(13) Eden regions: 60->0(36)
[2021-05-05T14:49:11.341+0000][9][gc,heap     ] GC(13) Survivor regions: 2->4(8)
[2021-05-05T14:49:11.341+0000][9][gc,heap     ] GC(13) Old regions: 14->14
[2021-05-05T14:49:11.341+0000][9][gc,heap     ] GC(13) Archive regions: 2->2
[2021-05-05T14:49:11.341+0000][9][gc,heap     ] GC(13) Humongous regions: 0->0
[2021-05-05T14:49:11.341+0000][9][gc,metaspace] GC(13) Metaspace: 74681K(75968K)->74681K(75968K) NonClass: 64614K(65344K)->64614K(65344K) Class: 10067K(10624K)->10067K(10624K)
[2021-05-05T14:49:11.341+0000][9][gc          ] GC(13) Pause Young (Normal) (G1 Evacuation Pause) 305M->75M(1968M) 56.474ms
[2021-05-05T14:49:11.341+0000][9][gc,cpu      ] GC(13) User=0.05s Sys=0.00s Real=0.05s
[2021-05-05T14:49:11.341+0000][9][safepoint   ] Safepoint "G1CollectForAllocation", Time since last: 542964852 ns, Reaching safepoint: 113174 ns, At safepoint: 56538293 ns, Total: 56651467 ns
[2021-05-05T14:49:12.103+0000][9][gc,start    ] GC(14) Pause Young (Concurrent Start) (Metadata GC Threshold)
[2021-05-05T14:49:12.103+0000][9][gc,task     ] GC(14) Using 1 workers of 1 for evacuation
[2021-05-05T14:49:12.103+0000][9][gc,age      ] GC(14) Desired survivor size 10485760 bytes, new threshold 1 (max threshold 15)
[2021-05-05T14:49:12.139+0000][9][gc,age      ] GC(14) Age table with threshold 1 (max threshold 15)
[2021-05-05T14:49:12.139+0000][9][gc,age      ] GC(14) - age   1:    1888296 bytes,    1888296 total
[2021-05-05T14:49:12.139+0000][9][gc,phases   ] GC(14)   Pre Evacuate Collection Set: 0.1ms
[2021-05-05T14:49:12.139+0000][9][gc,phases   ] GC(14)   Merge Heap Roots: 0.1ms
[2021-05-05T14:49:12.139+0000][9][gc,phases   ] GC(14)   Evacuate Collection Set: 35.0ms
[2021-05-05T14:49:12.139+0000][9][gc,phases   ] GC(14)   Post Evacuate Collection Set: 0.8ms
[2021-05-05T14:49:12.139+0000][9][gc,phases   ] GC(14)   Other: 0.2ms
[2021-05-05T14:49:12.139+0000][9][gc,heap     ] GC(14) Eden regions: 9->0(120)
[2021-05-05T14:49:12.139+0000][9][gc,heap     ] GC(14) Survivor regions: 4->1(5)
[2021-05-05T14:49:12.139+0000][9][gc,heap     ] GC(14) Old regions: 14->18
[2021-05-05T14:49:12.139+0000][9][gc,heap     ] GC(14) Archive regions: 2->2
[2021-05-05T14:49:12.139+0000][9][gc,heap     ] GC(14) Humongous regions: 0->0
[2021-05-05T14:49:12.139+0000][9][gc,metaspace] GC(14) Metaspace: 79547K(80896K)->79547K(80896K) NonClass: 68727K(69504K)->68727K(69504K) Class: 10820K(11392K)->10820K(11392K)
[2021-05-05T14:49:12.139+0000][9][gc          ] GC(14) Pause Young (Concurrent Start) (Metadata GC Threshold) 109M->76M(1968M) 36.315ms
[2021-05-05T14:49:12.139+0000][9][gc,cpu      ] GC(14) User=0.03s Sys=0.00s Real=0.03s
[2021-05-05T14:49:12.139+0000][9][safepoint   ] Safepoint "CollectForMetadataAllocation", Time since last: 761639970 ns, Reaching safepoint: 173681 ns, At safepoint: 36417233 ns, Total: 36590914 ns
[2021-05-05T14:49:12.141+0000][9][gc          ] GC(15) Concurrent Mark Cycle
[2021-05-05T14:49:12.141+0000][9][gc,marking  ] GC(15) Concurrent Clear Claimed Marks
[2021-05-05T14:49:12.141+0000][9][gc,marking  ] GC(15) Concurrent Clear Claimed Marks 0.067ms
[2021-05-05T14:49:12.141+0000][9][gc,marking  ] GC(15) Concurrent Scan Root Regions
[2021-05-05T14:49:12.166+0000][9][gc,marking  ] GC(15) Concurrent Scan Root Regions 24.511ms
[2021-05-05T14:49:12.166+0000][9][gc,marking  ] GC(15) Concurrent Mark
[2021-05-05T14:49:12.166+0000][9][gc,marking  ] GC(15) Concurrent Mark From Roots
[2021-05-05T14:49:12.166+0000][9][gc,task     ] GC(15) Using 1 workers of 1 for marking
[2021-05-05T14:49:12.194+0000][9][safepoint   ] Safepoint "CollectForMetadataAllocation", Time since last: 54545129 ns, Reaching safepoint: 79608 ns, At safepoint: 60101 ns, Total: 139709 ns
[2021-05-05T14:49:12.237+0000][9][safepoint   ] Safepoint "CollectForMetadataAllocation", Time since last: 39696491 ns, Reaching safepoint: 3517517 ns, At safepoint: 51005 ns, Total: 3568522 ns
[2021-05-05T14:49:12.310+0000][9][safepoint   ] Safepoint "CollectForMetadataAllocation", Time since last: 72891513 ns, Reaching safepoint: 51210 ns, At safepoint: 38327 ns, Total: 89537 ns
[2021-05-05T14:49:12.397+0000][9][gc,marking  ] GC(15) Concurrent Mark From Roots 230.908ms
[2021-05-05T14:49:12.397+0000][9][gc,marking  ] GC(15) Concurrent Preclean
[2021-05-05T14:49:12.397+0000][9][gc,marking  ] GC(15) Concurrent Preclean 0.092ms
[2021-05-05T14:49:12.397+0000][9][safepoint   ] Safepoint "CollectForMetadataAllocation", Time since last: 86840576 ns, Reaching safepoint: 117771 ns, At safepoint: 44714 ns, Total: 162485 ns
[2021-05-05T14:49:12.397+0000][9][gc,start    ] GC(15) Pause Remark
[2021-05-05T14:49:12.404+0000][9][gc          ] GC(15) Pause Remark 86M->86M(1968M) 6.728ms
[2021-05-05T14:49:12.404+0000][9][gc,cpu      ] GC(15) User=0.01s Sys=0.00s Real=0.01s
[2021-05-05T14:49:12.404+0000][9][safepoint   ] Safepoint "G1Concurrent", Time since last: 32376 ns, Reaching safepoint: 127057 ns, At safepoint: 6787255 ns, Total: 6914312 ns
[2021-05-05T14:49:12.406+0000][9][gc,marking  ] GC(15) Concurrent Mark 240.035ms
[2021-05-05T14:49:12.406+0000][9][gc,marking  ] GC(15) Concurrent Rebuild Remembered Sets
[2021-05-05T14:49:12.603+0000][9][gc,marking  ] GC(15) Concurrent Rebuild Remembered Sets 196.901ms
[2021-05-05T14:49:12.604+0000][9][gc,start    ] GC(15) Pause Cleanup
[2021-05-05T14:49:12.604+0000][9][gc          ] GC(15) Pause Cleanup 90M->90M(1968M) 0.078ms
[2021-05-05T14:49:12.604+0000][9][gc,cpu      ] GC(15) User=0.00s Sys=0.00s Real=0.00s
[2021-05-05T14:49:12.604+0000][9][safepoint   ] Safepoint "G1Concurrent", Time since last: 198830006 ns, Reaching safepoint: 977352 ns, At safepoint: 113322 ns, Total: 1090674 ns
[2021-05-05T14:49:12.604+0000][9][gc,marking  ] GC(15) Concurrent Cleanup for Next Mark
[2021-05-05T14:49:12.614+0000][9][gc,marking  ] GC(15) Concurrent Cleanup for Next Mark 9.656ms
[2021-05-05T14:49:12.614+0000][9][gc          ] GC(15) Concurrent Mark Cycle 472.669ms
[2021-05-05T14:49:13.226+0000][9][safepoint   ] Safepoint "ICBufferFull", Time since last: 622271423 ns, Reaching safepoint: 93810 ns, At safepoint: 3054 ns, Total: 96864 ns
[2021-05-05T14:49:14.227+0000][9][safepoint   ] Safepoint "Cleanup", Time since last: 1001049663 ns, Reaching safepoint: 83570 ns, At safepoint: 6646 ns, Total: 90216 ns
[2021-05-05T14:49:16.229+0000][9][safepoint   ] Safepoint "Cleanup", Time since last: 2001661391 ns, Reaching safepoint: 46823 ns, At safepoint: 4781 ns, Total: 51604 ns
[2021-05-05T14:49:17.230+0000][9][safepoint   ] Safepoint "Cleanup", Time since last: 1000703055 ns, Reaching safepoint: 54063 ns, At safepoint: 5050 ns, Total: 59113 ns
[2021-05-05T14:49:19.231+0000][9][safepoint   ] Safepoint "Cleanup", Time since last: 2000925199 ns, Reaching safepoint: 47123 ns, At safepoint: 4586 ns, Total: 51709 ns
[2021-05-05T14:49:20.231+0000][9][safepoint   ] Safepoint "Cleanup", Time since last: 1000271716 ns, Reaching safepoint: 42740 ns, At safepoint: 4002 ns, Total: 46742 ns
[2021-05-05T14:49:25.232+0000][9][safepoint   ] Safepoint "Cleanup", Time since last: 5001256624 ns, Reaching safepoint: 48128 ns, At safepoint: 4904 ns, Total: 53032 ns
[2021-05-05T14:49:26.232+0000][9][safepoint   ] Safepoint "Cleanup", Time since last: 1000093847 ns, Reaching safepoint: 41615 ns, At safepoint: 3498 ns, Total: 45113 ns
[2021-05-05T14:49:27.233+0000][9][safepoint   ] Safepoint "Cleanup", Time since last: 1000288828 ns, Reaching safepoint: 52138 ns, At safepoint: 4887 ns, Total: 57025 ns
[2021-05-05T14:49:27.353+0000][9][gc,heap,exit] Heap
[2021-05-05T14:49:27.353+0000][9][gc,heap,exit]  garbage-first heap   total 2015232K, used 153359K [0x0000000085000000, 0x0000000100000000)
[2021-05-05T14:49:27.353+0000][9][gc,heap,exit]   region size 4096K, 20 young (81920K), 1 survivors (4096K)
[2021-05-05T14:49:27.353+0000][9][gc,heap,exit]  Metaspace       used 86157K, committed 87616K, reserved 1130496K
[2021-05-05T14:49:27.353+0000][9][gc,heap,exit]   class space    used 11801K, committed 12416K, reserved 1048576K
