[2021-05-05T14:49:31.691+0000][7][gc] Using G1
[2021-05-05T14:49:33.033+0000][7][gc,init] Version: 16+36 (release)
[2021-05-05T14:49:33.033+0000][7][gc,init] CPUs: 1 total, 1 available
[2021-05-05T14:49:33.033+0000][7][gc,init] Memory: 3935M
[2021-05-05T14:49:33.033+0000][7][gc,init] Large Page Support: Disabled
[2021-05-05T14:49:33.033+0000][7][gc,init] NUMA Support: Disabled
[2021-05-05T14:49:33.033+0000][7][gc,init] Compressed Oops: Enabled (32-bit)
[2021-05-05T14:49:33.033+0000][7][gc,init] Heap Region Size: 4M
[2021-05-05T14:49:33.033+0000][7][gc,init] Heap Min Capacity: 1968M
[2021-05-05T14:49:33.033+0000][7][gc,init] Heap Initial Capacity: 1968M
[2021-05-05T14:49:33.033+0000][7][gc,init] Heap Max Capacity: 1968M
[2021-05-05T14:49:33.033+0000][7][gc,init] Pre-touch: Enabled
[2021-05-05T14:49:33.033+0000][7][gc,init] Parallel Workers: 1
[2021-05-05T14:49:33.033+0000][7][gc,init] Concurrent Workers: 1
[2021-05-05T14:49:33.033+0000][7][gc,init] Concurrent Refinement Workers: 1
[2021-05-05T14:49:33.033+0000][7][gc,init] Periodic GC: Disabled
[2021-05-05T14:49:33.033+0000][7][gc,metaspace] CDS archive(s) mapped at: [0x0000000800000000-0x0000000800bea000-0x0000000800bea000), size 12492800, SharedBaseAddress: 0x0000000800000000, ArchiveRelocationMode: 0.
[2021-05-05T14:49:33.033+0000][7][gc,metaspace] Compressed class space mapped at: 0x0000000800c00000-0x0000000840c00000, reserved size: 1073741824
[2021-05-05T14:49:33.033+0000][7][gc,metaspace] Narrow klass base: 0x0000000800000000, Narrow klass shift: 3, Narrow klass range: 0x100000000
[2021-05-05T14:49:33.881+0000][7][safepoint   ] Safepoint "ICBufferFull", Time since last: 843177663 ns, Reaching safepoint: 78261 ns, At safepoint: 2075 ns, Total: 80336 ns
[2021-05-05T14:49:34.933+0000][7][safepoint   ] Safepoint "ICBufferFull", Time since last: 1052036226 ns, Reaching safepoint: 85417 ns, At safepoint: 2102 ns, Total: 87519 ns
[2021-05-05T14:49:35.840+0000][7][safepoint   ] Safepoint "ICBufferFull", Time since last: 906620939 ns, Reaching safepoint: 93649 ns, At safepoint: 2136 ns, Total: 95785 ns
[2021-05-05T14:49:36.423+0000][7][gc,start    ] GC(0) Pause Young (Normal) (G1 Evacuation Pause)
[2021-05-05T14:49:36.423+0000][7][gc,task     ] GC(0) Using 1 workers of 1 for evacuation
[2021-05-05T14:49:36.423+0000][7][gc,age      ] GC(0) Desired survivor size 6291456 bytes, new threshold 15 (max threshold 15)
[2021-05-05T14:49:36.435+0000][7][gc,age      ] GC(0) Age table with threshold 15 (max threshold 15)
[2021-05-05T14:49:36.436+0000][7][gc,age      ] GC(0) - age   1:    7425944 bytes,    7425944 total
[2021-05-05T14:49:36.436+0000][7][gc,phases   ] GC(0)   Pre Evacuate Collection Set: 0.1ms
[2021-05-05T14:49:36.436+0000][7][gc,phases   ] GC(0)   Merge Heap Roots: 0.0ms
[2021-05-05T14:49:36.436+0000][7][gc,phases   ] GC(0)   Evacuate Collection Set: 11.5ms
[2021-05-05T14:49:36.436+0000][7][gc,phases   ] GC(0)   Post Evacuate Collection Set: 0.5ms
[2021-05-05T14:49:36.436+0000][7][gc,phases   ] GC(0)   Other: 0.2ms
[2021-05-05T14:49:36.436+0000][7][gc,heap     ] GC(0) Eden regions: 24->0(22)
[2021-05-05T14:49:36.436+0000][7][gc,heap     ] GC(0) Survivor regions: 0->2(3)
[2021-05-05T14:49:36.436+0000][7][gc,heap     ] GC(0) Old regions: 0->0
[2021-05-05T14:49:36.436+0000][7][gc,heap     ] GC(0) Archive regions: 2->2
[2021-05-05T14:49:36.436+0000][7][gc,heap     ] GC(0) Humongous regions: 0->0
[2021-05-05T14:49:36.436+0000][7][gc,metaspace] GC(0) Metaspace: 14702K(14848K)->14702K(14848K) NonClass: 13050K(13120K)->13050K(13120K) Class: 1652K(1728K)->1652K(1728K)
[2021-05-05T14:49:36.436+0000][7][gc          ] GC(0) Pause Young (Normal) (G1 Evacuation Pause) 99M->11M(1968M) 12.380ms
[2021-05-05T14:49:36.436+0000][7][gc,cpu      ] GC(0) User=0.02s Sys=0.00s Real=0.01s
[2021-05-05T14:49:36.436+0000][7][safepoint   ] Safepoint "G1CollectForAllocation", Time since last: 583442548 ns, Reaching safepoint: 47431 ns, At safepoint: 12450851 ns, Total: 12498282 ns
[2021-05-05T14:49:36.689+0000][7][safepoint   ] Safepoint "ICBufferFull", Time since last: 253023877 ns, Reaching safepoint: 73296 ns, At safepoint: 2892 ns, Total: 76188 ns
[2021-05-05T14:49:36.695+0000][7][safepoint   ] Safepoint "ICBufferFull", Time since last: 6540357 ns, Reaching safepoint: 21974 ns, At safepoint: 2843 ns, Total: 24817 ns
[2021-05-05T14:49:36.705+0000][7][safepoint   ] Safepoint "ICBufferFull", Time since last: 9477010 ns, Reaching safepoint: 25916 ns, At safepoint: 3104 ns, Total: 29020 ns
[2021-05-05T14:49:36.707+0000][7][safepoint   ] Safepoint "ICBufferFull", Time since last: 2116078 ns, Reaching safepoint: 14298 ns, At safepoint: 2232 ns, Total: 16530 ns
[2021-05-05T14:49:36.717+0000][7][safepoint   ] Safepoint "ICBufferFull", Time since last: 10451783 ns, Reaching safepoint: 24502 ns, At safepoint: 2215 ns, Total: 26717 ns
[2021-05-05T14:49:36.722+0000][7][safepoint   ] Safepoint "ICBufferFull", Time since last: 4067968 ns, Reaching safepoint: 40023 ns, At safepoint: 2266 ns, Total: 42289 ns
[2021-05-05T14:49:36.723+0000][7][safepoint   ] Safepoint "ICBufferFull", Time since last: 1656841 ns, Reaching safepoint: 14398 ns, At safepoint: 1573 ns, Total: 15971 ns
[2021-05-05T14:49:36.730+0000][7][safepoint   ] Safepoint "ICBufferFull", Time since last: 6587565 ns, Reaching safepoint: 25967 ns, At safepoint: 2255 ns, Total: 28222 ns
[2021-05-05T14:49:36.734+0000][7][safepoint   ] Safepoint "ICBufferFull", Time since last: 3805494 ns, Reaching safepoint: 17103 ns, At safepoint: 2023 ns, Total: 19126 ns
[2021-05-05T14:49:36.739+0000][7][safepoint   ] Safepoint "ICBufferFull", Time since last: 4786567 ns, Reaching safepoint: 24537 ns, At safepoint: 3094 ns, Total: 27631 ns
[2021-05-05T14:49:36.743+0000][7][safepoint   ] Safepoint "ICBufferFull", Time since last: 4567503 ns, Reaching safepoint: 24172 ns, At safepoint: 3163 ns, Total: 27335 ns
[2021-05-05T14:49:36.750+0000][7][safepoint   ] Safepoint "ICBufferFull", Time since last: 7268709 ns, Reaching safepoint: 23856 ns, At safepoint: 2790 ns, Total: 26646 ns
[2021-05-05T14:49:36.761+0000][7][safepoint   ] Safepoint "ICBufferFull", Time since last: 10543129 ns, Reaching safepoint: 28956 ns, At safepoint: 3157 ns, Total: 32113 ns
[2021-05-05T14:49:36.766+0000][7][safepoint   ] Safepoint "ICBufferFull", Time since last: 4553026 ns, Reaching safepoint: 24762 ns, At safepoint: 2346 ns, Total: 27108 ns
[2021-05-05T14:49:36.769+0000][7][safepoint   ] Safepoint "ICBufferFull", Time since last: 3503433 ns, Reaching safepoint: 21285 ns, At safepoint: 2998 ns, Total: 24283 ns
[2021-05-05T14:49:36.778+0000][7][safepoint   ] Safepoint "ICBufferFull", Time since last: 8634952 ns, Reaching safepoint: 17262 ns, At safepoint: 2512 ns, Total: 19774 ns
[2021-05-05T14:49:36.785+0000][7][safepoint   ] Safepoint "ICBufferFull", Time since last: 7073650 ns, Reaching safepoint: 25758 ns, At safepoint: 2561 ns, Total: 28319 ns
[2021-05-05T14:49:36.794+0000][7][safepoint   ] Safepoint "ICBufferFull", Time since last: 9164214 ns, Reaching safepoint: 18027 ns, At safepoint: 2092 ns, Total: 20119 ns
[2021-05-05T14:49:36.808+0000][7][safepoint   ] Safepoint "ICBufferFull", Time since last: 13529537 ns, Reaching safepoint: 45850 ns, At safepoint: 2803 ns, Total: 48653 ns
[2021-05-05T14:49:36.808+0000][7][safepoint   ] Safepoint "ICBufferFull", Time since last: 677015 ns, Reaching safepoint: 12204 ns, At safepoint: 1464 ns, Total: 13668 ns
[2021-05-05T14:49:36.813+0000][7][safepoint   ] Safepoint "ICBufferFull", Time since last: 4363672 ns, Reaching safepoint: 25131 ns, At safepoint: 3298 ns, Total: 28429 ns
[2021-05-05T14:49:36.814+0000][7][safepoint   ] Safepoint "ICBufferFull", Time since last: 872098 ns, Reaching safepoint: 12487 ns, At safepoint: 1575 ns, Total: 14062 ns
[2021-05-05T14:49:36.818+0000][7][safepoint   ] Safepoint "ICBufferFull", Time since last: 4766711 ns, Reaching safepoint: 21691 ns, At safepoint: 2767 ns, Total: 24458 ns
[2021-05-05T14:49:36.819+0000][7][safepoint   ] Safepoint "ICBufferFull", Time since last: 655039 ns, Reaching safepoint: 12647 ns, At safepoint: 1617 ns, Total: 14264 ns
[2021-05-05T14:49:36.820+0000][7][safepoint   ] Safepoint "ICBufferFull", Time since last: 733304 ns, Reaching safepoint: 94633 ns, At safepoint: 3506 ns, Total: 98139 ns
[2021-05-05T14:49:36.821+0000][7][safepoint   ] Safepoint "ICBufferFull", Time since last: 804952 ns, Reaching safepoint: 14534 ns, At safepoint: 1665 ns, Total: 16199 ns
[2021-05-05T14:49:36.821+0000][7][safepoint   ] Safepoint "ICBufferFull", Time since last: 599269 ns, Reaching safepoint: 11448 ns, At safepoint: 1650 ns, Total: 13098 ns
[2021-05-05T14:49:36.823+0000][7][safepoint   ] Safepoint "ICBufferFull", Time since last: 2128356 ns, Reaching safepoint: 17497 ns, At safepoint: 2056 ns, Total: 19553 ns
[2021-05-05T14:49:36.824+0000][7][safepoint   ] Safepoint "ICBufferFull", Time since last: 912720 ns, Reaching safepoint: 12448 ns, At safepoint: 2347 ns, Total: 14795 ns
[2021-05-05T14:49:36.831+0000][7][safepoint   ] Safepoint "ICBufferFull", Time since last: 6099724 ns, Reaching safepoint: 25094 ns, At safepoint: 2707 ns, Total: 27801 ns
[2021-05-05T14:49:36.831+0000][7][safepoint   ] Safepoint "ICBufferFull", Time since last: 744301 ns, Reaching safepoint: 14041 ns, At safepoint: 1810 ns, Total: 15851 ns
[2021-05-05T14:49:36.834+0000][7][safepoint   ] Safepoint "ICBufferFull", Time since last: 2550012 ns, Reaching safepoint: 17519 ns, At safepoint: 2581 ns, Total: 20100 ns
[2021-05-05T14:49:36.834+0000][7][safepoint   ] Safepoint "ICBufferFull", Time since last: 536931 ns, Reaching safepoint: 10344 ns, At safepoint: 1286 ns, Total: 11630 ns
[2021-05-05T14:49:36.835+0000][7][safepoint   ] Safepoint "ICBufferFull", Time since last: 499539 ns, Reaching safepoint: 8490 ns, At safepoint: 1054 ns, Total: 9544 ns
[2021-05-05T14:49:36.835+0000][7][safepoint   ] Safepoint "ICBufferFull", Time since last: 495942 ns, Reaching safepoint: 8511 ns, At safepoint: 1011 ns, Total: 9522 ns
[2021-05-05T14:49:36.836+0000][7][safepoint   ] Safepoint "ICBufferFull", Time since last: 485342 ns, Reaching safepoint: 8651 ns, At safepoint: 1075 ns, Total: 9726 ns
[2021-05-05T14:49:36.845+0000][7][safepoint   ] Safepoint "ICBufferFull", Time since last: 8674190 ns, Reaching safepoint: 17802 ns, At safepoint: 2293 ns, Total: 20095 ns
[2021-05-05T14:49:36.852+0000][7][safepoint   ] Safepoint "ICBufferFull", Time since last: 7693406 ns, Reaching safepoint: 25760 ns, At safepoint: 3060 ns, Total: 28820 ns
[2021-05-05T14:49:36.858+0000][7][safepoint   ] Safepoint "ICBufferFull", Time since last: 5416852 ns, Reaching safepoint: 19243 ns, At safepoint: 2422 ns, Total: 21665 ns
[2021-05-05T14:49:36.928+0000][7][safepoint   ] Safepoint "ICBufferFull", Time since last: 69947806 ns, Reaching safepoint: 30481 ns, At safepoint: 2028 ns, Total: 32509 ns
[2021-05-05T14:49:36.929+0000][7][safepoint   ] Safepoint "ICBufferFull", Time since last: 1166761 ns, Reaching safepoint: 13987 ns, At safepoint: 2232 ns, Total: 16219 ns
[2021-05-05T14:49:36.931+0000][7][safepoint   ] Safepoint "ICBufferFull", Time since last: 1607749 ns, Reaching safepoint: 11825 ns, At safepoint: 1343 ns, Total: 13168 ns
[2021-05-05T14:49:36.931+0000][7][safepoint   ] Safepoint "ICBufferFull", Time since last: 610529 ns, Reaching safepoint: 11301 ns, At safepoint: 1634 ns, Total: 12935 ns
[2021-05-05T14:49:36.932+0000][7][safepoint   ] Safepoint "ICBufferFull", Time since last: 501744 ns, Reaching safepoint: 8391 ns, At safepoint: 1074 ns, Total: 9465 ns
[2021-05-05T14:49:36.932+0000][7][safepoint   ] Safepoint "ICBufferFull", Time since last: 455325 ns, Reaching safepoint: 8016 ns, At safepoint: 1061 ns, Total: 9077 ns
[2021-05-05T14:49:36.933+0000][7][safepoint   ] Safepoint "ICBufferFull", Time since last: 466926 ns, Reaching safepoint: 8316 ns, At safepoint: 1082 ns, Total: 9398 ns
[2021-05-05T14:49:36.933+0000][7][safepoint   ] Safepoint "ICBufferFull", Time since last: 454086 ns, Reaching safepoint: 8014 ns, At safepoint: 962 ns, Total: 8976 ns
[2021-05-05T14:49:36.934+0000][7][safepoint   ] Safepoint "ICBufferFull", Time since last: 453995 ns, Reaching safepoint: 8006 ns, At safepoint: 966 ns, Total: 8972 ns
[2021-05-05T14:49:36.934+0000][7][safepoint   ] Safepoint "ICBufferFull", Time since last: 466972 ns, Reaching safepoint: 7907 ns, At safepoint: 958 ns, Total: 8865 ns
[2021-05-05T14:49:36.936+0000][7][safepoint   ] Safepoint "ICBufferFull", Time since last: 1647644 ns, Reaching safepoint: 15473 ns, At safepoint: 1576 ns, Total: 17049 ns
[2021-05-05T14:49:36.936+0000][7][safepoint   ] Safepoint "ICBufferFull", Time since last: 524631 ns, Reaching safepoint: 9146 ns, At safepoint: 1286 ns, Total: 10432 ns
[2021-05-05T14:49:36.941+0000][7][safepoint   ] Safepoint "ICBufferFull", Time since last: 4811715 ns, Reaching safepoint: 23606 ns, At safepoint: 2720 ns, Total: 26326 ns
[2021-05-05T14:49:36.942+0000][7][safepoint   ] Safepoint "ICBufferFull", Time since last: 564117 ns, Reaching safepoint: 11726 ns, At safepoint: 1407 ns, Total: 13133 ns
[2021-05-05T14:49:36.942+0000][7][safepoint   ] Safepoint "ICBufferFull", Time since last: 461811 ns, Reaching safepoint: 8317 ns, At safepoint: 1301 ns, Total: 9618 ns
[2021-05-05T14:49:36.943+0000][7][safepoint   ] Safepoint "ICBufferFull", Time since last: 474934 ns, Reaching safepoint: 8055 ns, At safepoint: 1046 ns, Total: 9101 ns
[2021-05-05T14:49:36.943+0000][7][safepoint   ] Safepoint "ICBufferFull", Time since last: 447672 ns, Reaching safepoint: 7928 ns, At safepoint: 1034 ns, Total: 8962 ns
[2021-05-05T14:49:36.944+0000][7][safepoint   ] Safepoint "ICBufferFull", Time since last: 525454 ns, Reaching safepoint: 8178 ns, At safepoint: 982 ns, Total: 9160 ns
[2021-05-05T14:49:36.945+0000][7][safepoint   ] Safepoint "ICBufferFull", Time since last: 1031582 ns, Reaching safepoint: 10495 ns, At safepoint: 1393 ns, Total: 11888 ns
[2021-05-05T14:49:36.949+0000][7][safepoint   ] Safepoint "ICBufferFull", Time since last: 4199014 ns, Reaching safepoint: 18547 ns, At safepoint: 2122 ns, Total: 20669 ns
[2021-05-05T14:49:37.069+0000][7][safepoint   ] Safepoint "ICBufferFull", Time since last: 120395706 ns, Reaching safepoint: 28180 ns, At safepoint: 2402 ns, Total: 30582 ns
[2021-05-05T14:49:37.191+0000][7][gc,start    ] GC(1) Pause Young (Normal) (G1 Evacuation Pause)
[2021-05-05T14:49:37.191+0000][7][gc,task     ] GC(1) Using 1 workers of 1 for evacuation
[2021-05-05T14:49:37.191+0000][7][gc,age      ] GC(1) Desired survivor size 6291456 bytes, new threshold 1 (max threshold 15)
[2021-05-05T14:49:37.203+0000][7][gc,age      ] GC(1) Age table with threshold 1 (max threshold 15)
[2021-05-05T14:49:37.203+0000][7][gc,age      ] GC(1) - age   1:    2804600 bytes,    2804600 total
[2021-05-05T14:49:37.203+0000][7][gc,phases   ] GC(1)   Pre Evacuate Collection Set: 0.1ms
[2021-05-05T14:49:37.203+0000][7][gc,phases   ] GC(1)   Merge Heap Roots: 0.0ms
[2021-05-05T14:49:37.203+0000][7][gc,phases   ] GC(1)   Evacuate Collection Set: 11.4ms
[2021-05-05T14:49:37.203+0000][7][gc,phases   ] GC(1)   Post Evacuate Collection Set: 0.3ms
[2021-05-05T14:49:37.203+0000][7][gc,phases   ] GC(1)   Other: 0.1ms
[2021-05-05T14:49:37.203+0000][7][gc,heap     ] GC(1) Eden regions: 22->0(23)
[2021-05-05T14:49:37.203+0000][7][gc,heap     ] GC(1) Survivor regions: 2->1(3)
[2021-05-05T14:49:37.203+0000][7][gc,heap     ] GC(1) Old regions: 0->2
[2021-05-05T14:49:37.203+0000][7][gc,heap     ] GC(1) Archive regions: 2->2
[2021-05-05T14:49:37.203+0000][7][gc,heap     ] GC(1) Humongous regions: 0->0
[2021-05-05T14:49:37.203+0000][7][gc,metaspace] GC(1) Metaspace: 17714K(17920K)->17714K(17920K) NonClass: 15634K(15744K)->15634K(15744K) Class: 2079K(2176K)->2079K(2176K)
[2021-05-05T14:49:37.203+0000][7][gc          ] GC(1) Pause Young (Normal) (G1 Evacuation Pause) 99M->14M(1968M) 12.041ms
[2021-05-05T14:49:37.203+0000][7][gc,cpu      ] GC(1) User=0.01s Sys=0.00s Real=0.01s
[2021-05-05T14:49:37.203+0000][7][safepoint   ] Safepoint "G1CollectForAllocation", Time since last: 121915936 ns, Reaching safepoint: 37142 ns, At safepoint: 12079735 ns, Total: 12116877 ns
[2021-05-05T14:49:37.556+0000][7][gc,start    ] GC(2) Pause Young (Normal) (G1 Evacuation Pause)
[2021-05-05T14:49:37.556+0000][7][gc,task     ] GC(2) Using 1 workers of 1 for evacuation
[2021-05-05T14:49:37.556+0000][7][gc,age      ] GC(2) Desired survivor size 6291456 bytes, new threshold 15 (max threshold 15)
[2021-05-05T14:49:37.566+0000][7][gc,age      ] GC(2) Age table with threshold 15 (max threshold 15)
[2021-05-05T14:49:37.567+0000][7][gc,age      ] GC(2) - age   1:    2088072 bytes,    2088072 total
[2021-05-05T14:49:37.567+0000][7][gc,age      ] GC(2) - age   2:    2764352 bytes,    4852424 total
[2021-05-05T14:49:37.567+0000][7][gc,phases   ] GC(2)   Pre Evacuate Collection Set: 0.1ms
[2021-05-05T14:49:37.567+0000][7][gc,phases   ] GC(2)   Merge Heap Roots: 0.0ms
[2021-05-05T14:49:37.567+0000][7][gc,phases   ] GC(2)   Evacuate Collection Set: 9.7ms
[2021-05-05T14:49:37.567+0000][7][gc,phases   ] GC(2)   Post Evacuate Collection Set: 0.2ms
[2021-05-05T14:49:37.567+0000][7][gc,phases   ] GC(2)   Other: 0.1ms
[2021-05-05T14:49:37.567+0000][7][gc,heap     ] GC(2) Eden regions: 23->0(22)
[2021-05-05T14:49:37.567+0000][7][gc,heap     ] GC(2) Survivor regions: 1->2(3)
[2021-05-05T14:49:37.567+0000][7][gc,heap     ] GC(2) Old regions: 2->2
[2021-05-05T14:49:37.567+0000][7][gc,heap     ] GC(2) Archive regions: 2->2
[2021-05-05T14:49:37.567+0000][7][gc,heap     ] GC(2) Humongous regions: 0->0
[2021-05-05T14:49:37.567+0000][7][gc,metaspace] GC(2) Metaspace: 18146K(18368K)->18146K(18368K) NonClass: 16011K(16128K)->16011K(16128K) Class: 2135K(2240K)->2135K(2240K)
[2021-05-05T14:49:37.567+0000][7][gc          ] GC(2) Pause Young (Normal) (G1 Evacuation Pause) 106M->16M(1968M) 10.213ms
[2021-05-05T14:49:37.567+0000][7][gc,cpu      ] GC(2) User=0.01s Sys=0.00s Real=0.01s
[2021-05-05T14:49:37.567+0000][7][safepoint   ] Safepoint "G1CollectForAllocation", Time since last: 353038764 ns, Reaching safepoint: 47295 ns, At safepoint: 10256001 ns, Total: 10303296 ns
[2021-05-05T14:49:37.749+0000][7][gc,start    ] GC(3) Pause Young (Normal) (G1 Evacuation Pause)
[2021-05-05T14:49:37.749+0000][7][gc,task     ] GC(3) Using 1 workers of 1 for evacuation
[2021-05-05T14:49:37.749+0000][7][gc,age      ] GC(3) Desired survivor size 6291456 bytes, new threshold 15 (max threshold 15)
[2021-05-05T14:49:37.754+0000][7][gc,age      ] GC(3) Age table with threshold 15 (max threshold 15)
[2021-05-05T14:49:37.754+0000][7][gc,age      ] GC(3) - age   1:     906520 bytes,     906520 total
[2021-05-05T14:49:37.754+0000][7][gc,age      ] GC(3) - age   2:    1628960 bytes,    2535480 total
[2021-05-05T14:49:37.754+0000][7][gc,age      ] GC(3) - age   3:    2764320 bytes,    5299800 total
[2021-05-05T14:49:37.754+0000][7][gc,phases   ] GC(3)   Pre Evacuate Collection Set: 0.1ms
[2021-05-05T14:49:37.754+0000][7][gc,phases   ] GC(3)   Merge Heap Roots: 0.0ms
[2021-05-05T14:49:37.754+0000][7][gc,phases   ] GC(3)   Evacuate Collection Set: 4.9ms
[2021-05-05T14:49:37.754+0000][7][gc,phases   ] GC(3)   Post Evacuate Collection Set: 0.2ms
[2021-05-05T14:49:37.754+0000][7][gc,phases   ] GC(3)   Other: 0.1ms
[2021-05-05T14:49:37.754+0000][7][gc,heap     ] GC(3) Eden regions: 22->0(22)
[2021-05-05T14:49:37.754+0000][7][gc,heap     ] GC(3) Survivor regions: 2->2(3)
[2021-05-05T14:49:37.754+0000][7][gc,heap     ] GC(3) Old regions: 2->2
[2021-05-05T14:49:37.754+0000][7][gc,heap     ] GC(3) Archive regions: 2->2
[2021-05-05T14:49:37.754+0000][7][gc,heap     ] GC(3) Humongous regions: 0->0
[2021-05-05T14:49:37.754+0000][7][gc,metaspace] GC(3) Metaspace: 18264K(18560K)->18264K(18560K) NonClass: 16114K(16256K)->16114K(16256K) Class: 2150K(2304K)->2150K(2304K)
[2021-05-05T14:49:37.754+0000][7][gc          ] GC(3) Pause Young (Normal) (G1 Evacuation Pause) 104M->16M(1968M) 5.380ms
[2021-05-05T14:49:37.754+0000][7][gc,cpu      ] GC(3) User=0.01s Sys=0.00s Real=0.00s
[2021-05-05T14:49:37.754+0000][7][safepoint   ] Safepoint "G1CollectForAllocation", Time since last: 182159879 ns, Reaching safepoint: 30550 ns, At safepoint: 5421107 ns, Total: 5451657 ns
[2021-05-05T14:49:37.954+0000][7][gc,start    ] GC(4) Pause Young (Normal) (G1 Evacuation Pause)
[2021-05-05T14:49:37.954+0000][7][gc,task     ] GC(4) Using 1 workers of 1 for evacuation
[2021-05-05T14:49:37.954+0000][7][gc,age      ] GC(4) Desired survivor size 6291456 bytes, new threshold 15 (max threshold 15)
[2021-05-05T14:49:37.969+0000][7][gc,age      ] GC(4) Age table with threshold 15 (max threshold 15)
[2021-05-05T14:49:37.969+0000][7][gc,age      ] GC(4) - age   1:    2198600 bytes,    2198600 total
[2021-05-05T14:49:37.969+0000][7][gc,age      ] GC(4) - age   2:     303240 bytes,    2501840 total
[2021-05-05T14:49:37.969+0000][7][gc,age      ] GC(4) - age   3:    1628648 bytes,    4130488 total
[2021-05-05T14:49:37.969+0000][7][gc,age      ] GC(4) - age   4:    2764184 bytes,    6894672 total
[2021-05-05T14:49:37.969+0000][7][gc,phases   ] GC(4)   Pre Evacuate Collection Set: 0.1ms
[2021-05-05T14:49:37.969+0000][7][gc,phases   ] GC(4)   Merge Heap Roots: 0.0ms
[2021-05-05T14:49:37.969+0000][7][gc,phases   ] GC(4)   Evacuate Collection Set: 6.2ms
[2021-05-05T14:49:37.969+0000][7][gc,phases   ] GC(4)   Post Evacuate Collection Set: 8.4ms
[2021-05-05T14:49:37.969+0000][7][gc,phases   ] GC(4)   Other: 0.2ms
[2021-05-05T14:49:37.969+0000][7][gc,heap     ] GC(4) Eden regions: 22->0(22)
[2021-05-05T14:49:37.969+0000][7][gc,heap     ] GC(4) Survivor regions: 2->2(3)
[2021-05-05T14:49:37.969+0000][7][gc,heap     ] GC(4) Old regions: 2->2
[2021-05-05T14:49:37.969+0000][7][gc,heap     ] GC(4) Archive regions: 2->2
[2021-05-05T14:49:37.969+0000][7][gc,heap     ] GC(4) Humongous regions: 0->0
[2021-05-05T14:49:37.969+0000][7][gc,metaspace] GC(4) Metaspace: 18548K(18816K)->18548K(18816K) NonClass: 16341K(16512K)->16341K(16512K) Class: 2206K(2304K)->2206K(2304K)
[2021-05-05T14:49:37.970+0000][7][gc          ] GC(4) Pause Young (Normal) (G1 Evacuation Pause) 104M->18M(1968M) 15.090ms
[2021-05-05T14:49:37.970+0000][7][gc,cpu      ] GC(4) User=0.01s Sys=0.00s Real=0.02s
[2021-05-05T14:49:37.970+0000][7][safepoint   ] Safepoint "G1CollectForAllocation", Time since last: 200135530 ns, Reaching safepoint: 21095 ns, At safepoint: 15131849 ns, Total: 15152944 ns
[2021-05-05T14:49:38.171+0000][7][gc,start    ] GC(5) Pause Young (Normal) (G1 Evacuation Pause)
[2021-05-05T14:49:38.171+0000][7][gc,task     ] GC(5) Using 1 workers of 1 for evacuation
[2021-05-05T14:49:38.171+0000][7][gc,age      ] GC(5) Desired survivor size 6291456 bytes, new threshold 4 (max threshold 15)
[2021-05-05T14:49:38.178+0000][7][gc,age      ] GC(5) Age table with threshold 4 (max threshold 15)
[2021-05-05T14:49:38.178+0000][7][gc,age      ] GC(5) - age   1:    1430376 bytes,    1430376 total
[2021-05-05T14:49:38.178+0000][7][gc,age      ] GC(5) - age   2:     445344 bytes,    1875720 total
[2021-05-05T14:49:38.178+0000][7][gc,age      ] GC(5) - age   3:     303240 bytes,    2178960 total
[2021-05-05T14:49:38.178+0000][7][gc,age      ] GC(5) - age   4:    1628648 bytes,    3807608 total
[2021-05-05T14:49:38.178+0000][7][gc,phases   ] GC(5)   Pre Evacuate Collection Set: 0.2ms
[2021-05-05T14:49:38.178+0000][7][gc,phases   ] GC(5)   Merge Heap Roots: 0.0ms
[2021-05-05T14:49:38.178+0000][7][gc,phases   ] GC(5)   Evacuate Collection Set: 6.3ms
[2021-05-05T14:49:38.178+0000][7][gc,phases   ] GC(5)   Post Evacuate Collection Set: 0.2ms
[2021-05-05T14:49:38.178+0000][7][gc,phases   ] GC(5)   Other: 0.2ms
[2021-05-05T14:49:38.178+0000][7][gc,heap     ] GC(5) Eden regions: 22->0(30)
[2021-05-05T14:49:38.178+0000][7][gc,heap     ] GC(5) Survivor regions: 2->1(3)
[2021-05-05T14:49:38.178+0000][7][gc,heap     ] GC(5) Old regions: 2->3
[2021-05-05T14:49:38.178+0000][7][gc,heap     ] GC(5) Archive regions: 2->2
[2021-05-05T14:49:38.178+0000][7][gc,heap     ] GC(5) Humongous regions: 0->0
[2021-05-05T14:49:38.178+0000][7][gc,metaspace] GC(5) Metaspace: 18746K(19136K)->18746K(19136K) NonClass: 16521K(16768K)->16521K(16768K) Class: 2224K(2368K)->2224K(2368K)
[2021-05-05T14:49:38.178+0000][7][gc          ] GC(5) Pause Young (Normal) (G1 Evacuation Pause) 106M->17M(1968M) 6.883ms
[2021-05-05T14:49:38.178+0000][7][gc,cpu      ] GC(5) User=0.01s Sys=0.00s Real=0.00s
[2021-05-05T14:49:38.178+0000][7][safepoint   ] Safepoint "G1CollectForAllocation", Time since last: 201542423 ns, Reaching safepoint: 32083 ns, At safepoint: 6930474 ns, Total: 6962557 ns
[2021-05-05T14:49:38.502+0000][7][gc,start    ] GC(6) Pause Young (Normal) (G1 Evacuation Pause)
[2021-05-05T14:49:38.502+0000][7][gc,task     ] GC(6) Using 1 workers of 1 for evacuation
[2021-05-05T14:49:38.502+0000][7][gc,age      ] GC(6) Desired survivor size 8388608 bytes, new threshold 15 (max threshold 15)
[2021-05-05T14:49:38.511+0000][7][gc,age      ] GC(6) Age table with threshold 15 (max threshold 15)
[2021-05-05T14:49:38.511+0000][7][gc,age      ] GC(6) - age   1:    2804616 bytes,    2804616 total
[2021-05-05T14:49:38.511+0000][7][gc,age      ] GC(6) - age   2:     556536 bytes,    3361152 total
[2021-05-05T14:49:38.511+0000][7][gc,age      ] GC(6) - age   3:     445224 bytes,    3806376 total
[2021-05-05T14:49:38.511+0000][7][gc,age      ] GC(6) - age   4:     303240 bytes,    4109616 total
[2021-05-05T14:49:38.511+0000][7][gc,age      ] GC(6) - age   5:    1628648 bytes,    5738264 total
[2021-05-05T14:49:38.511+0000][7][gc,phases   ] GC(6)   Pre Evacuate Collection Set: 0.1ms
[2021-05-05T14:49:38.511+0000][7][gc,phases   ] GC(6)   Merge Heap Roots: 0.0ms
[2021-05-05T14:49:38.511+0000][7][gc,phases   ] GC(6)   Evacuate Collection Set: 6.1ms
[2021-05-05T14:49:38.511+0000][7][gc,phases   ] GC(6)   Post Evacuate Collection Set: 2.2ms
[2021-05-05T14:49:38.511+0000][7][gc,phases   ] GC(6)   Other: 0.1ms
[2021-05-05T14:49:38.511+0000][7][gc,heap     ] GC(6) Eden regions: 30->0(293)
[2021-05-05T14:49:38.511+0000][7][gc,heap     ] GC(6) Survivor regions: 1->2(4)
[2021-05-05T14:49:38.511+0000][7][gc,heap     ] GC(6) Old regions: 3->3
[2021-05-05T14:49:38.511+0000][7][gc,heap     ] GC(6) Archive regions: 2->2
[2021-05-05T14:49:38.511+0000][7][gc,heap     ] GC(6) Humongous regions: 0->0
[2021-05-05T14:49:38.511+0000][7][gc,metaspace] GC(6) Metaspace: 18916K(19200K)->18916K(19200K) NonClass: 16676K(16832K)->16676K(16832K) Class: 2240K(2368K)->2240K(2368K)
[2021-05-05T14:49:38.511+0000][7][gc          ] GC(6) Pause Young (Normal) (G1 Evacuation Pause) 137M->19M(1968M) 8.550ms
[2021-05-05T14:49:38.511+0000][7][gc,cpu      ] GC(6) User=0.01s Sys=0.00s Real=0.01s
[2021-05-05T14:49:38.511+0000][7][safepoint   ] Safepoint "G1CollectForAllocation", Time since last: 324208154 ns, Reaching safepoint: 31866 ns, At safepoint: 8595805 ns, Total: 8627671 ns
[2021-05-05T14:49:40.319+0000][7][safepoint   ] Safepoint "Cleanup", Time since last: 1800904440 ns, Reaching safepoint: 7178102 ns, At safepoint: 6193 ns, Total: 7184295 ns
[2021-05-05T14:49:40.734+0000][7][gc,start    ] GC(7) Pause Young (Concurrent Start) (Metadata GC Threshold)
[2021-05-05T14:49:40.734+0000][7][gc,task     ] GC(7) Using 1 workers of 1 for evacuation
[2021-05-05T14:49:40.734+0000][7][gc,age      ] GC(7) Desired survivor size 77594624 bytes, new threshold 15 (max threshold 15)
[2021-05-05T14:49:40.745+0000][7][gc,age      ] GC(7) Age table with threshold 15 (max threshold 15)
[2021-05-05T14:49:40.745+0000][7][gc,age      ] GC(7) - age   1:    4443048 bytes,    4443048 total
[2021-05-05T14:49:40.745+0000][7][gc,age      ] GC(7) - age   2:    1602128 bytes,    6045176 total
[2021-05-05T14:49:40.745+0000][7][gc,age      ] GC(7) - age   3:     555000 bytes,    6600176 total
[2021-05-05T14:49:40.745+0000][7][gc,age      ] GC(7) - age   4:     444096 bytes,    7044272 total
[2021-05-05T14:49:40.745+0000][7][gc,age      ] GC(7) - age   5:     303056 bytes,    7347328 total
[2021-05-05T14:49:40.745+0000][7][gc,age      ] GC(7) - age   6:    1627968 bytes,    8975296 total
[2021-05-05T14:49:40.745+0000][7][gc,phases   ] GC(7)   Pre Evacuate Collection Set: 0.1ms
[2021-05-05T14:49:40.745+0000][7][gc,phases   ] GC(7)   Merge Heap Roots: 0.0ms
[2021-05-05T14:49:40.745+0000][7][gc,phases   ] GC(7)   Evacuate Collection Set: 10.6ms
[2021-05-05T14:49:40.745+0000][7][gc,phases   ] GC(7)   Post Evacuate Collection Set: 0.5ms
[2021-05-05T14:49:40.745+0000][7][gc,phases   ] GC(7)   Other: 0.2ms
[2021-05-05T14:49:40.745+0000][7][gc,heap     ] GC(7) Eden regions: 253->0(205)
[2021-05-05T14:49:40.745+0000][7][gc,heap     ] GC(7) Survivor regions: 2->3(37)
[2021-05-05T14:49:40.745+0000][7][gc,heap     ] GC(7) Old regions: 3->3
[2021-05-05T14:49:40.745+0000][7][gc,heap     ] GC(7) Archive regions: 2->2
[2021-05-05T14:49:40.745+0000][7][gc,heap     ] GC(7) Humongous regions: 0->0
[2021-05-05T14:49:40.745+0000][7][gc,metaspace] GC(7) Metaspace: 20862K(21248K)->20862K(21248K) NonClass: 18324K(18560K)->18324K(18560K) Class: 2538K(2688K)->2538K(2688K)
[2021-05-05T14:49:40.745+0000][7][gc          ] GC(7) Pause Young (Concurrent Start) (Metadata GC Threshold) 1029M->22M(1968M) 11.659ms
[2021-05-05T14:49:40.745+0000][7][gc,cpu      ] GC(7) User=0.01s Sys=0.00s Real=0.01s
[2021-05-05T14:49:40.746+0000][7][safepoint   ] Safepoint "CollectForMetadataAllocation", Time since last: 414809191 ns, Reaching safepoint: 18894 ns, At safepoint: 11752147 ns, Total: 11771041 ns
[2021-05-05T14:49:40.746+0000][7][gc          ] GC(8) Concurrent Mark Cycle
[2021-05-05T14:49:40.746+0000][7][gc,marking  ] GC(8) Concurrent Clear Claimed Marks
[2021-05-05T14:49:40.746+0000][7][gc,marking  ] GC(8) Concurrent Clear Claimed Marks 0.020ms
[2021-05-05T14:49:40.746+0000][7][gc,marking  ] GC(8) Concurrent Scan Root Regions
[2021-05-05T14:49:40.750+0000][7][gc,marking  ] GC(8) Concurrent Scan Root Regions 4.816ms
[2021-05-05T14:49:40.750+0000][7][gc,marking  ] GC(8) Concurrent Mark
[2021-05-05T14:49:40.750+0000][7][gc,marking  ] GC(8) Concurrent Mark From Roots
[2021-05-05T14:49:40.750+0000][7][gc,task     ] GC(8) Using 1 workers of 1 for marking
[2021-05-05T14:49:40.777+0000][7][gc,marking  ] GC(8) Concurrent Mark From Roots 26.214ms
[2021-05-05T14:49:40.777+0000][7][gc,marking  ] GC(8) Concurrent Preclean
[2021-05-05T14:49:40.777+0000][7][gc,marking  ] GC(8) Concurrent Preclean 0.042ms
[2021-05-05T14:49:40.782+0000][7][gc,start    ] GC(8) Pause Remark
[2021-05-05T14:49:40.788+0000][7][gc          ] GC(8) Pause Remark 24M->24M(1968M) 6.211ms
[2021-05-05T14:49:40.788+0000][7][gc,cpu      ] GC(8) User=0.01s Sys=0.00s Real=0.00s
[2021-05-05T14:49:40.788+0000][7][safepoint   ] Safepoint "G1Concurrent", Time since last: 31215465 ns, Reaching safepoint: 5307653 ns, At safepoint: 6268793 ns, Total: 11576446 ns
[2021-05-05T14:49:40.791+0000][7][gc,marking  ] GC(8) Concurrent Mark 40.865ms
[2021-05-05T14:49:40.791+0000][7][gc,marking  ] GC(8) Concurrent Rebuild Remembered Sets
[2021-05-05T14:49:40.812+0000][7][gc,marking  ] GC(8) Concurrent Rebuild Remembered Sets 21.077ms
[2021-05-05T14:49:40.814+0000][7][gc,start    ] GC(8) Pause Cleanup
[2021-05-05T14:49:40.814+0000][7][gc          ] GC(8) Pause Cleanup 24M->24M(1968M) 0.071ms
[2021-05-05T14:49:40.814+0000][7][gc,cpu      ] GC(8) User=0.00s Sys=0.00s Real=0.00s
[2021-05-05T14:49:40.814+0000][7][safepoint   ] Safepoint "G1Concurrent", Time since last: 24114771 ns, Reaching safepoint: 1394827 ns, At safepoint: 94951 ns, Total: 1489778 ns
[2021-05-05T14:49:40.814+0000][7][gc,marking  ] GC(8) Concurrent Cleanup for Next Mark
[2021-05-05T14:49:40.820+0000][7][gc,marking  ] GC(8) Concurrent Cleanup for Next Mark 5.726ms
[2021-05-05T14:49:40.820+0000][7][gc          ] GC(8) Concurrent Mark Cycle 74.156ms
[2021-05-05T14:49:41.819+0000][7][safepoint   ] Safepoint "Cleanup", Time since last: 1000342889 ns, Reaching safepoint: 4843973 ns, At safepoint: 7823 ns, Total: 4851796 ns
[2021-05-05T14:49:43.042+0000][7][safepoint   ] Safepoint "Cleanup", Time since last: 1222154449 ns, Reaching safepoint: 930544 ns, At safepoint: 8421 ns, Total: 938965 ns
[2021-05-05T14:49:44.045+0000][7][safepoint   ] Safepoint "Cleanup", Time since last: 1001363030 ns, Reaching safepoint: 1319964 ns, At safepoint: 5616 ns, Total: 1325580 ns
[2021-05-05T14:49:45.052+0000][7][safepoint   ] Safepoint "Cleanup", Time since last: 1002261228 ns, Reaching safepoint: 4322349 ns, At safepoint: 9606 ns, Total: 4331955 ns
[2021-05-05T14:49:45.552+0000][7][gc,start    ] GC(9) Pause Young (Concurrent Start) (Metadata GC Threshold)
[2021-05-05T14:49:45.552+0000][7][gc,task     ] GC(9) Using 1 workers of 1 for evacuation
[2021-05-05T14:49:45.552+0000][7][gc,age      ] GC(9) Desired survivor size 67108864 bytes, new threshold 15 (max threshold 15)
[2021-05-05T14:49:45.641+0000][7][gc,age      ] GC(9) Age table with threshold 15 (max threshold 15)
[2021-05-05T14:49:45.641+0000][7][gc,age      ] GC(9) - age   1:   38765848 bytes,   38765848 total
[2021-05-05T14:49:45.641+0000][7][gc,age      ] GC(9) - age   2:    4392840 bytes,   43158688 total
[2021-05-05T14:49:45.641+0000][7][gc,age      ] GC(9) - age   3:    1601720 bytes,   44760408 total
[2021-05-05T14:49:45.641+0000][7][gc,age      ] GC(9) - age   4:     549928 bytes,   45310336 total
[2021-05-05T14:49:45.641+0000][7][gc,age      ] GC(9) - age   5:     442528 bytes,   45752864 total
[2021-05-05T14:49:45.641+0000][7][gc,age      ] GC(9) - age   6:     302656 bytes,   46055520 total
[2021-05-05T14:49:45.641+0000][7][gc,age      ] GC(9) - age   7:    1618752 bytes,   47674272 total
[2021-05-05T14:49:45.641+0000][7][gc,phases   ] GC(9)   Pre Evacuate Collection Set: 0.6ms
[2021-05-05T14:49:45.641+0000][7][gc,phases   ] GC(9)   Merge Heap Roots: 0.5ms
[2021-05-05T14:49:45.641+0000][7][gc,phases   ] GC(9)   Evacuate Collection Set: 86.5ms
[2021-05-05T14:49:45.641+0000][7][gc,phases   ] GC(9)   Post Evacuate Collection Set: 0.9ms
[2021-05-05T14:49:45.641+0000][7][gc,phases   ] GC(9)   Other: 0.7ms
[2021-05-05T14:49:45.641+0000][7][gc,heap     ] GC(9) Eden regions: 78->0(26)
[2021-05-05T14:49:45.641+0000][7][gc,heap     ] GC(9) Survivor regions: 3->12(32)
[2021-05-05T14:49:45.641+0000][7][gc,heap     ] GC(9) Old regions: 3->3
[2021-05-05T14:49:45.641+0000][7][gc,heap     ] GC(9) Archive regions: 2->2
[2021-05-05T14:49:45.641+0000][7][gc,heap     ] GC(9) Humongous regions: 0->0
[2021-05-05T14:49:45.641+0000][7][gc,metaspace] GC(9) Metaspace: 34805K(35648K)->34805K(35648K) NonClass: 30339K(30848K)->30339K(30848K) Class: 4465K(4800K)->4465K(4800K)
[2021-05-05T14:49:45.641+0000][7][gc          ] GC(9) Pause Young (Concurrent Start) (Metadata GC Threshold) 332M->60M(1968M) 89.361ms
[2021-05-05T14:49:45.641+0000][7][gc,cpu      ] GC(9) User=0.09s Sys=0.00s Real=0.08s
[2021-05-05T14:49:45.641+0000][7][safepoint   ] Safepoint "CollectForMetadataAllocation", Time since last: 500332021 ns, Reaching safepoint: 56209 ns, At safepoint: 89462547 ns, Total: 89518756 ns
[2021-05-05T14:49:45.641+0000][7][gc          ] GC(10) Concurrent Mark Cycle
[2021-05-05T14:49:45.641+0000][7][gc,marking  ] GC(10) Concurrent Clear Claimed Marks
[2021-05-05T14:49:45.641+0000][7][gc,marking  ] GC(10) Concurrent Clear Claimed Marks 0.052ms
[2021-05-05T14:49:45.641+0000][7][gc,marking  ] GC(10) Concurrent Scan Root Regions
[2021-05-05T14:49:45.685+0000][7][safepoint   ] Safepoint "CollectForMetadataAllocation", Time since last: 43027378 ns, Reaching safepoint: 26834 ns, At safepoint: 139152 ns, Total: 165986 ns
[2021-05-05T14:49:45.708+0000][7][gc,marking  ] GC(10) Concurrent Scan Root Regions 66.519ms
[2021-05-05T14:49:45.708+0000][7][gc,marking  ] GC(10) Concurrent Mark
[2021-05-05T14:49:45.708+0000][7][gc,marking  ] GC(10) Concurrent Mark From Roots
[2021-05-05T14:49:45.708+0000][7][gc,task     ] GC(10) Using 1 workers of 1 for marking
[2021-05-05T14:49:45.729+0000][7][gc,marking  ] GC(10) Concurrent Mark From Roots 20.903ms
[2021-05-05T14:49:45.729+0000][7][gc,marking  ] GC(10) Concurrent Preclean
[2021-05-05T14:49:45.729+0000][7][gc,marking  ] GC(10) Concurrent Preclean 0.035ms
[2021-05-05T14:49:45.735+0000][7][safepoint   ] Safepoint "CollectForMetadataAllocation", Time since last: 50625229 ns, Reaching safepoint: 26244 ns, At safepoint: 44548 ns, Total: 70792 ns
[2021-05-05T14:49:45.738+0000][7][gc,start    ] GC(10) Pause Remark
[2021-05-05T14:49:45.748+0000][7][gc          ] GC(10) Pause Remark 64M->64M(1968M) 10.111ms
[2021-05-05T14:49:45.748+0000][7][gc,cpu      ] GC(10) User=0.01s Sys=0.00s Real=0.01s
[2021-05-05T14:49:45.748+0000][7][safepoint   ] Safepoint "G1Concurrent", Time since last: 48329 ns, Reaching safepoint: 2368311 ns, At safepoint: 10171190 ns, Total: 12539501 ns
[2021-05-05T14:49:45.752+0000][7][gc,marking  ] GC(10) Concurrent Mark 43.736ms
[2021-05-05T14:49:45.752+0000][7][gc,marking  ] GC(10) Concurrent Rebuild Remembered Sets
[2021-05-05T14:49:45.757+0000][7][gc,marking  ] GC(10) Concurrent Rebuild Remembered Sets 5.457ms
[2021-05-05T14:49:45.763+0000][7][gc,start    ] GC(10) Pause Cleanup
[2021-05-05T14:49:45.763+0000][7][gc          ] GC(10) Pause Cleanup 64M->64M(1968M) 0.093ms
[2021-05-05T14:49:45.763+0000][7][gc,cpu      ] GC(10) User=0.00s Sys=0.00s Real=0.00s
[2021-05-05T14:49:45.763+0000][7][safepoint   ] Safepoint "G1Concurrent", Time since last: 9445215 ns, Reaching safepoint: 5398439 ns, At safepoint: 124974 ns, Total: 5523413 ns
[2021-05-05T14:49:45.770+0000][7][gc,marking  ] GC(10) Concurrent Cleanup for Next Mark
[2021-05-05T14:49:45.772+0000][7][gc,marking  ] GC(10) Concurrent Cleanup for Next Mark 2.775ms
[2021-05-05T14:49:45.773+0000][7][gc          ] GC(10) Concurrent Mark Cycle 131.152ms
[2021-05-05T14:49:46.119+0000][7][gc,start    ] GC(11) Pause Young (Concurrent Start) (G1 Evacuation Pause)
[2021-05-05T14:49:46.119+0000][7][gc,task     ] GC(11) Using 1 workers of 1 for evacuation
[2021-05-05T14:49:46.119+0000][7][gc,age      ] GC(11) Desired survivor size 12582912 bytes, new threshold 1 (max threshold 15)
[2021-05-05T14:49:46.194+0000][7][gc,age      ] GC(11) Age table with threshold 1 (max threshold 15)
[2021-05-05T14:49:46.194+0000][7][gc,age      ] GC(11) - age   1:    1481544 bytes,    1481544 total
[2021-05-05T14:49:46.194+0000][7][gc,phases   ] GC(11)   Pre Evacuate Collection Set: 0.2ms
[2021-05-05T14:49:46.194+0000][7][gc,phases   ] GC(11)   Merge Heap Roots: 0.0ms
[2021-05-05T14:49:46.194+0000][7][gc,phases   ] GC(11)   Evacuate Collection Set: 74.5ms
[2021-05-05T14:49:46.194+0000][7][gc,phases   ] GC(11)   Post Evacuate Collection Set: 0.5ms
[2021-05-05T14:49:46.194+0000][7][gc,phases   ] GC(11)   Other: 0.2ms
[2021-05-05T14:49:46.194+0000][7][gc,heap     ] GC(11) Eden regions: 29->0(70)
[2021-05-05T14:49:46.194+0000][7][gc,heap     ] GC(11) Survivor regions: 12->1(6)
[2021-05-05T14:49:46.194+0000][7][gc,heap     ] GC(11) Old regions: 3->14
[2021-05-05T14:49:46.194+0000][7][gc,heap     ] GC(11) Archive regions: 2->2
[2021-05-05T14:49:46.194+0000][7][gc,heap     ] GC(11) Humongous regions: 0->0
[2021-05-05T14:49:46.194+0000][7][gc,metaspace] GC(11) Metaspace: 36083K(36928K)->36083K(36928K) NonClass: 31508K(32000K)->31508K(32000K) Class: 4574K(4928K)->4574K(4928K)
[2021-05-05T14:49:46.194+0000][7][gc          ] GC(11) Pause Young (Concurrent Start) (G1 Evacuation Pause) 176M->61M(1968M) 75.468ms
[2021-05-05T14:49:46.194+0000][7][gc,cpu      ] GC(11) User=0.07s Sys=0.00s Real=0.08s
[2021-05-05T14:49:46.194+0000][7][safepoint   ] Safepoint "G1CollectForAllocation", Time since last: 355985573 ns, Reaching safepoint: 47746 ns, At safepoint: 75517633 ns, Total: 75565379 ns
[2021-05-05T14:49:46.194+0000][7][gc          ] GC(12) Concurrent Mark Cycle
[2021-05-05T14:49:46.194+0000][7][gc,marking  ] GC(12) Concurrent Clear Claimed Marks
[2021-05-05T14:49:46.194+0000][7][gc,marking  ] GC(12) Concurrent Clear Claimed Marks 0.040ms
[2021-05-05T14:49:46.194+0000][7][gc,marking  ] GC(12) Concurrent Scan Root Regions
[2021-05-05T14:49:46.245+0000][7][gc,marking  ] GC(12) Concurrent Scan Root Regions 50.712ms
[2021-05-05T14:49:46.245+0000][7][gc,marking  ] GC(12) Concurrent Mark
[2021-05-05T14:49:46.245+0000][7][gc,marking  ] GC(12) Concurrent Mark From Roots
[2021-05-05T14:49:46.245+0000][7][gc,task     ] GC(12) Using 1 workers of 1 for marking
[2021-05-05T14:49:46.296+0000][7][gc,marking  ] GC(12) Concurrent Mark From Roots 50.406ms
[2021-05-05T14:49:46.296+0000][7][gc,marking  ] GC(12) Concurrent Preclean
[2021-05-05T14:49:46.296+0000][7][gc,marking  ] GC(12) Concurrent Preclean 0.036ms
[2021-05-05T14:49:46.296+0000][7][gc,start    ] GC(12) Pause Remark
[2021-05-05T14:49:46.301+0000][7][gc          ] GC(12) Pause Remark 68M->68M(1968M) 5.168ms
[2021-05-05T14:49:46.301+0000][7][gc,cpu      ] GC(12) User=0.01s Sys=0.00s Real=0.00s
[2021-05-05T14:49:46.301+0000][7][safepoint   ] Safepoint "G1Concurrent", Time since last: 101314718 ns, Reaching safepoint: 38032 ns, At safepoint: 5211505 ns, Total: 5249537 ns
[2021-05-05T14:49:46.301+0000][7][gc,marking  ] GC(12) Concurrent Mark 55.777ms
[2021-05-05T14:49:46.301+0000][7][gc,marking  ] GC(12) Concurrent Rebuild Remembered Sets
[2021-05-05T14:49:46.424+0000][7][gc,marking  ] GC(12) Concurrent Rebuild Remembered Sets 122.946ms
[2021-05-05T14:49:46.425+0000][7][gc,start    ] GC(12) Pause Cleanup
[2021-05-05T14:49:46.425+0000][7][gc          ] GC(12) Pause Cleanup 73M->73M(1968M) 0.107ms
[2021-05-05T14:49:46.425+0000][7][gc,cpu      ] GC(12) User=0.00s Sys=0.00s Real=0.00s
[2021-05-05T14:49:46.425+0000][7][safepoint   ] Safepoint "G1Concurrent", Time since last: 123082608 ns, Reaching safepoint: 694383 ns, At safepoint: 173580 ns, Total: 867963 ns
[2021-05-05T14:49:46.425+0000][7][gc,marking  ] GC(12) Concurrent Cleanup for Next Mark
[2021-05-05T14:49:46.428+0000][7][gc,marking  ] GC(12) Concurrent Cleanup for Next Mark 2.646ms
[2021-05-05T14:49:46.428+0000][7][gc          ] GC(12) Concurrent Mark Cycle 233.582ms
[2021-05-05T14:49:47.982+0000][7][safepoint   ] Safepoint "Cleanup", Time since last: 1556325210 ns, Reaching safepoint: 1115786 ns, At safepoint: 4772 ns, Total: 1120558 ns
[2021-05-05T14:49:49.040+0000][7][safepoint   ] Safepoint "Cleanup", Time since last: 1057983325 ns, Reaching safepoint: 183018 ns, At safepoint: 2391 ns, Total: 185409 ns
[2021-05-05T14:49:49.638+0000][7][gc,start    ] GC(13) Pause Young (Concurrent Start) (Metadata GC Threshold)
[2021-05-05T14:49:49.638+0000][7][gc,task     ] GC(13) Using 1 workers of 1 for evacuation
[2021-05-05T14:49:49.638+0000][7][gc,age      ] GC(13) Desired survivor size 20971520 bytes, new threshold 15 (max threshold 15)
[2021-05-05T14:49:49.665+0000][7][gc,age      ] GC(13) Age table with threshold 15 (max threshold 15)
[2021-05-05T14:49:49.665+0000][7][gc,age      ] GC(13) - age   1:    9707280 bytes,    9707280 total
[2021-05-05T14:49:49.665+0000][7][gc,age      ] GC(13) - age   2:    1150536 bytes,   10857816 total
[2021-05-05T14:49:49.665+0000][7][gc,phases   ] GC(13)   Pre Evacuate Collection Set: 0.1ms
[2021-05-05T14:49:49.665+0000][7][gc,phases   ] GC(13)   Merge Heap Roots: 0.1ms
[2021-05-05T14:49:49.665+0000][7][gc,phases   ] GC(13)   Evacuate Collection Set: 26.5ms
[2021-05-05T14:49:49.665+0000][7][gc,phases   ] GC(13)   Post Evacuate Collection Set: 0.8ms
[2021-05-05T14:49:49.665+0000][7][gc,phases   ] GC(13)   Other: 0.2ms
[2021-05-05T14:49:49.665+0000][7][gc,heap     ] GC(13) Eden regions: 54->0(53)
[2021-05-05T14:49:49.665+0000][7][gc,heap     ] GC(13) Survivor regions: 1->3(10)
[2021-05-05T14:49:49.665+0000][7][gc,heap     ] GC(13) Old regions: 14->14
[2021-05-05T14:49:49.665+0000][7][gc,heap     ] GC(13) Archive regions: 2->2
[2021-05-05T14:49:49.665+0000][7][gc,heap     ] GC(13) Humongous regions: 0->0
[2021-05-05T14:49:49.665+0000][7][gc,metaspace] GC(13) Metaspace: 61192K(62400K)->61192K(62400K) NonClass: 52946K(53632K)->52946K(53632K) Class: 8245K(8768K)->8245K(8768K)
[2021-05-05T14:49:49.665+0000][7][gc          ] GC(13) Pause Young (Concurrent Start) (Metadata GC Threshold) 275M->71M(1968M) 27.703ms
[2021-05-05T14:49:49.665+0000][7][gc,cpu      ] GC(13) User=0.03s Sys=0.00s Real=0.03s
[2021-05-05T14:49:49.665+0000][7][safepoint   ] Safepoint "CollectForMetadataAllocation", Time since last: 596206060 ns, Reaching safepoint: 784405 ns, At safepoint: 27798377 ns, Total: 28582782 ns
[2021-05-05T14:49:49.665+0000][7][gc          ] GC(14) Concurrent Mark Cycle
[2021-05-05T14:49:49.665+0000][7][gc,marking  ] GC(14) Concurrent Clear Claimed Marks
[2021-05-05T14:49:49.665+0000][7][gc,marking  ] GC(14) Concurrent Clear Claimed Marks 0.047ms
[2021-05-05T14:49:49.665+0000][7][gc,marking  ] GC(14) Concurrent Scan Root Regions
[2021-05-05T14:49:49.684+0000][7][gc,marking  ] GC(14) Concurrent Scan Root Regions 18.885ms
[2021-05-05T14:49:49.684+0000][7][gc,marking  ] GC(14) Concurrent Mark
[2021-05-05T14:49:49.684+0000][7][gc,marking  ] GC(14) Concurrent Mark From Roots
[2021-05-05T14:49:49.684+0000][7][gc,task     ] GC(14) Using 1 workers of 1 for marking
[2021-05-05T14:49:49.733+0000][7][safepoint   ] Safepoint "CollectForMetadataAllocation", Time since last: 67659548 ns, Reaching safepoint: 92644 ns, At safepoint: 53381 ns, Total: 146025 ns
[2021-05-05T14:49:49.809+0000][7][safepoint   ] Safepoint "CollectForMetadataAllocation", Time since last: 75786471 ns, Reaching safepoint: 138205 ns, At safepoint: 47299 ns, Total: 185504 ns
[2021-05-05T14:49:49.873+0000][7][safepoint   ] Safepoint "CollectForMetadataAllocation", Time since last: 63601193 ns, Reaching safepoint: 47358 ns, At safepoint: 41921 ns, Total: 89279 ns
[2021-05-05T14:49:49.909+0000][7][gc,marking  ] GC(14) Concurrent Mark From Roots 224.336ms
[2021-05-05T14:49:49.909+0000][7][gc,marking  ] GC(14) Concurrent Preclean
[2021-05-05T14:49:49.909+0000][7][gc,marking  ] GC(14) Concurrent Preclean 0.077ms
[2021-05-05T14:49:49.909+0000][7][gc,start    ] GC(14) Pause Remark
[2021-05-05T14:49:49.914+0000][7][gc          ] GC(14) Pause Remark 81M->81M(1968M) 5.423ms
[2021-05-05T14:49:49.914+0000][7][gc,cpu      ] GC(14) User=0.01s Sys=0.00s Real=0.00s
[2021-05-05T14:49:49.914+0000][7][safepoint   ] Safepoint "G1Concurrent", Time since last: 35990954 ns, Reaching safepoint: 108778 ns, At safepoint: 5477979 ns, Total: 5586757 ns
[2021-05-05T14:49:49.915+0000][7][gc,marking  ] GC(14) Concurrent Mark 230.444ms
[2021-05-05T14:49:49.915+0000][7][gc,marking  ] GC(14) Concurrent Rebuild Remembered Sets
[2021-05-05T14:49:50.060+0000][7][gc,marking  ] GC(14) Concurrent Rebuild Remembered Sets 145.711ms
[2021-05-05T14:49:50.068+0000][7][gc,start    ] GC(14) Pause Cleanup
[2021-05-05T14:49:50.068+0000][7][gc          ] GC(14) Pause Cleanup 87M->87M(1968M) 0.153ms
[2021-05-05T14:49:50.068+0000][7][gc,cpu      ] GC(14) User=0.00s Sys=0.00s Real=0.00s
[2021-05-05T14:49:50.068+0000][7][safepoint   ] Safepoint "G1Concurrent", Time since last: 146160114 ns, Reaching safepoint: 7600737 ns, At safepoint: 186410 ns, Total: 7787147 ns
[2021-05-05T14:49:50.072+0000][7][gc,marking  ] GC(14) Concurrent Cleanup for Next Mark
[2021-05-05T14:49:50.074+0000][7][gc,marking  ] GC(14) Concurrent Cleanup for Next Mark 2.331ms
[2021-05-05T14:49:50.074+0000][7][gc          ] GC(14) Concurrent Mark Cycle 408.973ms
[2021-05-05T14:49:51.503+0000][7][safepoint   ] Safepoint "Cleanup", Time since last: 1435093593 ns, Reaching safepoint: 82162 ns, At safepoint: 2363 ns, Total: 84525 ns
[2021-05-05T14:49:52.527+0000][7][safepoint   ] Safepoint "Cleanup", Time since last: 1023290570 ns, Reaching safepoint: 192324 ns, At safepoint: 2099 ns, Total: 194423 ns
[2021-05-05T14:49:53.151+0000][7][safepoint   ] Safepoint "ICBufferFull", Time since last: 624211231 ns, Reaching safepoint: 289378 ns, At safepoint: 4498 ns, Total: 293876 ns
[2021-05-05T14:49:54.152+0000][7][safepoint   ] Safepoint "Cleanup", Time since last: 1000433368 ns, Reaching safepoint: 104627 ns, At safepoint: 4368 ns, Total: 108995 ns
[2021-05-05T14:49:57.154+0000][7][safepoint   ] Safepoint "Cleanup", Time since last: 3001915736 ns, Reaching safepoint: 44806 ns, At safepoint: 3825 ns, Total: 48631 ns
[2021-05-05T14:49:58.154+0000][7][safepoint   ] Safepoint "Cleanup", Time since last: 1000099194 ns, Reaching safepoint: 44445 ns, At safepoint: 4508 ns, Total: 48953 ns
[2021-05-05T14:50:00.156+0000][7][safepoint   ] Safepoint "Cleanup", Time since last: 2002067544 ns, Reaching safepoint: 72622 ns, At safepoint: 8623 ns, Total: 81245 ns
[2021-05-05T14:50:01.157+0000][7][safepoint   ] Safepoint "Cleanup", Time since last: 1000653910 ns, Reaching safepoint: 45851 ns, At safepoint: 3940 ns, Total: 49791 ns
[2021-05-05T14:50:05.159+0000][7][safepoint   ] Safepoint "Cleanup", Time since last: 4002282494 ns, Reaching safepoint: 79445 ns, At safepoint: 4999 ns, Total: 84444 ns
[2021-05-05T14:50:06.160+0000][7][safepoint   ] Safepoint "Cleanup", Time since last: 1000298941 ns, Reaching safepoint: 82640 ns, At safepoint: 7883 ns, Total: 90523 ns
[2021-05-05T14:50:09.160+0000][7][safepoint   ] Safepoint "Cleanup", Time since last: 3000643719 ns, Reaching safepoint: 57238 ns, At safepoint: 6778 ns, Total: 64016 ns
[2021-05-05T14:50:18.165+0000][7][safepoint   ] Safepoint "Cleanup", Time since last: 9004484369 ns, Reaching safepoint: 81728 ns, At safepoint: 8595 ns, Total: 90323 ns
[2021-05-05T14:50:21.167+0000][7][safepoint   ] Safepoint "Cleanup", Time since last: 3002264947 ns, Reaching safepoint: 61233 ns, At safepoint: 6150 ns, Total: 67383 ns
[2021-05-05T14:50:22.168+0000][7][safepoint   ] Safepoint "Cleanup", Time since last: 1000460418 ns, Reaching safepoint: 44670 ns, At safepoint: 4026 ns, Total: 48696 ns
[2021-05-05T14:50:23.169+0000][7][safepoint   ] Safepoint "Cleanup", Time since last: 1001258789 ns, Reaching safepoint: 81394 ns, At safepoint: 5195 ns, Total: 86589 ns
[2021-05-05T14:50:24.170+0000][7][safepoint   ] Safepoint "Cleanup", Time since last: 1000478229 ns, Reaching safepoint: 105437 ns, At safepoint: 5956 ns, Total: 111393 ns
[2021-05-05T14:50:25.170+0000][7][safepoint   ] Safepoint "Cleanup", Time since last: 1000550776 ns, Reaching safepoint: 44726 ns, At safepoint: 4783 ns, Total: 49509 ns
[2021-05-05T14:50:27.171+0000][7][safepoint   ] Safepoint "Cleanup", Time since last: 2000825772 ns, Reaching safepoint: 66192 ns, At safepoint: 6993 ns, Total: 73185 ns
[2021-05-05T14:50:32.175+0000][7][safepoint   ] Safepoint "Cleanup", Time since last: 5003948632 ns, Reaching safepoint: 41860 ns, At safepoint: 4293 ns, Total: 46153 ns
[2021-05-05T14:50:34.176+0000][7][safepoint   ] Safepoint "Cleanup", Time since last: 2000524708 ns, Reaching safepoint: 40873 ns, At safepoint: 3538 ns, Total: 44411 ns
[2021-05-05T14:50:35.177+0000][7][safepoint   ] Safepoint "Cleanup", Time since last: 1000648717 ns, Reaching safepoint: 67033 ns, At safepoint: 8450 ns, Total: 75483 ns
[2021-05-05T14:50:42.181+0000][7][safepoint   ] Safepoint "Cleanup", Time since last: 7004529835 ns, Reaching safepoint: 77229 ns, At safepoint: 8807 ns, Total: 86036 ns
[2021-05-05T14:50:43.182+0000][7][safepoint   ] Safepoint "Cleanup", Time since last: 1000679183 ns, Reaching safepoint: 63893 ns, At safepoint: 6179 ns, Total: 70072 ns
[2021-05-05T14:50:47.184+0000][7][safepoint   ] Safepoint "Cleanup", Time since last: 4001536464 ns, Reaching safepoint: 79642 ns, At safepoint: 4035 ns, Total: 83677 ns
[2021-05-05T14:50:48.184+0000][7][safepoint   ] Safepoint "Cleanup", Time since last: 1000712936 ns, Reaching safepoint: 43641 ns, At safepoint: 3659 ns, Total: 47300 ns
[2021-05-05T14:50:49.185+0000][7][safepoint   ] Safepoint "Cleanup", Time since last: 1000255928 ns, Reaching safepoint: 47837 ns, At safepoint: 5686 ns, Total: 53523 ns
[2021-05-05T14:50:50.185+0000][7][safepoint   ] Safepoint "Cleanup", Time since last: 1000183386 ns, Reaching safepoint: 45777 ns, At safepoint: 4200 ns, Total: 49977 ns
[2021-05-05T14:50:53.186+0000][7][safepoint   ] Safepoint "Cleanup", Time since last: 3001181580 ns, Reaching safepoint: 49228 ns, At safepoint: 4419 ns, Total: 53647 ns
[2021-05-05T14:51:03.193+0000][7][safepoint   ] Safepoint "Cleanup", Time since last: 10006534154 ns, Reaching safepoint: 73752 ns, At safepoint: 4327 ns, Total: 78079 ns
[2021-05-05T14:51:12.197+0000][7][safepoint   ] Safepoint "Cleanup", Time since last: 9004522482 ns, Reaching safepoint: 79569 ns, At safepoint: 7938 ns, Total: 87507 ns
[2021-05-05T14:51:13.198+0000][7][safepoint   ] Safepoint "Cleanup", Time since last: 1001049037 ns, Reaching safepoint: 52910 ns, At safepoint: 5381 ns, Total: 58291 ns
[2021-05-05T14:51:23.203+0000][7][safepoint   ] Safepoint "Cleanup", Time since last: 10004686728 ns, Reaching safepoint: 83984 ns, At safepoint: 5749 ns, Total: 89733 ns
[2021-05-05T14:51:30.208+0000][7][safepoint   ] Safepoint "Cleanup", Time since last: 7004620007 ns, Reaching safepoint: 60727 ns, At safepoint: 6471 ns, Total: 67198 ns
[2021-05-05T14:51:38.213+0000][7][safepoint   ] Safepoint "Cleanup", Time since last: 8004804469 ns, Reaching safepoint: 42140 ns, At safepoint: 4187 ns, Total: 46327 ns
[2021-05-05T14:51:39.213+0000][7][safepoint   ] Safepoint "Cleanup", Time since last: 1000332550 ns, Reaching safepoint: 41203 ns, At safepoint: 4731 ns, Total: 45934 ns
[2021-05-05T14:51:46.216+0000][7][safepoint   ] Safepoint "Cleanup", Time since last: 7002711759 ns, Reaching safepoint: 45443 ns, At safepoint: 4617 ns, Total: 50060 ns
[2021-05-05T14:51:50.218+0000][7][safepoint   ] Safepoint "Cleanup", Time since last: 4001832454 ns, Reaching safepoint: 73117 ns, At safepoint: 4218 ns, Total: 77335 ns
[2021-05-05T14:51:53.220+0000][7][safepoint   ] Safepoint "Cleanup", Time since last: 3001978667 ns, Reaching safepoint: 44176 ns, At safepoint: 4505 ns, Total: 48681 ns
[2021-05-05T14:52:00.224+0000][7][safepoint   ] Safepoint "Cleanup", Time since last: 7004340159 ns, Reaching safepoint: 90046 ns, At safepoint: 8779 ns, Total: 98825 ns
[2021-05-05T14:52:02.226+0000][7][safepoint   ] Safepoint "Cleanup", Time since last: 2001357521 ns, Reaching safepoint: 45609 ns, At safepoint: 4628 ns, Total: 50237 ns
[2021-05-05T14:52:18.233+0000][7][safepoint   ] Safepoint "Cleanup", Time since last: 16007615967 ns, Reaching safepoint: 81267 ns, At safepoint: 4977 ns, Total: 86244 ns
[2021-05-05T14:52:19.234+0000][7][safepoint   ] Safepoint "Cleanup", Time since last: 1001087712 ns, Reaching safepoint: 61463 ns, At safepoint: 6126 ns, Total: 67589 ns
[2021-05-05T14:52:23.238+0000][7][safepoint   ] Safepoint "Cleanup", Time since last: 4003233351 ns, Reaching safepoint: 46511 ns, At safepoint: 3909 ns, Total: 50420 ns
[2021-05-05T14:52:30.243+0000][7][safepoint   ] Safepoint "Cleanup", Time since last: 7005297156 ns, Reaching safepoint: 54344 ns, At safepoint: 4439 ns, Total: 58783 ns
[2021-05-05T14:52:38.247+0000][7][safepoint   ] Safepoint "Cleanup", Time since last: 8004164326 ns, Reaching safepoint: 73216 ns, At safepoint: 5005 ns, Total: 78221 ns
[2021-05-05T14:52:49.255+0000][7][safepoint   ] Safepoint "Cleanup", Time since last: 11007967082 ns, Reaching safepoint: 101212 ns, At safepoint: 7341 ns, Total: 108553 ns
[2021-05-05T14:52:54.258+0000][7][safepoint   ] Safepoint "Cleanup", Time since last: 5002267198 ns, Reaching safepoint: 39502 ns, At safepoint: 3702 ns, Total: 43204 ns
[2021-05-05T14:53:04.264+0000][7][safepoint   ] Safepoint "Cleanup", Time since last: 10006141493 ns, Reaching safepoint: 54510 ns, At safepoint: 5355 ns, Total: 59865 ns
[2021-05-05T14:53:23.275+0000][7][safepoint   ] Safepoint "Cleanup", Time since last: 19010989089 ns, Reaching safepoint: 75838 ns, At safepoint: 4736 ns, Total: 80574 ns
[2021-05-05T14:53:52.291+0000][7][safepoint   ] Safepoint "Cleanup", Time since last: 29015585005 ns, Reaching safepoint: 61025 ns, At safepoint: 8378 ns, Total: 69403 ns
[2021-05-05T14:53:59.294+0000][7][safepoint   ] Safepoint "Cleanup", Time since last: 7003732586 ns, Reaching safepoint: 43001 ns, At safepoint: 4090 ns, Total: 47091 ns
[2021-05-05T14:55:09.338+0000][7][safepoint   ] Safepoint "Cleanup", Time since last: 70043586312 ns, Reaching safepoint: 126681 ns, At safepoint: 9520 ns, Total: 136201 ns
[2021-05-05T14:55:25.348+0000][7][safepoint   ] Safepoint "Cleanup", Time since last: 16009324703 ns, Reaching safepoint: 67477 ns, At safepoint: 4576 ns, Total: 72053 ns
[2021-05-05T14:55:53.373+0000][7][safepoint   ] Safepoint "Cleanup", Time since last: 28024994682 ns, Reaching safepoint: 70001 ns, At safepoint: 4615 ns, Total: 74616 ns
[2021-05-05T14:56:16.387+0000][7][safepoint   ] Safepoint "Cleanup", Time since last: 23013939048 ns, Reaching safepoint: 94055 ns, At safepoint: 6852 ns, Total: 100907 ns
[2021-05-05T14:56:44.406+0000][7][safepoint   ] Safepoint "Cleanup", Time since last: 28019012748 ns, Reaching safepoint: 122369 ns, At safepoint: 8157 ns, Total: 130526 ns
[2021-05-05T14:57:04.420+0000][7][safepoint   ] Safepoint "Cleanup", Time since last: 20014320152 ns, Reaching safepoint: 124531 ns, At safepoint: 14395 ns, Total: 138926 ns
[2021-05-05T14:57:05.421+0000][7][safepoint   ] Safepoint "Cleanup", Time since last: 1000701753 ns, Reaching safepoint: 41336 ns, At safepoint: 3169 ns, Total: 44505 ns
[2021-05-05T14:57:09.424+0000][7][safepoint   ] Safepoint "Cleanup", Time since last: 4003033388 ns, Reaching safepoint: 96528 ns, At safepoint: 8121 ns, Total: 104649 ns
[2021-05-05T14:58:54.004+0000][7][safepoint   ] Safepoint "Cleanup", Time since last: 104578962161 ns, Reaching safepoint: 359323 ns, At safepoint: 9177 ns, Total: 368500 ns
[2021-05-05T14:59:05.012+0000][7][safepoint   ] Safepoint "Cleanup", Time since last: 11008557165 ns, Reaching safepoint: 68963 ns, At safepoint: 4601 ns, Total: 73564 ns
[2021-05-05T14:59:24.028+0000][7][safepoint   ] Safepoint "Cleanup", Time since last: 19015547015 ns, Reaching safepoint: 42291 ns, At safepoint: 4143 ns, Total: 46434 ns
[2021-05-05T14:59:38.042+0000][7][safepoint   ] Safepoint "Cleanup", Time since last: 14014324779 ns, Reaching safepoint: 70693 ns, At safepoint: 4477 ns, Total: 75170 ns
[2021-05-05T14:59:59.056+0000][7][safepoint   ] Safepoint "Cleanup", Time since last: 21013316770 ns, Reaching safepoint: 48095 ns, At safepoint: 4933 ns, Total: 53028 ns
[2021-05-05T15:00:00.056+0000][7][safepoint   ] Safepoint "Cleanup", Time since last: 1000209661 ns, Reaching safepoint: 76103 ns, At safepoint: 8273 ns, Total: 84376 ns
[2021-05-05T15:00:04.058+0000][7][safepoint   ] Safepoint "Cleanup", Time since last: 4002219916 ns, Reaching safepoint: 43345 ns, At safepoint: 3971 ns, Total: 47316 ns
[2021-05-05T15:01:44.126+0000][7][safepoint   ] Safepoint "Cleanup", Time since last: 100067461703 ns, Reaching safepoint: 92914 ns, At safepoint: 6122 ns, Total: 99036 ns
[2021-05-05T15:01:53.131+0000][7][safepoint   ] Safepoint "Cleanup", Time since last: 9005142015 ns, Reaching safepoint: 70498 ns, At safepoint: 3980 ns, Total: 74478 ns
[2021-05-05T15:01:59.136+0000][7][safepoint   ] Safepoint "Cleanup", Time since last: 6004694681 ns, Reaching safepoint: 46636 ns, At safepoint: 3931 ns, Total: 50567 ns
[2021-05-05T15:02:04.143+0000][7][safepoint   ] Safepoint "Cleanup", Time since last: 5007183271 ns, Reaching safepoint: 221586 ns, At safepoint: 14257 ns, Total: 235843 ns
[2021-05-05T15:04:49.270+0000][7][safepoint   ] Safepoint "Cleanup", Time since last: 165126584693 ns, Reaching safepoint: 70875 ns, At safepoint: 4028 ns, Total: 74903 ns
[2021-05-05T15:08:19.383+0000][7][safepoint   ] Safepoint "Cleanup", Time since last: 210113545228 ns, Reaching safepoint: 60383 ns, At safepoint: 4353 ns, Total: 64736 ns
[2021-05-05T15:08:28.389+0000][7][safepoint   ] Safepoint "Cleanup", Time since last: 9006088913 ns, Reaching safepoint: 47699 ns, At safepoint: 3193 ns, Total: 50892 ns
[2021-05-05T15:08:39.396+0000][7][safepoint   ] Safepoint "Cleanup", Time since last: 11006171836 ns, Reaching safepoint: 322660 ns, At safepoint: 10710 ns, Total: 333370 ns
[2021-05-05T15:08:53.403+0000][7][safepoint   ] Safepoint "Cleanup", Time since last: 14006940656 ns, Reaching safepoint: 79017 ns, At safepoint: 9007 ns, Total: 88024 ns
[2021-05-05T15:09:03.406+0000][7][safepoint   ] Safepoint "Cleanup", Time since last: 10002789473 ns, Reaching safepoint: 77567 ns, At safepoint: 4482 ns, Total: 82049 ns
[2021-05-05T15:09:23.416+0000][7][safepoint   ] Safepoint "Cleanup", Time since last: 20010436143 ns, Reaching safepoint: 80474 ns, At safepoint: 7737 ns, Total: 88211 ns
[2021-05-05T15:09:44.429+0000][7][safepoint   ] Safepoint "Cleanup", Time since last: 21012893771 ns, Reaching safepoint: 67769 ns, At safepoint: 3648 ns, Total: 71417 ns
[2021-05-05T15:10:09.440+0000][7][safepoint   ] Safepoint "Cleanup", Time since last: 25010400473 ns, Reaching safepoint: 77796 ns, At safepoint: 5313 ns, Total: 83109 ns
[2021-05-05T15:11:53.491+0000][7][safepoint   ] Safepoint "Cleanup", Time since last: 104051079026 ns, Reaching safepoint: 69663 ns, At safepoint: 4100 ns, Total: 73763 ns
[2021-05-05T15:13:36.445+0000][7][gc,heap,exit] Heap
[2021-05-05T15:13:36.446+0000][7][gc,heap,exit]  garbage-first heap   total 2015232K, used 279669K [0x0000000085000000, 0x0000000100000000)
[2021-05-05T15:13:36.446+0000][7][gc,heap,exit]   region size 4096K, 54 young (221184K), 3 survivors (12288K)
[2021-05-05T15:13:36.446+0000][7][gc,heap,exit]  Metaspace       used 86595K, committed 88000K, reserved 1130496K
[2021-05-05T15:13:36.446+0000][7][gc,heap,exit]   class space    used 11818K, committed 12416K, reserved 1048576K
