[2021-05-05T15:19:32.669+0000][7][gc] Using G1
[2021-05-05T15:19:33.430+0000][7][gc,init] Version: 16+36 (release)
[2021-05-05T15:19:33.430+0000][7][gc,init] CPUs: 1 total, 1 available
[2021-05-05T15:19:33.430+0000][7][gc,init] Memory: 3935M
[2021-05-05T15:19:33.430+0000][7][gc,init] Large Page Support: Disabled
[2021-05-05T15:19:33.430+0000][7][gc,init] NUMA Support: Disabled
[2021-05-05T15:19:33.430+0000][7][gc,init] Compressed Oops: Enabled (32-bit)
[2021-05-05T15:19:33.430+0000][7][gc,init] Heap Region Size: 4M
[2021-05-05T15:19:33.430+0000][7][gc,init] Heap Min Capacity: 1968M
[2021-05-05T15:19:33.430+0000][7][gc,init] Heap Initial Capacity: 1968M
[2021-05-05T15:19:33.430+0000][7][gc,init] Heap Max Capacity: 1968M
[2021-05-05T15:19:33.430+0000][7][gc,init] Pre-touch: Enabled
[2021-05-05T15:19:33.430+0000][7][gc,init] Parallel Workers: 1
[2021-05-05T15:19:33.430+0000][7][gc,init] Concurrent Workers: 1
[2021-05-05T15:19:33.430+0000][7][gc,init] Concurrent Refinement Workers: 1
[2021-05-05T15:19:33.430+0000][7][gc,init] Periodic GC: Disabled
[2021-05-05T15:19:33.430+0000][7][gc,metaspace] CDS archive(s) mapped at: [0x0000000800000000-0x0000000800bea000-0x0000000800bea000), size 12492800, SharedBaseAddress: 0x0000000800000000, ArchiveRelocationMode: 0.
[2021-05-05T15:19:33.430+0000][7][gc,metaspace] Compressed class space mapped at: 0x0000000800c00000-0x0000000840c00000, reserved size: 1073741824
[2021-05-05T15:19:33.430+0000][7][gc,metaspace] Narrow klass base: 0x0000000800000000, Narrow klass shift: 3, Narrow klass range: 0x100000000
[2021-05-05T15:19:34.448+0000][7][safepoint   ] Safepoint "ICBufferFull", Time since last: 1006032836 ns, Reaching safepoint: 74673 ns, At safepoint: 2908 ns, Total: 77581 ns
[2021-05-05T15:19:35.546+0000][7][safepoint   ] Safepoint "ICBufferFull", Time since last: 1097483424 ns, Reaching safepoint: 83565 ns, At safepoint: 2886 ns, Total: 86451 ns
[2021-05-05T15:19:36.842+0000][7][safepoint   ] Safepoint "ICBufferFull", Time since last: 1295899630 ns, Reaching safepoint: 179053 ns, At safepoint: 3563 ns, Total: 182616 ns
[2021-05-05T15:19:36.922+0000][7][gc,start    ] GC(0) Pause Young (Normal) (G1 Evacuation Pause)
[2021-05-05T15:19:36.922+0000][7][gc,task     ] GC(0) Using 1 workers of 1 for evacuation
[2021-05-05T15:19:36.922+0000][7][gc,age      ] GC(0) Desired survivor size 6291456 bytes, new threshold 15 (max threshold 15)
[2021-05-05T15:19:36.945+0000][7][gc,age      ] GC(0) Age table with threshold 15 (max threshold 15)
[2021-05-05T15:19:36.945+0000][7][gc,age      ] GC(0) - age   1:    7483496 bytes,    7483496 total
[2021-05-05T15:19:36.945+0000][7][gc,phases   ] GC(0)   Pre Evacuate Collection Set: 0.2ms
[2021-05-05T15:19:36.945+0000][7][gc,phases   ] GC(0)   Merge Heap Roots: 0.0ms
[2021-05-05T15:19:36.945+0000][7][gc,phases   ] GC(0)   Evacuate Collection Set: 21.3ms
[2021-05-05T15:19:36.945+0000][7][gc,phases   ] GC(0)   Post Evacuate Collection Set: 1.7ms
[2021-05-05T15:19:36.945+0000][7][gc,phases   ] GC(0)   Other: 0.2ms
[2021-05-05T15:19:36.945+0000][7][gc,heap     ] GC(0) Eden regions: 24->0(22)
[2021-05-05T15:19:36.945+0000][7][gc,heap     ] GC(0) Survivor regions: 0->2(3)
[2021-05-05T15:19:36.945+0000][7][gc,heap     ] GC(0) Old regions: 0->0
[2021-05-05T15:19:36.945+0000][7][gc,heap     ] GC(0) Archive regions: 2->2
[2021-05-05T15:19:36.945+0000][7][gc,heap     ] GC(0) Humongous regions: 0->0
[2021-05-05T15:19:36.945+0000][7][gc,metaspace] GC(0) Metaspace: 14738K(14976K)->14738K(14976K) NonClass: 13073K(13248K)->13073K(13248K) Class: 1665K(1728K)->1665K(1728K)
[2021-05-05T15:19:36.945+0000][7][gc          ] GC(0) Pause Young (Normal) (G1 Evacuation Pause) 99M->11M(1968M) 23.373ms
[2021-05-05T15:19:36.945+0000][7][gc,cpu      ] GC(0) User=0.02s Sys=0.00s Real=0.02s
[2021-05-05T15:19:36.946+0000][7][safepoint   ] Safepoint "G1CollectForAllocation", Time since last: 80114167 ns, Reaching safepoint: 25605 ns, At safepoint: 23444456 ns, Total: 23470061 ns
[2021-05-05T15:19:37.174+0000][7][safepoint   ] Safepoint "ICBufferFull", Time since last: 228573668 ns, Reaching safepoint: 23980 ns, At safepoint: 3185 ns, Total: 27165 ns
[2021-05-05T15:19:37.181+0000][7][safepoint   ] Safepoint "ICBufferFull", Time since last: 7298185 ns, Reaching safepoint: 16785 ns, At safepoint: 3018 ns, Total: 19803 ns
[2021-05-05T15:19:37.184+0000][7][safepoint   ] Safepoint "ICBufferFull", Time since last: 2382631 ns, Reaching safepoint: 18017 ns, At safepoint: 2965 ns, Total: 20982 ns
[2021-05-05T15:19:37.190+0000][7][safepoint   ] Safepoint "ICBufferFull", Time since last: 6167539 ns, Reaching safepoint: 19278 ns, At safepoint: 3489 ns, Total: 22767 ns
[2021-05-05T15:19:37.201+0000][7][safepoint   ] Safepoint "ICBufferFull", Time since last: 10397043 ns, Reaching safepoint: 84495 ns, At safepoint: 3280 ns, Total: 87775 ns
[2021-05-05T15:19:37.203+0000][7][safepoint   ] Safepoint "ICBufferFull", Time since last: 2254995 ns, Reaching safepoint: 15079 ns, At safepoint: 3304 ns, Total: 18383 ns
[2021-05-05T15:19:37.206+0000][7][safepoint   ] Safepoint "ICBufferFull", Time since last: 3172937 ns, Reaching safepoint: 14348 ns, At safepoint: 3158 ns, Total: 17506 ns
[2021-05-05T15:19:37.211+0000][7][safepoint   ] Safepoint "ICBufferFull", Time since last: 4553197 ns, Reaching safepoint: 22826 ns, At safepoint: 3280 ns, Total: 26106 ns
[2021-05-05T15:19:37.213+0000][7][safepoint   ] Safepoint "ICBufferFull", Time since last: 2368932 ns, Reaching safepoint: 16812 ns, At safepoint: 2847 ns, Total: 19659 ns
[2021-05-05T15:19:37.221+0000][7][safepoint   ] Safepoint "ICBufferFull", Time since last: 8019754 ns, Reaching safepoint: 22528 ns, At safepoint: 3571 ns, Total: 26099 ns
[2021-05-05T15:19:37.223+0000][7][safepoint   ] Safepoint "ICBufferFull", Time since last: 1893331 ns, Reaching safepoint: 13012 ns, At safepoint: 1904 ns, Total: 14916 ns
[2021-05-05T15:19:37.226+0000][7][safepoint   ] Safepoint "ICBufferFull", Time since last: 3076726 ns, Reaching safepoint: 18357 ns, At safepoint: 2680 ns, Total: 21037 ns
[2021-05-05T15:19:37.234+0000][7][safepoint   ] Safepoint "ICBufferFull", Time since last: 7713546 ns, Reaching safepoint: 63107 ns, At safepoint: 3057 ns, Total: 66164 ns
[2021-05-05T15:19:37.237+0000][7][safepoint   ] Safepoint "ICBufferFull", Time since last: 3221023 ns, Reaching safepoint: 15904 ns, At safepoint: 2936 ns, Total: 18840 ns
[2021-05-05T15:19:37.241+0000][7][safepoint   ] Safepoint "ICBufferFull", Time since last: 4443243 ns, Reaching safepoint: 16169 ns, At safepoint: 2649 ns, Total: 18818 ns
[2021-05-05T15:19:37.252+0000][7][safepoint   ] Safepoint "ICBufferFull", Time since last: 10110858 ns, Reaching safepoint: 102925 ns, At safepoint: 3172 ns, Total: 106097 ns
[2021-05-05T15:19:37.254+0000][7][safepoint   ] Safepoint "ICBufferFull", Time since last: 1859064 ns, Reaching safepoint: 83699 ns, At safepoint: 2799 ns, Total: 86498 ns
[2021-05-05T15:19:37.262+0000][7][safepoint   ] Safepoint "ICBufferFull", Time since last: 8025745 ns, Reaching safepoint: 22035 ns, At safepoint: 2960 ns, Total: 24995 ns
[2021-05-05T15:19:37.269+0000][7][safepoint   ] Safepoint "ICBufferFull", Time since last: 6905587 ns, Reaching safepoint: 18367 ns, At safepoint: 2818 ns, Total: 21185 ns
[2021-05-05T15:19:37.272+0000][7][safepoint   ] Safepoint "ICBufferFull", Time since last: 3040708 ns, Reaching safepoint: 15831 ns, At safepoint: 2489 ns, Total: 18320 ns
[2021-05-05T15:19:37.272+0000][7][safepoint   ] Safepoint "ICBufferFull", Time since last: 503745 ns, Reaching safepoint: 8635 ns, At safepoint: 1399 ns, Total: 10034 ns
[2021-05-05T15:19:37.273+0000][7][safepoint   ] Safepoint "ICBufferFull", Time since last: 473016 ns, Reaching safepoint: 8589 ns, At safepoint: 1159 ns, Total: 9748 ns
[2021-05-05T15:19:37.273+0000][7][safepoint   ] Safepoint "ICBufferFull", Time since last: 503398 ns, Reaching safepoint: 8174 ns, At safepoint: 1213 ns, Total: 9387 ns
[2021-05-05T15:19:37.274+0000][7][safepoint   ] Safepoint "ICBufferFull", Time since last: 478968 ns, Reaching safepoint: 8084 ns, At safepoint: 1462 ns, Total: 9546 ns
[2021-05-05T15:19:37.278+0000][7][safepoint   ] Safepoint "ICBufferFull", Time since last: 4668703 ns, Reaching safepoint: 16235 ns, At safepoint: 3096 ns, Total: 19331 ns
[2021-05-05T15:19:37.279+0000][7][safepoint   ] Safepoint "ICBufferFull", Time since last: 544333 ns, Reaching safepoint: 9347 ns, At safepoint: 1617 ns, Total: 10964 ns
[2021-05-05T15:19:37.279+0000][7][safepoint   ] Safepoint "ICBufferFull", Time since last: 561119 ns, Reaching safepoint: 9333 ns, At safepoint: 1530 ns, Total: 10863 ns
[2021-05-05T15:19:37.280+0000][7][safepoint   ] Safepoint "ICBufferFull", Time since last: 943550 ns, Reaching safepoint: 10966 ns, At safepoint: 1583 ns, Total: 12549 ns
[2021-05-05T15:19:37.281+0000][7][safepoint   ] Safepoint "ICBufferFull", Time since last: 981620 ns, Reaching safepoint: 11834 ns, At safepoint: 1641 ns, Total: 13475 ns
[2021-05-05T15:19:37.282+0000][7][safepoint   ] Safepoint "ICBufferFull", Time since last: 511497 ns, Reaching safepoint: 8046 ns, At safepoint: 1233 ns, Total: 9279 ns
[2021-05-05T15:19:37.289+0000][7][safepoint   ] Safepoint "ICBufferFull", Time since last: 7450111 ns, Reaching safepoint: 16397 ns, At safepoint: 2610 ns, Total: 19007 ns
[2021-05-05T15:19:37.290+0000][7][safepoint   ] Safepoint "ICBufferFull", Time since last: 1014781 ns, Reaching safepoint: 12775 ns, At safepoint: 1777 ns, Total: 14552 ns
[2021-05-05T15:19:37.291+0000][7][safepoint   ] Safepoint "ICBufferFull", Time since last: 525886 ns, Reaching safepoint: 9036 ns, At safepoint: 1316 ns, Total: 10352 ns
[2021-05-05T15:19:37.292+0000][7][safepoint   ] Safepoint "ICBufferFull", Time since last: 550590 ns, Reaching safepoint: 9331 ns, At safepoint: 1538 ns, Total: 10869 ns
[2021-05-05T15:19:37.292+0000][7][safepoint   ] Safepoint "ICBufferFull", Time since last: 610291 ns, Reaching safepoint: 9336 ns, At safepoint: 1446 ns, Total: 10782 ns
[2021-05-05T15:19:37.293+0000][7][safepoint   ] Safepoint "ICBufferFull", Time since last: 471316 ns, Reaching safepoint: 8066 ns, At safepoint: 1165 ns, Total: 9231 ns
[2021-05-05T15:19:37.304+0000][7][safepoint   ] Safepoint "ICBufferFull", Time since last: 11314430 ns, Reaching safepoint: 19634 ns, At safepoint: 3400 ns, Total: 23034 ns
[2021-05-05T15:19:37.309+0000][7][safepoint   ] Safepoint "ICBufferFull", Time since last: 5458793 ns, Reaching safepoint: 15767 ns, At safepoint: 2978 ns, Total: 18745 ns
[2021-05-05T15:19:37.315+0000][7][safepoint   ] Safepoint "ICBufferFull", Time since last: 5535561 ns, Reaching safepoint: 21984 ns, At safepoint: 3749 ns, Total: 25733 ns
[2021-05-05T15:19:37.374+0000][7][safepoint   ] Safepoint "ICBufferFull", Time since last: 58682863 ns, Reaching safepoint: 20874 ns, At safepoint: 2703 ns, Total: 23577 ns
[2021-05-05T15:19:37.375+0000][7][safepoint   ] Safepoint "ICBufferFull", Time since last: 914920 ns, Reaching safepoint: 13329 ns, At safepoint: 1737 ns, Total: 15066 ns
[2021-05-05T15:19:37.376+0000][7][safepoint   ] Safepoint "ICBufferFull", Time since last: 1542221 ns, Reaching safepoint: 12844 ns, At safepoint: 2141 ns, Total: 14985 ns
[2021-05-05T15:19:37.377+0000][7][safepoint   ] Safepoint "ICBufferFull", Time since last: 455505 ns, Reaching safepoint: 8664 ns, At safepoint: 1215 ns, Total: 9879 ns
[2021-05-05T15:19:37.377+0000][7][safepoint   ] Safepoint "ICBufferFull", Time since last: 509085 ns, Reaching safepoint: 8104 ns, At safepoint: 1122 ns, Total: 9226 ns
[2021-05-05T15:19:37.378+0000][7][safepoint   ] Safepoint "ICBufferFull", Time since last: 691435 ns, Reaching safepoint: 13007 ns, At safepoint: 1956 ns, Total: 14963 ns
[2021-05-05T15:19:37.378+0000][7][safepoint   ] Safepoint "ICBufferFull", Time since last: 516498 ns, Reaching safepoint: 9411 ns, At safepoint: 1382 ns, Total: 10793 ns
[2021-05-05T15:19:37.379+0000][7][safepoint   ] Safepoint "ICBufferFull", Time since last: 456908 ns, Reaching safepoint: 7788 ns, At safepoint: 1347 ns, Total: 9135 ns
[2021-05-05T15:19:37.379+0000][7][safepoint   ] Safepoint "ICBufferFull", Time since last: 484305 ns, Reaching safepoint: 9384 ns, At safepoint: 1248 ns, Total: 10632 ns
[2021-05-05T15:19:37.380+0000][7][safepoint   ] Safepoint "ICBufferFull", Time since last: 459484 ns, Reaching safepoint: 7905 ns, At safepoint: 1209 ns, Total: 9114 ns
[2021-05-05T15:19:37.382+0000][7][safepoint   ] Safepoint "ICBufferFull", Time since last: 1614958 ns, Reaching safepoint: 15890 ns, At safepoint: 2153 ns, Total: 18043 ns
[2021-05-05T15:19:37.382+0000][7][safepoint   ] Safepoint "ICBufferFull", Time since last: 509854 ns, Reaching safepoint: 9754 ns, At safepoint: 1294 ns, Total: 11048 ns
[2021-05-05T15:19:37.384+0000][7][safepoint   ] Safepoint "ICBufferFull", Time since last: 1776487 ns, Reaching safepoint: 14368 ns, At safepoint: 1799 ns, Total: 16167 ns
[2021-05-05T15:19:37.384+0000][7][safepoint   ] Safepoint "ICBufferFull", Time since last: 571990 ns, Reaching safepoint: 9951 ns, At safepoint: 1382 ns, Total: 11333 ns
[2021-05-05T15:19:37.385+0000][7][safepoint   ] Safepoint "ICBufferFull", Time since last: 499193 ns, Reaching safepoint: 8441 ns, At safepoint: 1271 ns, Total: 9712 ns
[2021-05-05T15:19:37.390+0000][7][safepoint   ] Safepoint "ICBufferFull", Time since last: 4983515 ns, Reaching safepoint: 30706 ns, At safepoint: 2883 ns, Total: 33589 ns
[2021-05-05T15:19:37.390+0000][7][safepoint   ] Safepoint "ICBufferFull", Time since last: 494594 ns, Reaching safepoint: 10181 ns, At safepoint: 1357 ns, Total: 11538 ns
[2021-05-05T15:19:37.391+0000][7][safepoint   ] Safepoint "ICBufferFull", Time since last: 460735 ns, Reaching safepoint: 7943 ns, At safepoint: 1463 ns, Total: 9406 ns
[2021-05-05T15:19:37.392+0000][7][safepoint   ] Safepoint "ICBufferFull", Time since last: 1161478 ns, Reaching safepoint: 11831 ns, At safepoint: 1581 ns, Total: 13412 ns
[2021-05-05T15:19:37.393+0000][7][safepoint   ] Safepoint "ICBufferFull", Time since last: 1076618 ns, Reaching safepoint: 12116 ns, At safepoint: 2061 ns, Total: 14177 ns
[2021-05-05T15:19:37.585+0000][7][safepoint   ] Safepoint "ICBufferFull", Time since last: 191865485 ns, Reaching safepoint: 25233 ns, At safepoint: 3942 ns, Total: 29175 ns
[2021-05-05T15:19:37.588+0000][7][safepoint   ] Safepoint "ICBufferFull", Time since last: 2867268 ns, Reaching safepoint: 22584 ns, At safepoint: 3054 ns, Total: 25638 ns
[2021-05-05T15:19:37.588+0000][7][safepoint   ] Safepoint "ICBufferFull", Time since last: 530471 ns, Reaching safepoint: 9913 ns, At safepoint: 1414 ns, Total: 11327 ns
[2021-05-05T15:19:37.589+0000][7][safepoint   ] Safepoint "ICBufferFull", Time since last: 489903 ns, Reaching safepoint: 8487 ns, At safepoint: 1221 ns, Total: 9708 ns
[2021-05-05T15:19:37.589+0000][7][safepoint   ] Safepoint "ICBufferFull", Time since last: 462419 ns, Reaching safepoint: 7945 ns, At safepoint: 1162 ns, Total: 9107 ns
[2021-05-05T15:19:37.594+0000][7][safepoint   ] Safepoint "ICBufferFull", Time since last: 4768740 ns, Reaching safepoint: 16812 ns, At safepoint: 3176 ns, Total: 19988 ns
[2021-05-05T15:19:37.595+0000][7][safepoint   ] Safepoint "ICBufferFull", Time since last: 589754 ns, Reaching safepoint: 10582 ns, At safepoint: 1877 ns, Total: 12459 ns
[2021-05-05T15:19:37.595+0000][7][safepoint   ] Safepoint "ICBufferFull", Time since last: 491504 ns, Reaching safepoint: 8833 ns, At safepoint: 1719 ns, Total: 10552 ns
[2021-05-05T15:19:37.596+0000][7][safepoint   ] Safepoint "ICBufferFull", Time since last: 486756 ns, Reaching safepoint: 8877 ns, At safepoint: 1351 ns, Total: 10228 ns
[2021-05-05T15:19:37.596+0000][7][safepoint   ] Safepoint "ICBufferFull", Time since last: 448153 ns, Reaching safepoint: 7830 ns, At safepoint: 1107 ns, Total: 8937 ns
[2021-05-05T15:19:37.597+0000][7][safepoint   ] Safepoint "ICBufferFull", Time since last: 429730 ns, Reaching safepoint: 8384 ns, At safepoint: 1068 ns, Total: 9452 ns
[2021-05-05T15:19:37.597+0000][7][safepoint   ] Safepoint "ICBufferFull", Time since last: 439949 ns, Reaching safepoint: 7951 ns, At safepoint: 1075 ns, Total: 9026 ns
[2021-05-05T15:19:37.598+0000][7][safepoint   ] Safepoint "ICBufferFull", Time since last: 436955 ns, Reaching safepoint: 7608 ns, At safepoint: 1319 ns, Total: 8927 ns
[2021-05-05T15:19:37.598+0000][7][safepoint   ] Safepoint "ICBufferFull", Time since last: 451454 ns, Reaching safepoint: 7854 ns, At safepoint: 1085 ns, Total: 8939 ns
[2021-05-05T15:19:37.601+0000][7][safepoint   ] Safepoint "ICBufferFull", Time since last: 2847944 ns, Reaching safepoint: 24950 ns, At safepoint: 3942 ns, Total: 28892 ns
[2021-05-05T15:19:37.739+0000][7][gc,start    ] GC(1) Pause Young (Normal) (G1 Evacuation Pause)
[2021-05-05T15:19:37.739+0000][7][gc,task     ] GC(1) Using 1 workers of 1 for evacuation
[2021-05-05T15:19:37.739+0000][7][gc,age      ] GC(1) Desired survivor size 6291456 bytes, new threshold 1 (max threshold 15)
[2021-05-05T15:19:37.752+0000][7][gc,age      ] GC(1) Age table with threshold 1 (max threshold 15)
[2021-05-05T15:19:37.752+0000][7][gc,age      ] GC(1) - age   1:    2709392 bytes,    2709392 total
[2021-05-05T15:19:37.752+0000][7][gc,phases   ] GC(1)   Pre Evacuate Collection Set: 0.6ms
[2021-05-05T15:19:37.752+0000][7][gc,phases   ] GC(1)   Merge Heap Roots: 0.0ms
[2021-05-05T15:19:37.752+0000][7][gc,phases   ] GC(1)   Evacuate Collection Set: 11.5ms
[2021-05-05T15:19:37.752+0000][7][gc,phases   ] GC(1)   Post Evacuate Collection Set: 0.4ms
[2021-05-05T15:19:37.752+0000][7][gc,phases   ] GC(1)   Other: 0.1ms
[2021-05-05T15:19:37.752+0000][7][gc,heap     ] GC(1) Eden regions: 22->0(23)
[2021-05-05T15:19:37.752+0000][7][gc,heap     ] GC(1) Survivor regions: 2->1(3)
[2021-05-05T15:19:37.752+0000][7][gc,heap     ] GC(1) Old regions: 0->2
[2021-05-05T15:19:37.752+0000][7][gc,heap     ] GC(1) Archive regions: 2->2
[2021-05-05T15:19:37.752+0000][7][gc,heap     ] GC(1) Humongous regions: 0->0
[2021-05-05T15:19:37.752+0000][7][gc,metaspace] GC(1) Metaspace: 17651K(17856K)->17651K(17856K) NonClass: 15590K(15680K)->15590K(15680K) Class: 2060K(2176K)->2060K(2176K)
[2021-05-05T15:19:37.752+0000][7][gc          ] GC(1) Pause Young (Normal) (G1 Evacuation Pause) 99M->14M(1968M) 12.656ms
[2021-05-05T15:19:37.752+0000][7][gc,cpu      ] GC(1) User=0.02s Sys=0.00s Real=0.02s
[2021-05-05T15:19:37.752+0000][7][safepoint   ] Safepoint "G1CollectForAllocation", Time since last: 138313435 ns, Reaching safepoint: 41498 ns, At safepoint: 12699591 ns, Total: 12741089 ns
[2021-05-05T15:19:38.138+0000][7][gc,start    ] GC(2) Pause Young (Normal) (G1 Evacuation Pause)
[2021-05-05T15:19:38.138+0000][7][gc,task     ] GC(2) Using 1 workers of 1 for evacuation
[2021-05-05T15:19:38.138+0000][7][gc,age      ] GC(2) Desired survivor size 6291456 bytes, new threshold 15 (max threshold 15)
[2021-05-05T15:19:38.143+0000][7][gc,age      ] GC(2) Age table with threshold 15 (max threshold 15)
[2021-05-05T15:19:38.143+0000][7][gc,age      ] GC(2) - age   1:    1949224 bytes,    1949224 total
[2021-05-05T15:19:38.143+0000][7][gc,age      ] GC(2) - age   2:    2679168 bytes,    4628392 total
[2021-05-05T15:19:38.143+0000][7][gc,phases   ] GC(2)   Pre Evacuate Collection Set: 0.1ms
[2021-05-05T15:19:38.143+0000][7][gc,phases   ] GC(2)   Merge Heap Roots: 0.0ms
[2021-05-05T15:19:38.143+0000][7][gc,phases   ] GC(2)   Evacuate Collection Set: 5.0ms
[2021-05-05T15:19:38.143+0000][7][gc,phases   ] GC(2)   Post Evacuate Collection Set: 0.2ms
[2021-05-05T15:19:38.143+0000][7][gc,phases   ] GC(2)   Other: 0.1ms
[2021-05-05T15:19:38.143+0000][7][gc,heap     ] GC(2) Eden regions: 23->0(22)
[2021-05-05T15:19:38.143+0000][7][gc,heap     ] GC(2) Survivor regions: 1->2(3)
[2021-05-05T15:19:38.143+0000][7][gc,heap     ] GC(2) Old regions: 2->2
[2021-05-05T15:19:38.143+0000][7][gc,heap     ] GC(2) Archive regions: 2->2
[2021-05-05T15:19:38.143+0000][7][gc,heap     ] GC(2) Humongous regions: 0->0
[2021-05-05T15:19:38.143+0000][7][gc,metaspace] GC(2) Metaspace: 18252K(18560K)->18252K(18560K) NonClass: 16101K(16256K)->16101K(16256K) Class: 2150K(2304K)->2150K(2304K)
[2021-05-05T15:19:38.143+0000][7][gc          ] GC(2) Pause Young (Normal) (G1 Evacuation Pause) 106M->15M(1968M) 5.491ms
[2021-05-05T15:19:38.143+0000][7][gc,cpu      ] GC(2) User=0.01s Sys=0.00s Real=0.01s
[2021-05-05T15:19:38.143+0000][7][safepoint   ] Safepoint "G1CollectForAllocation", Time since last: 385675584 ns, Reaching safepoint: 53587 ns, At safepoint: 5535377 ns, Total: 5588964 ns
[2021-05-05T15:19:38.352+0000][7][gc,start    ] GC(3) Pause Young (Normal) (G1 Evacuation Pause)
[2021-05-05T15:19:38.352+0000][7][gc,task     ] GC(3) Using 1 workers of 1 for evacuation
[2021-05-05T15:19:38.352+0000][7][gc,age      ] GC(3) Desired survivor size 6291456 bytes, new threshold 15 (max threshold 15)
[2021-05-05T15:19:38.361+0000][7][gc,age      ] GC(3) Age table with threshold 15 (max threshold 15)
[2021-05-05T15:19:38.361+0000][7][gc,age      ] GC(3) - age   1:     898648 bytes,     898648 total
[2021-05-05T15:19:38.361+0000][7][gc,age      ] GC(3) - age   2:    1714552 bytes,    2613200 total
[2021-05-05T15:19:38.361+0000][7][gc,age      ] GC(3) - age   3:    2679136 bytes,    5292336 total
[2021-05-05T15:19:38.361+0000][7][gc,phases   ] GC(3)   Pre Evacuate Collection Set: 0.2ms
[2021-05-05T15:19:38.361+0000][7][gc,phases   ] GC(3)   Merge Heap Roots: 0.0ms
[2021-05-05T15:19:38.361+0000][7][gc,phases   ] GC(3)   Evacuate Collection Set: 8.2ms
[2021-05-05T15:19:38.361+0000][7][gc,phases   ] GC(3)   Post Evacuate Collection Set: 0.4ms
[2021-05-05T15:19:38.361+0000][7][gc,phases   ] GC(3)   Other: 0.4ms
[2021-05-05T15:19:38.361+0000][7][gc,heap     ] GC(3) Eden regions: 22->0(22)
[2021-05-05T15:19:38.361+0000][7][gc,heap     ] GC(3) Survivor regions: 2->2(3)
[2021-05-05T15:19:38.361+0000][7][gc,heap     ] GC(3) Old regions: 2->2
[2021-05-05T15:19:38.361+0000][7][gc,heap     ] GC(3) Archive regions: 2->2
[2021-05-05T15:19:38.361+0000][7][gc,heap     ] GC(3) Humongous regions: 0->0
[2021-05-05T15:19:38.361+0000][7][gc,metaspace] GC(3) Metaspace: 18373K(18624K)->18373K(18624K) NonClass: 16207K(16320K)->16207K(16320K) Class: 2166K(2304K)->2166K(2304K)
[2021-05-05T15:19:38.361+0000][7][gc          ] GC(3) Pause Young (Normal) (G1 Evacuation Pause) 103M->16M(1968M) 9.368ms
[2021-05-05T15:19:38.361+0000][7][gc,cpu      ] GC(3) User=0.01s Sys=0.00s Real=0.01s
[2021-05-05T15:19:38.361+0000][7][safepoint   ] Safepoint "G1CollectForAllocation", Time since last: 208350786 ns, Reaching safepoint: 53085 ns, At safepoint: 9517176 ns, Total: 9570261 ns
[2021-05-05T15:19:38.608+0000][7][gc,start    ] GC(4) Pause Young (Normal) (G1 Evacuation Pause)
[2021-05-05T15:19:38.609+0000][7][gc,task     ] GC(4) Using 1 workers of 1 for evacuation
[2021-05-05T15:19:38.609+0000][7][gc,age      ] GC(4) Desired survivor size 6291456 bytes, new threshold 15 (max threshold 15)
[2021-05-05T15:19:38.626+0000][7][gc,age      ] GC(4) Age table with threshold 15 (max threshold 15)
[2021-05-05T15:19:38.626+0000][7][gc,age      ] GC(4) - age   1:    1905456 bytes,    1905456 total
[2021-05-05T15:19:38.626+0000][7][gc,age      ] GC(4) - age   2:     303304 bytes,    2208760 total
[2021-05-05T15:19:38.626+0000][7][gc,age      ] GC(4) - age   3:    1714240 bytes,    3923000 total
[2021-05-05T15:19:38.626+0000][7][gc,age      ] GC(4) - age   4:    2679000 bytes,    6602000 total
[2021-05-05T15:19:38.626+0000][7][gc,phases   ] GC(4)   Pre Evacuate Collection Set: 0.1ms
[2021-05-05T15:19:38.626+0000][7][gc,phases   ] GC(4)   Merge Heap Roots: 0.0ms
[2021-05-05T15:19:38.626+0000][7][gc,phases   ] GC(4)   Evacuate Collection Set: 17.0ms
[2021-05-05T15:19:38.626+0000][7][gc,phases   ] GC(4)   Post Evacuate Collection Set: 0.3ms
[2021-05-05T15:19:38.626+0000][7][gc,phases   ] GC(4)   Other: 0.5ms
[2021-05-05T15:19:38.626+0000][7][gc,heap     ] GC(4) Eden regions: 22->0(22)
[2021-05-05T15:19:38.626+0000][7][gc,heap     ] GC(4) Survivor regions: 2->2(3)
[2021-05-05T15:19:38.626+0000][7][gc,heap     ] GC(4) Old regions: 2->2
[2021-05-05T15:19:38.626+0000][7][gc,heap     ] GC(4) Archive regions: 2->2
[2021-05-05T15:19:38.626+0000][7][gc,heap     ] GC(4) Humongous regions: 0->0
[2021-05-05T15:19:38.626+0000][7][gc,metaspace] GC(4) Metaspace: 18674K(19008K)->18674K(19008K) NonClass: 16452K(16640K)->16452K(16640K) Class: 2222K(2368K)->2222K(2368K)
[2021-05-05T15:19:38.626+0000][7][gc          ] GC(4) Pause Young (Normal) (G1 Evacuation Pause) 104M->18M(1968M) 17.966ms
[2021-05-05T15:19:38.626+0000][7][gc,cpu      ] GC(4) User=0.01s Sys=0.00s Real=0.02s
[2021-05-05T15:19:38.626+0000][7][safepoint   ] Safepoint "G1CollectForAllocation", Time since last: 246920387 ns, Reaching safepoint: 25137 ns, At safepoint: 18023469 ns, Total: 18048606 ns
[2021-05-05T15:19:38.892+0000][7][gc,start    ] GC(5) Pause Young (Normal) (G1 Evacuation Pause)
[2021-05-05T15:19:38.892+0000][7][gc,task     ] GC(5) Using 1 workers of 1 for evacuation
[2021-05-05T15:19:38.892+0000][7][gc,age      ] GC(5) Desired survivor size 6291456 bytes, new threshold 4 (max threshold 15)
[2021-05-05T15:19:38.898+0000][7][gc,age      ] GC(5) Age table with threshold 4 (max threshold 15)
[2021-05-05T15:19:38.898+0000][7][gc,age      ] GC(5) - age   1:    1060104 bytes,    1060104 total
[2021-05-05T15:19:38.898+0000][7][gc,age      ] GC(5) - age   2:     445344 bytes,    1505448 total
[2021-05-05T15:19:38.898+0000][7][gc,age      ] GC(5) - age   3:     303304 bytes,    1808752 total
[2021-05-05T15:19:38.898+0000][7][gc,age      ] GC(5) - age   4:    1714240 bytes,    3522992 total
[2021-05-05T15:19:38.898+0000][7][gc,phases   ] GC(5)   Pre Evacuate Collection Set: 0.1ms
[2021-05-05T15:19:38.898+0000][7][gc,phases   ] GC(5)   Merge Heap Roots: 0.0ms
[2021-05-05T15:19:38.898+0000][7][gc,phases   ] GC(5)   Evacuate Collection Set: 5.4ms
[2021-05-05T15:19:38.898+0000][7][gc,phases   ] GC(5)   Post Evacuate Collection Set: 0.2ms
[2021-05-05T15:19:38.898+0000][7][gc,phases   ] GC(5)   Other: 0.1ms
[2021-05-05T15:19:38.898+0000][7][gc,heap     ] GC(5) Eden regions: 22->0(30)
[2021-05-05T15:19:38.898+0000][7][gc,heap     ] GC(5) Survivor regions: 2->1(3)
[2021-05-05T15:19:38.898+0000][7][gc,heap     ] GC(5) Old regions: 2->3
[2021-05-05T15:19:38.898+0000][7][gc,heap     ] GC(5) Archive regions: 2->2
[2021-05-05T15:19:38.898+0000][7][gc,heap     ] GC(5) Humongous regions: 0->0
[2021-05-05T15:19:38.898+0000][7][gc,metaspace] GC(5) Metaspace: 18867K(19264K)->18867K(19264K) NonClass: 16628K(16832K)->16628K(16832K) Class: 2239K(2432K)->2239K(2432K)
[2021-05-05T15:19:38.898+0000][7][gc          ] GC(5) Pause Young (Normal) (G1 Evacuation Pause) 106M->17M(1968M) 5.936ms
[2021-05-05T15:19:38.898+0000][7][gc,cpu      ] GC(5) User=0.01s Sys=0.00s Real=0.00s
[2021-05-05T15:19:38.898+0000][7][safepoint   ] Safepoint "G1CollectForAllocation", Time since last: 265616662 ns, Reaching safepoint: 30902 ns, At safepoint: 5981059 ns, Total: 6011961 ns
[2021-05-05T15:19:39.206+0000][7][gc,start    ] GC(6) Pause Young (Normal) (G1 Evacuation Pause)
[2021-05-05T15:19:39.206+0000][7][gc,task     ] GC(6) Using 1 workers of 1 for evacuation
[2021-05-05T15:19:39.206+0000][7][gc,age      ] GC(6) Desired survivor size 8388608 bytes, new threshold 15 (max threshold 15)
[2021-05-05T15:19:39.211+0000][7][gc,age      ] GC(6) Age table with threshold 15 (max threshold 15)
[2021-05-05T15:19:39.211+0000][7][gc,age      ] GC(6) - age   1:    2415216 bytes,    2415216 total
[2021-05-05T15:19:39.211+0000][7][gc,age      ] GC(6) - age   2:     556536 bytes,    2971752 total
[2021-05-05T15:19:39.211+0000][7][gc,age      ] GC(6) - age   3:     445224 bytes,    3416976 total
[2021-05-05T15:19:39.211+0000][7][gc,age      ] GC(6) - age   4:     303304 bytes,    3720280 total
[2021-05-05T15:19:39.211+0000][7][gc,age      ] GC(6) - age   5:    1714240 bytes,    5434520 total
[2021-05-05T15:19:39.212+0000][7][gc,phases   ] GC(6)   Pre Evacuate Collection Set: 0.1ms
[2021-05-05T15:19:39.212+0000][7][gc,phases   ] GC(6)   Merge Heap Roots: 0.0ms
[2021-05-05T15:19:39.212+0000][7][gc,phases   ] GC(6)   Evacuate Collection Set: 4.8ms
[2021-05-05T15:19:39.212+0000][7][gc,phases   ] GC(6)   Post Evacuate Collection Set: 0.3ms
[2021-05-05T15:19:39.212+0000][7][gc,phases   ] GC(6)   Other: 0.1ms
[2021-05-05T15:19:39.212+0000][7][gc,heap     ] GC(6) Eden regions: 30->0(293)
[2021-05-05T15:19:39.212+0000][7][gc,heap     ] GC(6) Survivor regions: 1->2(4)
[2021-05-05T15:19:39.212+0000][7][gc,heap     ] GC(6) Old regions: 3->3
[2021-05-05T15:19:39.212+0000][7][gc,heap     ] GC(6) Archive regions: 2->2
[2021-05-05T15:19:39.212+0000][7][gc,heap     ] GC(6) Humongous regions: 0->0
[2021-05-05T15:19:39.212+0000][7][gc,metaspace] GC(6) Metaspace: 19039K(19456K)->19039K(19456K) NonClass: 16783K(17024K)->16783K(17024K) Class: 2255K(2432K)->2255K(2432K)
[2021-05-05T15:19:39.212+0000][7][gc          ] GC(6) Pause Young (Normal) (G1 Evacuation Pause) 137M->19M(1968M) 5.443ms
[2021-05-05T15:19:39.212+0000][7][gc,cpu      ] GC(6) User=0.01s Sys=0.00s Real=0.01s
[2021-05-05T15:19:39.212+0000][7][safepoint   ] Safepoint "G1CollectForAllocation", Time since last: 308312184 ns, Reaching safepoint: 26053 ns, At safepoint: 5489668 ns, Total: 5515721 ns
[2021-05-05T15:19:40.311+0000][7][safepoint   ] Safepoint "ICBufferFull", Time since last: 1098909043 ns, Reaching safepoint: 90423 ns, At safepoint: 3554 ns, Total: 93977 ns
[2021-05-05T15:19:40.940+0000][7][gc,start    ] GC(7) Pause Young (Concurrent Start) (Metadata GC Threshold)
[2021-05-05T15:19:40.940+0000][7][gc,task     ] GC(7) Using 1 workers of 1 for evacuation
[2021-05-05T15:19:40.941+0000][7][gc,age      ] GC(7) Desired survivor size 77594624 bytes, new threshold 15 (max threshold 15)
[2021-05-05T15:19:40.958+0000][7][gc,age      ] GC(7) Age table with threshold 15 (max threshold 15)
[2021-05-05T15:19:40.958+0000][7][gc,age      ] GC(7) - age   1:    3342328 bytes,    3342328 total
[2021-05-05T15:19:40.958+0000][7][gc,age      ] GC(7) - age   2:    1602128 bytes,    4944456 total
[2021-05-05T15:19:40.958+0000][7][gc,age      ] GC(7) - age   3:     555216 bytes,    5499672 total
[2021-05-05T15:19:40.958+0000][7][gc,age      ] GC(7) - age   4:     444216 bytes,    5943888 total
[2021-05-05T15:19:40.958+0000][7][gc,age      ] GC(7) - age   5:     303208 bytes,    6247096 total
[2021-05-05T15:19:40.958+0000][7][gc,age      ] GC(7) - age   6:    1713760 bytes,    7960856 total
[2021-05-05T15:19:40.958+0000][7][gc,phases   ] GC(7)   Pre Evacuate Collection Set: 0.1ms
[2021-05-05T15:19:40.958+0000][7][gc,phases   ] GC(7)   Merge Heap Roots: 0.0ms
[2021-05-05T15:19:40.958+0000][7][gc,phases   ] GC(7)   Evacuate Collection Set: 13.1ms
[2021-05-05T15:19:40.958+0000][7][gc,phases   ] GC(7)   Post Evacuate Collection Set: 3.7ms
[2021-05-05T15:19:40.959+0000][7][gc,phases   ] GC(7)   Other: 1.0ms
[2021-05-05T15:19:40.959+0000][7][gc,heap     ] GC(7) Eden regions: 178->0(164)
[2021-05-05T15:19:40.959+0000][7][gc,heap     ] GC(7) Survivor regions: 2->2(37)
[2021-05-05T15:19:40.959+0000][7][gc,heap     ] GC(7) Old regions: 3->3
[2021-05-05T15:19:40.959+0000][7][gc,heap     ] GC(7) Archive regions: 2->2
[2021-05-05T15:19:40.959+0000][7][gc,heap     ] GC(7) Humongous regions: 0->0
[2021-05-05T15:19:40.959+0000][7][gc,metaspace] GC(7) Metaspace: 20842K(21248K)->20842K(21248K) NonClass: 18321K(18560K)->18321K(18560K) Class: 2520K(2688K)->2520K(2688K)
[2021-05-05T15:19:40.959+0000][7][gc          ] GC(7) Pause Young (Concurrent Start) (Metadata GC Threshold) 729M->21M(1968M) 18.541ms
[2021-05-05T15:19:40.959+0000][7][gc,cpu      ] GC(7) User=0.01s Sys=0.01s Real=0.02s
[2021-05-05T15:19:40.959+0000][7][safepoint   ] Safepoint "CollectForMetadataAllocation", Time since last: 629588809 ns, Reaching safepoint: 39149 ns, At safepoint: 18730638 ns, Total: 18769787 ns
[2021-05-05T15:19:40.959+0000][7][gc          ] GC(8) Concurrent Mark Cycle
[2021-05-05T15:19:40.965+0000][7][gc,marking  ] GC(8) Concurrent Clear Claimed Marks
[2021-05-05T15:19:40.966+0000][7][gc,marking  ] GC(8) Concurrent Clear Claimed Marks 0.089ms
[2021-05-05T15:19:40.966+0000][7][gc,marking  ] GC(8) Concurrent Scan Root Regions
[2021-05-05T15:19:40.969+0000][7][gc,marking  ] GC(8) Concurrent Scan Root Regions 3.297ms
[2021-05-05T15:19:40.974+0000][7][gc,marking  ] GC(8) Concurrent Mark
[2021-05-05T15:19:40.974+0000][7][gc,marking  ] GC(8) Concurrent Mark From Roots
[2021-05-05T15:19:40.974+0000][7][gc,task     ] GC(8) Using 1 workers of 1 for marking
[2021-05-05T15:19:41.028+0000][7][gc,marking  ] GC(8) Concurrent Mark From Roots 54.030ms
[2021-05-05T15:19:41.029+0000][7][gc,marking  ] GC(8) Concurrent Preclean
[2021-05-05T15:19:41.029+0000][7][gc,marking  ] GC(8) Concurrent Preclean 0.233ms
[2021-05-05T15:19:41.037+0000][7][gc,start    ] GC(8) Pause Remark
[2021-05-05T15:19:41.060+0000][7][gc          ] GC(8) Pause Remark 35M->35M(1968M) 23.247ms
[2021-05-05T15:19:41.061+0000][7][gc,cpu      ] GC(8) User=0.01s Sys=0.00s Real=0.02s
[2021-05-05T15:19:41.061+0000][7][safepoint   ] Safepoint "G1Concurrent", Time since last: 69922237 ns, Reaching safepoint: 8204813 ns, At safepoint: 23614783 ns, Total: 31819596 ns
[2021-05-05T15:19:41.066+0000][7][gc,marking  ] GC(8) Concurrent Mark 91.642ms
[2021-05-05T15:19:41.066+0000][7][gc,marking  ] GC(8) Concurrent Rebuild Remembered Sets
[2021-05-05T15:19:41.114+0000][7][gc,marking  ] GC(8) Concurrent Rebuild Remembered Sets 48.066ms
[2021-05-05T15:19:41.119+0000][7][gc,start    ] GC(8) Pause Cleanup
[2021-05-05T15:19:41.121+0000][7][gc          ] GC(8) Pause Cleanup 43M->43M(1968M) 1.579ms
[2021-05-05T15:19:41.121+0000][7][gc,cpu      ] GC(8) User=0.00s Sys=0.00s Real=0.01s
[2021-05-05T15:19:41.121+0000][7][safepoint   ] Safepoint "G1Concurrent", Time since last: 56205137 ns, Reaching safepoint: 2293603 ns, At safepoint: 1775712 ns, Total: 4069315 ns
[2021-05-05T15:19:41.121+0000][7][gc,marking  ] GC(8) Concurrent Cleanup for Next Mark
[2021-05-05T15:19:41.127+0000][7][gc,marking  ] GC(8) Concurrent Cleanup for Next Mark 5.649ms
[2021-05-05T15:19:41.127+0000][7][gc          ] GC(8) Concurrent Mark Cycle 167.834ms
[2021-05-05T15:19:42.122+0000][7][safepoint   ] Safepoint "Cleanup", Time since last: 1000371595 ns, Reaching safepoint: 141348 ns, At safepoint: 3670 ns, Total: 145018 ns
[2021-05-05T15:19:43.829+0000][7][safepoint   ] Safepoint "Cleanup", Time since last: 1707139700 ns, Reaching safepoint: 634666 ns, At safepoint: 5773 ns, Total: 640439 ns
[2021-05-05T15:19:44.830+0000][7][safepoint   ] Safepoint "Cleanup", Time since last: 1000998564 ns, Reaching safepoint: 149360 ns, At safepoint: 4428 ns, Total: 153788 ns
[2021-05-05T15:19:45.832+0000][7][safepoint   ] Safepoint "Cleanup", Time since last: 1000239754 ns, Reaching safepoint: 896650 ns, At safepoint: 3854 ns, Total: 900504 ns
[2021-05-05T15:19:46.832+0000][7][safepoint   ] Safepoint "Cleanup", Time since last: 1000255785 ns, Reaching safepoint: 396399 ns, At safepoint: 7332 ns, Total: 403731 ns
[2021-05-05T15:19:47.149+0000][7][gc,start    ] GC(9) Pause Young (Concurrent Start) (Metadata GC Threshold)
[2021-05-05T15:19:47.149+0000][7][gc,task     ] GC(9) Using 1 workers of 1 for evacuation
[2021-05-05T15:19:47.149+0000][7][gc,age      ] GC(9) Desired survivor size 75497472 bytes, new threshold 15 (max threshold 15)
[2021-05-05T15:19:47.273+0000][7][gc,age      ] GC(9) Age table with threshold 15 (max threshold 15)
[2021-05-05T15:19:47.273+0000][7][gc,age      ] GC(9) - age   1:   39826216 bytes,   39826216 total
[2021-05-05T15:19:47.273+0000][7][gc,age      ] GC(9) - age   2:    3289976 bytes,   43116192 total
[2021-05-05T15:19:47.273+0000][7][gc,age      ] GC(9) - age   3:    1601720 bytes,   44717912 total
[2021-05-05T15:19:47.273+0000][7][gc,age      ] GC(9) - age   4:     549928 bytes,   45267840 total
[2021-05-05T15:19:47.274+0000][7][gc,age      ] GC(9) - age   5:     442528 bytes,   45710368 total
[2021-05-05T15:19:47.274+0000][7][gc,age      ] GC(9) - age   6:     302688 bytes,   46013056 total
[2021-05-05T15:19:47.274+0000][7][gc,age      ] GC(9) - age   7:    1704424 bytes,   47717480 total
[2021-05-05T15:19:47.274+0000][7][gc,phases   ] GC(9)   Pre Evacuate Collection Set: 0.2ms
[2021-05-05T15:19:47.274+0000][7][gc,phases   ] GC(9)   Merge Heap Roots: 0.1ms
[2021-05-05T15:19:47.274+0000][7][gc,phases   ] GC(9)   Evacuate Collection Set: 122.8ms
[2021-05-05T15:19:47.274+0000][7][gc,phases   ] GC(9)   Post Evacuate Collection Set: 1.2ms
[2021-05-05T15:19:47.274+0000][7][gc,phases   ] GC(9)   Other: 0.9ms
[2021-05-05T15:19:47.274+0000][7][gc,heap     ] GC(9) Eden regions: 152->0(35)
[2021-05-05T15:19:47.274+0000][7][gc,heap     ] GC(9) Survivor regions: 2->12(36)
[2021-05-05T15:19:47.275+0000][7][gc,heap     ] GC(9) Old regions: 3->3
[2021-05-05T15:19:47.275+0000][7][gc,heap     ] GC(9) Archive regions: 2->2
[2021-05-05T15:19:47.275+0000][7][gc,heap     ] GC(9) Humongous regions: 0->0
[2021-05-05T15:19:47.275+0000][7][gc,metaspace] GC(9) Metaspace: 34686K(35520K)->34686K(35520K) NonClass: 30233K(30720K)->30233K(30720K) Class: 4452K(4800K)->4452K(4800K)
[2021-05-05T15:19:47.275+0000][7][gc          ] GC(9) Pause Young (Concurrent Start) (Metadata GC Threshold) 629M->60M(1968M) 126.515ms
[2021-05-05T15:19:47.275+0000][7][gc,cpu      ] GC(9) User=0.10s Sys=0.01s Real=0.13s
[2021-05-05T15:19:47.275+0000][7][safepoint   ] Safepoint "CollectForMetadataAllocation", Time since last: 316315622 ns, Reaching safepoint: 32464 ns, At safepoint: 126845136 ns, Total: 126877600 ns
[2021-05-05T15:19:47.276+0000][7][gc          ] GC(10) Concurrent Mark Cycle
[2021-05-05T15:19:47.287+0000][7][gc,marking  ] GC(10) Concurrent Clear Claimed Marks
[2021-05-05T15:19:47.287+0000][7][gc,marking  ] GC(10) Concurrent Clear Claimed Marks 0.114ms
[2021-05-05T15:19:47.290+0000][7][gc,marking  ] GC(10) Concurrent Scan Root Regions
[2021-05-05T15:19:47.381+0000][7][safepoint   ] Safepoint "CollectForMetadataAllocation", Time since last: 105488477 ns, Reaching safepoint: 36060 ns, At safepoint: 60511 ns, Total: 96571 ns
[2021-05-05T15:19:47.389+0000][7][gc,marking  ] GC(10) Concurrent Scan Root Regions 99.581ms
[2021-05-05T15:19:47.390+0000][7][gc,marking  ] GC(10) Concurrent Mark
[2021-05-05T15:19:47.390+0000][7][gc,marking  ] GC(10) Concurrent Mark From Roots
[2021-05-05T15:19:47.390+0000][7][gc,task     ] GC(10) Using 1 workers of 1 for marking
[2021-05-05T15:19:47.436+0000][7][gc,marking  ] GC(10) Concurrent Mark From Roots 46.086ms
[2021-05-05T15:19:47.436+0000][7][gc,marking  ] GC(10) Concurrent Preclean
[2021-05-05T15:19:47.436+0000][7][gc,marking  ] GC(10) Concurrent Preclean 0.106ms
[2021-05-05T15:19:47.436+0000][7][gc,start    ] GC(10) Pause Remark
[2021-05-05T15:19:47.463+0000][7][gc          ] GC(10) Pause Remark 64M->64M(1968M) 27.369ms
[2021-05-05T15:19:47.465+0000][7][gc,cpu      ] GC(10) User=0.02s Sys=0.00s Real=0.03s
[2021-05-05T15:19:47.465+0000][7][safepoint   ] Safepoint "G1Concurrent", Time since last: 54959216 ns, Reaching safepoint: 19456 ns, At safepoint: 28887183 ns, Total: 28906639 ns
[2021-05-05T15:19:47.470+0000][7][gc,marking  ] GC(10) Concurrent Mark 80.274ms
[2021-05-05T15:19:47.470+0000][7][gc,marking  ] GC(10) Concurrent Rebuild Remembered Sets
[2021-05-05T15:19:47.541+0000][7][gc,marking  ] GC(10) Concurrent Rebuild Remembered Sets 71.173ms
[2021-05-05T15:19:47.542+0000][7][gc,start    ] GC(10) Pause Cleanup
[2021-05-05T15:19:47.542+0000][7][gc          ] GC(10) Pause Cleanup 64M->64M(1968M) 0.142ms
[2021-05-05T15:19:47.542+0000][7][gc,cpu      ] GC(10) User=0.00s Sys=0.00s Real=0.00s
[2021-05-05T15:19:47.542+0000][7][safepoint   ] Safepoint "G1Concurrent", Time since last: 76479988 ns, Reaching safepoint: 146474 ns, At safepoint: 274559 ns, Total: 421033 ns
[2021-05-05T15:19:47.545+0000][7][gc,marking  ] GC(10) Concurrent Cleanup for Next Mark
[2021-05-05T15:19:47.566+0000][7][gc,marking  ] GC(10) Concurrent Cleanup for Next Mark 20.929ms
[2021-05-05T15:19:47.566+0000][7][gc          ] GC(10) Concurrent Mark Cycle 290.551ms
[2021-05-05T15:19:48.831+0000][7][safepoint   ] Safepoint "ICBufferFull", Time since last: 1289511919 ns, Reaching safepoint: 108032 ns, At safepoint: 2975 ns, Total: 111007 ns
[2021-05-05T15:19:48.955+0000][7][gc,start    ] GC(11) Pause Young (Concurrent Start) (G1 Evacuation Pause)
[2021-05-05T15:19:48.955+0000][7][gc,task     ] GC(11) Using 1 workers of 1 for evacuation
[2021-05-05T15:19:48.955+0000][7][gc,age      ] GC(11) Desired survivor size 14680064 bytes, new threshold 1 (max threshold 15)
[2021-05-05T15:19:49.072+0000][7][gc,age      ] GC(11) Age table with threshold 1 (max threshold 15)
[2021-05-05T15:19:49.072+0000][7][gc,age      ] GC(11) - age   1:    3957112 bytes,    3957112 total
[2021-05-05T15:19:49.072+0000][7][gc,phases   ] GC(11)   Pre Evacuate Collection Set: 0.2ms
[2021-05-05T15:19:49.072+0000][7][gc,phases   ] GC(11)   Merge Heap Roots: 0.0ms
[2021-05-05T15:19:49.072+0000][7][gc,phases   ] GC(11)   Evacuate Collection Set: 115.5ms
[2021-05-05T15:19:49.072+0000][7][gc,phases   ] GC(11)   Post Evacuate Collection Set: 1.0ms
[2021-05-05T15:19:49.072+0000][7][gc,phases   ] GC(11)   Other: 0.6ms
[2021-05-05T15:19:49.072+0000][7][gc,heap     ] GC(11) Eden regions: 38->0(61)
[2021-05-05T15:19:49.072+0000][7][gc,heap     ] GC(11) Survivor regions: 12->1(7)
[2021-05-05T15:19:49.072+0000][7][gc,heap     ] GC(11) Old regions: 3->14
[2021-05-05T15:19:49.072+0000][7][gc,heap     ] GC(11) Archive regions: 2->2
[2021-05-05T15:19:49.072+0000][7][gc,heap     ] GC(11) Humongous regions: 0->0
[2021-05-05T15:19:49.072+0000][7][gc,metaspace] GC(11) Metaspace: 43462K(44480K)->43462K(44480K) NonClass: 37881K(38464K)->37881K(38464K) Class: 5581K(6016K)->5581K(6016K)
[2021-05-05T15:19:49.072+0000][7][gc          ] GC(11) Pause Young (Concurrent Start) (G1 Evacuation Pause) 212M->63M(1968M) 117.853ms
[2021-05-05T15:19:49.073+0000][7][gc,cpu      ] GC(11) User=0.10s Sys=0.00s Real=0.12s
[2021-05-05T15:19:49.073+0000][7][safepoint   ] Safepoint "G1CollectForAllocation", Time since last: 122964417 ns, Reaching safepoint: 171885 ns, At safepoint: 118017386 ns, Total: 118189271 ns
[2021-05-05T15:19:49.073+0000][7][gc          ] GC(12) Concurrent Mark Cycle
[2021-05-05T15:19:49.077+0000][7][gc,marking  ] GC(12) Concurrent Clear Claimed Marks
[2021-05-05T15:19:49.078+0000][7][gc,marking  ] GC(12) Concurrent Clear Claimed Marks 0.434ms
[2021-05-05T15:19:49.080+0000][7][gc,marking  ] GC(12) Concurrent Scan Root Regions
[2021-05-05T15:19:49.180+0000][7][gc,marking  ] GC(12) Concurrent Scan Root Regions 99.588ms
[2021-05-05T15:19:49.180+0000][7][gc,marking  ] GC(12) Concurrent Mark
[2021-05-05T15:19:49.180+0000][7][gc,marking  ] GC(12) Concurrent Mark From Roots
[2021-05-05T15:19:49.180+0000][7][gc,task     ] GC(12) Using 1 workers of 1 for marking
[2021-05-05T15:19:49.242+0000][7][gc,marking  ] GC(12) Concurrent Mark From Roots 62.043ms
[2021-05-05T15:19:49.242+0000][7][gc,marking  ] GC(12) Concurrent Preclean
[2021-05-05T15:19:49.242+0000][7][gc,marking  ] GC(12) Concurrent Preclean 0.165ms
[2021-05-05T15:19:49.243+0000][7][gc,start    ] GC(12) Pause Remark
[2021-05-05T15:19:49.251+0000][7][gc          ] GC(12) Pause Remark 67M->67M(1968M) 8.007ms
[2021-05-05T15:19:49.251+0000][7][gc,cpu      ] GC(12) User=0.01s Sys=0.00s Real=0.01s
[2021-05-05T15:19:49.251+0000][7][safepoint   ] Safepoint "G1Concurrent", Time since last: 169734938 ns, Reaching safepoint: 572707 ns, At safepoint: 8372633 ns, Total: 8945340 ns
[2021-05-05T15:19:49.258+0000][7][gc,marking  ] GC(12) Concurrent Mark 77.943ms
[2021-05-05T15:19:49.258+0000][7][gc,marking  ] GC(12) Concurrent Rebuild Remembered Sets
[2021-05-05T15:19:49.422+0000][7][gc,marking  ] GC(12) Concurrent Rebuild Remembered Sets 164.528ms
[2021-05-05T15:19:49.423+0000][7][gc,start    ] GC(12) Pause Cleanup
[2021-05-05T15:19:49.423+0000][7][gc          ] GC(12) Pause Cleanup 69M->69M(1968M) 0.140ms
[2021-05-05T15:19:49.423+0000][7][gc,cpu      ] GC(12) User=0.00s Sys=0.00s Real=0.00s
[2021-05-05T15:19:49.423+0000][7][safepoint   ] Safepoint "G1Concurrent", Time since last: 171197959 ns, Reaching safepoint: 402790 ns, At safepoint: 343184 ns, Total: 745974 ns
[2021-05-05T15:19:49.424+0000][7][gc,marking  ] GC(12) Concurrent Cleanup for Next Mark
[2021-05-05T15:19:49.432+0000][7][gc,marking  ] GC(12) Concurrent Cleanup for Next Mark 8.320ms
[2021-05-05T15:19:49.432+0000][7][gc          ] GC(12) Concurrent Mark Cycle 359.316ms
[2021-05-05T15:19:50.430+0000][7][safepoint   ] Safepoint "Cleanup", Time since last: 1000948304 ns, Reaching safepoint: 5879263 ns, At safepoint: 6496 ns, Total: 5885759 ns
[2021-05-05T15:19:51.726+0000][7][safepoint   ] Safepoint "Cleanup", Time since last: 1295499242 ns, Reaching safepoint: 218559 ns, At safepoint: 3088 ns, Total: 221647 ns
[2021-05-05T15:19:52.835+0000][7][safepoint   ] Safepoint "Cleanup", Time since last: 1105856528 ns, Reaching safepoint: 3172309 ns, At safepoint: 8106 ns, Total: 3180415 ns
[2021-05-05T15:19:53.852+0000][7][safepoint   ] Safepoint "Cleanup", Time since last: 1017267144 ns, Reaching safepoint: 58577 ns, At safepoint: 3040 ns, Total: 61617 ns
[2021-05-05T15:19:54.213+0000][7][gc,start    ] GC(13) Pause Young (Normal) (G1 Evacuation Pause)
[2021-05-05T15:19:54.214+0000][7][gc,task     ] GC(13) Using 1 workers of 1 for evacuation
[2021-05-05T15:19:54.214+0000][7][gc,age      ] GC(13) Desired survivor size 16777216 bytes, new threshold 15 (max threshold 15)
[2021-05-05T15:19:54.264+0000][7][gc,age      ] GC(13) Age table with threshold 15 (max threshold 15)
[2021-05-05T15:19:54.264+0000][7][gc,age      ] GC(13) - age   1:   10879000 bytes,   10879000 total
[2021-05-05T15:19:54.264+0000][7][gc,age      ] GC(13) - age   2:    3842640 bytes,   14721640 total
[2021-05-05T15:19:54.264+0000][7][gc,phases   ] GC(13)   Pre Evacuate Collection Set: 0.1ms
[2021-05-05T15:19:54.264+0000][7][gc,phases   ] GC(13)   Merge Heap Roots: 0.1ms
[2021-05-05T15:19:54.264+0000][7][gc,phases   ] GC(13)   Evacuate Collection Set: 49.0ms
[2021-05-05T15:19:54.265+0000][7][gc,phases   ] GC(13)   Post Evacuate Collection Set: 1.1ms
[2021-05-05T15:19:54.265+0000][7][gc,phases   ] GC(13)   Other: 0.6ms
[2021-05-05T15:19:54.265+0000][7][gc,heap     ] GC(13) Eden regions: 61->0(29)
[2021-05-05T15:19:54.265+0000][7][gc,heap     ] GC(13) Survivor regions: 1->4(8)
[2021-05-05T15:19:54.265+0000][7][gc,heap     ] GC(13) Old regions: 14->14
[2021-05-05T15:19:54.265+0000][7][gc,heap     ] GC(13) Archive regions: 2->2
[2021-05-05T15:19:54.265+0000][7][gc,heap     ] GC(13) Humongous regions: 0->0
[2021-05-05T15:19:54.265+0000][7][gc,metaspace] GC(13) Metaspace: 72929K(74112K)->72929K(74112K) NonClass: 63152K(63872K)->63152K(63872K) Class: 9777K(10240K)->9777K(10240K)
[2021-05-05T15:19:54.265+0000][7][gc          ] GC(13) Pause Young (Normal) (G1 Evacuation Pause) 307M->75M(1968M) 51.638ms
[2021-05-05T15:19:54.265+0000][7][gc,cpu      ] GC(13) User=0.04s Sys=0.00s Real=0.05s
[2021-05-05T15:19:54.265+0000][7][safepoint   ] Safepoint "G1CollectForAllocation", Time since last: 361198114 ns, Reaching safepoint: 74730 ns, At safepoint: 51800613 ns, Total: 51875343 ns
[2021-05-05T15:19:54.453+0000][7][gc,start    ] GC(14) Pause Young (Concurrent Start) (Metadata GC Threshold)
[2021-05-05T15:19:54.453+0000][7][gc,task     ] GC(14) Using 1 workers of 1 for evacuation
[2021-05-05T15:19:54.453+0000][7][gc,age      ] GC(14) Desired survivor size 10485760 bytes, new threshold 1 (max threshold 15)
[2021-05-05T15:19:54.483+0000][7][gc,age      ] GC(14) Age table with threshold 1 (max threshold 15)
[2021-05-05T15:19:54.489+0000][7][gc,age      ] GC(14) - age   1:     631640 bytes,     631640 total
[2021-05-05T15:19:54.489+0000][7][gc,phases   ] GC(14)   Pre Evacuate Collection Set: 0.2ms
[2021-05-05T15:19:54.489+0000][7][gc,phases   ] GC(14)   Merge Heap Roots: 0.1ms
[2021-05-05T15:19:54.489+0000][7][gc,phases   ] GC(14)   Evacuate Collection Set: 29.5ms
[2021-05-05T15:19:54.490+0000][7][gc,phases   ] GC(14)   Post Evacuate Collection Set: 0.7ms
[2021-05-05T15:19:54.490+0000][7][gc,phases   ] GC(14)   Other: 6.4ms
[2021-05-05T15:19:54.490+0000][7][gc,heap     ] GC(14) Eden regions: 2->0(71)
[2021-05-05T15:19:54.490+0000][7][gc,heap     ] GC(14) Survivor regions: 4->1(5)
[2021-05-05T15:19:54.490+0000][7][gc,heap     ] GC(14) Old regions: 14->18
[2021-05-05T15:19:54.490+0000][7][gc,heap     ] GC(14) Archive regions: 2->2
[2021-05-05T15:19:54.490+0000][7][gc,heap     ] GC(14) Humongous regions: 0->0
[2021-05-05T15:19:54.490+0000][7][gc,metaspace] GC(14) Metaspace: 73710K(74880K)->73710K(74880K) NonClass: 63860K(64576K)->63860K(64576K) Class: 9849K(10304K)->9849K(10304K)
[2021-05-05T15:19:54.490+0000][7][gc          ] GC(14) Pause Young (Concurrent Start) (Metadata GC Threshold) 83M->76M(1968M) 37.336ms
[2021-05-05T15:19:54.490+0000][7][gc,cpu      ] GC(14) User=0.03s Sys=0.00s Real=0.03s
[2021-05-05T15:19:54.490+0000][7][safepoint   ] Safepoint "CollectForMetadataAllocation", Time since last: 187305587 ns, Reaching safepoint: 29972 ns, At safepoint: 37517030 ns, Total: 37547002 ns
[2021-05-05T15:19:54.490+0000][7][gc          ] GC(15) Concurrent Mark Cycle
[2021-05-05T15:19:54.491+0000][7][gc,marking  ] GC(15) Concurrent Clear Claimed Marks
[2021-05-05T15:19:54.492+0000][7][gc,marking  ] GC(15) Concurrent Clear Claimed Marks 0.116ms
[2021-05-05T15:19:54.492+0000][7][gc,marking  ] GC(15) Concurrent Scan Root Regions
[2021-05-05T15:19:54.537+0000][7][gc,marking  ] GC(15) Concurrent Scan Root Regions 45.011ms
[2021-05-05T15:19:54.537+0000][7][gc,marking  ] GC(15) Concurrent Mark
[2021-05-05T15:19:54.537+0000][7][gc,marking  ] GC(15) Concurrent Mark From Roots
[2021-05-05T15:19:54.537+0000][7][gc,task     ] GC(15) Using 1 workers of 1 for marking
[2021-05-05T15:19:54.649+0000][7][safepoint   ] Safepoint "CollectForMetadataAllocation", Time since last: 156989555 ns, Reaching safepoint: 1939644 ns, At safepoint: 65820 ns, Total: 2005464 ns
[2021-05-05T15:19:54.769+0000][7][safepoint   ] Safepoint "CollectForMetadataAllocation", Time since last: 119756392 ns, Reaching safepoint: 52415 ns, At safepoint: 63119 ns, Total: 115534 ns
[2021-05-05T15:19:54.842+0000][7][gc,marking  ] GC(15) Concurrent Mark From Roots 304.879ms
[2021-05-05T15:19:54.842+0000][7][gc,marking  ] GC(15) Concurrent Preclean
[2021-05-05T15:19:54.842+0000][7][gc,marking  ] GC(15) Concurrent Preclean 0.178ms
[2021-05-05T15:19:54.854+0000][7][gc,start    ] GC(15) Pause Remark
[2021-05-05T15:19:54.880+0000][7][gc          ] GC(15) Pause Remark 83M->83M(1968M) 25.242ms
[2021-05-05T15:19:54.880+0000][7][gc,cpu      ] GC(15) User=0.01s Sys=0.00s Real=0.02s
[2021-05-05T15:19:54.880+0000][7][safepoint   ] Safepoint "G1Concurrent", Time since last: 73320620 ns, Reaching safepoint: 12058782 ns, At safepoint: 25473071 ns, Total: 37531853 ns
[2021-05-05T15:19:54.882+0000][7][gc,marking  ] GC(15) Concurrent Mark 344.896ms
[2021-05-05T15:19:54.882+0000][7][gc,marking  ] GC(15) Concurrent Rebuild Remembered Sets
[2021-05-05T15:19:55.092+0000][7][gc,marking  ] GC(15) Concurrent Rebuild Remembered Sets 209.715ms
[2021-05-05T15:19:55.092+0000][7][gc,start    ] GC(15) Pause Cleanup
[2021-05-05T15:19:55.092+0000][7][gc          ] GC(15) Pause Cleanup 90M->90M(1968M) 0.143ms
[2021-05-05T15:19:55.092+0000][7][gc,cpu      ] GC(15) User=0.00s Sys=0.00s Real=0.00s
[2021-05-05T15:19:55.093+0000][7][safepoint   ] Safepoint "G1Concurrent", Time since last: 211903989 ns, Reaching safepoint: 566793 ns, At safepoint: 257291 ns, Total: 824084 ns
[2021-05-05T15:19:55.093+0000][7][gc,marking  ] GC(15) Concurrent Cleanup for Next Mark
[2021-05-05T15:19:55.095+0000][7][gc,marking  ] GC(15) Concurrent Cleanup for Next Mark 2.572ms
[2021-05-05T15:19:55.095+0000][7][gc          ] GC(15) Concurrent Mark Cycle 605.152ms
[2021-05-05T15:19:56.101+0000][7][safepoint   ] Safepoint "Cleanup", Time since last: 1008184501 ns, Reaching safepoint: 198785 ns, At safepoint: 3333 ns, Total: 202118 ns
[2021-05-05T15:19:56.655+0000][7][safepoint   ] Safepoint "ICBufferFull", Time since last: 554092488 ns, Reaching safepoint: 171544 ns, At safepoint: 5189 ns, Total: 176733 ns
[2021-05-05T15:19:57.764+0000][7][safepoint   ] Safepoint "Cleanup", Time since last: 1108819175 ns, Reaching safepoint: 127171 ns, At safepoint: 6565 ns, Total: 133736 ns
[2021-05-05T15:19:59.765+0000][7][safepoint   ] Safepoint "Cleanup", Time since last: 2000967250 ns, Reaching safepoint: 37217 ns, At safepoint: 4476 ns, Total: 41693 ns
[2021-05-05T15:20:00.766+0000][7][safepoint   ] Safepoint "Cleanup", Time since last: 1000354165 ns, Reaching safepoint: 41441 ns, At safepoint: 5231 ns, Total: 46672 ns
[2021-05-05T15:20:01.766+0000][7][safepoint   ] Safepoint "Cleanup", Time since last: 1000270702 ns, Reaching safepoint: 185206 ns, At safepoint: 8306 ns, Total: 193512 ns
[2021-05-05T15:20:02.767+0000][7][safepoint   ] Safepoint "Cleanup", Time since last: 1000518636 ns, Reaching safepoint: 51971 ns, At safepoint: 6387 ns, Total: 58358 ns
[2021-05-05T15:20:03.767+0000][7][safepoint   ] Safepoint "Cleanup", Time since last: 1000319545 ns, Reaching safepoint: 46414 ns, At safepoint: 5602 ns, Total: 52016 ns
[2021-05-05T15:20:08.770+0000][7][safepoint   ] Safepoint "Cleanup", Time since last: 5002889400 ns, Reaching safepoint: 80553 ns, At safepoint: 10222 ns, Total: 90775 ns
[2021-05-05T15:20:20.773+0000][7][safepoint   ] Safepoint "Cleanup", Time since last: 12003026193 ns, Reaching safepoint: 42569 ns, At safepoint: 5425 ns, Total: 47994 ns
[2021-05-05T15:20:23.774+0000][7][safepoint   ] Safepoint "Cleanup", Time since last: 3000874940 ns, Reaching safepoint: 41731 ns, At safepoint: 4834 ns, Total: 46565 ns
[2021-05-05T15:20:26.777+0000][7][safepoint   ] Safepoint "Cleanup", Time since last: 3003450918 ns, Reaching safepoint: 111059 ns, At safepoint: 7258 ns, Total: 118317 ns
[2021-05-05T15:20:27.778+0000][7][safepoint   ] Safepoint "Cleanup", Time since last: 1000237165 ns, Reaching safepoint: 44532 ns, At safepoint: 5245 ns, Total: 49777 ns
[2021-05-05T15:20:35.784+0000][7][safepoint   ] Safepoint "Cleanup", Time since last: 8006265073 ns, Reaching safepoint: 62023 ns, At safepoint: 4849 ns, Total: 66872 ns
[2021-05-05T15:20:45.788+0000][7][safepoint   ] Safepoint "Cleanup", Time since last: 10003447574 ns, Reaching safepoint: 52984 ns, At safepoint: 5861 ns, Total: 58845 ns
[2021-05-05T15:20:46.789+0000][7][safepoint   ] Safepoint "Cleanup", Time since last: 1000841853 ns, Reaching safepoint: 50284 ns, At safepoint: 4848 ns, Total: 55132 ns
[2021-05-05T15:20:48.789+0000][7][safepoint   ] Safepoint "Cleanup", Time since last: 2000686855 ns, Reaching safepoint: 44888 ns, At safepoint: 5104 ns, Total: 49992 ns
[2021-05-05T15:20:50.791+0000][7][safepoint   ] Safepoint "Cleanup", Time since last: 2001516293 ns, Reaching safepoint: 49023 ns, At safepoint: 4986 ns, Total: 54009 ns
[2021-05-05T15:20:51.793+0000][7][safepoint   ] Safepoint "Cleanup", Time since last: 1001693928 ns, Reaching safepoint: 42670 ns, At safepoint: 5281 ns, Total: 47951 ns
[2021-05-05T15:20:52.794+0000][7][safepoint   ] Safepoint "Cleanup", Time since last: 1000967883 ns, Reaching safepoint: 46732 ns, At safepoint: 4852 ns, Total: 51584 ns
[2021-05-05T15:20:55.796+0000][7][safepoint   ] Safepoint "Cleanup", Time since last: 3002445242 ns, Reaching safepoint: 64096 ns, At safepoint: 5960 ns, Total: 70056 ns
[2021-05-05T15:20:56.797+0000][7][safepoint   ] Safepoint "Cleanup", Time since last: 1000899190 ns, Reaching safepoint: 73627 ns, At safepoint: 5928 ns, Total: 79555 ns
[2021-05-05T15:21:05.801+0000][7][safepoint   ] Safepoint "Cleanup", Time since last: 9003818641 ns, Reaching safepoint: 78414 ns, At safepoint: 5745 ns, Total: 84159 ns
[2021-05-05T15:21:14.805+0000][7][safepoint   ] Safepoint "Cleanup", Time since last: 9004196553 ns, Reaching safepoint: 63674 ns, At safepoint: 5902 ns, Total: 69576 ns
[2021-05-05T15:21:15.806+0000][7][safepoint   ] Safepoint "Cleanup", Time since last: 1000255695 ns, Reaching safepoint: 88282 ns, At safepoint: 4921 ns, Total: 93203 ns
[2021-05-05T15:21:16.806+0000][7][safepoint   ] Safepoint "Cleanup", Time since last: 1000184930 ns, Reaching safepoint: 42414 ns, At safepoint: 5506 ns, Total: 47920 ns
[2021-05-05T15:21:36.811+0000][7][safepoint   ] Safepoint "Cleanup", Time since last: 20004857165 ns, Reaching safepoint: 73024 ns, At safepoint: 5540 ns, Total: 78564 ns
[2021-05-05T15:21:41.813+0000][7][safepoint   ] Safepoint "Cleanup", Time since last: 5001699963 ns, Reaching safepoint: 43728 ns, At safepoint: 5029 ns, Total: 48757 ns
[2021-05-05T15:21:42.813+0000][7][safepoint   ] Safepoint "Cleanup", Time since last: 1000478315 ns, Reaching safepoint: 43730 ns, At safepoint: 5381 ns, Total: 49111 ns
[2021-05-05T15:21:46.814+0000][7][safepoint   ] Safepoint "Cleanup", Time since last: 4001367102 ns, Reaching safepoint: 50965 ns, At safepoint: 6017 ns, Total: 56982 ns
[2021-05-05T15:21:47.815+0000][7][safepoint   ] Safepoint "Cleanup", Time since last: 1000494101 ns, Reaching safepoint: 57927 ns, At safepoint: 7173 ns, Total: 65100 ns
[2021-05-05T15:21:49.816+0000][7][safepoint   ] Safepoint "Cleanup", Time since last: 2001249406 ns, Reaching safepoint: 42843 ns, At safepoint: 5075 ns, Total: 47918 ns
[2021-05-05T15:21:52.818+0000][7][safepoint   ] Safepoint "Cleanup", Time since last: 3001203339 ns, Reaching safepoint: 43162 ns, At safepoint: 4747 ns, Total: 47909 ns
[2021-05-05T15:21:54.818+0000][7][safepoint   ] Safepoint "Cleanup", Time since last: 2000664847 ns, Reaching safepoint: 43505 ns, At safepoint: 5021 ns, Total: 48526 ns
[2021-05-05T15:22:03.823+0000][7][safepoint   ] Safepoint "Cleanup", Time since last: 9004142300 ns, Reaching safepoint: 90146 ns, At safepoint: 6371 ns, Total: 96517 ns
[2021-05-05T15:22:05.823+0000][7][safepoint   ] Safepoint "Cleanup", Time since last: 2000541020 ns, Reaching safepoint: 48479 ns, At safepoint: 5395 ns, Total: 53874 ns
[2021-05-05T15:22:10.825+0000][7][safepoint   ] Safepoint "Cleanup", Time since last: 5002272785 ns, Reaching safepoint: 47229 ns, At safepoint: 4682 ns, Total: 51911 ns
[2021-05-05T15:22:26.832+0000][7][safepoint   ] Safepoint "Cleanup", Time since last: 16006690909 ns, Reaching safepoint: 90095 ns, At safepoint: 9930 ns, Total: 100025 ns
[2021-05-05T15:22:33.835+0000][7][safepoint   ] Safepoint "Cleanup", Time since last: 7002283379 ns, Reaching safepoint: 72570 ns, At safepoint: 5222 ns, Total: 77792 ns
[2021-05-05T15:22:41.838+0000][7][safepoint   ] Safepoint "Cleanup", Time since last: 8003288042 ns, Reaching safepoint: 55211 ns, At safepoint: 6471 ns, Total: 61682 ns
[2021-05-05T15:22:51.841+0000][7][safepoint   ] Safepoint "Cleanup", Time since last: 10002964663 ns, Reaching safepoint: 45607 ns, At safepoint: 5555 ns, Total: 51162 ns
[2021-05-05T15:22:56.845+0000][7][safepoint   ] Safepoint "Cleanup", Time since last: 5003523238 ns, Reaching safepoint: 53503 ns, At safepoint: 6150 ns, Total: 59653 ns
[2021-05-05T15:23:07.851+0000][7][safepoint   ] Safepoint "Cleanup", Time since last: 11006117749 ns, Reaching safepoint: 79397 ns, At safepoint: 6589 ns, Total: 85986 ns
[2021-05-05T15:23:56.873+0000][7][safepoint   ] Safepoint "Cleanup", Time since last: 49022317095 ns, Reaching safepoint: 298699 ns, At safepoint: 10861 ns, Total: 309560 ns
[2021-05-05T15:24:26.885+0000][7][safepoint   ] Safepoint "Cleanup", Time since last: 30011707129 ns, Reaching safepoint: 66475 ns, At safepoint: 5108 ns, Total: 71583 ns
[2021-05-05T15:24:39.891+0000][7][safepoint   ] Safepoint "Cleanup", Time since last: 13005776513 ns, Reaching safepoint: 44900 ns, At safepoint: 4880 ns, Total: 49780 ns
[2021-05-05T15:25:13.901+0000][7][safepoint   ] Safepoint "Cleanup", Time since last: 34009950277 ns, Reaching safepoint: 70887 ns, At safepoint: 5261 ns, Total: 76148 ns
[2021-05-05T15:25:26.905+0000][7][safepoint   ] Safepoint "Cleanup", Time since last: 13004270667 ns, Reaching safepoint: 105526 ns, At safepoint: 5415 ns, Total: 110941 ns
[2021-05-05T15:25:28.906+0000][7][safepoint   ] Safepoint "Cleanup", Time since last: 2000340290 ns, Reaching safepoint: 67864 ns, At safepoint: 4951 ns, Total: 72815 ns
[2021-05-05T15:25:56.919+0000][7][safepoint   ] Safepoint "Cleanup", Time since last: 28013204466 ns, Reaching safepoint: 51502 ns, At safepoint: 5187 ns, Total: 56689 ns
[2021-05-05T15:26:56.946+0000][7][safepoint   ] Safepoint "Cleanup", Time since last: 60027300210 ns, Reaching safepoint: 69631 ns, At safepoint: 5254 ns, Total: 74885 ns
[2021-05-05T15:26:57.947+0000][7][safepoint   ] Safepoint "Cleanup", Time since last: 1000215346 ns, Reaching safepoint: 45472 ns, At safepoint: 53753 ns, Total: 99225 ns
[2021-05-05T15:27:04.949+0000][7][safepoint   ] Safepoint "Cleanup", Time since last: 7002208960 ns, Reaching safepoint: 47017 ns, At safepoint: 4768 ns, Total: 51785 ns
[2021-05-05T15:28:43.994+0000][7][safepoint   ] Safepoint "Cleanup", Time since last: 99044430348 ns, Reaching safepoint: 69830 ns, At safepoint: 5255 ns, Total: 75085 ns
[2021-05-05T15:28:45.995+0000][7][safepoint   ] Safepoint "Cleanup", Time since last: 2001298573 ns, Reaching safepoint: 42392 ns, At safepoint: 4703 ns, Total: 47095 ns
[2021-05-05T15:28:57.000+0000][7][safepoint   ] Safepoint "Cleanup", Time since last: 11004827561 ns, Reaching safepoint: 50472 ns, At safepoint: 6404 ns, Total: 56876 ns
[2021-05-05T15:29:42.020+0000][7][safepoint   ] Safepoint "Cleanup", Time since last: 45020390578 ns, Reaching safepoint: 76946 ns, At safepoint: 4936 ns, Total: 81882 ns
[2021-05-05T15:30:05.034+0000][7][safepoint   ] Safepoint "Cleanup", Time since last: 23013485708 ns, Reaching safepoint: 66310 ns, At safepoint: 4793 ns, Total: 71103 ns
[2021-05-05T15:30:57.058+0000][7][safepoint   ] Safepoint "Cleanup", Time since last: 52024436872 ns, Reaching safepoint: 69796 ns, At safepoint: 5144 ns, Total: 74940 ns
[2021-05-05T15:31:13.065+0000][7][safepoint   ] Safepoint "Cleanup", Time since last: 16006153351 ns, Reaching safepoint: 72090 ns, At safepoint: 5394 ns, Total: 77484 ns
[2021-05-05T15:31:18.066+0000][7][safepoint   ] Safepoint "Cleanup", Time since last: 5001676067 ns, Reaching safepoint: 43077 ns, At safepoint: 4482 ns, Total: 47559 ns
[2021-05-05T15:31:27.071+0000][7][safepoint   ] Safepoint "Cleanup", Time since last: 9004364929 ns, Reaching safepoint: 46952 ns, At safepoint: 4479 ns, Total: 51431 ns
[2021-05-05T15:31:47.077+0000][7][safepoint   ] Safepoint "Cleanup", Time since last: 20006658352 ns, Reaching safepoint: 65479 ns, At safepoint: 4907 ns, Total: 70386 ns
[2021-05-05T15:31:57.081+0000][7][safepoint   ] Safepoint "Cleanup", Time since last: 10003904566 ns, Reaching safepoint: 49446 ns, At safepoint: 4800 ns, Total: 54246 ns
[2021-05-05T15:32:02.085+0000][7][safepoint   ] Safepoint "Cleanup", Time since last: 5003482212 ns, Reaching safepoint: 44484 ns, At safepoint: 4624 ns, Total: 49108 ns
[2021-05-05T15:32:07.086+0000][7][safepoint   ] Safepoint "Cleanup", Time since last: 5001499391 ns, Reaching safepoint: 64710 ns, At safepoint: 6913 ns, Total: 71623 ns
[2021-05-05T15:33:30.117+0000][7][safepoint   ] Safepoint "Cleanup", Time since last: 83030420094 ns, Reaching safepoint: 81247 ns, At safepoint: 6342 ns, Total: 87589 ns
[2021-05-05T15:34:52.154+0000][7][safepoint   ] Safepoint "Cleanup", Time since last: 82037059392 ns, Reaching safepoint: 62541 ns, At safepoint: 8113 ns, Total: 70654 ns
[2021-05-05T15:36:18.185+0000][7][safepoint   ] Safepoint "Cleanup", Time since last: 86031074064 ns, Reaching safepoint: 68065 ns, At safepoint: 4820 ns, Total: 72885 ns
[2021-05-05T15:38:23.229+0000][7][safepoint   ] Safepoint "Cleanup", Time since last: 125043319438 ns, Reaching safepoint: 65611 ns, At safepoint: 4376 ns, Total: 69987 ns
[2021-05-05T15:38:31.231+0000][7][safepoint   ] Safepoint "Cleanup", Time since last: 8002708875 ns, Reaching safepoint: 40182 ns, At safepoint: 5469 ns, Total: 45651 ns
[2021-05-05T15:38:41.235+0000][7][safepoint   ] Safepoint "Cleanup", Time since last: 10003164589 ns, Reaching safepoint: 70559 ns, At safepoint: 5748 ns, Total: 76307 ns
[2021-05-05T15:39:06.249+0000][7][safepoint   ] Safepoint "Cleanup", Time since last: 25014790329 ns, Reaching safepoint: 67206 ns, At safepoint: 7800 ns, Total: 75006 ns
[2021-05-05T15:39:07.250+0000][7][safepoint   ] Safepoint "Cleanup", Time since last: 1000486255 ns, Reaching safepoint: 71294 ns, At safepoint: 6329 ns, Total: 77623 ns
[2021-05-05T15:39:27.261+0000][7][safepoint   ] Safepoint "Cleanup", Time since last: 20011167391 ns, Reaching safepoint: 45192 ns, At safepoint: 4808 ns, Total: 50000 ns
[2021-05-05T15:39:46.268+0000][7][safepoint   ] Safepoint "Cleanup", Time since last: 19006560439 ns, Reaching safepoint: 93713 ns, At safepoint: 7479 ns, Total: 101192 ns
[2021-05-05T15:40:11.277+0000][7][safepoint   ] Safepoint "Cleanup", Time since last: 25009016782 ns, Reaching safepoint: 82743 ns, At safepoint: 9868 ns, Total: 92611 ns
[2021-05-05T15:41:06.328+0000][7][safepoint   ] Safepoint "Cleanup", Time since last: 55047727042 ns, Reaching safepoint: 2637493 ns, At safepoint: 15679 ns, Total: 2653172 ns
[2021-05-05T15:41:57.361+0000][7][safepoint   ] Safepoint "Cleanup", Time since last: 51033902337 ns, Reaching safepoint: 90819 ns, At safepoint: 4626 ns, Total: 95445 ns
[2021-05-05T15:44:06.398+0000][7][safepoint   ] Safepoint "Cleanup", Time since last: 129036924013 ns, Reaching safepoint: 131029 ns, At safepoint: 5682 ns, Total: 136711 ns
[2021-05-05T15:44:43.414+0000][7][safepoint   ] Safepoint "Cleanup", Time since last: 37015927597 ns, Reaching safepoint: 67618 ns, At safepoint: 5700 ns, Total: 73318 ns
[2021-05-05T15:44:46.416+0000][7][safepoint   ] Safepoint "Cleanup", Time since last: 3001421383 ns, Reaching safepoint: 52977 ns, At safepoint: 6460 ns, Total: 59437 ns
[2021-05-05T15:44:57.421+0000][7][safepoint   ] Safepoint "Cleanup", Time since last: 11004577825 ns, Reaching safepoint: 47038 ns, At safepoint: 5697 ns, Total: 52735 ns
[2021-05-05T15:45:26.429+0000][7][safepoint   ] Safepoint "Cleanup", Time since last: 29008757416 ns, Reaching safepoint: 128003 ns, At safepoint: 11054 ns, Total: 139057 ns
[2021-05-05T15:45:27.430+0000][7][safepoint   ] Safepoint "Cleanup", Time since last: 1000896172 ns, Reaching safepoint: 88267 ns, At safepoint: 5466 ns, Total: 93733 ns
[2021-05-05T15:47:59.777+0000][7][safepoint   ] Safepoint "Cleanup", Time since last: 152346841453 ns, Reaching safepoint: 44315 ns, At safepoint: 3156 ns, Total: 47471 ns
[2021-05-05T15:48:00.785+0000][7][safepoint   ] Safepoint "Cleanup", Time since last: 1007963596 ns, Reaching safepoint: 65239 ns, At safepoint: 4627 ns, Total: 69866 ns
[2021-05-05T15:48:01.789+0000][7][safepoint   ] Safepoint "Cleanup", Time since last: 1003638997 ns, Reaching safepoint: 39322 ns, At safepoint: 4629 ns, Total: 43951 ns
[2021-05-05T15:48:13.793+0000][7][safepoint   ] Safepoint "Cleanup", Time since last: 12004293588 ns, Reaching safepoint: 63047 ns, At safepoint: 6751 ns, Total: 69798 ns
[2021-05-05T15:48:14.796+0000][7][safepoint   ] Safepoint "Cleanup", Time since last: 1002008654 ns, Reaching safepoint: 49138 ns, At safepoint: 4553 ns, Total: 53691 ns
[2021-05-05T15:48:26.803+0000][7][safepoint   ] Safepoint "Cleanup", Time since last: 12007600524 ns, Reaching safepoint: 83068 ns, At safepoint: 8745 ns, Total: 91813 ns
[2021-05-05T15:48:48.810+0000][7][safepoint   ] Safepoint "Cleanup", Time since last: 22006317802 ns, Reaching safepoint: 41860 ns, At safepoint: 5157 ns, Total: 47017 ns
[2021-05-05T15:49:05.818+0000][7][safepoint   ] Safepoint "Cleanup", Time since last: 17008817053 ns, Reaching safepoint: 59090 ns, At safepoint: 7344 ns, Total: 66434 ns
[2021-05-05T15:49:18.838+0000][7][safepoint   ] Safepoint "Cleanup", Time since last: 13019388557 ns, Reaching safepoint: 316851 ns, At safepoint: 7069 ns, Total: 323920 ns
[2021-05-05T15:49:19.842+0000][7][safepoint   ] Safepoint "Cleanup", Time since last: 1003316903 ns, Reaching safepoint: 41377 ns, At safepoint: 4362 ns, Total: 45739 ns
[2021-05-05T15:49:21.843+0000][7][safepoint   ] Safepoint "Cleanup", Time since last: 2001439125 ns, Reaching safepoint: 49889 ns, At safepoint: 5326 ns, Total: 55215 ns
[2021-05-05T15:49:35.859+0000][7][safepoint   ] Safepoint "Cleanup", Time since last: 14016032174 ns, Reaching safepoint: 45654 ns, At safepoint: 4610 ns, Total: 50264 ns
[2021-05-05T15:49:36.859+0000][7][safepoint   ] Safepoint "Cleanup", Time since last: 1000150043 ns, Reaching safepoint: 71037 ns, At safepoint: 7681 ns, Total: 78718 ns
[2021-05-05T15:49:56.866+0000][7][safepoint   ] Safepoint "Cleanup", Time since last: 20006623022 ns, Reaching safepoint: 63415 ns, At safepoint: 7105 ns, Total: 70520 ns
[2021-05-05T15:49:57.866+0000][7][safepoint   ] Safepoint "Cleanup", Time since last: 1000187388 ns, Reaching safepoint: 42116 ns, At safepoint: 4234 ns, Total: 46350 ns
[2021-05-05T15:50:31.880+0000][7][safepoint   ] Safepoint "Cleanup", Time since last: 34013482877 ns, Reaching safepoint: 181674 ns, At safepoint: 5618 ns, Total: 187292 ns
[2021-05-05T15:51:06.890+0000][7][safepoint   ] Safepoint "Cleanup", Time since last: 35009623883 ns, Reaching safepoint: 79546 ns, At safepoint: 5052 ns, Total: 84598 ns
[2021-05-05T15:51:26.906+0000][7][safepoint   ] Safepoint "Cleanup", Time since last: 20016665053 ns, Reaching safepoint: 46360 ns, At safepoint: 4470 ns, Total: 50830 ns
[2021-05-05T15:51:32.910+0000][7][safepoint   ] Safepoint "Cleanup", Time since last: 6003931162 ns, Reaching safepoint: 127953 ns, At safepoint: 20470 ns, Total: 148423 ns
[2021-05-05T15:51:56.922+0000][7][safepoint   ] Safepoint "Cleanup", Time since last: 24011560811 ns, Reaching safepoint: 43274 ns, At safepoint: 5790 ns, Total: 49064 ns
[2021-05-05T15:53:15.953+0000][7][safepoint   ] Safepoint "Cleanup", Time since last: 79030711964 ns, Reaching safepoint: 228922 ns, At safepoint: 10476 ns, Total: 239398 ns
[2021-05-05T15:53:26.957+0000][7][safepoint   ] Safepoint "Cleanup", Time since last: 11004121731 ns, Reaching safepoint: 48740 ns, At safepoint: 5183 ns, Total: 53923 ns
[2021-05-05T15:55:52.009+0000][7][safepoint   ] Safepoint "Cleanup", Time since last: 145051379930 ns, Reaching safepoint: 66227 ns, At safepoint: 4843 ns, Total: 71070 ns
[2021-05-05T15:56:13.020+0000][7][safepoint   ] Safepoint "Cleanup", Time since last: 21008688658 ns, Reaching safepoint: 2292789 ns, At safepoint: 181569 ns, Total: 2474358 ns
[2021-05-05T15:58:07.163+0000][7][safepoint   ] Safepoint "Cleanup", Time since last: 114139794289 ns, Reaching safepoint: 2992518 ns, At safepoint: 18492 ns, Total: 3011010 ns
[2021-05-05T15:58:27.186+0000][7][safepoint   ] Safepoint "Cleanup", Time since last: 20020005351 ns, Reaching safepoint: 2524480 ns, At safepoint: 22544 ns, Total: 2547024 ns
[2021-05-05T15:58:42.222+0000][7][safepoint   ] Safepoint "Cleanup", Time since last: 15020471644 ns, Reaching safepoint: 14386762 ns, At safepoint: 196417 ns, Total: 14583179 ns
[2021-05-05T15:58:57.245+0000][7][safepoint   ] Safepoint "Cleanup", Time since last: 15022604829 ns, Reaching safepoint: 1715906 ns, At safepoint: 11153 ns, Total: 1727059 ns
[2021-05-05T16:00:56.295+0000][7][safepoint   ] Safepoint "Cleanup", Time since last: 119048145954 ns, Reaching safepoint: 2386943 ns, At safepoint: 13078 ns, Total: 2400021 ns
[2021-05-05T16:01:27.353+0000][7][safepoint   ] Safepoint "Cleanup", Time since last: 31055131677 ns, Reaching safepoint: 2696922 ns, At safepoint: 13960 ns, Total: 2710882 ns
[2021-05-05T16:01:55.375+0000][7][safepoint   ] Safepoint "Cleanup", Time since last: 28017200235 ns, Reaching safepoint: 3140303 ns, At safepoint: 1025835 ns, Total: 4166138 ns
[2021-05-05T16:02:27.391+0000][7][safepoint   ] Safepoint "Cleanup", Time since last: 32016605364 ns, Reaching safepoint: 82775 ns, At safepoint: 5818 ns, Total: 88593 ns
[2021-05-05T16:04:43.476+0000][7][safepoint   ] Safepoint "Cleanup", Time since last: 136081392881 ns, Reaching safepoint: 2627616 ns, At safepoint: 724427 ns, Total: 3352043 ns
[2021-05-05T16:05:57.511+0000][7][safepoint   ] Safepoint "Cleanup", Time since last: 74032943339 ns, Reaching safepoint: 2346720 ns, At safepoint: 15398 ns, Total: 2362118 ns
[2021-05-05T16:06:27.531+0000][7][safepoint   ] Safepoint "Cleanup", Time since last: 30018894629 ns, Reaching safepoint: 877269 ns, At safepoint: 123543 ns, Total: 1000812 ns
[2021-05-05T16:06:42.246+0000][7][gc,heap,exit] Heap
[2021-05-05T16:06:42.247+0000][7][gc,heap,exit]  garbage-first heap   total 2015232K, used 251724K [0x0000000085000000, 0x0000000100000000)
[2021-05-05T16:06:42.247+0000][7][gc,heap,exit]   region size 4096K, 44 young (180224K), 1 survivors (4096K)
[2021-05-05T16:06:42.247+0000][7][gc,heap,exit]  Metaspace       used 88275K, committed 89600K, reserved 1130496K
[2021-05-05T16:06:42.247+0000][7][gc,heap,exit]   class space    used 12047K, committed 12608K, reserved 1048576K
