[2021-05-05T15:19:32.380+0000][140][gc] Using G1
[2021-05-05T15:19:32.394+0000][140][gc,init] Version: 16+36 (release)
[2021-05-05T15:19:32.394+0000][140][gc,init] CPUs: 1 total, 1 available
[2021-05-05T15:19:32.394+0000][140][gc,init] Memory: 3935M
[2021-05-05T15:19:32.394+0000][140][gc,init] Large Page Support: Disabled
[2021-05-05T15:19:32.394+0000][140][gc,init] NUMA Support: Disabled
[2021-05-05T15:19:32.394+0000][140][gc,init] Compressed Oops: Enabled (32-bit)
[2021-05-05T15:19:32.394+0000][140][gc,init] Heap Region Size: 1M
[2021-05-05T15:19:32.394+0000][140][gc,init] Heap Min Capacity: 1968M
[2021-05-05T15:19:32.394+0000][140][gc,init] Heap Initial Capacity: 1968M
[2021-05-05T15:19:32.394+0000][140][gc,init] Heap Max Capacity: 1968M
[2021-05-05T15:19:32.394+0000][140][gc,init] Pre-touch: Disabled
[2021-05-05T15:19:32.394+0000][140][gc,init] Parallel Workers: 1
[2021-05-05T15:19:32.394+0000][140][gc,init] Concurrent Workers: 1
[2021-05-05T15:19:32.394+0000][140][gc,init] Concurrent Refinement Workers: 1
[2021-05-05T15:19:32.394+0000][140][gc,init] Periodic GC: Disabled
[2021-05-05T15:19:32.394+0000][140][gc,metaspace] CDS disabled.
[2021-05-05T15:19:32.394+0000][140][gc,metaspace] Compressed class space mapped at: 0x0000000100000000-0x0000000140000000, reserved size: 1073741824
[2021-05-05T15:19:32.394+0000][140][gc,metaspace] Narrow klass base: 0x0000000000000000, Narrow klass shift: 3, Narrow klass range: 0x140000000
[2021-05-05T15:19:32.606+0000][140][gc,heap,exit] Heap
[2021-05-05T15:19:32.606+0000][140][gc,heap,exit]  garbage-first heap   total 2015232K, used 2048K [0x0000000085000000, 0x0000000100000000)
[2021-05-05T15:19:32.606+0000][140][gc,heap,exit]   region size 1024K, 2 young (2048K), 0 survivors (0K)
[2021-05-05T15:19:32.606+0000][140][gc,heap,exit]  Metaspace       used 3568K, committed 3648K, reserved 1056768K
[2021-05-05T15:19:32.606+0000][140][gc,heap,exit]   class space    used 282K, committed 320K, reserved 1048576K
