[2021-05-05T17:50:14.759+0000][171][gc] Using G1
[2021-05-05T17:50:14.775+0000][171][gc,init] Version: 16+36 (release)
[2021-05-05T17:50:14.775+0000][171][gc,init] CPUs: 2 total, 2 available
[2021-05-05T17:50:14.775+0000][171][gc,init] Memory: 4934M
[2021-05-05T17:50:14.775+0000][171][gc,init] Large Page Support: Disabled
[2021-05-05T17:50:14.775+0000][171][gc,init] NUMA Support: Disabled
[2021-05-05T17:50:14.775+0000][171][gc,init] Compressed Oops: Enabled (Zero based)
[2021-05-05T17:50:14.775+0000][171][gc,init] Heap Region Size: 2M
[2021-05-05T17:50:14.775+0000][171][gc,init] Heap Min Capacity: 2468M
[2021-05-05T17:50:14.775+0000][171][gc,init] Heap Initial Capacity: 2468M
[2021-05-05T17:50:14.775+0000][171][gc,init] Heap Max Capacity: 2468M
[2021-05-05T17:50:14.775+0000][171][gc,init] Pre-touch: Disabled
[2021-05-05T17:50:14.775+0000][171][gc,init] Parallel Workers: 2
[2021-05-05T17:50:14.775+0000][171][gc,init] Concurrent Workers: 1
[2021-05-05T17:50:14.775+0000][171][gc,init] Concurrent Refinement Workers: 2
[2021-05-05T17:50:14.775+0000][171][gc,init] Periodic GC: Disabled
[2021-05-05T17:50:14.775+0000][171][gc,metaspace] CDS disabled.
[2021-05-05T17:50:14.775+0000][171][gc,metaspace] Compressed class space mapped at: 0x00000007c0000000-0x0000000800000000, reserved size: 1073741824
[2021-05-05T17:50:14.775+0000][171][gc,metaspace] Narrow klass base: 0x0000000000000000, Narrow klass shift: 3, Narrow klass range: 0x800000000
[2021-05-05T17:50:15.056+0000][171][gc,heap,exit] Heap
[2021-05-05T17:50:15.056+0000][171][gc,heap,exit]  garbage-first heap   total 2527232K, used 2050K [0x0000000725c00000, 0x00000007c0000000)
[2021-05-05T17:50:15.056+0000][171][gc,heap,exit]   region size 2048K, 2 young (4096K), 0 survivors (0K)
[2021-05-05T17:50:15.056+0000][171][gc,heap,exit]  Metaspace       used 3560K, committed 3648K, reserved 1056768K
[2021-05-05T17:50:15.056+0000][171][gc,heap,exit]   class space    used 282K, committed 320K, reserved 1048576K
